   1               	#NO_APP
   2               		.file	"TinyBasicPlus.c"
   3               		.text
   4               		.align	2
   6               	ignore_blanks:
   7 0000 2079 0000 		move.l txtpos,%a0
   7      0000 
   8 0006 4200      		clr.b %d0
   9               	.L2:
  10 0008 2248      		move.l %a0,%a1
  11 000a 1218      		move.b (%a0)+,%d1
  12 000c 0C01 0020 		cmp.b #32,%d1
  13 0010 6712      		jeq .L6
  14 0012 0C01 0009 		cmp.b #9,%d1
  15 0016 670C      		jeq .L6
  16 0018 4A00      		tst.b %d0
  17 001a 6706      		jeq .L1
  18 001c 23C9 0000 		move.l %a1,txtpos
  18      0000 
  19               	.L1:
  20 0022 4E75      		rts
  21               	.L6:
  22 0024 7001      		moveq #1,%d0
  23 0026 60E0      		jra .L2
  25               		.align	2
  27               	scantable:
  28 0028 48E7 2030 		movem.l #8240,-(%sp)
  29 002c 246F 0010 		move.l 16(%sp),%a2
  30 0030 4239 0000 		clr.b table_index
  30      0000 
  31 0036 7200      		moveq #0,%d1
  32 0038 47FA FFC6 		lea ignore_blanks,%a3
  33               	.L11:
  34 003c 1412      		move.b (%a2),%d2
  35 003e 674A      		jeq .L10
  36 0040 2079 0000 		move.l txtpos,%a0
  36      0000 
  37 0046 1030 1800 		move.b (%a0,%d1.l),%d0
  38 004a B002      		cmp.b %d2,%d0
  39 004c 6606      		jne .L13
  40 004e 5281      		addq.l #1,%d1
  41 0050 528A      		addq.l #1,%a2
  42 0052 60E8      		jra .L11
  43               	.L13:
  44 0054 0280 0000 		and.l #255,%d0
  44      00FF 
  45 005a 0680 0000 		add.l #128,%d0
  45      0080 
  46 0060 0282 0000 		and.l #255,%d2
  46      00FF 
  47 0066 B480      		cmp.l %d0,%d2
  48 0068 6610      		jne .L15
  49 006a 41F0 1801 		lea 1(%a0,%d1.l),%a0
  50 006e 23C8 0000 		move.l %a0,txtpos
  50      0000 
  51 0074 4CDF 0C04 		movem.l (%sp)+,#3076
  52 0078 6086      		jra ignore_blanks
  53               	.L15:
  54 007a 4A1A      		tst.b (%a2)+
  55 007c 6CFC      		jge .L15
  56 007e 5239 0000 		addq.b #1,table_index
  56      0000 
  57 0084 4E93      		jsr (%a3)
  58 0086 7200      		moveq #0,%d1
  59 0088 60B2      		jra .L11
  60               	.L10:
  61 008a 4CDF 0C04 		movem.l (%sp)+,#3076
  62 008e 4E75      		rts
  64               		.align	2
  66               	testnum:
  67 0090 2F02      		move.l %d2,-(%sp)
  68 0092 4EBA FF6C 		jsr ignore_blanks
  69 0096 2079 0000 		move.l txtpos,%a0
  69      0000 
  70 009c 4201      		clr.b %d1
  71 009e 4240      		clr.w %d0
  72               	.L19:
  73 00a0 1410      		move.b (%a0),%d2
  74 00a2 3242      		move.w %d2,%a1
  75 00a4 0602 FFD0 		add.b #-48,%d2
  76 00a8 0C02 0009 		cmp.b #9,%d2
  77 00ac 630C      		jls .L23
  78 00ae 4A01      		tst.b %d1
  79 00b0 671A      		jeq .L18
  80 00b2 23C8 0000 		move.l %a0,txtpos
  80      0000 
  81 00b8 6012      		jra .L18
  82               	.L23:
  83 00ba 0C40 1998 		cmp.w #6552,%d0
  84 00be 6310      		jls .L20
  85 00c0 4A01      		tst.b %d1
  86 00c2 6706      		jeq .L21
  87 00c4 23C8 0000 		move.l %a0,txtpos
  87      0000 
  88               	.L21:
  89 00ca 70FF      		moveq #-1,%d0
  90               	.L18:
  91 00cc 241F      		move.l (%sp)+,%d2
  92 00ce 4E75      		rts
  93               	.L20:
  94 00d0 5288      		addq.l #1,%a0
  95 00d2 3200      		move.w %d0,%d1
  96 00d4 D240      		add.w %d0,%d1
  97 00d6 D241      		add.w %d1,%d1
  98 00d8 D240      		add.w %d0,%d1
  99 00da D241      		add.w %d1,%d1
 100 00dc 0641 FFD0 		add.w #-48,%d1
 101 00e0 3409      		move.w %a1,%d2
 102 00e2 4240      		clr.w %d0
 103 00e4 1002      		move.b %d2,%d0
 104 00e6 D041      		add.w %d1,%d0
 105 00e8 7201      		moveq #1,%d1
 106 00ea 60B4      		jra .L19
 108               		.align	2
 110               	findline:
 111 00ec 2079 0000 		move.l program_start,%a0
 111      0000 
 112 00f2 2239 0000 		move.l program_end,%d1
 112      0000 
 113 00f8 3279 0000 		move.w linenum,%a1
 113      0000 
 114               	.L33:
 115 00fe B1C1      		cmp.l %d1,%a0
 116 0100 6710      		jeq .L31
 117 0102 3009      		move.w %a1,%d0
 118 0104 B050      		cmp.w (%a0),%d0
 119 0106 630A      		jls .L31
 120 0108 7000      		moveq #0,%d0
 121 010a 1028 0002 		move.b 2(%a0),%d0
 122 010e D1C0      		add.l %d0,%a0
 123 0110 60EC      		jra .L33
 124               	.L31:
 125 0112 2008      		move.l %a0,%d0
 126 0114 4E75      		rts
 128               		.align	2
 130               	toUppercaseBuffer:
 131 0116 2079 0000 		move.l program_end,%a0
 131      0000 
 132 011c 5488      		addq.l #2,%a0
 133 011e 4201      		clr.b %d1
 134               	.L35:
 135 0120 1010      		move.b (%a0),%d0
 136 0122 0C00 000A 		cmp.b #10,%d0
 137 0126 6602      		jne .L39
 138 0128 4E75      		rts
 139               	.L39:
 140 012a 5288      		addq.l #1,%a0
 141 012c B200      		cmp.b %d0,%d1
 142 012e 671C      		jeq .L36
 143 0130 0C00 0022 		cmp.b #34,%d0
 144 0134 6718      		jeq .L37
 145 0136 0C00 0027 		cmp.b #39,%d0
 146 013a 6712      		jeq .L37
 147 013c 4A01      		tst.b %d1
 148 013e 661C      		jne .L40
 149 0140 1200      		move.b %d0,%d1
 150 0142 0601 FF9F 		add.b #-97,%d1
 151 0146 0C01 0019 		cmp.b #25,%d1
 152 014a 6306      		jls .L38
 153               	.L36:
 154 014c 4200      		clr.b %d0
 155               	.L37:
 156 014e 1200      		move.b %d0,%d1
 157 0150 60CE      		jra .L35
 158               	.L38:
 159 0152 0600 FFE0 		add.b #-32,%d0
 160 0156 1140 FFFF 		move.b %d0,-1(%a0)
 161 015a 60F0      		jra .L36
 162               	.L40:
 163 015c 1001      		move.b %d1,%d0
 164 015e 60EE      		jra .L37
 166               		.align	2
 168               	line_terminator:
 169 0160 4878 000A 		pea 10.w
 170 0164 4EB9 0000 		jsr outchar
 170      0000 
 171 016a 588F      		addq.l #4,%sp
 172 016c 4E75      		rts
 174               		.section	.rodata.str1.1,"aMS",@progbits,1
 175               	.LC0:
 176 0000 5748 494C 		.string	"WHILE"
 176      4500 
 177               	.LC1:
 178 0006 5745 4E44 		.string	"WEND"
 178      00
 179               		.text
 180               		.align	2
 182               	find_wend.0:
 183 016e 598F      		subq.l #4,%sp
 184 0170 48E7 3830 		movem.l #14384,-(%sp)
 185 0174 2839 0000 		move.l txtpos,%d4
 185      0000 
 186 017a 2F79 0000 		move.l current_line,20(%sp)
 186      0000 0014 
 187 0182 2444      		move.l %d4,%a2
 188 0184 263C 0000 		move.l #1000,%d3
 188      03E8 
 189 018a 7401      		moveq #1,%d2
 190 018c 47F9 0000 		lea strncmp,%a3
 190      0000 
 191               	.L55:
 192 0192 1012      		move.b (%a2),%d0
 193 0194 0C00 000A 		cmp.b #10,%d0
 194 0198 6744      		jeq .L53
 195 019a 4A00      		tst.b %d0
 196 019c 6604      		jne .L54
 197               	.L58:
 198 019e 4240      		clr.w %d0
 199 01a0 604A      		jra .L52
 200               	.L54:
 201 01a2 4878 0005 		pea 5.w
 202 01a6 4879 0000 		pea .LC0
 202      0000 
 203 01ac 2F0A      		move.l %a2,-(%sp)
 204 01ae 4E93      		jsr (%a3)
 205 01b0 4FEF 000C 		lea (12,%sp),%sp
 206 01b4 4A80      		tst.l %d0
 207 01b6 6608      		jne .L50
 208 01b8 5282      		addq.l #1,%d2
 209 01ba 588A      		addq.l #4,%a2
 210               	.L51:
 211 01bc 528A      		addq.l #1,%a2
 212 01be 60D2      		jra .L55
 213               	.L50:
 214 01c0 4878 0004 		pea 4.w
 215 01c4 4879 0000 		pea .LC1
 215      0000 
 216 01ca 2F0A      		move.l %a2,-(%sp)
 217 01cc 4E93      		jsr (%a3)
 218 01ce 4FEF 000C 		lea (12,%sp),%sp
 219 01d2 4A80      		tst.l %d0
 220 01d4 66E6      		jne .L51
 221 01d6 5382      		subq.l #1,%d2
 222 01d8 6710      		jeq .L56
 223 01da 568A      		addq.l #3,%a2
 224 01dc 60DE      		jra .L51
 225               	.L53:
 226 01de 4A82      		tst.l %d2
 227 01e0 6FBC      		jle .L58
 228 01e2 528A      		addq.l #1,%a2
 229 01e4 5383      		subq.l #1,%d3
 230 01e6 66AA      		jne .L55
 231 01e8 60B4      		jra .L58
 232               	.L56:
 233 01ea 7001      		moveq #1,%d0
 234               	.L52:
 235 01ec 23C4 0000 		move.l %d4,txtpos
 235      0000 
 236 01f2 23EF 0014 		move.l 20(%sp),current_line
 236      0000 0000 
 237 01fa 4CDF 0C1C 		movem.l (%sp)+,#3100
 238 01fe 588F      		addq.l #4,%sp
 239 0200 4E75      		rts
 241               		.align	2
 243               	isValidFnChar:
 244 0202 202F 0004 		move.l 4(%sp),%d0
 245 0206 1200      		move.b %d0,%d1
 246 0208 0601 FFD0 		add.b #-48,%d1
 247 020c 0C01 0009 		cmp.b #9,%d1
 248 0210 6330      		jls .L65
 249 0212 1200      		move.b %d0,%d1
 250 0214 0201 FFDF 		and.b #-33,%d1
 251 0218 0601 FFBF 		add.b #-65,%d1
 252 021c 0C01 0019 		cmp.b #25,%d1
 253 0220 6320      		jls .L65
 254 0222 0C00 005F 		cmp.b #95,%d0
 255 0226 671A      		jeq .L65
 256 0228 0C00 002B 		cmp.b #43,%d0
 257 022c 6714      		jeq .L65
 258 022e 0C00 002E 		cmp.b #46,%d0
 259 0232 670E      		jeq .L65
 260 0234 0C00 007E 		cmp.b #126,%d0
 261 0238 57C0      		seq %d0
 262 023a 4880      		ext.w %d0
 263 023c 48C0      		ext.l %d0
 264 023e 4480      		neg.l %d0
 265               	.L59:
 266 0240 4E75      		rts
 267               	.L65:
 268 0242 7001      		moveq #1,%d0
 269 0244 60FA      		jra .L59
 271               		.align	2
 272               		.globl	srand
 274               	srand:
 275 0246 23EF 0004 		move.l 4(%sp),rand_seed
 275      0000 0000 
 276 024e 4E75      		rts
 278               		.align	2
 279               		.globl	rand
 281               	rand:
 282 0250 2F3C 41C6 		move.l #1103515245,-(%sp)
 282      4E6D 
 283 0256 2F39 0000 		move.l rand_seed,-(%sp)
 283      0000 
 284 025c 4EB9 0000 		jsr __mulsi3
 284      0000 
 285 0262 508F      		addq.l #8,%sp
 286 0264 0680 0000 		add.l #12345,%d0
 286      3039 
 287 026a 0880 001F 		bclr #31,%d0
 288 026e 23C0 0000 		move.l %d0,rand_seed
 288      0000 
 289 0274 4240      		clr.w %d0
 290 0276 4840      		swap %d0
 291 0278 4E75      		rts
 293               		.align	2
 295               	expr4:
 296 027a 48E7 3020 		movem.l #12320,-(%sp)
 297 027e 7401      		moveq #1,%d2
 298 0280 45FA FD7E 		lea ignore_blanks,%a2
 299               	.L70:
 300 0284 4E92      		jsr (%a2)
 301 0286 2239 0000 		move.l txtpos,%d1
 301      0000 
 302 028c 2041      		move.l %d1,%a0
 303 028e 1010      		move.b (%a0),%d0
 304 0290 0C00 002D 		cmp.b #45,%d0
 305 0294 660C      		jne .L69
 306 0296 5281      		addq.l #1,%d1
 307 0298 23C1 0000 		move.l %d1,txtpos
 307      0000 
 308 029e 4482      		neg.l %d2
 309 02a0 60E2      		jra .L70
 310               	.L69:
 311 02a2 0C00 0030 		cmp.b #48,%d0
 312 02a6 660C      		jne .L71
 313 02a8 5281      		addq.l #1,%d1
 314 02aa 23C1 0000 		move.l %d1,txtpos
 314      0000 
 315               	.L72:
 316 02b0 95CA      		sub.l %a2,%a2
 317 02b2 603C      		jra .L75
 318               	.L71:
 319 02b4 1600      		move.b %d0,%d3
 320 02b6 0603 FFCF 		add.b #-49,%d3
 321 02ba 0C03 0008 		cmp.b #8,%d3
 322 02be 6242      		jhi .L73
 323 02c0 95CA      		sub.l %a2,%a2
 324               	.L74:
 325 02c2 41F2 A800 		lea (%a2,%a2.l),%a0
 326 02c6 D1C8      		add.l %a0,%a0
 327 02c8 45F0 A800 		lea (%a0,%a2.l),%a2
 328 02cc D5CA      		add.l %a2,%a2
 329 02ce 0280 0000 		and.l #255,%d0
 329      00FF 
 330 02d4 45F2 08D0 		lea -48(%a2,%d0.l),%a2
 331 02d8 5281      		addq.l #1,%d1
 332 02da 2041      		move.l %d1,%a0
 333 02dc 1010      		move.b (%a0),%d0
 334 02de 1600      		move.b %d0,%d3
 335 02e0 0603 FFD0 		add.b #-48,%d3
 336 02e4 0C03 0009 		cmp.b #9,%d3
 337 02e8 63D8      		jls .L74
 338               	.L88:
 339 02ea 23C1 0000 		move.l %d1,txtpos
 339      0000 
 340               	.L75:
 341 02f0 2F0A      		move.l %a2,-(%sp)
 342 02f2 2F02      		move.l %d2,-(%sp)
 343 02f4 4EB9 0000 		jsr __mulsi3
 343      0000 
 344 02fa 508F      		addq.l #8,%sp
 345 02fc 4CDF 040C 		movem.l (%sp)+,#1036
 346 0300 4E75      		rts
 347               	.L73:
 348 0302 1600      		move.b %d0,%d3
 349 0304 0603 FFBF 		add.b #-65,%d3
 350 0308 0C03 0019 		cmp.b #25,%d3
 351 030c 6200 00A8 		jhi .L76
 352 0310 1628 0001 		move.b 1(%a0),%d3
 353 0314 0603 FFBF 		add.b #-65,%d3
 354 0318 0C03 0019 		cmp.b #25,%d3
 355 031c 631C      		jls .L77
 356 031e 0280 0000 		and.l #255,%d0
 356      00FF 
 357 0324 0680 7FFF 		add.l #2147483583,%d0
 357      FFBF 
 358 032a D080      		add.l %d0,%d0
 359 032c 2079 0000 		move.l variables_begin,%a0
 359      0000 
 360 0332 3470 0800 		move.w (%a0,%d0.l),%a2
 361 0336 5281      		addq.l #1,%d1
 362 0338 60B0      		jra .L88
 363               	.L77:
 364 033a 4879 0000 		pea func_tab
 364      0000 
 365 0340 4EBA FCE6 		jsr scantable
 366 0344 1639 0000 		move.b table_index,%d3
 366      0000 
 367 034a 588F      		addq.l #4,%sp
 368 034c 0C03 0005 		cmp.b #5,%d3
 369 0350 6700 0094 		jeq .L78
 370 0354 2039 0000 		move.l txtpos,%d0
 370      0000 
 371 035a 2040      		move.l %d0,%a0
 372 035c 0C10 0028 		cmp.b #40,(%a0)
 373 0360 6600 0084 		jne .L78
 374 0364 5280      		addq.l #1,%d0
 375 0366 23C0 0000 		move.l %d0,txtpos
 375      0000 
 376 036c 4EBA 0150 		jsr expression
 377 0370 2440      		move.l %d0,%a2
 378 0372 2079 0000 		move.l txtpos,%a0
 378      0000 
 379 0378 0C10 0029 		cmp.b #41,(%a0)
 380 037c 6668      		jne .L78
 381 037e 2208      		move.l %a0,%d1
 382 0380 5281      		addq.l #1,%d1
 383 0382 23C1 0000 		move.l %d1,txtpos
 383      0000 
 384 0388 0C03 0001 		cmp.b #1,%d3
 385 038c 6700 FF62 		jeq .L75
 386 0390 0C03 0004 		cmp.b #4,%d3
 387 0394 670E      		jeq .L79
 388 0396 4A03      		tst.b %d3
 389 0398 661C      		jne .L76
 390 039a 7000      		moveq #0,%d0
 391 039c 1012      		move.b (%a2),%d0
 392               	.L87:
 393 039e 2440      		move.l %d0,%a2
 394 03a0 6000 FF4E 		jra .L75
 395               	.L79:
 396 03a4 4EBA FEAA 		jsr rand
 397 03a8 2F0A      		move.l %a2,-(%sp)
 398 03aa 2F00      		move.l %d0,-(%sp)
 399 03ac 4EB9 0000 		jsr __umodsi3
 399      0000 
 400 03b2 508F      		addq.l #8,%sp
 401 03b4 60E8      		jra .L87
 402               	.L76:
 403 03b6 2041      		move.l %d1,%a0
 404 03b8 0C10 0028 		cmp.b #40,(%a0)
 405 03bc 6628      		jne .L78
 406 03be 5281      		addq.l #1,%d1
 407 03c0 23C1 0000 		move.l %d1,txtpos
 407      0000 
 408 03c6 4EBA 00F6 		jsr expression
 409 03ca 2440      		move.l %d0,%a2
 410 03cc 2039 0000 		move.l txtpos,%d0
 410      0000 
 411 03d2 2040      		move.l %d0,%a0
 412 03d4 0C10 0029 		cmp.b #41,(%a0)
 413 03d8 660C      		jne .L78
 414 03da 5280      		addq.l #1,%d0
 415 03dc 23C0 0000 		move.l %d0,txtpos
 415      0000 
 416 03e2 6000 FF0C 		jra .L75
 417               	.L78:
 418 03e6 13FC 0001 		move.b #1,expression_error
 418      0000 0000 
 419 03ee 6000 FEC0 		jra .L72
 421               		.align	2
 423               	expr3:
 424 03f2 48E7 2038 		movem.l #8248,-(%sp)
 425 03f6 45FA FE82 		lea expr4,%a2
 426 03fa 4E92      		jsr (%a2)
 427 03fc 2400      		move.l %d0,%d2
 428 03fe 4EBA FC00 		jsr ignore_blanks
 429               	.L90:
 430 0402 2039 0000 		move.l txtpos,%d0
 430      0000 
 431 0408 2040      		move.l %d0,%a0
 432 040a 1210      		move.b (%a0),%d1
 433 040c 0C01 002A 		cmp.b #42,%d1
 434 0410 661A      		jne .L91
 435 0412 5280      		addq.l #1,%d0
 436 0414 23C0 0000 		move.l %d0,txtpos
 436      0000 
 437 041a 4E92      		jsr (%a2)
 438 041c 2F00      		move.l %d0,-(%sp)
 439 041e 2F02      		move.l %d2,-(%sp)
 440 0420 4EB9 0000 		jsr __mulsi3
 440      0000 
 441               	.L95:
 442 0426 508F      		addq.l #8,%sp
 443 0428 2400      		move.l %d0,%d2
 444 042a 60D6      		jra .L90
 445               	.L91:
 446 042c 0C01 002F 		cmp.b #47,%d1
 447 0430 6624      		jne .L89
 448 0432 5280      		addq.l #1,%d0
 449 0434 23C0 0000 		move.l %d0,txtpos
 449      0000 
 450 043a 4E92      		jsr (%a2)
 451 043c 4A80      		tst.l %d0
 452 043e 670C      		jeq .L94
 453 0440 2F00      		move.l %d0,-(%sp)
 454 0442 2F02      		move.l %d2,-(%sp)
 455 0444 4EB9 0000 		jsr __udivsi3
 455      0000 
 456 044a 60DA      		jra .L95
 457               	.L94:
 458 044c 13FC 0001 		move.b #1,expression_error
 458      0000 0000 
 459 0454 60AC      		jra .L90
 460               	.L89:
 461 0456 2002      		move.l %d2,%d0
 462 0458 4CDF 1C04 		movem.l (%sp)+,#7172
 463 045c 4E75      		rts
 465               		.align	2
 467               	expr2:
 468 045e 2F0A      		move.l %a2,-(%sp)
 469 0460 2F02      		move.l %d2,-(%sp)
 470 0462 2079 0000 		move.l txtpos,%a0
 470      0000 
 471 0468 1010      		move.b (%a0),%d0
 472 046a 0C00 002D 		cmp.b #45,%d0
 473 046e 672E      		jeq .L103
 474 0470 0C00 002B 		cmp.b #43,%d0
 475 0474 6728      		jeq .L103
 476 0476 4EBA FF7A 		jsr expr3
 477 047a 2400      		move.l %d0,%d2
 478               	.L97:
 479 047c 45FA FF74 		lea expr3,%a2
 480               	.L98:
 481 0480 2039 0000 		move.l txtpos,%d0
 481      0000 
 482 0486 2040      		move.l %d0,%a0
 483 0488 1210      		move.b (%a0),%d1
 484 048a 0C01 002D 		cmp.b #45,%d1
 485 048e 6612      		jne .L99
 486 0490 5280      		addq.l #1,%d0
 487 0492 23C0 0000 		move.l %d0,txtpos
 487      0000 
 488 0498 4E92      		jsr (%a2)
 489 049a 9480      		sub.l %d0,%d2
 490 049c 60E2      		jra .L98
 491               	.L103:
 492 049e 7400      		moveq #0,%d2
 493 04a0 60DA      		jra .L97
 494               	.L99:
 495 04a2 0C01 002B 		cmp.b #43,%d1
 496 04a6 660E      		jne .L96
 497 04a8 5280      		addq.l #1,%d0
 498 04aa 23C0 0000 		move.l %d0,txtpos
 498      0000 
 499 04b0 4E92      		jsr (%a2)
 500 04b2 D480      		add.l %d0,%d2
 501 04b4 60CA      		jra .L98
 502               	.L96:
 503 04b6 2002      		move.l %d2,%d0
 504 04b8 241F      		move.l (%sp)+,%d2
 505 04ba 245F      		move.l (%sp)+,%a2
 506 04bc 4E75      		rts
 508               		.align	2
 510               	expression:
 511 04be 2F0A      		move.l %a2,-(%sp)
 512 04c0 2F02      		move.l %d2,-(%sp)
 513 04c2 45FA FF9A 		lea expr2,%a2
 514 04c6 4E92      		jsr (%a2)
 515 04c8 2400      		move.l %d0,%d2
 516 04ca 4A39 0000 		tst.b expression_error.l
 516      0000 
 517 04d0 664A      		jne .L104
 518 04d2 4879 0000 		pea relop_tab
 518      0000 
 519 04d8 4EBA FB4E 		jsr scantable
 520 04dc 1039 0000 		move.b table_index,%d0
 520      0000 
 521 04e2 588F      		addq.l #4,%sp
 522 04e4 0C00 0007 		cmp.b #7,%d0
 523 04e8 6732      		jeq .L104
 524 04ea 0C00 0006 		cmp.b #6,%d0
 525 04ee 625C      		jhi .L115
 526 04f0 0280 0000 		and.l #255,%d0
 526      00FF 
 527 04f6 D080      		add.l %d0,%d0
 528 04f8 303B 0806 		move.w .L109(%pc,%d0.l),%d0
 529 04fc 4EFB 0002 		jmp %pc@(2,%d0:w)
 530               		.balignw 2,0x284c
 531               		.swbeg	&7
 532               	.L109:
 533 0500 000E      		.word .L114-.L109
 534 0502 0024      		.word .L108-.L109
 535 0504 002C      		.word .L113-.L109
 536 0506 0034      		.word .L112-.L109
 537 0508 003C      		.word .L111-.L109
 538 050a 0044      		.word .L110-.L109
 539 050c 0024      		.word .L108-.L109
 540               	.L114:
 541 050e 4E92      		jsr (%a2)
 542 0510 B082      		cmp.l %d2,%d0
 543 0512 53C0      		sls %d0
 544               	.L116:
 545 0514 4880      		ext.w %d0
 546 0516 48C0      		ext.l %d0
 547 0518 2400      		move.l %d0,%d2
 548 051a 4482      		neg.l %d2
 549               	.L104:
 550 051c 2002      		move.l %d2,%d0
 551 051e 241F      		move.l (%sp)+,%d2
 552 0520 245F      		move.l (%sp)+,%a2
 553 0522 4E75      		rts
 554               	.L108:
 555 0524 4E92      		jsr (%a2)
 556 0526 B082      		cmp.l %d2,%d0
 557 0528 56C0      		sne %d0
 558 052a 60E8      		jra .L116
 559               	.L113:
 560 052c 4E92      		jsr (%a2)
 561 052e B082      		cmp.l %d2,%d0
 562 0530 55C0      		scs %d0
 563 0532 60E0      		jra .L116
 564               	.L112:
 565 0534 4E92      		jsr (%a2)
 566 0536 B082      		cmp.l %d2,%d0
 567 0538 57C0      		seq %d0
 568 053a 60D8      		jra .L116
 569               	.L111:
 570 053c 4E92      		jsr (%a2)
 571 053e B082      		cmp.l %d2,%d0
 572 0540 54C0      		scc %d0
 573 0542 60D0      		jra .L116
 574               	.L110:
 575 0544 4E92      		jsr (%a2)
 576 0546 B082      		cmp.l %d2,%d0
 577 0548 52C0      		shi %d0
 578 054a 60C8      		jra .L116
 579               	.L115:
 580 054c 7400      		moveq #0,%d2
 581 054e 60CC      		jra .L104
 583               		.align	2
 584               		.globl	printnum
 586               	printnum:
 587 0550 48E7 3838 		movem.l #14392,-(%sp)
 588 0554 242F 001C 		move.l 28(%sp),%d2
 589 0558 6A0E      		jpl .L118
 590 055a 4482      		neg.l %d2
 591 055c 4878 002D 		pea 45.w
 592 0560 4EB9 0000 		jsr outchar
 592      0000 
 593 0566 588F      		addq.l #4,%sp
 594               	.L118:
 595 0568 2639 0000 		move.l sp,%d3
 595      0000 
 596 056e 2443      		move.l %d3,%a2
 597               	.L119:
 598 0570 4878 000A 		pea 10.w
 599 0574 2F02      		move.l %d2,-(%sp)
 600 0576 4EB9 0000 		jsr __modsi3
 600      0000 
 601 057c 508F      		addq.l #8,%sp
 602 057e 0600 0030 		add.b #48,%d0
 603 0582 1500      		move.b %d0,-(%a2)
 604 0584 2802      		move.l %d2,%d4
 605 0586 4878 000A 		pea 10.w
 606 058a 2F02      		move.l %d2,-(%sp)
 607 058c 4EB9 0000 		jsr __divsi3
 607      0000 
 608 0592 508F      		addq.l #8,%sp
 609 0594 2400      		move.l %d0,%d2
 610 0596 7009      		moveq #9,%d0
 611 0598 B084      		cmp.l %d4,%d0
 612 059a 6DD4      		jlt .L119
 613 059c 968A      		sub.l %a2,%d3
 614 059e 23CA 0000 		move.l %a2,sp
 614      0000 
 615 05a4 45F9 0000 		lea outchar,%a2
 615      0000 
 616               	.L120:
 617 05aa 2239 0000 		move.l sp,%d1
 617      0000 
 618 05b0 5281      		addq.l #1,%d1
 619 05b2 2079 0000 		move.l sp,%a0
 619      0000 
 620 05b8 23C1 0000 		move.l %d1,sp
 620      0000 
 621 05be 7000      		moveq #0,%d0
 622 05c0 1010      		move.b (%a0),%d0
 623 05c2 2F00      		move.l %d0,-(%sp)
 624 05c4 4E92      		jsr (%a2)
 625 05c6 5383      		subq.l #1,%d3
 626 05c8 588F      		addq.l #4,%sp
 627 05ca 66DE      		jne .L120
 628 05cc 4CDF 1C1C 		movem.l (%sp)+,#7196
 629 05d0 4E75      		rts
 631               		.align	2
 632               		.globl	printUnum
 634               	printUnum:
 635 05d2 48E7 3038 		movem.l #12344,-(%sp)
 636 05d6 2439 0000 		move.l sp,%d2
 636      0000 
 637 05dc 2442      		move.l %d2,%a2
 638               	.L124:
 639 05de 4878 000A 		pea 10.w
 640 05e2 2F2F 001C 		move.l 28(%sp),-(%sp)
 641 05e6 4EB9 0000 		jsr __umodsi3
 641      0000 
 642 05ec 508F      		addq.l #8,%sp
 643 05ee 0600 0030 		add.b #48,%d0
 644 05f2 1500      		move.b %d0,-(%a2)
 645 05f4 262F 0018 		move.l 24(%sp),%d3
 646 05f8 4878 000A 		pea 10.w
 647 05fc 2F03      		move.l %d3,-(%sp)
 648 05fe 4EB9 0000 		jsr __udivsi3
 648      0000 
 649 0604 508F      		addq.l #8,%sp
 650 0606 2F40 0018 		move.l %d0,24(%sp)
 651 060a 7009      		moveq #9,%d0
 652 060c B083      		cmp.l %d3,%d0
 653 060e 65CE      		jcs .L124
 654 0610 948A      		sub.l %a2,%d2
 655 0612 23CA 0000 		move.l %a2,sp
 655      0000 
 656 0618 45F9 0000 		lea outchar,%a2
 656      0000 
 657               	.L125:
 658 061e 2239 0000 		move.l sp,%d1
 658      0000 
 659 0624 5281      		addq.l #1,%d1
 660 0626 2079 0000 		move.l sp,%a0
 660      0000 
 661 062c 23C1 0000 		move.l %d1,sp
 661      0000 
 662 0632 7000      		moveq #0,%d0
 663 0634 1010      		move.b (%a0),%d0
 664 0636 2F00      		move.l %d0,-(%sp)
 665 0638 4E92      		jsr (%a2)
 666 063a 5382      		subq.l #1,%d2
 667 063c 588F      		addq.l #4,%sp
 668 063e 66DE      		jne .L125
 669 0640 4CDF 1C0C 		movem.l (%sp)+,#7180
 670 0644 4E75      		rts
 672               		.align	2
 673               		.globl	printmsgNoNL
 675               	printmsgNoNL:
 676 0646 2F0B      		move.l %a3,-(%sp)
 677 0648 2F0A      		move.l %a2,-(%sp)
 678 064a 246F 000C 		move.l 12(%sp),%a2
 679 064e 47F9 0000 		lea outchar,%a3
 679      0000 
 680               	.L129:
 681 0654 1012      		move.b (%a2),%d0
 682 0656 6606      		jne .L130
 683 0658 245F      		move.l (%sp)+,%a2
 684 065a 265F      		move.l (%sp)+,%a3
 685 065c 4E75      		rts
 686               	.L130:
 687 065e 528A      		addq.l #1,%a2
 688 0660 0280 0000 		and.l #255,%d0
 688      00FF 
 689 0666 2F00      		move.l %d0,-(%sp)
 690 0668 4E93      		jsr (%a3)
 691 066a 588F      		addq.l #4,%sp
 692 066c 60E6      		jra .L129
 694               		.align	2
 695               		.globl	printmsg
 697               	printmsg:
 698 066e 2F2F 0004 		move.l 4(%sp),-(%sp)
 699 0672 4EBA FFD2 		jsr printmsgNoNL
 700 0676 588F      		addq.l #4,%sp
 701 0678 6000 FAE6 		jra line_terminator
 703               		.align	2
 705               	getln:
 706 067c 2F0B      		move.l %a3,-(%sp)
 707 067e 2F0A      		move.l %a2,-(%sp)
 708 0680 102F 000F 		move.b 15(%sp),%d0
 709 0684 4880      		ext.w %d0
 710 0686 3040      		move.w %d0,%a0
 711 0688 2F08      		move.l %a0,-(%sp)
 712 068a 45F9 0000 		lea outchar,%a2
 712      0000 
 713 0690 4E92      		jsr (%a2)
 714 0692 2039 0000 		move.l program_end,%d0
 714      0000 
 715 0698 5480      		addq.l #2,%d0
 716 069a 23C0 0000 		move.l %d0,txtpos
 716      0000 
 717 06a0 588F      		addq.l #4,%sp
 718 06a2 47F9 0000 		lea getchar,%a3
 718      0000 
 719               	.L135:
 720 06a8 4E93      		jsr (%a3)
 721 06aa 0C80 0000 		cmp.l #255,%d0
 721      00FF 
 722 06b0 6EF6      		jgt .L135
 723 06b2 720A      		moveq #10,%d1
 724 06b4 B280      		cmp.l %d0,%d1
 725 06b6 6714      		jeq .L136
 726 06b8 0C00 000D 		cmp.b #13,%d0
 727 06bc 670E      		jeq .L136
 728 06be 6E1C      		jgt .L137
 729 06c0 0C00 0008 		cmp.b #8,%d0
 730 06c4 672A      		jeq .L138
 731 06c6 0C00 000A 		cmp.b #10,%d0
 732 06ca 6648      		jne .L139
 733               	.L136:
 734 06cc 4EBA FA92 		jsr line_terminator
 735 06d0 2079 0000 		move.l txtpos,%a0
 735      0000 
 736 06d6 10BC 000A 		move.b #10,(%a0)
 737 06da 600E      		jra .L132
 738               	.L137:
 739 06dc 0C00 001B 		cmp.b #27,%d0
 740 06e0 6632      		jne .L139
 741 06e2 13FC 0001 		move.b #1,exit
 741      0000 0000 
 742               	.L132:
 743 06ea 245F      		move.l (%sp)+,%a2
 744 06ec 265F      		move.l (%sp)+,%a3
 745 06ee 4E75      		rts
 746               	.L138:
 747 06f0 2039 0000 		move.l txtpos,%d0
 747      0000 
 748 06f6 B0B9 0000 		cmp.l program_end.l,%d0
 748      0000 
 749 06fc 67AA      		jeq .L135
 750 06fe 5380      		subq.l #1,%d0
 751 0700 23C0 0000 		move.l %d0,txtpos
 751      0000 
 752 0706 4879 0000 		pea backspacemsg
 752      0000 
 753 070c 4EBA FF60 		jsr printmsg
 754               	.L153:
 755 0710 588F      		addq.l #4,%sp
 756 0712 6094      		jra .L135
 757               	.L139:
 758 0714 2239 0000 		move.l txtpos,%d1
 758      0000 
 759 071a 2079 0000 		move.l variables_begin,%a0
 759      0000 
 760 0720 5588      		subq.l #2,%a0
 761 0722 B1C1      		cmp.l %d1,%a0
 762 0724 6608      		jne .L142
 763 0726 4878 0008 		pea 8.w
 764               	.L152:
 765 072a 4E92      		jsr (%a2)
 766 072c 60E2      		jra .L153
 767               	.L142:
 768 072e 2041      		move.l %d1,%a0
 769 0730 1080      		move.b %d0,(%a0)
 770 0732 5281      		addq.l #1,%d1
 771 0734 23C1 0000 		move.l %d1,txtpos
 771      0000 
 772 073a 7200      		moveq #0,%d1
 773 073c 4601      		not.b %d1
 774 073e C280      		and.l %d0,%d1
 775 0740 2F01      		move.l %d1,-(%sp)
 776 0742 60E6      		jra .L152
 778               		.align	2
 779               		.globl	printline
 781               	printline:
 782 0744 2F0A      		move.l %a2,-(%sp)
 783 0746 2F02      		move.l %d2,-(%sp)
 784 0748 2239 0000 		move.l list_line,%d1
 784      0000 
 785 074e 5681      		addq.l #3,%d1
 786 0750 2079 0000 		move.l list_line,%a0
 786      0000 
 787 0756 23C1 0000 		move.l %d1,list_line
 787      0000 
 788 075c 7000      		moveq #0,%d0
 789 075e 3010      		move.w (%a0),%d0
 790 0760 2F00      		move.l %d0,-(%sp)
 791 0762 4EBA FDEC 		jsr printnum
 792 0766 4878 0020 		pea 32.w
 793 076a 45F9 0000 		lea outchar,%a2
 793      0000 
 794 0770 4E92      		jsr (%a2)
 795 0772 508F      		addq.l #8,%sp
 796               	.L155:
 797 0774 2079 0000 		move.l list_line,%a0
 797      0000 
 798 077a 1010      		move.b (%a0),%d0
 799 077c 0C00 000A 		cmp.b #10,%d0
 800 0780 6620      		jne .L156
 801 0782 2208      		move.l %a0,%d1
 802 0784 5281      		addq.l #1,%d1
 803 0786 2008      		move.l %a0,%d0
 804 0788 5480      		addq.l #2,%d0
 805 078a 74FE      		moveq #-2,%d2
 806 078c C480      		and.l %d0,%d2
 807 078e B481      		cmp.l %d1,%d2
 808 0790 6602      		jne .L157
 809 0792 2001      		move.l %d1,%d0
 810               	.L157:
 811 0794 23C0 0000 		move.l %d0,list_line
 811      0000 
 812 079a 241F      		move.l (%sp)+,%d2
 813 079c 245F      		move.l (%sp)+,%a2
 814 079e 6000 F9C0 		jra line_terminator
 815               	.L156:
 816 07a2 0280 0000 		and.l #255,%d0
 816      00FF 
 817 07a8 2F00      		move.l %d0,-(%sp)
 818 07aa 4E92      		jsr (%a2)
 819 07ac 52B9 0000 		addq.l #1,list_line
 819      0000 
 820 07b2 588F      		addq.l #4,%sp
 821 07b4 60BE      		jra .L155
 823               		.section	.rodata.str1.1
 824               	.LC2:
 825 000b 2530 3258 		.string	"%02X"
 825      00
 826               	.LC3:
 827 0010 2534 5800 		.string	"%4X"
 828               	.LC4:
 829 0014 2538 5800 		.string	"%8X"
 830               	.LC5:
 831 0018 2530 3258 		.string	"%02X\n"
 831      0A00 
 832               	.LC6:
 833 001e 506F 6B65 		.string	"Poke %x data %i\n"
 833      2025 7820 
 833      6461 7461 
 833      2025 690A 
 833      00
 834               		.text
 835               		.align	2
 836               		.globl	loop
 838               	loop:
 839 07b6 598F      		subq.l #4,%sp
 840 07b8 48E7 3C3E 		movem.l #15422,-(%sp)
 841 07bc 23FC 0000 		move.l #program,program_start
 841      0000 0000 
 841      0000 
 842 07c6 23FC 0000 		move.l #program,program_end
 842      0000 0000 
 842      0000 
 843 07d0 23FC 0000 		move.l #program+65536,sp
 843      0000 0000 
 843      0000 
 844 07da 203C 0000 		move.l #program+65466,%d0
 844      0000 
 845 07e0 0240 FFFE 		and.w #65534,%d0
 846 07e4 23C0 0000 		move.l %d0,stack_limit
 846      0000 
 847 07ea 72CA      		moveq #-54,%d1
 848 07ec D280      		add.l %d0,%d1
 849 07ee 23C1 0000 		move.l %d1,variables_begin
 849      0000 
 850 07f4 0480 0000 		sub.l #program+54,%d0
 850      0000 
 851 07fa 2F00      		move.l %d0,-(%sp)
 852 07fc 47FA FD52 		lea printnum,%a3
 853 0800 4E93      		jsr (%a3)
 854 0802 4879 0000 		pea memorymsg
 854      0000 
 855 0808 45FA FE64 		lea printmsg,%a2
 856 080c 4E92      		jsr (%a2)
 857 080e 508F      		addq.l #8,%sp
 858 0810 2A0B      		move.l %a3,%d5
 859 0812 49FA F814 		lea scantable,%a4
 860               	.L159:
 861 0816 42B9 0000 		clr.l current_line
 861      0000 
 862 081c 23FC 0000 		move.l #program+65536,sp
 862      0000 0000 
 862      0000 
 863 0826 4879 0000 		pea okmsg
 863      0000 
 864               	.L367:
 865 082c 4E92      		jsr (%a2)
 866 082e 588F      		addq.l #4,%sp
 867 0830 6000 0182 		jra .L162
 868               	.L257:
 869 0834 4A01      		tst.b %d1
 870 0836 67DE      		jeq .L159
 871 0838 23C8 0000 		move.l %a0,tempsp
 871      0000 
 872 083e 60D6      		jra .L159
 873               	.L166:
 874 0840 4878 003E 		pea 62.w
 875 0844 4EBA FE36 		jsr getln
 876 0848 1439 0000 		move.b exit,%d2
 876      0000 
 877 084e 588F      		addq.l #4,%sp
 878 0850 6600 0AD2 		jne .L158
 879 0854 4EBA F8C0 		jsr toUppercaseBuffer
 880 0858 2A79 0000 		move.l program_end,%a5
 880      0000 
 881 085e 4DED 0002 		lea (2,%a5),%a6
 882 0862 204E      		move.l %a6,%a0
 883 0864 4201      		clr.b %d1
 884               	.L169:
 885 0866 2008      		move.l %a0,%d0
 886 0868 0C18 000A 		cmp.b #10,(%a0)+
 887 086c 661E      		jne .L283
 888 086e 4A01      		tst.b %d1
 889 0870 6602      		jne .L170
 890 0872 200E      		move.l %a6,%d0
 891               	.L170:
 892 0874 2239 0000 		move.l variables_begin,%d1
 892      0000 
 893 087a 5381      		subq.l #1,%d1
 894 087c 2040      		move.l %d0,%a0
 895 087e 2241      		move.l %d1,%a1
 896               	.L172:
 897 0880 1290      		move.b (%a0),(%a1)
 898 0882 B1CE      		cmp.l %a6,%a0
 899 0884 670A      		jeq .L171
 900 0886 5389      		subq.l #1,%a1
 901 0888 5388      		subq.l #1,%a0
 902 088a 60F4      		jra .L172
 903               	.L283:
 904 088c 7201      		moveq #1,%d1
 905 088e 60D6      		jra .L169
 906               	.L171:
 907 0890 D28E      		add.l %a6,%d1
 908 0892 9280      		sub.l %d0,%d1
 909 0894 23C1 0000 		move.l %d1,txtpos
 909      0000 
 910 089a 4EBA F7F4 		jsr testnum
 911 089e 3600      		move.w %d0,%d3
 912 08a0 33C0 0000 		move.w %d0,linenum
 912      0000 
 913 08a6 4EBA F758 		jsr ignore_blanks
 914 08aa 4A43      		tst.w %d3
 915 08ac 6678      		jne .L173
 916 08ae 23CE 0000 		move.l %a6,txtpos
 916      0000 
 917 08b4 0C2D 000A 		cmp.b #10,2(%a5)
 917      0002 
 918 08ba 6700 00F8 		jeq .L162
 919               	.L240:
 920 08be 4879 0000 		pea keywords
 920      0000 
 921 08c4 4E94      		jsr (%a4)
 922 08c6 1439 0000 		move.b table_index,%d2
 922      0000 
 923 08cc 588F      		addq.l #4,%sp
 924 08ce 0C02 0020 		cmp.b #32,%d2
 925 08d2 6200 01CA 		jhi .L201
 926 08d6 7000      		moveq #0,%d0
 927 08d8 1002      		move.b %d2,%d0
 928 08da D080      		add.l %d0,%d0
 929 08dc 303B 0806 		move.w .L203(%pc,%d0.l),%d0
 930 08e0 4EFB 0002 		jmp %pc@(2,%d0:w)
 931               		.balignw 2,0x284c
 932               		.swbeg	&33
 933               	.L203:
 934 08e4 01DC      		.word .L223-.L203
 935 08e6 01BA      		.word .L201-.L203
 936 08e8 023E      		.word .L222-.L203
 937 08ea 00E0      		.word .L221-.L203
 938 08ec 01BA      		.word .L201-.L203
 939 08ee 025A      		.word .L220-.L203
 940 08f0 08C6      		.word .L202-.L203
 941 08f2 02C2      		.word .L219-.L203
 942 08f4 02EA      		.word .L218-.L203
 943 08f6 0316      		.word .L217-.L203
 944 08f8 0294      		.word .L216-.L203
 945 08fa 01BA      		.word .L201-.L203
 946 08fc 03FA      		.word .L215-.L203
 947 08fe 0518      		.word .L214-.L203
 948 0900 05BC      		.word .L211-.L203
 949 0902 05DA      		.word .L213-.L203
 950 0904 065E      		.word .L209-.L203
 951 0906 0A40      		.word .L158-.L203
 952 0908 01BA      		.word .L201-.L203
 953 090a 0216      		.word .L212-.L203
 954 090c 05BC      		.word .L211-.L203
 955 090e 01BA      		.word .L201-.L203
 956 0910 01BA      		.word .L201-.L203
 957 0912 01BA      		.word .L201-.L203
 958 0914 01D2      		.word .L210-.L203
 959 0916 065E      		.word .L209-.L203
 960 0918 0676      		.word .L208-.L203
 961 091a 01BA      		.word .L201-.L203
 962 091c 036E      		.word .L207-.L203
 963 091e 03CA      		.word .L206-.L203
 964 0920 068E      		.word .L205-.L203
 965 0922 06D2      		.word .L204-.L203
 966 0924 08C6      		.word .L202-.L203
 967               	.L173:
 968 0926 0C43 FFFF 		cmp.w #-1,%d3
 969 092a 6700 0270 		jeq .L177
 970 092e 2079 0000 		move.l txtpos,%a0
 970      0000 
 971               	.L178:
 972 0934 7000      		moveq #0,%d0
 973 0936 1002      		move.b %d2,%d0
 974 0938 0C30 000A 		cmp.b #10,(%a0,%d0.l)
 974      0800 
 975 093e 6600 00A6 		jne .L179
 976 0942 4DE8 FFFD 		lea (-3,%a0),%a6
 977 0946 2008      		move.l %a0,%d0
 978 0948 0800 0000 		btst #0,%d0
 979 094c 6700 009E 		jeq .L180
 980 0950 5802      		addq.b #4,%d2
 981 0952 23CE 0000 		move.l %a6,txtpos
 981      0000 
 982               	.L181:
 983 0958 3C83      		move.w %d3,(%a6)
 984 095a 1D42 0002 		move.b %d2,2(%a6)
 985 095e 4EBA F78C 		jsr findline
 986 0962 2040      		move.l %d0,%a0
 987 0964 B08D      		cmp.l %a5,%d0
 988 0966 6720      		jeq .L184
 989 0968 B650      		cmp.w (%a0),%d3
 990 096a 661C      		jne .L184
 991 096c 7000      		moveq #0,%d0
 992 096e 1028 0002 		move.b 2(%a0),%d0
 993 0972 43F0 0800 		lea (%a0,%d0.l),%a1
 994 0976 9BC9      		sub.l %a1,%a5
 995 0978 7000      		moveq #0,%d0
 996               	.L185:
 997 097a B08D      		cmp.l %a5,%d0
 998 097c 6600 0092 		jne .L186
 999 0980 DBC8      		add.l %a0,%a5
 1000 0982 23CD 0000 		move.l %a5,program_end
 1000      0000 
 1001               	.L184:
 1002 0988 0C2E 000A 		cmp.b #10,3(%a6)
 1002      0003 
 1003 098e 6724      		jeq .L162
 1004 0990 2279 0000 		move.l program_end,%a1
 1004      0000 
 1005 0996 9BCD      		sub.l %a5,%a5
 1006 0998 4200      		clr.b %d0
 1007               	.L187:
 1008 099a 4A02      		tst.b %d2
 1009 099c 667E      		jne .L193
 1010 099e 320D      		move.w %a5,%d1
 1011 09a0 4A01      		tst.b %d1
 1012 09a2 6706      		jeq .L163
 1013 09a4 23CE 0000 		move.l %a6,txtpos
 1013      0000 
 1014               	.L163:
 1015 09aa 4A00      		tst.b %d0
 1016 09ac 6706      		jeq .L162
 1017 09ae 23C9 0000 		move.l %a1,program_end
 1017      0000 
 1018               	.L162:
 1019 09b4 4AB9 0000 		tst.l triggerRun
 1019      0000 
 1020 09ba 6700 FE84 		jeq .L166
 1021 09be 42B9 0000 		clr.l triggerRun
 1021      0000 
 1022               	.L221:
 1023 09c4 2039 0000 		move.l program_start,%d0
 1023      0000 
 1024               	.L167:
 1025 09ca 23C0 0000 		move.l %d0,current_line
 1025      0000 
 1026 09d0 B0B9 0000 		cmp.l program_end.l,%d0
 1026      0000 
 1027 09d6 6700 FE3E 		jeq .L159
 1028 09da 5680      		addq.l #3,%d0
 1029 09dc 23C0 0000 		move.l %d0,txtpos
 1029      0000 
 1030 09e2 6000 FEDA 		jra .L240
 1031               	.L179:
 1032 09e6 5202      		addq.b #1,%d2
 1033 09e8 6000 FF4A 		jra .L178
 1034               	.L180:
 1035 09ec 4DE8 FFFC 		lea (-4,%a0),%a6
 1036 09f0 23CE 0000 		move.l %a6,txtpos
 1036      0000 
 1037 09f6 5A02      		addq.b #5,%d2
 1038 09f8 5388      		subq.l #1,%a0
 1039 09fa 7000      		moveq #0,%d0
 1040 09fc 1002      		move.b %d2,%d0
 1041 09fe 43F6 08FF 		lea -1(%a6,%d0.l),%a1
 1042               	.L182:
 1043 0a02 B3C8      		cmp.l %a0,%a1
 1044 0a04 6300 FF52 		jls .L181
 1045 0a08 10A8 0001 		move.b 1(%a0),(%a0)
 1046 0a0c 5288      		addq.l #1,%a0
 1047 0a0e 60F2      		jra .L182
 1048               	.L186:
 1049 0a10 11B1 0800 		move.b (%a1,%d0.l),(%a0,%d0.l)
 1049      0800 
 1050 0a16 5280      		addq.l #1,%d0
 1051 0a18 6000 FF60 		jra .L185
 1052               	.L193:
 1053 0a1c 7200      		moveq #0,%d1
 1054 0a1e 1202      		move.b %d2,%d1
 1055 0a20 200E      		move.l %a6,%d0
 1056 0a22 9089      		sub.l %a1,%d0
 1057 0a24 B280      		cmp.l %d0,%d1
 1058 0a26 6402      		jcc .L188
 1059 0a28 2001      		move.l %d1,%d0
 1060               	.L188:
 1061 0a2a 2809      		move.l %a1,%d4
 1062 0a2c D880      		add.l %d0,%d4
 1063 0a2e 2609      		move.l %a1,%d3
 1064 0a30 9688      		sub.l %a0,%d3
 1065 0a32 4683      		not.l %d3
 1066 0a34 7200      		moveq #0,%d1
 1067               	.L189:
 1068 0a36 5381      		subq.l #1,%d1
 1069 0a38 B283      		cmp.l %d3,%d1
 1070 0a3a 6614      		jne .L190
 1071 0a3c 7200      		moveq #0,%d1
 1072               	.L191:
 1073 0a3e B280      		cmp.l %d0,%d1
 1074 0a40 6618      		jne .L192
 1075 0a42 DDC0      		add.l %d0,%a6
 1076 0a44 9400      		sub.b %d0,%d2
 1077 0a46 D1C0      		add.l %d0,%a0
 1078 0a48 2244      		move.l %d4,%a1
 1079 0a4a 7001      		moveq #1,%d0
 1080 0a4c 6000 FF4C 		jra .L187
 1081               	.L190:
 1082 0a50 2644      		move.l %d4,%a3
 1083 0a52 17B1 1800 		move.b (%a1,%d1.l),(%a3,%d1.l)
 1083      1800 
 1084 0a58 60DC      		jra .L189
 1085               	.L192:
 1086 0a5a 11B6 1800 		move.b (%a6,%d1.l),(%a0,%d1.l)
 1086      1800 
 1087 0a60 5281      		addq.l #1,%d1
 1088 0a62 3A7C 0001 		move.w #1,%a5
 1089 0a66 60D6      		jra .L191
 1090               	.L254:
 1091 0a68 4879 0000 		pea sorrymsg
 1091      0000 
 1092 0a6e 4E92      		jsr (%a2)
 1093 0a70 588F      		addq.l #4,%sp
 1094 0a72 6000 FDA2 		jra .L159
 1095               	.L285:
 1096 0a76 7201      		moveq #1,%d1
 1097               	.L198:
 1098 0a78 2040      		move.l %d0,%a0
 1099 0a7a 5280      		addq.l #1,%d0
 1100 0a7c 0C10 003A 		cmp.b #58,(%a0)
 1101 0a80 67F4      		jeq .L285
 1102 0a82 4A01      		tst.b %d1
 1103 0a84 6706      		jeq .L199
 1104 0a86 23C8 0000 		move.l %a0,txtpos
 1104      0000 
 1105               	.L199:
 1106 0a8c 4EBA F572 		jsr ignore_blanks
 1107 0a90 2079 0000 		move.l txtpos,%a0
 1107      0000 
 1108 0a96 0C10 000A 		cmp.b #10,(%a0)
 1109 0a9a 6600 FE22 		jne .L240
 1110               	.L201:
 1111 0a9e 2039 0000 		move.l current_line,%d0
 1111      0000 
 1112 0aa4 6700 FF0E 		jeq .L162
 1113 0aa8 2040      		move.l %d0,%a0
 1114 0aaa 7200      		moveq #0,%d1
 1115 0aac 1228 0002 		move.b 2(%a0),%d1
 1116 0ab0 D081      		add.l %d1,%d0
 1117 0ab2 6000 FF16 		jra .L167
 1118               	.L210:
 1119 0ab6 4879 0000 		pea unimplimentedmsg
 1119      0000 
 1120 0abc 6000 FD6E 		jra .L367
 1121               	.L223:
 1122 0ac0 4EBA F5CE 		jsr testnum
 1123 0ac4 33C0 0000 		move.w %d0,linenum
 1123      0000 
 1124 0aca 2079 0000 		move.l txtpos,%a0
 1124      0000 
 1125 0ad0 0C10 000A 		cmp.b #10,(%a0)
 1126 0ad4 6600 0198 		jne .L224
 1127 0ad8 4EBA F612 		jsr findline
 1128 0adc 23C0 0000 		move.l %d0,list_line
 1128      0000 
 1129 0ae2 4BFA FC60 		lea printline,%a5
 1130               	.L269:
 1131 0ae6 2239 0000 		move.l list_line,%d1
 1131      0000 
 1132 0aec B2B9 0000 		cmp.l program_end.l,%d1
 1132      0000 
 1133 0af2 6700 FD22 		jeq .L159
 1134 0af6 4E95      		jsr (%a5)
 1135 0af8 60EC      		jra .L269
 1136               	.L212:
 1137 0afa 2039 0000 		move.l variables_begin,%d0
 1137      0000 
 1138 0b00 90B9 0000 		sub.l program_end,%d0
 1138      0000 
 1139 0b06 2F00      		move.l %d0,-(%sp)
 1140 0b08 2045      		move.l %d5,%a0
 1141 0b0a 4E90      		jsr (%a0)
 1142 0b0c 4879 0000 		pea memorymsg
 1142      0000 
 1143 0b12 4E92      		jsr (%a2)
 1144 0b14 508F      		addq.l #8,%sp
 1145               	.L226:
 1146 0b16 2039 0000 		move.l txtpos,%d0
 1146      0000 
 1147 0b1c 4201      		clr.b %d1
 1148 0b1e 6000 FF58 		jra .L198
 1149               	.L222:
 1150 0b22 2079 0000 		move.l txtpos,%a0
 1150      0000 
 1151 0b28 0C10 000A 		cmp.b #10,(%a0)
 1152 0b2c 6600 0140 		jne .L224
 1153 0b30 23F9 0000 		move.l program_start,program_end
 1153      0000 0000 
 1153      0000 
 1154 0b3a 6000 FE78 		jra .L162
 1155               	.L220:
 1156 0b3e 4BFA F4C0 		lea ignore_blanks,%a5
 1157 0b42 4E95      		jsr (%a5)
 1158 0b44 2039 0000 		move.l txtpos,%d0
 1158      0000 
 1159 0b4a 2240      		move.l %d0,%a1
 1160 0b4c 1211      		move.b (%a1),%d1
 1161 0b4e 0601 FFBF 		add.b #-65,%d1
 1162 0b52 0C01 0019 		cmp.b #25,%d1
 1163 0b56 6244      		jhi .L177
 1164 0b58 5280      		addq.l #1,%d0
 1165 0b5a 23C0 0000 		move.l %d0,txtpos
 1165      0000 
 1166 0b60 4E95      		jsr (%a5)
 1167 0b62 2079 0000 		move.l txtpos,%a0
 1167      0000 
 1168 0b68 1010      		move.b (%a0),%d0
 1169 0b6a 0C00 003A 		cmp.b #58,%d0
 1170 0b6e 6708      		jeq .L216
 1171 0b70 0C00 000A 		cmp.b #10,%d0
 1172 0b74 6600 00F8 		jne .L224
 1173               	.L216:
 1174 0b78 2639 0000 		move.l sp,%d3
 1174      0000 
 1175 0b7e 23C3 0000 		move.l %d3,tempsp
 1175      0000 
 1176 0b84 2043      		move.l %d3,%a0
 1177 0b86 4201      		clr.b %d1
 1178               	.L255:
 1179 0b88 B1FC 0000 		cmp.l #program+65535,%a0
 1179      0000 
 1180 0b8e 6500 0552 		jcs .L266
 1181 0b92 4A01      		tst.b %d1
 1182 0b94 6706      		jeq .L177
 1183 0b96 23C8 0000 		move.l %a0,tempsp
 1183      0000 
 1184               	.L177:
 1185 0b9c 4879 0000 		pea howmsg
 1185      0000 
 1186 0ba2 6000 FC88 		jra .L367
 1187               	.L219:
 1188 0ba6 4239 0000 		clr.b expression_error
 1188      0000 
 1189 0bac 4EBA F910 		jsr expression
 1190 0bb0 4A39 0000 		tst.b expression_error.l
 1190      0000 
 1191 0bb6 66E4      		jne .L177
 1192 0bb8 2079 0000 		move.l txtpos,%a0
 1192      0000 
 1193 0bbe 0C10 000A 		cmp.b #10,(%a0)
 1194 0bc2 67D8      		jeq .L177
 1195 0bc4 4A40      		tst.w %d0
 1196 0bc6 6600 FCF6 		jne .L240
 1197 0bca 6000 FED2 		jra .L201
 1198               	.L218:
 1199 0bce 4239 0000 		clr.b expression_error
 1199      0000 
 1200 0bd4 4EBA F8E8 		jsr expression
 1201 0bd8 33C0 0000 		move.w %d0,linenum
 1201      0000 
 1202 0bde 4A39 0000 		tst.b expression_error.l
 1202      0000 
 1203 0be4 66B6      		jne .L177
 1204 0be6 2079 0000 		move.l txtpos,%a0
 1204      0000 
 1205 0bec 0C10 000A 		cmp.b #10,(%a0)
 1206 0bf0 66AA      		jne .L177
 1207               	.L369:
 1208 0bf2 4EBA F4F8 		jsr findline
 1209 0bf6 6000 FDD2 		jra .L167
 1210               	.L217:
 1211 0bfa 4239 0000 		clr.b expression_error
 1211      0000 
 1212 0c00 4EBA F8BC 		jsr expression
 1213 0c04 33C0 0000 		move.w %d0,linenum
 1213      0000 
 1214 0c0a 4A39 0000 		tst.b expression_error.l
 1214      0000 
 1215 0c10 668A      		jne .L177
 1216 0c12 2279 0000 		move.l txtpos,%a1
 1216      0000 
 1217 0c18 0C11 000A 		cmp.b #10,(%a1)
 1218 0c1c 6600 FF7E 		jne .L177
 1219 0c20 2079 0000 		move.l sp,%a0
 1219      0000 
 1220 0c26 4BE8 000A 		lea (10,%a0),%a5
 1221 0c2a BBF9 0000 		cmp.l stack_limit.l,%a5
 1221      0000 
 1222 0c30 6500 FE36 		jcs .L254
 1223 0c34 47E8 FFF6 		lea (-10,%a0),%a3
 1224 0c38 23CB 0000 		move.l %a3,sp
 1224      0000 
 1225 0c3e 117C 0047 		move.b #71,-10(%a0)
 1225      FFF6 
 1226 0c44 2149 FFFC 		move.l %a1,-4(%a0)
 1227 0c48 2179 0000 		move.l current_line,-8(%a0)
 1227      0000 FFF8 
 1228 0c50 60A0      		jra .L369
 1229               	.L207:
 1230 0c52 2639 0000 		move.l txtpos,%d3
 1230      0000 
 1231 0c58 4239 0000 		clr.b expression_error
 1231      0000 
 1232 0c5e 4EBA F85E 		jsr expression
 1233 0c62 2400      		move.l %d0,%d2
 1234 0c64 4A39 0000 		tst.b expression_error.l
 1234      0000 
 1235 0c6a 6700 03AE 		jeq .L361
 1236               	.L224:
 1237 0c6e 4879 0000 		pea whatmsg
 1237      0000 
 1238 0c74 4EBA F9D0 		jsr printmsgNoNL
 1239 0c78 2039 0000 		move.l current_line,%d0
 1239      0000 
 1240 0c7e 588F      		addq.l #4,%sp
 1241 0c80 6724      		jeq .L196
 1242 0c82 2079 0000 		move.l txtpos,%a0
 1242      0000 
 1243 0c88 1410      		move.b (%a0),%d2
 1244 0c8a 0C02 000A 		cmp.b #10,%d2
 1245 0c8e 6704      		jeq .L197
 1246 0c90 10BC 005E 		move.b #94,(%a0)
 1247               	.L197:
 1248 0c94 23C0 0000 		move.l %d0,list_line
 1248      0000 
 1249 0c9a 4EBA FAA8 		jsr printline
 1250 0c9e 2079 0000 		move.l txtpos,%a0
 1250      0000 
 1251 0ca4 1082      		move.b %d2,(%a0)
 1252               	.L196:
 1253 0ca6 4EBA F4B8 		jsr line_terminator
 1254 0caa 6000 FD08 		jra .L162
 1255               	.L206:
 1256 0cae 2439 0000 		move.l sp,%d2
 1256      0000 
 1257 0cb4 2039 0000 		move.l stack_limit,%d0
 1257      0000 
 1258 0cba 2202      		move.l %d2,%d1
 1259 0cbc 0681 0000 		add.l #154,%d1
 1259      009A 
 1260 0cc2 2A42      		move.l %d2,%a5
 1261               	.L231:
 1262 0cc4 BBC0      		cmp.l %d0,%a5
 1263 0cc6 6510      		jcs .L249
 1264 0cc8 0C15 0057 		cmp.b #87,(%a5)
 1265 0ccc 6700 03C4 		jeq .L248
 1266 0cd0 4BED 000E 		lea (14,%a5),%a5
 1267 0cd4 B28D      		cmp.l %a5,%d1
 1268 0cd6 66EC      		jne .L231
 1269               	.L249:
 1270 0cd8 2038 0002 		move.l 2.w,%d0
 1271 0cdc 4E47      		trap #7
 1272               	.L215:
 1273 0cde 4DFA F320 		lea ignore_blanks,%a6
 1274 0ce2 4E96      		jsr (%a6)
 1275 0ce4 2039 0000 		move.l txtpos,%d0
 1275      0000 
 1276 0cea 2640      		move.l %d0,%a3
 1277 0cec 1413      		move.b (%a3),%d2
 1278 0cee 1202      		move.b %d2,%d1
 1279 0cf0 0601 FFBF 		add.b #-65,%d1
 1280 0cf4 0C01 0019 		cmp.b #25,%d1
 1281 0cf8 6200 FF74 		jhi .L224
 1282 0cfc 5280      		addq.l #1,%d0
 1283 0cfe 23C0 0000 		move.l %d0,txtpos
 1283      0000 
 1284 0d04 4E96      		jsr (%a6)
 1285 0d06 2039 0000 		move.l txtpos,%d0
 1285      0000 
 1286 0d0c 2040      		move.l %d0,%a0
 1287 0d0e 0C10 003D 		cmp.b #61,(%a0)
 1288 0d12 6600 FF5A 		jne .L224
 1289 0d16 5280      		addq.l #1,%d0
 1290 0d18 23C0 0000 		move.l %d0,txtpos
 1290      0000 
 1291 0d1e 4E96      		jsr (%a6)
 1292 0d20 4239 0000 		clr.b expression_error
 1292      0000 
 1293 0d26 4BFA F796 		lea expression,%a5
 1294 0d2a 4E95      		jsr (%a5)
 1295 0d2c 2800      		move.l %d0,%d4
 1296 0d2e 4A39 0000 		tst.b expression_error.l
 1296      0000 
 1297 0d34 6600 FF38 		jne .L224
 1298 0d38 4879 0000 		pea to_tab
 1298      0000 
 1299 0d3e 4E94      		jsr (%a4)
 1300 0d40 588F      		addq.l #4,%sp
 1301 0d42 4A39 0000 		tst.b table_index.l
 1301      0000 
 1302 0d48 6600 FF24 		jne .L224
 1303 0d4c 4E95      		jsr (%a5)
 1304 0d4e 2640      		move.l %d0,%a3
 1305 0d50 4A39 0000 		tst.b expression_error.l
 1305      0000 
 1306 0d56 6600 FF16 		jne .L224
 1307 0d5a 4879 0000 		pea step_tab
 1307      0000 
 1308 0d60 4E94      		jsr (%a4)
 1309 0d62 588F      		addq.l #4,%sp
 1310 0d64 4A39 0000 		tst.b table_index.l
 1310      0000 
 1311 0d6a 6600 0370 		jne .L286
 1312 0d6e 4E95      		jsr (%a5)
 1313 0d70 4A39 0000 		tst.b expression_error.l
 1313      0000 
 1314 0d76 6600 FEF6 		jne .L224
 1315 0d7a 3600      		move.w %d0,%d3
 1316               	.L252:
 1317 0d7c 4E96      		jsr (%a6)
 1318 0d7e 2C79 0000 		move.l txtpos,%a6
 1318      0000 
 1319 0d84 1216      		move.b (%a6),%d1
 1320 0d86 0C01 000A 		cmp.b #10,%d1
 1321 0d8a 6708      		jeq .L253
 1322 0d8c 0C01 003A 		cmp.b #58,%d1
 1323 0d90 6600 FEDC 		jne .L224
 1324               	.L253:
 1325 0d94 4A39 0000 		tst.b expression_error.l
 1325      0000 
 1326 0d9a 6600 FE00 		jne .L177
 1327 0d9e 0C01 000A 		cmp.b #10,%d1
 1328 0da2 6600 FDF8 		jne .L177
 1329 0da6 2079 0000 		move.l sp,%a0
 1329      0000 
 1330 0dac 43E8 000E 		lea (14,%a0),%a1
 1331 0db0 B3F9 0000 		cmp.l stack_limit.l,%a1
 1331      0000 
 1332 0db6 6500 FCB0 		jcs .L254
 1333 0dba 43E8 FFF2 		lea (-14,%a0),%a1
 1334 0dbe 23C9 0000 		move.l %a1,sp
 1334      0000 
 1335 0dc4 7200      		moveq #0,%d1
 1336 0dc6 1202      		move.b %d2,%d1
 1337 0dc8 0681 7FFF 		add.l #2147483583,%d1
 1337      FFBF 
 1338 0dce D281      		add.l %d1,%d1
 1339 0dd0 2279 0000 		move.l variables_begin,%a1
 1339      0000 
 1340 0dd6 3384 1800 		move.w %d4,(%a1,%d1.l)
 1341 0dda 117C 0046 		move.b #70,-14(%a0)
 1341      FFF2 
 1342 0de0 1142 FFF3 		move.b %d2,-13(%a0)
 1343 0de4 314B FFF4 		move.w %a3,-12(%a0)
 1344 0de8 3143 FFF6 		move.w %d3,-10(%a0)
 1345 0dec 214E FFFC 		move.l %a6,-4(%a0)
 1346 0df0 2179 0000 		move.l current_line,-8(%a0)
 1346      0000 FFF8 
 1347 0df8 6000 FD1C 		jra .L226
 1348               	.L214:
 1349 0dfc 4BFA F202 		lea ignore_blanks,%a5
 1350 0e00 4E95      		jsr (%a5)
 1351 0e02 2039 0000 		move.l txtpos,%d0
 1351      0000 
 1352 0e08 2040      		move.l %d0,%a0
 1353 0e0a 1410      		move.b (%a0),%d2
 1354 0e0c 1202      		move.b %d2,%d1
 1355 0e0e 0601 FFBF 		add.b #-65,%d1
 1356 0e12 0C01 0019 		cmp.b #25,%d1
 1357 0e16 6200 FE56 		jhi .L224
 1358 0e1a 5280      		addq.l #1,%d0
 1359 0e1c 23C0 0000 		move.l %d0,txtpos
 1359      0000 
 1360 0e22 4E95      		jsr (%a5)
 1361 0e24 2079 0000 		move.l txtpos,%a0
 1361      0000 
 1362 0e2a 1010      		move.b (%a0),%d0
 1363 0e2c 0C00 000A 		cmp.b #10,%d0
 1364 0e30 6708      		jeq .L241
 1365 0e32 0C00 003A 		cmp.b #58,%d0
 1366 0e36 6600 FE36 		jne .L224
 1367               	.L241:
 1368 0e3a 4DFA F682 		lea expression,%a6
 1369               	.L242:
 1370 0e3e 23F9 0000 		move.l txtpos,tmptxtpos
 1370      0000 0000 
 1370      0000 
 1371 0e48 4878 003F 		pea 63.w
 1372 0e4c 43FA F82E 		lea getln,%a1
 1373 0e50 4E91      		jsr (%a1)
 1374 0e52 47FA F2C2 		lea toUppercaseBuffer,%a3
 1375 0e56 4E93      		jsr (%a3)
 1376 0e58 2039 0000 		move.l program_end,%d0
 1376      0000 
 1377 0e5e 5480      		addq.l #2,%d0
 1378 0e60 23C0 0000 		move.l %d0,txtpos
 1378      0000 
 1379 0e66 4E95      		jsr (%a5)
 1380 0e68 4239 0000 		clr.b expression_error
 1380      0000 
 1381 0e6e 4E96      		jsr (%a6)
 1382 0e70 588F      		addq.l #4,%sp
 1383 0e72 4A39 0000 		tst.b expression_error.l
 1383      0000 
 1384 0e78 66C4      		jne .L242
 1385 0e7a 0282 0000 		and.l #255,%d2
 1385      00FF 
 1386 0e80 0682 7FFF 		add.l #2147483583,%d2
 1386      FFBF 
 1387 0e86 D482      		add.l %d2,%d2
 1388 0e88 2079 0000 		move.l variables_begin,%a0
 1388      0000 
 1389 0e8e 3180 2800 		move.w %d0,(%a0,%d2.l)
 1390 0e92 23F9 0000 		move.l tmptxtpos,txtpos
 1390      0000 0000 
 1390      0000 
 1391 0e9c 6000 FC78 		jra .L226
 1392               	.L211:
 1393 0ea0 2079 0000 		move.l txtpos,%a0
 1393      0000 
 1394 0ea6 1010      		move.b (%a0),%d0
 1395 0ea8 0C00 003A 		cmp.b #58,%d0
 1396 0eac 6600 0382 		jne .L364
 1397 0eb0 4EBA F2AE 		jsr line_terminator
 1398 0eb4 52B9 0000 		addq.l #1,txtpos
 1398      0000 
 1399 0eba 6000 FC5A 		jra .L226
 1400               	.L213:
 1401 0ebe 4239 0000 		clr.b expression_error
 1401      0000 
 1402 0ec4 4DFA F5F8 		lea expression,%a6
 1403 0ec8 4E96      		jsr (%a6)
 1404 0eca 2A40      		move.l %d0,%a5
 1405 0ecc 4A39 0000 		tst.b expression_error.l
 1405      0000 
 1406 0ed2 6600 FD9A 		jne .L224
 1407 0ed6 47FA F128 		lea ignore_blanks,%a3
 1408 0eda 4E93      		jsr (%a3)
 1409 0edc 2039 0000 		move.l txtpos,%d0
 1409      0000 
 1410 0ee2 2040      		move.l %d0,%a0
 1411 0ee4 0C10 002C 		cmp.b #44,(%a0)
 1412 0ee8 6600 FD84 		jne .L224
 1413 0eec 5280      		addq.l #1,%d0
 1414 0eee 23C0 0000 		move.l %d0,txtpos
 1414      0000 
 1415 0ef4 4E93      		jsr (%a3)
 1416 0ef6 4239 0000 		clr.b expression_error
 1416      0000 
 1417 0efc 4E96      		jsr (%a6)
 1418 0efe 2400      		move.l %d0,%d2
 1419 0f00 4A39 0000 		tst.b expression_error.l
 1419      0000 
 1420 0f06 6600 FD66 		jne .L224
 1421 0f0a 7000      		moveq #0,%d0
 1422 0f0c 4600      		not.b %d0
 1423 0f0e C082      		and.l %d2,%d0
 1424 0f10 2F00      		move.l %d0,-(%sp)
 1425 0f12 2F0D      		move.l %a5,-(%sp)
 1426 0f14 4879 0000 		pea .LC6
 1426      0000 
 1427 0f1a 4EB9 0000 		jsr printf
 1427      0000 
 1428 0f20 1A82      		move.b %d2,(%a5)
 1429 0f22 2079 0000 		move.l txtpos,%a0
 1429      0000 
 1430 0f28 1010      		move.b (%a0),%d0
 1431 0f2a 4FEF 000C 		lea (12,%sp),%sp
 1432 0f2e 0C00 000A 		cmp.b #10,%d0
 1433 0f32 6700 FBE2 		jeq .L226
 1434 0f36 0C00 003A 		cmp.b #58,%d0
 1435 0f3a 6700 FBDA 		jeq .L226
 1436 0f3e 6000 FD2E 		jra .L224
 1437               	.L209:
 1438 0f42 2079 0000 		move.l txtpos,%a0
 1438      0000 
 1439 0f48 0C10 000A 		cmp.b #10,(%a0)
 1440 0f4c 6600 FD20 		jne .L224
 1441 0f50 2039 0000 		move.l program_end,%d0
 1441      0000 
 1442 0f56 6000 FA72 		jra .L167
 1443               	.L208:
 1444 0f5a 4239 0000 		clr.b expression_error
 1444      0000 
 1445 0f60 4EBA F55C 		jsr expression
 1446 0f64 4A39 0000 		tst.b expression_error.l
 1446      0000 
 1447 0f6a 6700 FBAA 		jeq .L226
 1448 0f6e 6000 FCFE 		jra .L224
 1449               	.L205:
 1450 0f72 4239 0000 		clr.b expression_error
 1450      0000 
 1451 0f78 4EBA F544 		jsr expression
 1452 0f7c 41F9 0000 		lea printf,%a0
 1452      0000 
 1453 0f82 0C80 0000 		cmp.l #254,%d0
 1453      00FE 
 1454 0f88 6210      		jhi .L237
 1455 0f8a 2F00      		move.l %d0,-(%sp)
 1456 0f8c 4879 0000 		pea .LC2
 1456      0000 
 1457               	.L371:
 1458 0f92 4E90      		jsr (%a0)
 1459               	.L368:
 1460 0f94 508F      		addq.l #8,%sp
 1461 0f96 6000 FB06 		jra .L201
 1462               	.L237:
 1463 0f9a 0C80 0000 		cmp.l #65534,%d0
 1463      FFFE 
 1464 0fa0 620A      		jhi .L238
 1465 0fa2 2F00      		move.l %d0,-(%sp)
 1466 0fa4 4879 0000 		pea .LC3
 1466      0000 
 1467 0faa 60E6      		jra .L371
 1468               	.L238:
 1469 0fac 2F00      		move.l %d0,-(%sp)
 1470 0fae 4879 0000 		pea .LC4
 1470      0000 
 1471 0fb4 60DC      		jra .L371
 1472               	.L204:
 1473 0fb6 4BFA F048 		lea ignore_blanks,%a5
 1474 0fba 4E95      		jsr (%a5)
 1475 0fbc 2039 0000 		move.l txtpos,%d0
 1475      0000 
 1476 0fc2 2240      		move.l %d0,%a1
 1477 0fc4 0C11 0028 		cmp.b #40,(%a1)
 1478 0fc8 6600 FCA4 		jne .L224
 1479 0fcc 5280      		addq.l #1,%d0
 1480 0fce 23C0 0000 		move.l %d0,txtpos
 1480      0000 
 1481 0fd4 4239 0000 		clr.b expression_error
 1481      0000 
 1482 0fda 4EBA F4E2 		jsr expression
 1483 0fde 2C40      		move.l %d0,%a6
 1484 0fe0 4A39 0000 		tst.b expression_error.l
 1484      0000 
 1485 0fe6 6600 FC86 		jne .L224
 1486 0fea 4E95      		jsr (%a5)
 1487 0fec 2239 0000 		move.l txtpos,%d1
 1487      0000 
 1488 0ff2 2641      		move.l %d1,%a3
 1489 0ff4 0C13 0029 		cmp.b #41,(%a3)
 1490 0ff8 6600 FC74 		jne .L224
 1491 0ffc 5281      		addq.l #1,%d1
 1492 0ffe 23C1 0000 		move.l %d1,txtpos
 1492      0000 
 1493 1004 7000      		moveq #0,%d0
 1494 1006 1016      		move.b (%a6),%d0
 1495 1008 2F00      		move.l %d0,-(%sp)
 1496 100a 4879 0000 		pea .LC5
 1496      0000 
 1497 1010 4EB9 0000 		jsr printf
 1497      0000 
 1498 1016 6000 FF7C 		jra .L368
 1499               	.L361:
 1500 101a 4EBA EFE4 		jsr ignore_blanks
 1501 101e 2279 0000 		move.l txtpos,%a1
 1501      0000 
 1502 1024 1211      		move.b (%a1),%d1
 1503 1026 0C01 000A 		cmp.b #10,%d1
 1504 102a 6708      		jeq .L243
 1505 102c 0C01 003A 		cmp.b #58,%d1
 1506 1030 6600 FC3C 		jne .L224
 1507               	.L243:
 1508 1034 2079 0000 		move.l sp,%a0
 1508      0000 
 1509 103a 4BE8 FFF2 		lea (-14,%a0),%a5
 1510 103e BBF9 0000 		cmp.l stack_limit.l,%a5
 1510      0000 
 1511 1044 640E      		jcc .L244
 1512 1046 4879 0000 		pea stackmsg
 1512      0000 
 1513               	.L370:
 1514 104c 4E92      		jsr (%a2)
 1515 104e 588F      		addq.l #4,%sp
 1516 1050 6000 FAC4 		jra .L226
 1517               	.L244:
 1518 1054 23CD 0000 		move.l %a5,sp
 1518      0000 
 1519 105a 117C 0057 		move.b #87,-14(%a0)
 1519      FFF2 
 1520 1060 2143 FFF4 		move.l %d3,-12(%a0)
 1521 1064 2149 FFF8 		move.l %a1,-8(%a0)
 1522 1068 2179 0000 		move.l current_line,-4(%a0)
 1522      0000 FFFC 
 1523 1070 4A42      		tst.w %d2
 1524 1072 6600 FAA2 		jne .L226
 1525 1076 4BFA F0F6 		lea (find_wend.0),%a5
 1526 107a 4E95      		jsr (%a5)
 1527 107c 4A40      		tst.w %d0
 1528 107e 6608      		jne .L246
 1529               	.L247:
 1530 1080 4879 0000 		pea nowend_msg
 1530      0000 
 1531 1086 60C4      		jra .L370
 1532               	.L246:
 1533 1088 4E95      		jsr (%a5)
 1534 108a 4A40      		tst.w %d0
 1535 108c 6600 FA88 		jne .L226
 1536 1090 60EE      		jra .L247
 1537               	.L248:
 1538 1092 23ED 0002 		move.l 2(%a5),txtpos
 1538      0000 0000 
 1539 109a 4239 0000 		clr.b expression_error
 1539      0000 
 1540 10a0 4DFA F41C 		lea expression,%a6
 1541 10a4 4E96      		jsr (%a6)
 1542 10a6 23ED 0002 		move.l 2(%a5),txtpos
 1542      0000 0000 
 1543 10ae 4239 0000 		clr.b expression_error
 1543      0000 
 1544 10b4 4E96      		jsr (%a6)
 1545 10b6 4A40      		tst.w %d0
 1546 10b8 6714      		jeq .L251
 1547 10ba 23ED 0006 		move.l 6(%a5),txtpos
 1547      0000 0000 
 1548 10c2 23ED 000A 		move.l 10(%a5),current_line
 1548      0000 0000 
 1549 10ca 6000 FA4A 		jra .L226
 1550               	.L251:
 1551 10ce 720E      		moveq #14,%d1
 1552 10d0 D282      		add.l %d2,%d1
 1553 10d2 23C1 0000 		move.l %d1,sp
 1553      0000 
 1554 10d8 6000 FA3C 		jra .L226
 1555               	.L286:
 1556 10dc 7601      		moveq #1,%d3
 1557 10de 6000 FC9C 		jra .L252
 1558               	.L266:
 1559 10e2 1010      		move.b (%a0),%d0
 1560 10e4 0C00 0046 		cmp.b #70,%d0
 1561 10e8 6740      		jeq .L256
 1562 10ea 0C00 0047 		cmp.b #71,%d0
 1563 10ee 6600 F744 		jne .L257
 1564 10f2 0C02 000A 		cmp.b #10,%d2
 1565 10f6 6628      		jne .L258
 1566 10f8 4A01      		tst.b %d1
 1567 10fa 6706      		jeq .L259
 1568 10fc 23C8 0000 		move.l %a0,tempsp
 1568      0000 
 1569               	.L259:
 1570 1102 23E8 0002 		move.l 2(%a0),current_line
 1570      0000 0000 
 1571 110a 23E8 0006 		move.l 6(%a0),txtpos
 1571      0000 0000 
 1572 1112 700A      		moveq #10,%d0
 1573 1114 D083      		add.l %d3,%d0
 1574 1116 23C0 0000 		move.l %d0,sp
 1574      0000 
 1575 111c 6000 F9F8 		jra .L226
 1576               	.L258:
 1577 1120 41E8 000A 		lea (10,%a0),%a0
 1578               	.L260:
 1579 1124 7201      		moveq #1,%d1
 1580 1126 6000 FA60 		jra .L255
 1581               	.L256:
 1582 112a 0C02 0005 		cmp.b #5,%d2
 1583 112e 6672      		jne .L261
 1584 1130 2279 0000 		move.l txtpos,%a1
 1584      0000 
 1585 1136 7000      		moveq #0,%d0
 1586 1138 1029 FFFF 		move.b -1(%a1),%d0
 1587 113c 1828 0001 		move.b 1(%a0),%d4
 1588 1140 4884      		ext.w %d4
 1589 1142 3244      		move.w %d4,%a1
 1590 1144 B3C0      		cmp.l %d0,%a1
 1591 1146 665A      		jne .L261
 1592 1148 4A01      		tst.b %d1
 1593 114a 6706      		jeq .L262
 1594 114c 23C8 0000 		move.l %a0,tempsp
 1594      0000 
 1595               	.L262:
 1596 1152 2240      		move.l %d0,%a1
 1597 1154 D3FC 7FFF 		add.l #2147483583,%a1
 1597      FFBF 
 1598 115a D3C9      		add.l %a1,%a1
 1599 115c D3F9 0000 		add.l variables_begin,%a1
 1599      0000 
 1600 1162 3011      		move.w (%a1),%d0
 1601 1164 D068 0004 		add.w 4(%a0),%d0
 1602 1168 3280      		move.w %d0,(%a1)
 1603 116a 3228 0004 		move.w 4(%a0),%d1
 1604 116e 6F1A      		jle .L263
 1605 1170 B068 0002 		cmp.w 2(%a0),%d0
 1606 1174 6E1E      		jgt .L265
 1607               	.L264:
 1608 1176 23E8 000A 		move.l 10(%a0),txtpos
 1608      0000 0000 
 1609 117e 23E8 0006 		move.l 6(%a0),current_line
 1609      0000 0000 
 1610 1186 6000 F98E 		jra .L226
 1611               	.L263:
 1612 118a 4A41      		tst.w %d1
 1613 118c 6706      		jeq .L265
 1614 118e B068 0002 		cmp.w 2(%a0),%d0
 1615 1192 6CE2      		jge .L264
 1616               	.L265:
 1617 1194 41E8 000E 		lea (14,%a0),%a0
 1618 1198 23C8 0000 		move.l %a0,sp
 1618      0000 
 1619 119e 6000 F976 		jra .L226
 1620               	.L261:
 1621 11a2 41E8 000E 		lea (14,%a0),%a0
 1622 11a6 6000 FF7C 		jra .L260
 1623               	.L202:
 1624 11aa 2039 0000 		move.l txtpos,%d0
 1624      0000 
 1625 11b0 2040      		move.l %d0,%a0
 1626 11b2 1410      		move.b (%a0),%d2
 1627 11b4 1202      		move.b %d2,%d1
 1628 11b6 0601 FFBF 		add.b #-65,%d1
 1629 11ba 0C01 0019 		cmp.b #25,%d1
 1630 11be 6200 F9DC 		jhi .L177
 1631 11c2 2C79 0000 		move.l variables_begin,%a6
 1631      0000 
 1632 11c8 5280      		addq.l #1,%d0
 1633 11ca 23C0 0000 		move.l %d0,txtpos
 1633      0000 
 1634 11d0 4BFA EE2E 		lea ignore_blanks,%a5
 1635 11d4 4E95      		jsr (%a5)
 1636 11d6 2039 0000 		move.l txtpos,%d0
 1636      0000 
 1637 11dc 2240      		move.l %d0,%a1
 1638 11de 0C11 003D 		cmp.b #61,(%a1)
 1639 11e2 6600 FA8A 		jne .L224
 1640 11e6 5280      		addq.l #1,%d0
 1641 11e8 23C0 0000 		move.l %d0,txtpos
 1641      0000 
 1642 11ee 4E95      		jsr (%a5)
 1643 11f0 4239 0000 		clr.b expression_error
 1643      0000 
 1644 11f6 4EBA F2C6 		jsr expression
 1645 11fa 4A39 0000 		tst.b expression_error.l
 1645      0000 
 1646 1200 6600 FA6C 		jne .L224
 1647 1204 2079 0000 		move.l txtpos,%a0
 1647      0000 
 1648 120a 1210      		move.b (%a0),%d1
 1649 120c 0C01 000A 		cmp.b #10,%d1
 1650 1210 6708      		jeq .L268
 1651 1212 0C01 003A 		cmp.b #58,%d1
 1652 1216 6600 FA56 		jne .L224
 1653               	.L268:
 1654 121a 0282 0000 		and.l #255,%d2
 1654      00FF 
 1655 1220 0682 7FFF 		add.l #2147483583,%d2
 1655      FFBF 
 1656 1226 D482      		add.l %d2,%d2
 1657 1228 3D80 2800 		move.w %d0,(%a6,%d2.l)
 1658 122c 6000 F8E8 		jra .L226
 1659               	.L364:
 1660 1230 0C00 000A 		cmp.b #10,%d0
 1661 1234 6700 F868 		jeq .L201
 1662 1238 4BFA EDC6 		lea ignore_blanks,%a5
 1663 123c 4DFA F280 		lea expression,%a6
 1664               	.L279:
 1665 1240 4E95      		jsr (%a5)
 1666 1242 2079 0000 		move.l txtpos,%a0
 1666      0000 
 1667 1248 1610      		move.b (%a0),%d3
 1668 124a 0C03 0022 		cmp.b #34,%d3
 1669 124e 6706      		jeq .L271
 1670 1250 0C03 0027 		cmp.b #39,%d3
 1671 1254 6640      		jne .L272
 1672               	.L271:
 1673 1256 5288      		addq.l #1,%a0
 1674 1258 23C8 0000 		move.l %a0,txtpos
 1674      0000 
 1675 125e 2248      		move.l %a0,%a1
 1676               	.L273:
 1677 1260 1011      		move.b (%a1),%d0
 1678 1262 B003      		cmp.b %d3,%d0
 1679 1264 6628      		jne .L274
 1680               	.L275:
 1681 1266 1010      		move.b (%a0),%d0
 1682 1268 B003      		cmp.b %d3,%d0
 1683 126a 665A      		jne .L276
 1684 126c 5288      		addq.l #1,%a0
 1685 126e 23C8 0000 		move.l %a0,txtpos
 1685      0000 
 1686               	.L277:
 1687 1274 2239 0000 		move.l txtpos,%d1
 1687      0000 
 1688 127a 2041      		move.l %d1,%a0
 1689 127c 1010      		move.b (%a0),%d0
 1690 127e 0C00 002C 		cmp.b #44,%d0
 1691 1282 6666      		jne .L278
 1692 1284 5281      		addq.l #1,%d1
 1693 1286 23C1 0000 		move.l %d1,txtpos
 1693      0000 
 1694 128c 60B2      		jra .L279
 1695               	.L274:
 1696 128e 5289      		addq.l #1,%a1
 1697 1290 0C00 000A 		cmp.b #10,%d0
 1698 1294 66CA      		jne .L273
 1699               	.L272:
 1700 1296 1010      		move.b (%a0),%d0
 1701 1298 0C00 0022 		cmp.b #34,%d0
 1702 129c 6700 F9D0 		jeq .L224
 1703 12a0 0C00 0027 		cmp.b #39,%d0
 1704 12a4 6700 F9C8 		jeq .L224
 1705 12a8 4239 0000 		clr.b expression_error
 1705      0000 
 1706 12ae 4E96      		jsr (%a6)
 1707 12b0 4A39 0000 		tst.b expression_error.l
 1707      0000 
 1708 12b6 6600 F9B6 		jne .L224
 1709 12ba 3240      		move.w %d0,%a1
 1710 12bc 2F09      		move.l %a1,-(%sp)
 1711 12be 2645      		move.l %d5,%a3
 1712 12c0 4E93      		jsr (%a3)
 1713 12c2 588F      		addq.l #4,%sp
 1714 12c4 60AE      		jra .L277
 1715               	.L276:
 1716 12c6 0280 0000 		and.l #255,%d0
 1716      00FF 
 1717 12cc 2F00      		move.l %d0,-(%sp)
 1718 12ce 41F9 0000 		lea outchar,%a0
 1718      0000 
 1719 12d4 4E90      		jsr (%a0)
 1720 12d6 2079 0000 		move.l txtpos,%a0
 1720      0000 
 1721 12dc 5288      		addq.l #1,%a0
 1722 12de 23C8 0000 		move.l %a0,txtpos
 1722      0000 
 1723 12e4 588F      		addq.l #4,%sp
 1724 12e6 6000 FF7E 		jra .L275
 1725               	.L278:
 1726 12ea 0C00 003B 		cmp.b #59,%d0
 1727 12ee 661E      		jne .L280
 1728 12f0 1028 0001 		move.b 1(%a0),%d0
 1729 12f4 0C00 000A 		cmp.b #10,%d0
 1730 12f8 6708      		jeq .L281
 1731 12fa 0C00 003A 		cmp.b #58,%d0
 1732 12fe 6600 F96E 		jne .L224
 1733               	.L281:
 1734 1302 5281      		addq.l #1,%d1
 1735 1304 23C1 0000 		move.l %d1,txtpos
 1735      0000 
 1736 130a 6000 F80A 		jra .L226
 1737               	.L280:
 1738 130e 0C00 000A 		cmp.b #10,%d0
 1739 1312 6708      		jeq .L282
 1740 1314 0C00 003A 		cmp.b #58,%d0
 1741 1318 6600 F954 		jne .L224
 1742               	.L282:
 1743 131c 4EBA EE42 		jsr line_terminator
 1744 1320 6000 F7F4 		jra .L226
 1745               	.L158:
 1746 1324 4CDF 7C3C 		movem.l (%sp)+,#31804
 1747 1328 588F      		addq.l #4,%sp
 1748 132a 4E75      		rts
 1750               		.align	2
 1751               		.globl	filenameWord
 1753               	filenameWord:
 1754 132c 48E7 3038 		movem.l #12344,-(%sp)
 1755 1330 4239 0000 		clr.b expression_error
 1755      0000 
 1756 1336 2479 0000 		move.l txtpos,%a2
 1756      0000 
 1757 133c 97CB      		sub.l %a3,%a3
 1758 133e 49FA EEC2 		lea isValidFnChar,%a4
 1759               	.L373:
 1760 1342 240A      		move.l %a2,%d2
 1761 1344 161A      		move.b (%a2)+,%d3
 1762 1346 1003      		move.b %d3,%d0
 1763 1348 4880      		ext.w %d0
 1764 134a 3040      		move.w %d0,%a0
 1765 134c 2F08      		move.l %a0,-(%sp)
 1766 134e 4E94      		jsr (%a4)
 1767 1350 588F      		addq.l #4,%sp
 1768 1352 4A80      		tst.l %d0
 1769 1354 6720      		jeq .L382
 1770 1356 300B      		move.w %a3,%d0
 1771 1358 4A00      		tst.b %d0
 1772 135a 6706      		jeq .L374
 1773 135c 23C2 0000 		move.l %d2,txtpos
 1773      0000 
 1774               	.L374:
 1775 1362 4A03      		tst.b %d3
 1776 1364 6616      		jne .L375
 1777               	.L380:
 1778 1366 13FC 0001 		move.b #1,expression_error
 1778      0000 0000 
 1779               	.L372:
 1780 136e 2002      		move.l %d2,%d0
 1781 1370 4CDF 1C0C 		movem.l (%sp)+,#7180
 1782 1374 4E75      		rts
 1783               	.L382:
 1784 1376 367C 0001 		move.w #1,%a3
 1785 137a 60C6      		jra .L373
 1786               	.L375:
 1787 137c 2002      		move.l %d2,%d0
 1788 137e 5280      		addq.l #1,%d0
 1789 1380 23C0 0000 		move.l %d0,txtpos
 1789      0000 
 1790 1386 4203      		clr.b %d3
 1791               	.L377:
 1792 1388 264A      		move.l %a2,%a3
 1793 138a 101A      		move.b (%a2)+,%d0
 1794 138c 4880      		ext.w %d0
 1795 138e 3040      		move.w %d0,%a0
 1796 1390 2F08      		move.l %a0,-(%sp)
 1797 1392 4E94      		jsr (%a4)
 1798 1394 588F      		addq.l #4,%sp
 1799 1396 4A80      		tst.l %d0
 1800 1398 6618      		jne .L383
 1801 139a 4A03      		tst.b %d3
 1802 139c 6706      		jeq .L378
 1803 139e 23CB 0000 		move.l %a3,txtpos
 1803      0000 
 1804               	.L378:
 1805 13a4 B48B      		cmp.l %a3,%d2
 1806 13a6 67C6      		jeq .L372
 1807 13a8 4213      		clr.b (%a3)
 1808 13aa 2042      		move.l %d2,%a0
 1809 13ac 4A10      		tst.b (%a0)
 1810 13ae 67B6      		jeq .L380
 1811 13b0 60BC      		jra .L372
 1812               	.L383:
 1813 13b2 7601      		moveq #1,%d3
 1814 13b4 60D2      		jra .L377
 1816               		.data
 1817               		.align	2
 1820               	rand_seed:
 1821 0000 0000 0001 		.long	1
 1822               		.globl	nowend_msg
 1823               		.section	.rodata
 1826               	nowend_msg:
 1827 0000 4E4F 2057 		.string	"NO WEND"
 1827      454E 4400 
 1828               		.globl	nowhile_msg
 1831               	nowhile_msg:
 1832 0008 4E4F 2057 		.string	"NO WHILE"
 1832      4849 4C45 
 1832      00
 1833               		.globl	stackmsg
 1836               	stackmsg:
 1837 0011 5354 4143 		.string	"STACK FULL"
 1837      4B20 4655 
 1837      4C4C 00
 1840               	backspacemsg:
 1841 001c 0820 0800 		.string	"\b \b"
 1844               	unimplimentedmsg:
 1845 0020 556E 696D 		.string	"Unimplemented"
 1845      706C 656D 
 1845      656E 7465 
 1845      6400 
 1848               	memorymsg:
 1849 002e 2062 7974 		.string	" bytes free."
 1849      6573 2066 
 1849      7265 652E 
 1849      00
 1852               	sorrymsg:
 1853 003b 536F 7272 		.string	"Sorry!"
 1853      7921 00
 1856               	howmsg:
 1857 0042 486F 773F 		.string	"How?"
 1857      00
 1860               	whatmsg:
 1861 0047 5768 6174 		.string	"What? "
 1861      3F20 00
 1864               	okmsg:
 1865 004e 4F4B 00   		.string	"OK"
 1866               		.local	linenum
 1867               		.comm	linenum,2,2
 1868               		.local	table_index
 1869               		.comm	table_index,1,1
 1870               		.local	sp
 1871               		.comm	sp,4,2
 1872               		.local	current_line
 1873               		.comm	current_line,4,2
 1874               		.local	variables_begin
 1875               		.comm	variables_begin,4,2
 1876               		.local	program_end
 1877               		.comm	program_end,4,2
 1878               		.local	program_start
 1879               		.comm	program_start,4,2
 1880               		.local	stack_limit
 1881               		.comm	stack_limit,4,2
 1884               	relop_tab:
 1885 0051 3EBD 3CBE 		.base64	"Pr08vr69PL28Ib0A"
 1885      BEBD 3CBD 
 1885      BC21 BD00 
 1888               	step_tab:
 1889 005d 5354 45D0 		.string	"STE\320"
 1889      00
 1892               	to_tab:
 1893 0062 54CF 00   		.base64	"VM8A"
 1896               	func_tab:
 1897 0065 5045 45CB 		.base64	"UEVFy0FC00FSRUHERFJFQcRSTsQA"
 1897      4142 D341 
 1897      5245 41C4 
 1897      4452 4541 
 1897      C452 4EC4 
 1900               	keywords:
 1901 007a 4C49 53D4 		.base64	"TElT1ExPQcRORddSVc5TQVbFTkVY1ExF1EnGR09Uz0dPU1XCUkVUVVLOUkXNRk/SSU5QVdRQUklO1FBPS8VTVE/QQ
 1901      4C4F 41C4 
 1901      4E45 D752 
 1901      55CE 5341 
 1901      56C5 4E45 
 1902               		.local	tempsp
 1903               		.comm	tempsp,4,2
 1904               		.local	expression_error
 1905               		.comm	expression_error,1,1
 1906               		.local	tmptxtpos
 1907               		.comm	tmptxtpos,4,2
 1908               		.local	list_line
 1909               		.comm	list_line,4,2
 1910               		.local	txtpos
 1911               		.comm	txtpos,4,2
 1912               		.local	program
 1913               		.comm	program,65536,1
 1914               		.globl	exit
 1915               		.section	.bss
 1918               	exit:
 1919 0000 00        		.zero	1
 1920               		.local	triggerRun
 1921               		.comm	triggerRun,4,2
 1922               		.globl	__divsi3
 1923               		.globl	__modsi3
 1924               		.globl	__udivsi3
 1925               		.globl	__umodsi3
 1926               		.globl	__mulsi3
 1927               		.ident	"GCC: (GNU) 15.1.0"
