Archive member included to satisfy reference by file (symbol)

/home/pdsilva/.pico-sdk/toolchain/14_2_Rel1/bin/../lib/gcc/arm-none-eabi/14.2.1/../../../../arm-none-eabi/lib/thumb/v8-m.main+fp/softfp/libm.a(libm_a-wf_sqrt.o)
                              CMakeFiles/vgaPico2.dir/home/pdsilva/.pico-sdk/sdk/2.2.0/src/rp2_common/pico_float/float_math.c.o (sqrtf)
/home/pdsilva/.pico-sdk/toolchain/14_2_Rel1/bin/../lib/gcc/arm-none-eabi/14.2.1/../../../../arm-none-eabi/lib/thumb/v8-m.main+fp/softfp/libm.a(libm_a-ef_sqrt.o)
                              /home/pdsilva/.pico-sdk/toolchain/14_2_Rel1/bin/../lib/gcc/arm-none-eabi/14.2.1/../../../../arm-none-eabi/lib/thumb/v8-m.main+fp/softfp/libm.a(libm_a-wf_sqrt.o) (__ieee754_sqrtf)
/home/pdsilva/.pico-sdk/toolchain/14_2_Rel1/bin/../lib/gcc/arm-none-eabi/14.2.1/thumb/v8-m.main+fp/softfp/libgcc.a(_arm_addsubdf3.o)
                              CMakeFiles/vgaPico2.dir/home/pdsilva/.pico-sdk/sdk/2.2.0/src/rp2_common/pico_float/float_math.c.o (__aeabi_f2d)
/home/pdsilva/.pico-sdk/toolchain/14_2_Rel1/bin/../lib/gcc/arm-none-eabi/14.2.1/thumb/v8-m.main+fp/softfp/libgcc.a(_aeabi_ldivmod.o)
                              CMakeFiles/vgaPico2.dir/home/pdsilva/.pico-sdk/sdk/2.2.0/src/common/pico_time/time.c.o (__aeabi_ldivmod)
/home/pdsilva/.pico-sdk/toolchain/14_2_Rel1/bin/../lib/gcc/arm-none-eabi/14.2.1/thumb/v8-m.main+fp/softfp/libgcc.a(_aeabi_uldivmod.o)
                              CMakeFiles/vgaPico2.dir/home/pdsilva/.pico-sdk/sdk/2.2.0/src/rp2_common/hardware_clocks/clocks.c.o (__aeabi_uldivmod)
/home/pdsilva/.pico-sdk/toolchain/14_2_Rel1/bin/../lib/gcc/arm-none-eabi/14.2.1/thumb/v8-m.main+fp/softfp/libgcc.a(_udivmoddi4.o)
                              /home/pdsilva/.pico-sdk/toolchain/14_2_Rel1/bin/../lib/gcc/arm-none-eabi/14.2.1/thumb/v8-m.main+fp/softfp/libgcc.a(_aeabi_ldivmod.o) (__udivmoddi4)
/home/pdsilva/.pico-sdk/toolchain/14_2_Rel1/bin/../lib/gcc/arm-none-eabi/14.2.1/thumb/v8-m.main+fp/softfp/libgcc.a(_dvmd_tls.o)
                              /home/pdsilva/.pico-sdk/toolchain/14_2_Rel1/bin/../lib/gcc/arm-none-eabi/14.2.1/thumb/v8-m.main+fp/softfp/libgcc.a(_aeabi_ldivmod.o) (__aeabi_ldiv0)
/home/pdsilva/.pico-sdk/toolchain/14_2_Rel1/bin/../lib/gcc/arm-none-eabi/14.2.1/../../../../arm-none-eabi/lib/thumb/v8-m.main+fp/softfp/libg.a(libc_a-calloc.o)
                              CMakeFiles/vgaPico2.dir/home/pdsilva/.pico-sdk/sdk/2.2.0/src/rp2_common/pico_malloc/malloc.c.o (calloc)
/home/pdsilva/.pico-sdk/toolchain/14_2_Rel1/bin/../lib/gcc/arm-none-eabi/14.2.1/../../../../arm-none-eabi/lib/thumb/v8-m.main+fp/softfp/libg.a(libc_a-callocr.o)
                              /home/pdsilva/.pico-sdk/toolchain/14_2_Rel1/bin/../lib/gcc/arm-none-eabi/14.2.1/../../../../arm-none-eabi/lib/thumb/v8-m.main+fp/softfp/libg.a(libc_a-calloc.o) (_calloc_r)
/home/pdsilva/.pico-sdk/toolchain/14_2_Rel1/bin/../lib/gcc/arm-none-eabi/14.2.1/../../../../arm-none-eabi/lib/thumb/v8-m.main+fp/softfp/libg.a(libc_a-malloc.o)
                              CMakeFiles/vgaPico2.dir/home/pdsilva/.pico-sdk/sdk/2.2.0/src/rp2_common/pico_malloc/malloc.c.o (malloc)
/home/pdsilva/.pico-sdk/toolchain/14_2_Rel1/bin/../lib/gcc/arm-none-eabi/14.2.1/../../../../arm-none-eabi/lib/thumb/v8-m.main+fp/softfp/libg.a(libc_a-mallocr.o)
                              /home/pdsilva/.pico-sdk/toolchain/14_2_Rel1/bin/../lib/gcc/arm-none-eabi/14.2.1/../../../../arm-none-eabi/lib/thumb/v8-m.main+fp/softfp/libg.a(libc_a-callocr.o) (_malloc_r)
/home/pdsilva/.pico-sdk/toolchain/14_2_Rel1/bin/../lib/gcc/arm-none-eabi/14.2.1/../../../../arm-none-eabi/lib/thumb/v8-m.main+fp/softfp/libg.a(libc_a-mlock.o)
                              /home/pdsilva/.pico-sdk/toolchain/14_2_Rel1/bin/../lib/gcc/arm-none-eabi/14.2.1/../../../../arm-none-eabi/lib/thumb/v8-m.main+fp/softfp/libg.a(libc_a-mallocr.o) (__malloc_lock)
/home/pdsilva/.pico-sdk/toolchain/14_2_Rel1/bin/../lib/gcc/arm-none-eabi/14.2.1/../../../../arm-none-eabi/lib/thumb/v8-m.main+fp/softfp/libg.a(libc_a-realloc.o)
                              CMakeFiles/vgaPico2.dir/home/pdsilva/.pico-sdk/sdk/2.2.0/src/rp2_common/pico_malloc/malloc.c.o (realloc)
/home/pdsilva/.pico-sdk/toolchain/14_2_Rel1/bin/../lib/gcc/arm-none-eabi/14.2.1/../../../../arm-none-eabi/lib/thumb/v8-m.main+fp/softfp/libg.a(libc_a-reallocr.o)
                              /home/pdsilva/.pico-sdk/toolchain/14_2_Rel1/bin/../lib/gcc/arm-none-eabi/14.2.1/../../../../arm-none-eabi/lib/thumb/v8-m.main+fp/softfp/libg.a(libc_a-realloc.o) (_realloc_r)
/home/pdsilva/.pico-sdk/toolchain/14_2_Rel1/bin/../lib/gcc/arm-none-eabi/14.2.1/../../../../arm-none-eabi/lib/thumb/v8-m.main+fp/softfp/libg.a(libc_a-memcmp.o)
                              CMakeFiles/vgaPico2.dir/home/pdsilva/.pico-sdk/sdk/2.2.0/src/rp2_common/pico_atomic/atomic.c.o (memcmp)
/home/pdsilva/.pico-sdk/toolchain/14_2_Rel1/bin/../lib/gcc/arm-none-eabi/14.2.1/../../../../arm-none-eabi/lib/thumb/v8-m.main+fp/softfp/libg.a(libc_a-memmove.o)
[...]
Memory Configuration

Name             Origin             Length             Attributes
FLASH            0x10000000         0x00400000         xr
RAM              0x20000000         0x00080000         xrw
SCRATCH_X        0x20080000         0x00001000         xrw
SCRATCH_Y        0x20081000         0x00001000         xrw
*default*        0x00000000         0xffffffff

Linker script and memory map

LOAD /home/pdsilva/.pico-sdk/toolchain/14_2_Rel1/bin/../lib/gcc/arm-none-eabi/14.2.1/thumb/v8-m.main+fp/softfp/crti.o
LOAD /home/pdsilva/.pico-sdk/toolchain/14_2_Rel1/bin/../lib/gcc/arm-none-eabi/14.2.1/thumb/v8-m.main+fp/softfp/crtbegin.o
LOAD /home/pdsilva/.pico-sdk/toolchain/14_2_Rel1/bin/../lib/gcc/arm-none-eabi/14.2.1/../../../../arm-none-eabi/lib/thumb/v8-m.main+fp/softfp/crt0.o

.flash_begin    0x10000000        0x0
                0x10000000                        __flash_binary_start = .

.text           0x10000000     0x5854
                0x10000000                        __logical_binary_start = .
 *(.vectors)
 .vectors       0x10000000      0x124 CMakeFiles/vgaPico2.dir/home/pdsilva/.pico-sdk/sdk/2.2.0/src/rp2_common/pico_crt0/crt0.S.o
                0x10000000                __vectors
                0x10000000                __VECTOR_TABLE
                0x10000110                isr_securefault
                0x10000110                isr_irq30
                0x10000110                __unhandled_user_irq
                0x10000110                isr_irq49
                0x10000110                isr_irq13
                0x10000110                isr_irq43
                0x10000110                isr_irq45
                0x10000110                isr_irq27
                0x10000110                isr_irq32
                0x10000110                isr_irq31
                0x10000110                isr_irq5
                0x10000110                isr_irq11
                0x10000110                isr_irq23
                0x10000110                isr_usagefault
                0x10000110                isr_irq48
                0x10000110                isr_irq35
                0x10000110                isr_irq18
                0x10000110                isr_irq50
                0x10000110                isr_irq40
                0x10000110                isr_irq28
                0x10000110                isr_irq19
                0x10000110                isr_irq36
                0x10000110                isr_irq41
                0x10000110                isr_irq0
                0x10000110                isr_irq6
                0x10000110                isr_memmanage
                0x10000110                isr_irq37
                0x10000110                isr_irq42
                0x10000110                isr_irq22
                0x10000110                isr_irq17
                0x10000110                isr_irq38
                0x10000110                isr_irq14
                0x10000110                __vectors_end
                0x10000110                __default_isrs_start
                0x10000110                isr_irq2
                0x10000110                isr_irq10
                0x10000110                isr_irq8
                0x10000110                isr_debugmonitor
                0x10000110                isr_irq24
                0x10000110                isr_irq46
                0x10000110                isr_irq1
                0x10000110                isr_irq47
                0x10000110                isr_irq51
                0x10000110                isr_irq7
                0x10000110                isr_irq21
                0x10000110                isr_irq39
                0x10000110                isr_irq20
                0x10000110                isr_irq15
                0x10000110                isr_irq25
                0x10000110                isr_irq34
                0x10000110                isr_irq4
                0x10000110                isr_busfault
                0x10000110                isr_irq16
                0x10000110                isr_irq44
                0x10000110                isr_irq29
                0x10000110                isr_irq26
                0x10000110                isr_irq33
                0x10000110                isr_irq3
                0x10000110                isr_irq12
                0x10000110                isr_irq9
                0x10000116                unhandled_user_irq_num_in_r0
                0x10000118                isr_invalid
                0x1000011a                isr_nmi
                0x1000011c                isr_hardfault
                0x1000011e                isr_svcall
                0x10000120                isr_pendsv
                0x10000122                isr_systick
                0x10000124                __default_isrs_end
 *(.binary_info_header)
 .binary_info_header
                0x10000124       0x14 CMakeFiles/vgaPico2.dir/home/pdsilva/.pico-sdk/sdk/2.2.0/src/rp2_common/pico_crt0/crt0.S.o
                0x10000138                        __binary_info_header_end = .
 *(.embedded_block)
 .embedded_block
                0x10000138       0x14 CMakeFiles/vgaPico2.dir/home/pdsilva/.pico-sdk/sdk/2.2.0/src/rp2_common/pico_crt0/crt0.S.o
                0x1000014c                        __embedded_block_end = .
 *(.reset)
 .reset         0x1000014c       0x98 CMakeFiles/vgaPico2.dir/home/pdsilva/.pico-sdk/sdk/2.2.0/src/rp2_common/pico_crt0/crt0.S.o
                0x1000014c                _entry_point
 *(.init)
 .init          0x100001e4        0x4 /home/pdsilva/.pico-sdk/toolchain/14_2_Rel1/bin/../lib/gcc/arm-none-eabi/14.2.1/thumb/v8-m.main+fp/softfp/crti.o
                0x100001e4                _init
 *libgcc.a:cmse_nonsecure_call.o()
 *(EXCLUDE_FILE(*libm.a: *libc.a:*lib_a-mem*.o *libgcc.a:) .text*)
 .text.register_tm_clones
                0x100001e8       0x28 /home/pdsilva/.pico-sdk/toolchain/14_2_Rel1/bin/../lib/gcc/arm-none-eabi/14.2.1/thumb/v8-m.main+fp/softfp/crtbegin.o
 .text.frame_dummy
                0x10000210       0x24 /home/pdsilva/.pico-sdk/toolchain/14_2_Rel1/bin/../lib/gcc/arm-none-eabi/14.2.1/thumb/v8-m.main+fp/softfp/crtbegin.o
 .text.core1_entry
                0x10000234       0x18 CMakeFiles/vgaPico2.dir/vga.c.o
                0x10000234                core1_entry
 .text.timer_callback
                0x1000024c       0x28 CMakeFiles/vgaPico2.dir/vga.c.o
 .text.set_sys_clock_khz.constprop.0.isra.0
                0x10000274       0x2c CMakeFiles/vgaPico2.dir/vga.c.o
 .text.video_welcome_screen
                0x100002a0       0x80 CMakeFiles/vgaPico2.dir/vga.c.o
                0x100002a0                video_welcome_screen
 .text.startup.main
                0x10000320       0xe4 CMakeFiles/vgaPico2.dir/vga.c.o
                0x10000320                main
 .text.initReadBus_Pio
                0x10000404      0x12c CMakeFiles/vgaPico2.dir/vga_drv.c.o
                0x10000404                initReadBus_Pio
 .text.pioReset
                0x10000530       0xac CMakeFiles/vgaPico2.dir/vga_drv.c.o
                0x10000530                pioReset
 *fill*         0x100005dc        0x4 
 .text.initVGA  0x100005e0      0x5bc CMakeFiles/vgaPico2.dir/vga_drv.c.o
                0x100005e0                initVGA
 .text.dec_cursor_x
                0x10000b9c       0x1c CMakeFiles/vgaPico2.dir/vga_primitives.c.o
 .text.dec_cursor_y
                0x10000bb8       0x1c CMakeFiles/vgaPico2.dir/vga_primitives.c.o
 .text.inc_cursor_x
                0x10000bd4       0x34 CMakeFiles/vgaPico2.dir/vga_primitives.c.o
 .text.inc_cursor_y
                0x10000c08       0x20 CMakeFiles/vgaPico2.dir/vga_primitives.c.o
 .text.set_vga_data_array
                0x10000c28       0x10 CMakeFiles/vgaPico2.dir/vga_primitives.c.o
 .text.set_vga_home
                0x10000c38       0x10 CMakeFiles/vgaPico2.dir/vga_primitives.c.o
 .text.set_vga_mode
                0x10000c48       0x38 CMakeFiles/vgaPico2.dir/vga_primitives.c.o
 .text.setTextCursor
                0x10000c80       0x44 CMakeFiles/vgaPico2.dir/vga_primitives.c.o
 .text.getTextSize
                0x10000cc4       0x10 CMakeFiles/vgaPico2.dir/vga_primitives.c.o
 .text.set_blink_interval
                0x10000cd4       0x10 CMakeFiles/vgaPico2.dir/vga_primitives.c.o
                0x10000cd4                set_blink_interval
 .text.get_blink_interval
                0x10000ce4       0x10 CMakeFiles/vgaPico2.dir/vga_primitives.c.o
 .text.setTextCursorVisible
                0x10000cf4       0x10 CMakeFiles/vgaPico2.dir/vga_primitives.c.o
 .text.setTextCursorBlink
                0x10000d04       0x10 CMakeFiles/vgaPico2.dir/vga_primitives.c.o
 .text.setTextColor
                0x10000d14       0x10 CMakeFiles/vgaPico2.dir/vga_primitives.c.o
 .text.getTextColor
                0x10000d24       0x10 CMakeFiles/vgaPico2.dir/vga_primitives.c.o
 .text.clrscr   0x10000d34       0x20 CMakeFiles/vgaPico2.dir/vga_primitives.c.o
 .text.drawPixel
                0x10000d54       0x4c CMakeFiles/vgaPico2.dir/vga_primitives.c.o
                0x10000d54                drawPixel
 .text.drawHLine
                0x10000da0       0x90 CMakeFiles/vgaPico2.dir/vga_primitives.c.o
                0x10000da0                drawHLine
 .text.fillRect
                0x10000e30       0xa0 CMakeFiles/vgaPico2.dir/vga_primitives.c.o
                0x10000e30                fillRect
 .text.drawChar2
                0x10000ed0      0x128 CMakeFiles/vgaPico2.dir/vga_primitives.c.o
                0x10000ed0                drawChar2
 .text.drawChar
                0x10000ff8      0x1d8 CMakeFiles/vgaPico2.dir/vga_primitives.c.o
                0x10000ff8                drawChar
 .text.tft_write
                0x100011d0       0x98 CMakeFiles/vgaPico2.dir/vga_primitives.c.o
                0x100011d0                tft_write
 .text.printString
                0x10001268       0xac CMakeFiles/vgaPico2.dir/vga_primitives.c.o
 .text.printString2
                0x10001314      0x180 CMakeFiles/vgaPico2.dir/vga_primitives.c.o
 .text.printString1
                0x10001494      0x1c0 CMakeFiles/vgaPico2.dir/vga_primitives.c.o
 .text.put_cursor
                0x10001654       0x4c CMakeFiles/vgaPico2.dir/vga_primitives.c.o
                0x10001654                put_cursor
 .text.create_screen
                0x100016a0      0x184 CMakeFiles/vgaPico2.dir/vga_primitives.c.o
                0x100016a0                create_screen
 .text.set_x    0x10001824       0x14 CMakeFiles/vgaPico2.dir/cursor.c.o
 .text.set_y    0x10001838       0x14 CMakeFiles/vgaPico2.dir/cursor.c.o
 .text.set_position
                0x1000184c       0x20 CMakeFiles/vgaPico2.dir/cursor.c.o
 .text.set_visible
                0x1000186c        0xc CMakeFiles/vgaPico2.dir/cursor.c.o
 .text.set_blink
                0x10001878        0xc CMakeFiles/vgaPico2.dir/cursor.c.o
 .text.set_blink_interval
                0x10001884        0xc CMakeFiles/vgaPico2.dir/cursor.c.o
 .text.get_blink_interval
                0x10001890        0xc CMakeFiles/vgaPico2.dir/cursor.c.o
 .text.set_shape
                0x1000189c        0xc CMakeFiles/vgaPico2.dir/cursor.c.o
 .text.get_x    0x100018a8        0xc CMakeFiles/vgaPico2.dir/cursor.c.o
 .text.get_y    0x100018b4        0xc CMakeFiles/vgaPico2.dir/cursor.c.o
 .text.is_visible
                0x100018c0        0xc CMakeFiles/vgaPico2.dir/cursor.c.o
 .text.create_default_cursor
                0x100018cc       0x7c CMakeFiles/vgaPico2.dir/cursor.c.o
                0x100018cc                create_default_cursor
 .text.set_font
                0x10001948       0x18 CMakeFiles/vgaPico2.dir/font.c.o
                0x10001948                set_font
 .text.gpio_set_function
                0x10001960       0x3c CMakeFiles/vgaPico2.dir/home/pdsilva/.pico-sdk/sdk/2.2.0/src/rp2_common/hardware_gpio/gpio.c.o
                0x10001960                gpio_set_function
 .text.gpio_set_pulls
                0x1000199c       0x28 CMakeFiles/vgaPico2.dir/home/pdsilva/.pico-sdk/sdk/2.2.0/src/rp2_common/hardware_gpio/gpio.c.o
                0x1000199c                gpio_set_pulls
 .text.panic    0x100019c4       0x30 CMakeFiles/vgaPico2.dir/home/pdsilva/.pico-sdk/sdk/2.2.0/src/rp2_common/pico_platform_panic/panic.c.o
                0x100019c4                panic
 .text.hw_claim_lock
                0x100019f4       0x24 CMakeFiles/vgaPico2.dir/home/pdsilva/.pico-sdk/sdk/2.2.0/src/common/hardware_claim/claim.c.o
                0x100019f4                hw_claim_lock
 .text.hw_claim_unlock
                0x10001a18       0x14 CMakeFiles/vgaPico2.dir/home/pdsilva/.pico-sdk/sdk/2.2.0/src/common/hardware_claim/claim.c.o
                0x10001a18                hw_claim_unlock
 .text.hw_claim_or_assert
                0x10001a2c       0x58 CMakeFiles/vgaPico2.dir/home/pdsilva/.pico-sdk/sdk/2.2.0/src/common/hardware_claim/claim.c.o
                0x10001a2c                hw_claim_or_assert
 .text.hw_claim_unused_from_range
                0x10001a84       0x80 CMakeFiles/vgaPico2.dir/home/pdsilva/.pico-sdk/sdk/2.2.0/src/common/hardware_claim/claim.c.o
                0x10001a84                hw_claim_unused_from_range
 .text.next_striped_spin_lock_num
                0x10001b04       0x18 CMakeFiles/vgaPico2.dir/home/pdsilva/.pico-sdk/sdk/2.2.0/src/rp2_common/hardware_sync/sync.c.o
                0x10001b04                next_striped_spin_lock_num
 .text.spinlock_set_extexclall
                0x10001b1c       0x10 CMakeFiles/vgaPico2.dir/home/pdsilva/.pico-sdk/sdk/2.2.0/src/rp2_common/hardware_sync_spin_lock/sync_spin_lock.c.o
 .text.spin_locks_reset
                0x10001b2c       0x18 CMakeFiles/vgaPico2.dir/home/pdsilva/.pico-sdk/sdk/2.2.0/src/rp2_common/hardware_sync_spin_lock/sync_spin_lock.c.o
                0x10001b2c                spin_locks_reset
 .text.runtime_init_per_core_irq_priorities
                0x10001b44       0x40 CMakeFiles/vgaPico2.dir/home/pdsilva/.pico-sdk/sdk/2.2.0/src/rp2_common/hardware_irq/irq.c.o
                0x10001b44                runtime_init_per_core_irq_priorities
 .text.irq_set_enabled
                0x10001b84       0x2c CMakeFiles/vgaPico2.dir/home/pdsilva/.pico-sdk/sdk/2.2.0/src/rp2_common/hardware_irq/irq.c.o
                0x10001b84                irq_set_enabled
 .text.irq_is_enabled
                0x10001bb0       0x20 CMakeFiles/vgaPico2.dir/home/pdsilva/.pico-sdk/sdk/2.2.0/src/rp2_common/hardware_irq/irq.c.o
                0x10001bb0                irq_is_enabled
 .text.irq_set_exclusive_handler
                0x10001bd0       0x60 CMakeFiles/vgaPico2.dir/home/pdsilva/.pico-sdk/sdk/2.2.0/src/rp2_common/hardware_irq/irq.c.o
                0x10001bd0                irq_set_exclusive_handler
 .text.irq_set_priority
                0x10001c30       0x28 CMakeFiles/vgaPico2.dir/home/pdsilva/.pico-sdk/sdk/2.2.0/src/rp2_common/hardware_irq/irq.c.o
                0x10001c30                irq_set_priority
 .text.lock_init
                0x10001c58        0xc CMakeFiles/vgaPico2.dir/home/pdsilva/.pico-sdk/sdk/2.2.0/src/common/pico_sync/lock_core.c.o
                0x10001c58                lock_init
 .text.runtime_init_mutex
                0x10001c64       0x4c CMakeFiles/vgaPico2.dir/home/pdsilva/.pico-sdk/sdk/2.2.0/src/common/pico_sync/mutex.c.o
                0x10001c64                runtime_init_mutex
 .text.sleep_until_callback
                0x10001cb0       0x3c CMakeFiles/vgaPico2.dir/home/pdsilva/.pico-sdk/sdk/2.2.0/src/common/pico_time/time.c.o
 *fill*         0x10001cec        0x4 
 .text.alarm_pool_irq_handler
                0x10001cf0      0x2f0 CMakeFiles/vgaPico2.dir/home/pdsilva/.pico-sdk/sdk/2.2.0/src/common/pico_time/time.c.o
 .text.runtime_init_default_alarm_pool
                0x10001fe0      0x100 CMakeFiles/vgaPico2.dir/home/pdsilva/.pico-sdk/sdk/2.2.0/src/common/pico_time/time.c.o
                0x10001fe0                runtime_init_default_alarm_pool
 .text.alarm_pool_get_default
                0x100020e0        0x8 CMakeFiles/vgaPico2.dir/home/pdsilva/.pico-sdk/sdk/2.2.0/src/common/pico_time/time.c.o
                0x100020e0                alarm_pool_get_default
 .text.alarm_pool_add_alarm_at_force_in_context
                0x100020e8       0xc8 CMakeFiles/vgaPico2.dir/home/pdsilva/.pico-sdk/sdk/2.2.0/src/common/pico_time/time.c.o
                0x100020e8                alarm_pool_add_alarm_at_force_in_context
 .text.alarm_pool_cancel_alarm
                0x100021b0       0x80 CMakeFiles/vgaPico2.dir/home/pdsilva/.pico-sdk/sdk/2.2.0/src/common/pico_time/time.c.o
                0x100021b0                alarm_pool_cancel_alarm
 .text.best_effort_wfe_or_timeout
                0x10002230       0xd4 CMakeFiles/vgaPico2.dir/home/pdsilva/.pico-sdk/sdk/2.2.0/src/common/pico_time/time.c.o
                0x10002230                best_effort_wfe_or_timeout
 .text.alarm_pool_add_repeating_timer_us
                0x10002304      0x120 CMakeFiles/vgaPico2.dir/home/pdsilva/.pico-sdk/sdk/2.2.0/src/common/pico_time/time.c.o
                0x10002304                alarm_pool_add_repeating_timer_us
 .text.cancel_repeating_timer
                0x10002424       0x9c CMakeFiles/vgaPico2.dir/home/pdsilva/.pico-sdk/sdk/2.2.0/src/common/pico_time/time.c.o
                0x10002424                cancel_repeating_timer
 .text.timer_hardware_alarm_claim
                0x100024c0       0x24 CMakeFiles/vgaPico2.dir/home/pdsilva/.pico-sdk/sdk/2.2.0/src/rp2_common/hardware_timer/timer.c.o
                0x100024c0                timer_hardware_alarm_claim
 .text.timer_time_us_64
                0x100024e4       0x10 CMakeFiles/vgaPico2.dir/home/pdsilva/.pico-sdk/sdk/2.2.0/src/rp2_common/hardware_timer/timer.c.o
                0x100024e4                timer_time_us_64
 .text.time_us_64
                0x100024f4       0x14 CMakeFiles/vgaPico2.dir/home/pdsilva/.pico-sdk/sdk/2.2.0/src/rp2_common/hardware_timer/timer.c.o
                0x100024f4                time_us_64
 .text.clock_configure_undivided
                0x10002508       0xd0 CMakeFiles/vgaPico2.dir/home/pdsilva/.pico-sdk/sdk/2.2.0/src/rp2_common/hardware_clocks/clocks.c.o
                0x10002508                clock_configure_undivided
 .text.clock_get_hz
                0x100025d8        0xc CMakeFiles/vgaPico2.dir/home/pdsilva/.pico-sdk/sdk/2.2.0/src/rp2_common/hardware_clocks/clocks.c.o
                0x100025d8                clock_get_hz
 .text.set_sys_clock_pll
                0x100025e4      0x184 CMakeFiles/vgaPico2.dir/home/pdsilva/.pico-sdk/sdk/2.2.0/src/rp2_common/hardware_clocks/clocks.c.o
                0x100025e4                set_sys_clock_pll
 .text.check_sys_clock_khz
                0x10002768      0x19c CMakeFiles/vgaPico2.dir/home/pdsilva/.pico-sdk/sdk/2.2.0/src/rp2_common/hardware_clocks/clocks.c.o
                0x10002768                check_sys_clock_khz
 .text.pll_init
                0x10002904       0x8c CMakeFiles/vgaPico2.dir/home/pdsilva/.pico-sdk/sdk/2.2.0/src/rp2_common/hardware_pll/pll.c.o
                0x10002904                pll_init
 .text.tick_start
                0x10002990       0x18 CMakeFiles/vgaPico2.dir/home/pdsilva/.pico-sdk/sdk/2.2.0/src/rp2_common/hardware_ticks/ticks.c.o
                0x10002990                tick_start
 .text.rom_func_lookup
                0x100029a8       0x18 CMakeFiles/vgaPico2.dir/home/pdsilva/.pico-sdk/sdk/2.2.0/src/rp2_common/pico_bootrom/bootrom.c.o
                0x100029a8                rom_func_lookup
 .text.runtime_init_bootrom_locking_enable
                0x100029c0       0x14 CMakeFiles/vgaPico2.dir/home/pdsilva/.pico-sdk/sdk/2.2.0/src/rp2_common/pico_bootrom/bootrom_lock.c.o
                0x100029c0                runtime_init_bootrom_locking_enable
 .text.runtime_init_boot_locks_reset
                0x100029d4       0x1c CMakeFiles/vgaPico2.dir/home/pdsilva/.pico-sdk/sdk/2.2.0/src/rp2_common/hardware_boot_lock/boot_lock.c.o
                0x100029d4                runtime_init_boot_locks_reset
 .text.xosc_init
                0x100029f0       0x30 CMakeFiles/vgaPico2.dir/home/pdsilva/.pico-sdk/sdk/2.2.0/src/rp2_common/hardware_xosc/xosc.c.o
                0x100029f0                xosc_init
 .text.first_per_core_initializer
                0x10002a20        0x4 CMakeFiles/vgaPico2.dir/home/pdsilva/.pico-sdk/sdk/2.2.0/src/rp2_common/pico_runtime/runtime.c.o
 .text.hard_assertion_failure
                0x10002a24        0xc CMakeFiles/vgaPico2.dir/home/pdsilva/.pico-sdk/sdk/2.2.0/src/rp2_common/pico_runtime/runtime.c.o
                0x10002a24                hard_assertion_failure
 .text.runtime_run_initializers
                0x10002a30       0x20 CMakeFiles/vgaPico2.dir/home/pdsilva/.pico-sdk/sdk/2.2.0/src/rp2_common/pico_runtime/runtime.c.o
                0x10002a30                runtime_run_initializers
 .text.runtime_run_per_core_initializers
                0x10002a50       0x20 CMakeFiles/vgaPico2.dir/home/pdsilva/.pico-sdk/sdk/2.2.0/src/rp2_common/pico_runtime/runtime.c.o
                0x10002a50                runtime_run_per_core_initializers
 .text.runtime_init_early_resets
                0x10002a70       0x34 CMakeFiles/vgaPico2.dir/home/pdsilva/.pico-sdk/sdk/2.2.0/src/rp2_common/pico_runtime_init/runtime_init.c.o
                0x10002a70                runtime_init_early_resets
 .text.runtime_init_usb_power_down
                0x10002aa4       0x1c CMakeFiles/vgaPico2.dir/home/pdsilva/.pico-sdk/sdk/2.2.0/src/rp2_common/pico_runtime_init/runtime_init.c.o
                0x10002aa4                runtime_init_usb_power_down
 .text.runtime_init_per_core_enable_coprocessors
                0x10002ac0       0x1c CMakeFiles/vgaPico2.dir/home/pdsilva/.pico-sdk/sdk/2.2.0/src/rp2_common/pico_runtime_init/runtime_init.c.o
                0x10002ac0                runtime_init_per_core_enable_coprocessors
 .text.runtime_init_post_clock_resets
                0x10002adc       0x20 CMakeFiles/vgaPico2.dir/home/pdsilva/.pico-sdk/sdk/2.2.0/src/rp2_common/pico_runtime_init/runtime_init.c.o
                0x10002adc                runtime_init_post_clock_resets
 .text.runtime_init_bootrom_reset
                0x10002afc       0x14 CMakeFiles/vgaPico2.dir/home/pdsilva/.pico-sdk/sdk/2.2.0/src/rp2_common/pico_runtime_init/runtime_init.c.o
                0x10002afc                runtime_init_bootrom_reset
 .text.runtime_init_per_core_bootrom_reset
                0x10002b10       0x14 CMakeFiles/vgaPico2.dir/home/pdsilva/.pico-sdk/sdk/2.2.0/src/rp2_common/pico_runtime_init/runtime_init.c.o
                0x10002b10                runtime_init_per_core_bootrom_reset
 .text.runtime_init_spin_locks_reset
                0x10002b24        0x4 CMakeFiles/vgaPico2.dir/home/pdsilva/.pico-sdk/sdk/2.2.0/src/rp2_common/pico_runtime_init/runtime_init.c.o
                0x10002b24                runtime_init_spin_locks_reset
 .text.runtime_init_install_ram_vector_table
                0x10002b28       0x68 CMakeFiles/vgaPico2.dir/home/pdsilva/.pico-sdk/sdk/2.2.0/src/rp2_common/pico_runtime_init/runtime_init.c.o
                0x10002b28                runtime_init_install_ram_vector_table
 .text.runtime_init_clocks
                0x10002b90       0xdc CMakeFiles/vgaPico2.dir/home/pdsilva/.pico-sdk/sdk/2.2.0/src/rp2_common/pico_runtime_init/runtime_init_clocks.c.o
                0x10002b90                runtime_init_clocks
 .text.__rp2350_dcp_engaged_state_save_restore
                0x10002c6c       0x3a CMakeFiles/vgaPico2.dir/home/pdsilva/.pico-sdk/sdk/2.2.0/src/rp2_common/pico_double/double_aeabi_dcp.S.o
 *fill*         0x10002ca6        0x2 
 .text.__wrap___aeabi_dadd
                0x10002ca8       0x28 CMakeFiles/vgaPico2.dir/home/pdsilva/.pico-sdk/sdk/2.2.0/src/rp2_common/pico_double/double_aeabi_dcp.S.o
                0x10002cb0                __wrap___aeabi_dadd
 .text.__wrap___aeabi_dsub
                0x10002cd0       0x28 CMakeFiles/vgaPico2.dir/home/pdsilva/.pico-sdk/sdk/2.2.0/src/rp2_common/pico_double/double_aeabi_dcp.S.o
                0x10002cd8                __wrap___aeabi_dsub
 .text.__wrap___aeabi_dmul
                0x10002cf8       0x4c CMakeFiles/vgaPico2.dir/home/pdsilva/.pico-sdk/sdk/2.2.0/src/rp2_common/pico_double/double_aeabi_dcp.S.o
                0x10002d00                __wrap___aeabi_dmul
 .text.__wrap___aeabi_ddiv
                0x10002d44       0x9c CMakeFiles/vgaPico2.dir/home/pdsilva/.pico-sdk/sdk/2.2.0/src/rp2_common/pico_double/double_aeabi_dcp.S.o
                0x10002d4c                __wrap___aeabi_ddiv
 .text.__wrap___aeabi_i2d
                0x10002de0       0x24 CMakeFiles/vgaPico2.dir/home/pdsilva/.pico-sdk/sdk/2.2.0/src/rp2_common/pico_double/double_aeabi_dcp.S.o
                0x10002de8                __wrap___aeabi_i2d
                0x10002de8                int2double
 .text.__wrap___aeabi_ui2d
                0x10002e04       0x24 CMakeFiles/vgaPico2.dir/home/pdsilva/.pico-sdk/sdk/2.2.0/src/rp2_common/pico_double/double_aeabi_dcp.S.o
                0x10002e0c                __wrap___aeabi_ui2d
                0x10002e0c                uint2double
 .text.__wrap___aeabi_d2iz
                0x10002e28       0x24 CMakeFiles/vgaPico2.dir/home/pdsilva/.pico-sdk/sdk/2.2.0/src/rp2_common/pico_double/double_aeabi_dcp.S.o
                0x10002e30                __wrap___aeabi_d2iz
                0x10002e30                double2int_z
 .text.__wrap___aeabi_d2uiz
                0x10002e4c       0x24 CMakeFiles/vgaPico2.dir/home/pdsilva/.pico-sdk/sdk/2.2.0/src/rp2_common/pico_double/double_aeabi_dcp.S.o
                0x10002e54                double2uint_z
                0x10002e54                double2uint
                0x10002e54                __wrap___aeabi_d2uiz
 .text.__wrap___aeabi_dcmpun
                0x10002e70       0x24 CMakeFiles/vgaPico2.dir/home/pdsilva/.pico-sdk/sdk/2.2.0/src/rp2_common/pico_double/double_aeabi_dcp.S.o
                0x10002e78                __wrap___aeabi_dcmpun
 .text.__wrap___aeabi_dcmplt
                0x10002e94       0x28 CMakeFiles/vgaPico2.dir/home/pdsilva/.pico-sdk/sdk/2.2.0/src/rp2_common/pico_double/double_aeabi_dcp.S.o
                0x10002e9c                __wrap___aeabi_dcmplt
 .text.__wrap___aeabi_dcmple
                0x10002ebc       0x28 CMakeFiles/vgaPico2.dir/home/pdsilva/.pico-sdk/sdk/2.2.0/src/rp2_common/pico_double/double_aeabi_dcp.S.o
                0x10002ec4                __wrap___aeabi_dcmple
 .text.__wrap___aeabi_dcmpge
                0x10002ee4       0x28 CMakeFiles/vgaPico2.dir/home/pdsilva/.pico-sdk/sdk/2.2.0/src/rp2_common/pico_double/double_aeabi_dcp.S.o
                0x10002eec                __wrap___aeabi_dcmpge
 .text.__wrap___aeabi_dcmpgt
                0x10002f0c       0x28 CMakeFiles/vgaPico2.dir/home/pdsilva/.pico-sdk/sdk/2.2.0/src/rp2_common/pico_double/double_aeabi_dcp.S.o
                0x10002f14                __wrap___aeabi_dcmpgt
 .text.__wrap_malloc
                0x10002f34       0x38 CMakeFiles/vgaPico2.dir/home/pdsilva/.pico-sdk/sdk/2.2.0/src/rp2_common/pico_malloc/malloc.c.o
                0x10002f34                __wrap_malloc
 .text.__wrap_free
                0x10002f6c       0x20 CMakeFiles/vgaPico2.dir/home/pdsilva/.pico-sdk/sdk/2.2.0/src/rp2_common/pico_malloc/malloc.c.o
                0x10002f6c                __wrap_free
 .text._out_buffer
                0x10002f8c        0x8 CMakeFiles/vgaPico2.dir/home/pdsilva/.pico-sdk/sdk/2.2.0/src/rp2_common/pico_printf/printf.c.o
 .text._out_null
                0x10002f94        0x4 CMakeFiles/vgaPico2.dir/home/pdsilva/.pico-sdk/sdk/2.2.0/src/rp2_common/pico_printf/printf.c.o
 .text._out_rev
                0x10002f98       0x9c CMakeFiles/vgaPico2.dir/home/pdsilva/.pico-sdk/sdk/2.2.0/src/rp2_common/pico_printf/printf.c.o
 .text._ntoa_format
                0x10003034      0x1d4 CMakeFiles/vgaPico2.dir/home/pdsilva/.pico-sdk/sdk/2.2.0/src/rp2_common/pico_printf/printf.c.o
 .text._out_char
                0x10003208        0x8 CMakeFiles/vgaPico2.dir/home/pdsilva/.pico-sdk/sdk/2.2.0/src/rp2_common/pico_printf/printf.c.o
 .text._ftoa    0x10003210      0x4bc CMakeFiles/vgaPico2.dir/home/pdsilva/.pico-sdk/sdk/2.2.0/src/rp2_common/pico_printf/printf.c.o
 *fill*         0x100036cc        0x4 
 .text._etoa    0x100036d0      0x574 CMakeFiles/vgaPico2.dir/home/pdsilva/.pico-sdk/sdk/2.2.0/src/rp2_common/pico_printf/printf.c.o
 .text._vsnprintf
                0x10003c44      0x9e4 CMakeFiles/vgaPico2.dir/home/pdsilva/.pico-sdk/sdk/2.2.0/src/rp2_common/pico_printf/printf.c.o
 .text.__wrap_sprintf
                0x10004628       0x2c CMakeFiles/vgaPico2.dir/home/pdsilva/.pico-sdk/sdk/2.2.0/src/rp2_common/pico_printf/printf.c.o
                0x10004628                __wrap_sprintf
 .text.weak_raw_vprintf
                0x10004654       0x30 CMakeFiles/vgaPico2.dir/home/pdsilva/.pico-sdk/sdk/2.2.0/src/rp2_common/pico_printf/printf.c.o
                0x10004654                weak_raw_vprintf
 .text._exit    0x10004684        0x4 CMakeFiles/vgaPico2.dir/home/pdsilva/.pico-sdk/sdk/2.2.0/src/rp2_common/pico_clib_interface/newlib_interface.c.o
                0x10004684                _exit
 .text._sbrk    0x10004688       0x2c CMakeFiles/vgaPico2.dir/home/pdsilva/.pico-sdk/sdk/2.2.0/src/rp2_common/pico_clib_interface/newlib_interface.c.o
                0x10004688                _sbrk
 .text.exit     0x100046b4        0x8 CMakeFiles/vgaPico2.dir/home/pdsilva/.pico-sdk/sdk/2.2.0/src/rp2_common/pico_clib_interface/newlib_interface.c.o
                0x100046b4                exit
 .text.runtime_init
                0x100046bc       0x24 CMakeFiles/vgaPico2.dir/home/pdsilva/.pico-sdk/sdk/2.2.0/src/rp2_common/pico_clib_interface/newlib_interface.c.o
                0x100046bc                runtime_init
 .text.stdio_out_chars_no_crlf
                0x100046e0        0x8 CMakeFiles/vgaPico2.dir/home/pdsilva/.pico-sdk/sdk/2.2.0/src/rp2_common/pico_stdio/stdio.c.o
 .text.stdio_out_chars_crlf
                0x100046e8       0xb0 CMakeFiles/vgaPico2.dir/home/pdsilva/.pico-sdk/sdk/2.2.0/src/rp2_common/pico_stdio/stdio.c.o
 .text.stdio_put_string
                0x10004798       0xec CMakeFiles/vgaPico2.dir/home/pdsilva/.pico-sdk/sdk/2.2.0/src/rp2_common/pico_stdio/stdio.c.o
                0x10004798                stdio_put_string
 .text.stdio_init_all
                0x10004884        0x4 CMakeFiles/vgaPico2.dir/home/pdsilva/.pico-sdk/sdk/2.2.0/src/rp2_common/pico_stdio/stdio.c.o
                0x10004884                stdio_init_all
 .text.__wrap_putchar
                0x10004888       0x84 CMakeFiles/vgaPico2.dir/home/pdsilva/.pico-sdk/sdk/2.2.0/src/rp2_common/pico_stdio/stdio.c.o
                0x10004888                stdio_putchar
                0x10004888                __wrap_putchar
 .text.__wrap_puts
                0x1000490c       0x3c CMakeFiles/vgaPico2.dir/home/pdsilva/.pico-sdk/sdk/2.2.0/src/rp2_common/pico_stdio/stdio.c.o
                0x1000490c                __wrap_puts
                0x1000490c                stdio_puts
 .text.pio_sm_claim
                0x10004948       0x48 CMakeFiles/vgaPico2.dir/home/pdsilva/.pico-sdk/sdk/2.2.0/src/rp2_common/hardware_pio/pio.c.o
                0x10004948                pio_sm_claim
 .text.pio_add_program
                0x10004990       0xf4 CMakeFiles/vgaPico2.dir/home/pdsilva/.pico-sdk/sdk/2.2.0/src/rp2_common/hardware_pio/pio.c.o
                0x10004990                pio_add_program
 .text.pio_clear_instruction_memory
                0x10004a84       0x34 CMakeFiles/vgaPico2.dir/home/pdsilva/.pico-sdk/sdk/2.2.0/src/rp2_common/hardware_pio/pio.c.o
                0x10004a84                pio_clear_instruction_memory
 .text.pio_sm_set_pindirs_with_mask
                0x10004ab8       0x6c CMakeFiles/vgaPico2.dir/home/pdsilva/.pico-sdk/sdk/2.2.0/src/rp2_common/hardware_pio/pio.c.o
                0x10004ab8                pio_sm_set_pindirs_with_mask
 .text.pio_sm_set_consecutive_pindirs
                0x10004b24       0x8c CMakeFiles/vgaPico2.dir/home/pdsilva/.pico-sdk/sdk/2.2.0/src/rp2_common/hardware_pio/pio.c.o
                0x10004b24                pio_sm_set_consecutive_pindirs
 .text.pio_sm_init
                0x10004bb0       0xa8 CMakeFiles/vgaPico2.dir/home/pdsilva/.pico-sdk/sdk/2.2.0/src/rp2_common/hardware_pio/pio.c.o
                0x10004bb0                pio_sm_init
 .text.dma_claim_unused_channel
                0x10004c58       0x20 CMakeFiles/vgaPico2.dir/home/pdsilva/.pico-sdk/sdk/2.2.0/src/rp2_common/hardware_dma/dma.c.o
                0x10004c58                dma_claim_unused_channel
 .text.core1_trampoline
                0x10004c78        0x4 CMakeFiles/vgaPico2.dir/home/pdsilva/.pico-sdk/sdk/2.2.0/src/rp2_common/pico_multicore/multicore.c.o
 .text.core1_wrapper
                0x10004c7c       0x10 CMakeFiles/vgaPico2.dir/home/pdsilva/.pico-sdk/sdk/2.2.0/src/rp2_common/pico_multicore/multicore.c.o
                0x10004c7c                core1_wrapper
 .text.multicore_launch_core1_raw
                0x10004c8c       0x84 CMakeFiles/vgaPico2.dir/home/pdsilva/.pico-sdk/sdk/2.2.0/src/rp2_common/pico_multicore/multicore.c.o
                0x10004c8c                multicore_launch_core1_raw
 .text.multicore_launch_core1
                0x10004d10       0x48 CMakeFiles/vgaPico2.dir/home/pdsilva/.pico-sdk/sdk/2.2.0/src/rp2_common/pico_multicore/multicore.c.o
                0x10004d10                multicore_launch_core1
 .text.malloc   0x10004d58       0x10 /home/pdsilva/.pico-sdk/toolchain/14_2_Rel1/bin/../lib/gcc/arm-none-eabi/14.2.1/../../../../arm-none-eabi/lib/thumb/v8-m.main+fp/softfp/libg.a(libc_a-malloc.o)
                0x10004d58                malloc
 .text.free     0x10004d68       0x10 /home/pdsilva/.pico-sdk/toolchain/14_2_Rel1/bin/../lib/gcc/arm-none-eabi/14.2.1/../../../../arm-none-eabi/lib/thumb/v8-m.main+fp/softfp/libg.a(libc_a-malloc.o)
                0x10004d68                free
 .text._malloc_r
                0x10004d78      0x578 /home/pdsilva/.pico-sdk/toolchain/14_2_Rel1/bin/../lib/gcc/arm-none-eabi/14.2.1/../../../../arm-none-eabi/lib/thumb/v8-m.main+fp/softfp/libg.a(libc_a-mallocr.o)
                0x10004d78                _malloc_r
 .text.__malloc_lock
                0x100052f0        0xc /home/pdsilva/.pico-sdk/toolchain/14_2_Rel1/bin/../lib/gcc/arm-none-eabi/14.2.1/../../../../arm-none-eabi/lib/thumb/v8-m.main+fp/softfp/libg.a(libc_a-mlock.o)
                0x100052f0                __malloc_lock
 .text.__malloc_unlock
                0x100052fc        0xc /home/pdsilva/.pico-sdk/toolchain/14_2_Rel1/bin/../lib/gcc/arm-none-eabi/14.2.1/../../../../arm-none-eabi/lib/thumb/v8-m.main+fp/softfp/libg.a(libc_a-mlock.o)
                0x100052fc                __malloc_unlock
 .text.memset   0x10005308       0x9c /home/pdsilva/.pico-sdk/toolchain/14_2_Rel1/bin/../lib/gcc/arm-none-eabi/14.2.1/../../../../arm-none-eabi/lib/thumb/v8-m.main+fp/softfp/libg.a(libc_a-memset.o)
                0x10005308                memset
 .text._sbrk_r  0x100053a4       0x24 /home/pdsilva/.pico-sdk/toolchain/14_2_Rel1/bin/../lib/gcc/arm-none-eabi/14.2.1/../../../../arm-none-eabi/lib/thumb/v8-m.main+fp/softfp/libg.a(libc_a-sbrkr.o)
                0x100053a4                _sbrk_r
 .text.__errno  0x100053c8        0xc /home/pdsilva/.pico-sdk/toolchain/14_2_Rel1/bin/../lib/gcc/arm-none-eabi/14.2.1/../../../../arm-none-eabi/lib/thumb/v8-m.main+fp/softfp/libg.a(libc_a-errno.o)
                0x100053c8                __errno
 .text.__retarget_lock_acquire_recursive
                0x100053d4        0x4 /home/pdsilva/.pico-sdk/toolchain/14_2_Rel1/bin/../lib/gcc/arm-none-eabi/14.2.1/../../../../arm-none-eabi/lib/thumb/v8-m.main+fp/softfp/libg.a(libc_a-lock.o)
                0x100053d4                __retarget_lock_acquire_recursive
 .text.__retarget_lock_release_recursive
                0x100053d8        0x4 /home/pdsilva/.pico-sdk/toolchain/14_2_Rel1/bin/../lib/gcc/arm-none-eabi/14.2.1/../../../../arm-none-eabi/lib/thumb/v8-m.main+fp/softfp/libg.a(libc_a-lock.o)
                0x100053d8                __retarget_lock_release_recursive
 .text.sysconf  0x100053dc       0x1c /home/pdsilva/.pico-sdk/toolchain/14_2_Rel1/bin/../lib/gcc/arm-none-eabi/14.2.1/../../../../arm-none-eabi/lib/thumb/v8-m.main+fp/softfp/libg.a(libc_a-sysconf.o)
                0x100053dc                sysconf
 .text          0x100053f8       0xec /home/pdsilva/.pico-sdk/toolchain/14_2_Rel1/bin/../lib/gcc/arm-none-eabi/14.2.1/../../../../arm-none-eabi/lib/thumb/v8-m.main+fp/softfp/libg.a(libc_a-memcpy.o)
                0x100053f8                memcpy
 .text.strlen   0x100054e4       0x5c /home/pdsilva/.pico-sdk/toolchain/14_2_Rel1/bin/../lib/gcc/arm-none-eabi/14.2.1/../../../../arm-none-eabi/lib/thumb/v8-m.main+fp/softfp/libg.a(libc_a-strlen-stub.o)
                0x100054e4                strlen
 .text._malloc_trim_r
                0x10005540       0xb8 /home/pdsilva/.pico-sdk/toolchain/14_2_Rel1/bin/../lib/gcc/arm-none-eabi/14.2.1/../../../../arm-none-eabi/lib/thumb/v8-m.main+fp/softfp/libg.a(libc_a-freer.o)
                0x10005540                _malloc_trim_r
 .text._free_r  0x100055f8      0x1e8 /home/pdsilva/.pico-sdk/toolchain/14_2_Rel1/bin/../lib/gcc/arm-none-eabi/14.2.1/../../../../arm-none-eabi/lib/thumb/v8-m.main+fp/softfp/libg.a(libc_a-freer.o)
                0x100055f8                _free_r
 *(.fini)
 .fini          0x100057e0        0x4 /home/pdsilva/.pico-sdk/toolchain/14_2_Rel1/bin/../lib/gcc/arm-none-eabi/14.2.1/thumb/v8-m.main+fp/softfp/crti.o
                0x100057e0                _fini
 *fill*         0x100057e4        0x4 
 .fini.__stub   0x100057e8       0x28 linker stubs
 *crtbegin.o(.ctors)
 *crtbegin?.o(.ctors)
 *(EXCLUDE_FILE(*crtend.o *crtend?.o) .ctors)
 *(SORT_BY_NAME(.ctors.*))
 *(.ctors)
 *crtbegin.o(.dtors)
 *crtbegin?.o(.dtors)
 *(EXCLUDE_FILE(*crtend.o *crtend?.o) .dtors)
 *(SORT_BY_NAME(.dtors.*))
 *(.dtors)
                0x10005810                        . = ALIGN (0x4)
                0x10005810                        PROVIDE (__preinit_array_start = .)
 *(SORT_BY_NAME(.preinit_array.*))
 .preinit_array.00050
                0x10005810        0x4 CMakeFiles/vgaPico2.dir/home/pdsilva/.pico-sdk/sdk/2.2.0/src/rp2_common/pico_runtime_init/runtime_init.c.o
                0x10005810                __pre_init_runtime_init_bootrom_reset
 .preinit_array.00100
                0x10005814        0x4 CMakeFiles/vgaPico2.dir/home/pdsilva/.pico-sdk/sdk/2.2.0/src/rp2_common/pico_runtime_init/runtime_init.c.o
                0x10005814                __pre_init_runtime_init_early_resets
 .preinit_array.00101
                0x10005818        0x4 CMakeFiles/vgaPico2.dir/home/pdsilva/.pico-sdk/sdk/2.2.0/src/rp2_common/pico_runtime_init/runtime_init.c.o
                0x10005818                __pre_init_runtime_init_usb_power_down
 .preinit_array.00500
                0x1000581c        0x4 CMakeFiles/vgaPico2.dir/home/pdsilva/.pico-sdk/sdk/2.2.0/src/rp2_common/pico_runtime_init/runtime_init.c.o
                0x1000581c                __pre_init_runtime_init_clocks
 .preinit_array.00600
                0x10005820        0x4 CMakeFiles/vgaPico2.dir/home/pdsilva/.pico-sdk/sdk/2.2.0/src/rp2_common/pico_runtime_init/runtime_init.c.o
                0x10005820                __pre_init_runtime_init_post_clock_resets
 .preinit_array.01000
                0x10005824        0x4 CMakeFiles/vgaPico2.dir/home/pdsilva/.pico-sdk/sdk/2.2.0/src/rp2_common/hardware_boot_lock/boot_lock.c.o
                0x10005824                __pre_init_runtime_init_boot_locks_reset
 .preinit_array.01000
                0x10005828        0x4 CMakeFiles/vgaPico2.dir/home/pdsilva/.pico-sdk/sdk/2.2.0/src/rp2_common/pico_runtime_init/runtime_init.c.o
                0x10005828                __pre_init_runtime_init_spin_locks_reset
 .preinit_array.01010
                0x1000582c        0x4 CMakeFiles/vgaPico2.dir/home/pdsilva/.pico-sdk/sdk/2.2.0/src/rp2_common/pico_bootrom/bootrom_lock.c.o
                0x1000582c                __pre_init_runtime_init_bootrom_locking_enable
 .preinit_array.01100
                0x10005830        0x4 CMakeFiles/vgaPico2.dir/home/pdsilva/.pico-sdk/sdk/2.2.0/src/common/pico_sync/mutex.c.o
                0x10005830                __pre_init_runtime_init_mutex
 .preinit_array.10080
                0x10005834        0x4 CMakeFiles/vgaPico2.dir/home/pdsilva/.pico-sdk/sdk/2.2.0/src/rp2_common/pico_runtime_init/runtime_init.c.o
                0x10005834                __pre_init_runtime_init_install_ram_vector_table
 .preinit_array.11000
                0x10005838        0x4 CMakeFiles/vgaPico2.dir/home/pdsilva/.pico-sdk/sdk/2.2.0/src/common/pico_time/time.c.o
                0x10005838                __pre_init_runtime_init_default_alarm_pool
 .preinit_array.YYYYY
                0x1000583c        0x4 CMakeFiles/vgaPico2.dir/home/pdsilva/.pico-sdk/sdk/2.2.0/src/rp2_common/pico_runtime/runtime.c.o
                0x1000583c                __pre_init_first_per_core_initializer
 .preinit_array.ZZZZZ.00051
                0x10005840        0x4 CMakeFiles/vgaPico2.dir/home/pdsilva/.pico-sdk/sdk/2.2.0/src/rp2_common/pico_runtime_init/runtime_init.c.o
                0x10005840                __pre_init_runtime_init_per_core_bootrom_reset
 .preinit_array.ZZZZZ.00200
                0x10005844        0x4 CMakeFiles/vgaPico2.dir/home/pdsilva/.pico-sdk/sdk/2.2.0/src/rp2_common/pico_runtime_init/runtime_init.c.o
                0x10005844                __pre_init_runtime_init_per_core_enable_coprocessors
 .preinit_array.ZZZZZ.01000
                0x10005848        0x4 CMakeFiles/vgaPico2.dir/home/pdsilva/.pico-sdk/sdk/2.2.0/src/rp2_common/hardware_sync_spin_lock/sync_spin_lock.c.o
                0x10005848                __pre_init_spinlock_set_extexclall
 .preinit_array.ZZZZZ.01200
                0x1000584c        0x4 CMakeFiles/vgaPico2.dir/home/pdsilva/.pico-sdk/sdk/2.2.0/src/rp2_common/hardware_irq/irq.c.o
                0x1000584c                __pre_init_runtime_init_per_core_irq_priorities
 *(.preinit_array)
                0x10005850                        PROVIDE (__preinit_array_end = .)
                0x10005850                        . = ALIGN (0x4)
                0x10005850                        PROVIDE (__init_array_start = .)
 *(SORT_BY_NAME(.init_array.*))
 *(.init_array)
 .init_array    0x10005850        0x4 /home/pdsilva/.pico-sdk/toolchain/14_2_Rel1/bin/../lib/gcc/arm-none-eabi/14.2.1/thumb/v8-m.main+fp/softfp/crtbegin.o
                0x10005854                        PROVIDE (__init_array_end = .)
                0x10005854                        . = ALIGN (0x4)
                [!provide]                        PROVIDE (__fini_array_start = .)
 *(SORT_BY_NAME(.fini_array.*))
 *(.fini_array)
                [!provide]                        PROVIDE (__fini_array_end = .)
 *(.eh_frame*)
 .eh_frame      0x10005854        0x0 /home/pdsilva/.pico-sdk/toolchain/14_2_Rel1/bin/../lib/gcc/arm-none-eabi/14.2.1/thumb/v8-m.main+fp/softfp/crtbegin.o
                0x10005854                        . = ALIGN (0x4)

.glue_7         0x10005854        0x0
 .glue_7        0x10005854        0x0 linker stubs

.glue_7t        0x10005854        0x0
 .glue_7t       0x10005854        0x0 linker stubs

.vfp11_veneer   0x10005854        0x0
 .vfp11_veneer  0x10005854        0x0 linker stubs

.v4_bx          0x10005854        0x0
 .v4_bx         0x10005854        0x0 linker stubs

.iplt           0x10005854        0x0
 .iplt          0x10005854        0x0 /home/pdsilva/.pico-sdk/toolchain/14_2_Rel1/bin/../lib/gcc/arm-none-eabi/14.2.1/thumb/v8-m.main+fp/softfp/crtbegin.o

.boot2          0x10005854        0x0
                0x10005854                        __boot2_start__ = .
 *(.boot2)
                0x10005854                        __boot2_end__ = .
                0x00000001                        ASSERT (((__boot2_end__ - __boot2_start__) <= 0x100), ERROR: Pico second stage bootloader must be no more than 256 bytes in size)

.rodata         0x10005858     0x313c
 *(EXCLUDE_FILE(*libm.a: *libc.a:*lib_a-mem*.o *libgcc.a:) .rodata*)
 .rodata.set_sys_clock_khz.constprop.0.isra.0.str1.4
                0x10005858      0x266 CMakeFiles/vgaPico2.dir/vga.c.o
                                 0x32 (size before relaxing)
 .rodata.video_welcome_screen.str1.4
                0x10005abe       0xc6 CMakeFiles/vgaPico2.dir/vga.c.o
 *fill*         0x10005abe        0x2 
 .rodata.orion_bus_program
                0x10005ac0        0x8 CMakeFiles/vgaPico2.dir/vga_drv.c.o
 .rodata.orion_bus_program_instructions
                0x10005ac8       0x32 CMakeFiles/vgaPico2.dir/vga_drv.c.o
 *fill*         0x10005afa        0x2 
 .rodata.rgb_program
                0x10005afc        0x8 CMakeFiles/vgaPico2.dir/vga_drv.c.o
 .rodata.rgb_program_instructions
                0x10005b04       0x12 CMakeFiles/vgaPico2.dir/vga_drv.c.o
 *fill*         0x10005b16        0x2 
 .rodata.vsync_program
                0x10005b18        0x8 CMakeFiles/vgaPico2.dir/vga_drv.c.o
 .rodata.vsync_program_instructions
                0x10005b20       0x1c CMakeFiles/vgaPico2.dir/vga_drv.c.o
 .rodata.hsync_program
                0x10005b3c        0x8 CMakeFiles/vgaPico2.dir/vga_drv.c.o
 .rodata.hsync_program_instructions
                0x10005b44       0x12 CMakeFiles/vgaPico2.dir/vga_drv.c.o
 *fill*         0x10005b56        0x2 
 .rodata.rgb320p_program
                0x10005b58        0x8 CMakeFiles/vgaPico2.dir/vga_drv.c.o
 .rodata.rgb320p_program_instructions
                0x10005b60       0x12 CMakeFiles/vgaPico2.dir/vga_drv.c.o
 *fill*         0x10005b72        0x2 
 .rodata.vsync320p_program
                0x10005b74        0x8 CMakeFiles/vgaPico2.dir/vga_drv.c.o
 .rodata.vsync320p_program_instructions
                0x10005b7c       0x1c CMakeFiles/vgaPico2.dir/vga_drv.c.o
 .rodata.hsync320p_program
                0x10005b98        0x8 CMakeFiles/vgaPico2.dir/vga_drv.c.o
 .rodata.hsync320p_program_instructions
                0x10005ba0        0xe CMakeFiles/vgaPico2.dir/vga_drv.c.o
 .rodata.printString2.str1.4
                0x10005bae        0x3 CMakeFiles/vgaPico2.dir/vga_primitives.c.o
 *fill*         0x10005bae        0x2 
 .rodata.font_5x7
                0x10005bb0      0x4fb CMakeFiles/vgaPico2.dir/vga_primitives.c.o
 .rodata.str1.4
                0x100060ab        0x3 CMakeFiles/vgaPico2.dir/orion_bus.c.o
 *fill*         0x100060ab        0x1 
 .rodata.CSWTCH.1
                0x100060ac       0x10 CMakeFiles/vgaPico2.dir/font.c.o
 .rodata.str1.4
                0x100060bc       0x2e CMakeFiles/vgaPico2.dir/font.c.o
 .rodata.font_8x12
                0x100060bc      0x800 CMakeFiles/vgaPico2.dir/font_8x12.c.o
                0x100060bc                font_8x12
 .rodata.font_8x14
                0x100068bc      0x800 CMakeFiles/vgaPico2.dir/font_8x14.c.o
                0x100068bc                font_8x14
 .rodata.font_8x16
                0x100070bc      0x820 CMakeFiles/vgaPico2.dir/font_8x16.c.o
                0x100070bc                font_8x16
 .rodata.font_8x18
                0x100078dc     0x1000 CMakeFiles/vgaPico2.dir/font_8x18.c.o
                0x100078dc                font_8x18
 .rodata.panic.str1.4
                0x100088dc       0x12 CMakeFiles/vgaPico2.dir/home/pdsilva/.pico-sdk/sdk/2.2.0/src/rp2_common/pico_platform_panic/panic.c.o
 .rodata.timer_hardware_alarm_claim.str1.4
                0x100088dc       0x22 CMakeFiles/vgaPico2.dir/home/pdsilva/.pico-sdk/sdk/2.2.0/src/rp2_common/hardware_timer/timer.c.o
 .rodata.hard_assertion_failure.str1.4
                0x100088dc        0xc CMakeFiles/vgaPico2.dir/home/pdsilva/.pico-sdk/sdk/2.2.0/src/rp2_common/pico_runtime/runtime.c.o
 .rodata.__wrap_malloc.str1.4
                0x100088dc        0xe CMakeFiles/vgaPico2.dir/home/pdsilva/.pico-sdk/sdk/2.2.0/src/rp2_common/pico_malloc/malloc.c.o
 .rodata.str1.4
                0x100088dc       0x44 CMakeFiles/vgaPico2.dir/home/pdsilva/.pico-sdk/sdk/2.2.0/src/rp2_common/pico_standard_binary_info/standard_binary_info.c.o
 .rodata.__bi_84
                0x100088dc        0xc CMakeFiles/vgaPico2.dir/home/pdsilva/.pico-sdk/sdk/2.2.0/src/rp2_common/pico_standard_binary_info/standard_binary_info.c.o
 .rodata.__bi_78
                0x100088e8        0xc CMakeFiles/vgaPico2.dir/home/pdsilva/.pico-sdk/sdk/2.2.0/src/rp2_common/pico_standard_binary_info/standard_binary_info.c.o
 .rodata.__bi_60
                0x100088f4        0xc CMakeFiles/vgaPico2.dir/home/pdsilva/.pico-sdk/sdk/2.2.0/src/rp2_common/pico_standard_binary_info/standard_binary_info.c.o
 .rodata.__bi_54
                0x10008900        0xc CMakeFiles/vgaPico2.dir/home/pdsilva/.pico-sdk/sdk/2.2.0/src/rp2_common/pico_standard_binary_info/standard_binary_info.c.o
 .rodata.__bi_48
                0x1000890c        0xc CMakeFiles/vgaPico2.dir/home/pdsilva/.pico-sdk/sdk/2.2.0/src/rp2_common/pico_standard_binary_info/standard_binary_info.c.o
 .rodata.__bi_42
                0x10008918        0xc CMakeFiles/vgaPico2.dir/home/pdsilva/.pico-sdk/sdk/2.2.0/src/rp2_common/pico_standard_binary_info/standard_binary_info.c.o
 .rodata.__bi_34
                0x10008924        0xc CMakeFiles/vgaPico2.dir/home/pdsilva/.pico-sdk/sdk/2.2.0/src/rp2_common/pico_standard_binary_info/standard_binary_info.c.o
 .rodata.__bi_26
                0x10008930        0xc CMakeFiles/vgaPico2.dir/home/pdsilva/.pico-sdk/sdk/2.2.0/src/rp2_common/pico_standard_binary_info/standard_binary_info.c.o
 .rodata._ftoa.str1.4
                0x1000893c       0x15 CMakeFiles/vgaPico2.dir/home/pdsilva/.pico-sdk/sdk/2.2.0/src/rp2_common/pico_printf/printf.c.o
 *fill*         0x1000893c        0x4 
 .rodata.pow10.0
                0x10008940       0x50 CMakeFiles/vgaPico2.dir/home/pdsilva/.pico-sdk/sdk/2.2.0/src/rp2_common/pico_printf/printf.c.o
 .rodata.crlf_str.0
                0x10008990        0x2 CMakeFiles/vgaPico2.dir/home/pdsilva/.pico-sdk/sdk/2.2.0/src/rp2_common/pico_stdio/stdio.c.o
 .rodata.pio_sm_claim.str1.4
                0x10008992       0x62 CMakeFiles/vgaPico2.dir/home/pdsilva/.pico-sdk/sdk/2.2.0/src/rp2_common/hardware_pio/pio.c.o
 .rodata.dma_claim_unused_channel.str1.4
                0x10008992       0x1e CMakeFiles/vgaPico2.dir/home/pdsilva/.pico-sdk/sdk/2.2.0/src/rp2_common/hardware_dma/dma.c.o
 *(.srodata*)
                0x100089f4                        . = ALIGN (0x4)
 *fill*         0x10008992        0x2 
 *(SORT_BY_ALIGNMENT(SORT_BY_NAME(.flashdata*)))
                0x10008994                        . = ALIGN (0x4)

.ARM.extab
 *(.ARM.extab* .gnu.linkonce.armextab.*)
                0x10008994                        __exidx_start = .

.ARM.exidx      0x10008994        0x8
 *(.ARM.exidx* .gnu.linkonce.armexidx.*)
 .ARM.exidx     0x10008994        0x8 /home/pdsilva/.pico-sdk/toolchain/14_2_Rel1/bin/../lib/gcc/arm-none-eabi/14.2.1/../../../../arm-none-eabi/lib/thumb/v8-m.main+fp/softfp/libg.a(libc_a-memcpy.o)
 .ARM.exidx.text.__udivmoddi4
                0x1000899c        0x0 /home/pdsilva/.pico-sdk/toolchain/14_2_Rel1/bin/../lib/gcc/arm-none-eabi/14.2.1/thumb/v8-m.main+fp/softfp/libgcc.a(_udivmoddi4.o)
                                  0x8 (size before relaxing)
                0x1000899c                        __exidx_end = .
                0x1000899c                        . = ALIGN (0x4)
                0x1000899c                        __binary_info_start = .

.binary_info    0x1000899c       0x20
 *(.binary_info.keep.*)
 .binary_info.keep.__bi_ptr84
                0x1000899c        0x4 CMakeFiles/vgaPico2.dir/home/pdsilva/.pico-sdk/sdk/2.2.0/src/rp2_common/pico_standard_binary_info/standard_binary_info.c.o
 .binary_info.keep.__bi_ptr78
                0x100089a0        0x4 CMakeFiles/vgaPico2.dir/home/pdsilva/.pico-sdk/sdk/2.2.0/src/rp2_common/pico_standard_binary_info/standard_binary_info.c.o
 .binary_info.keep.__bi_ptr60
                0x100089a4        0x4 CMakeFiles/vgaPico2.dir/home/pdsilva/.pico-sdk/sdk/2.2.0/src/rp2_common/pico_standard_binary_info/standard_binary_info.c.o
 .binary_info.keep.__bi_ptr54
                0x100089a8        0x4 CMakeFiles/vgaPico2.dir/home/pdsilva/.pico-sdk/sdk/2.2.0/src/rp2_common/pico_standard_binary_info/standard_binary_info.c.o
 .binary_info.keep.__bi_ptr48
                0x100089ac        0x4 CMakeFiles/vgaPico2.dir/home/pdsilva/.pico-sdk/sdk/2.2.0/src/rp2_common/pico_standard_binary_info/standard_binary_info.c.o
 .binary_info.keep.__bi_ptr42
                0x100089b0        0x4 CMakeFiles/vgaPico2.dir/home/pdsilva/.pico-sdk/sdk/2.2.0/src/rp2_common/pico_standard_binary_info/standard_binary_info.c.o
 .binary_info.keep.__bi_ptr34
                0x100089b4        0x4 CMakeFiles/vgaPico2.dir/home/pdsilva/.pico-sdk/sdk/2.2.0/src/rp2_common/pico_standard_binary_info/standard_binary_info.c.o
 .binary_info.keep.__bi_ptr26
                0x100089b8        0x4 CMakeFiles/vgaPico2.dir/home/pdsilva/.pico-sdk/sdk/2.2.0/src/rp2_common/pico_standard_binary_info/standard_binary_info.c.o
 *(.binary_info.*)
                0x100089bc                        __binary_info_end = .
                0x100089bc                        . = ALIGN (0x4)

.ram_vector_table
                0x20000000      0x110
 *(.ram_vector_table)
 .ram_vector_table
                0x20000000      0x110 CMakeFiles/vgaPico2.dir/home/pdsilva/.pico-sdk/sdk/2.2.0/src/rp2_common/pico_runtime_init/runtime_init.c.o
                0x20000000                ram_vector_table

.uninitialized_data
                0x20000110        0x0
                0x20000110                        . = ALIGN (0x4)
 *(.uninitialized_data*)

.data           0x20000110      0xce0 load address 0x100089bc
                0x20000110                        __data_start__ = .
 *(vtable)
 *(.time_critical*)
 .time_critical.vga_line_handler
                0x20000110       0x58 CMakeFiles/vgaPico2.dir/vga_drv.c.o
                0x20000110                vga_line_handler
 .time_critical.gerenciar_barramento_m68k
                0x20000168      0x190 CMakeFiles/vgaPico2.dir/orion_bus.c.o
                0x20000168                gerenciar_barramento_m68k
 .time_critical.mutex_enter_blocking
                0x200002f8       0x80 CMakeFiles/vgaPico2.dir/home/pdsilva/.pico-sdk/sdk/2.2.0/src/common/pico_sync/mutex.c.o
                0x200002f8                mutex_enter_blocking
 .time_critical.mutex_enter_block_until
                0x20000378       0x6c CMakeFiles/vgaPico2.dir/home/pdsilva/.pico-sdk/sdk/2.2.0/src/common/pico_sync/mutex.c.o
                0x20000378                mutex_enter_block_until
 .time_critical.mutex_try_enter_block_until
                0x200003e4       0x68 CMakeFiles/vgaPico2.dir/home/pdsilva/.pico-sdk/sdk/2.2.0/src/common/pico_sync/mutex.c.o
                0x200003e4                mutex_try_enter_block_until
 .time_critical.mutex_exit
                0x2000044c       0x3c CMakeFiles/vgaPico2.dir/home/pdsilva/.pico-sdk/sdk/2.2.0/src/common/pico_sync/mutex.c.o
                0x2000044c                mutex_exit
 *(.text*)
 .text          0x20000488       0x30 /home/pdsilva/.pico-sdk/toolchain/14_2_Rel1/bin/../lib/gcc/arm-none-eabi/14.2.1/thumb/v8-m.main+fp/softfp/libgcc.a(_aeabi_uldivmod.o)
                0x20000488                __aeabi_uldivmod
 .text.__udivmoddi4
                0x200004b8      0x34c /home/pdsilva/.pico-sdk/toolchain/14_2_Rel1/bin/../lib/gcc/arm-none-eabi/14.2.1/thumb/v8-m.main+fp/softfp/libgcc.a(_udivmoddi4.o)
                0x200004b8                __udivmoddi4
 .text          0x20000804        0x4 /home/pdsilva/.pico-sdk/toolchain/14_2_Rel1/bin/../lib/gcc/arm-none-eabi/14.2.1/thumb/v8-m.main+fp/softfp/libgcc.a(_dvmd_tls.o)
                0x20000804                __aeabi_ldiv0
                0x20000804                __aeabi_idiv0
 .text.__stub   0x20000808       0x18 linker stubs
                0x20000820                        . = ALIGN (0x4)
 *(.rodata*)
                0x20000820                        . = ALIGN (0x4)
 *(.data*)
 .data.last_toggle_time
                0x20000820        0x4 CMakeFiles/vgaPico2.dir/vga.c.o
 .data.rgb_sm   0x20000824        0x4 CMakeFiles/vgaPico2.dir/vga_drv.c.o
                0x20000824                rgb_sm
 .data.vsync_sm
                0x20000828        0x4 CMakeFiles/vgaPico2.dir/vga_drv.c.o
                0x20000828                vsync_sm
 .data.bus_pio1
                0x2000082c        0x4 CMakeFiles/vgaPico2.dir/vga_drv.c.o
                0x2000082c                bus_pio1
 .data.bus_pio0
                0x20000830        0x4 CMakeFiles/vgaPico2.dir/vga_drv.c.o
                0x20000830                bus_pio0
 .data.active_buffer
                0x20000834        0x4 CMakeFiles/vgaPico2.dir/vga_primitives.c.o
                0x20000834                active_buffer
 .data.font_8x18_info
                0x20000838        0xc CMakeFiles/vgaPico2.dir/font.c.o
 .data.font_8x16_info
                0x20000844        0xc CMakeFiles/vgaPico2.dir/font.c.o
 .data.font_8x14_info
                0x20000850        0xc CMakeFiles/vgaPico2.dir/font.c.o
 .data.font_8x12_info
                0x2000085c        0xc CMakeFiles/vgaPico2.dir/font.c.o
 .data.striped_spin_lock_num
                0x20000868        0x1 CMakeFiles/vgaPico2.dir/home/pdsilva/.pico-sdk/sdk/2.2.0/src/rp2_common/hardware_sync/sync.c.o
 *fill*         0x20000869        0x3 
 .data.default_alarm_pool
                0x2000086c       0x18 CMakeFiles/vgaPico2.dir/home/pdsilva/.pico-sdk/sdk/2.2.0/src/common/pico_time/time.c.o
 .data.__malloc_sbrk_base
                0x20000884        0x4 /home/pdsilva/.pico-sdk/toolchain/14_2_Rel1/bin/../lib/gcc/arm-none-eabi/14.2.1/../../../../arm-none-eabi/lib/thumb/v8-m.main+fp/softfp/libg.a(libc_a-mallocr.o)
                0x20000884                __malloc_sbrk_base
 .data.__malloc_trim_threshold
                0x20000888        0x4 /home/pdsilva/.pico-sdk/toolchain/14_2_Rel1/bin/../lib/gcc/arm-none-eabi/14.2.1/../../../../arm-none-eabi/lib/thumb/v8-m.main+fp/softfp/libg.a(libc_a-mallocr.o)
                0x20000888                __malloc_trim_threshold
 *fill*         0x2000088c        0x4 
 .data.__malloc_av_
                0x20000890      0x408 /home/pdsilva/.pico-sdk/toolchain/14_2_Rel1/bin/../lib/gcc/arm-none-eabi/14.2.1/../../../../arm-none-eabi/lib/thumb/v8-m.main+fp/softfp/libg.a(libc_a-mallocr.o)
                0x20000890                __malloc_av_
 .data._impure_ptr
                0x20000c98        0x4 /home/pdsilva/.pico-sdk/toolchain/14_2_Rel1/bin/../lib/gcc/arm-none-eabi/14.2.1/../../../../arm-none-eabi/lib/thumb/v8-m.main+fp/softfp/libg.a(libc_a-impure.o)
                0x20000c98                _impure_ptr
 *fill*         0x20000c9c        0x4 
 .data._impure_data
                0x20000ca0      0x140 /home/pdsilva/.pico-sdk/toolchain/14_2_Rel1/bin/../lib/gcc/arm-none-eabi/14.2.1/../../../../arm-none-eabi/lib/thumb/v8-m.main+fp/softfp/libg.a(libc_a-impure.o)
                0x20000ca0                _impure_data
 *(.sdata*)
                0x20000de0                        . = ALIGN (0x4)
 *(.after_data.*)
                0x20000de0                        . = ALIGN (0x4)
                0x20000de0                        PROVIDE (__mutex_array_start = .)
 *(SORT_BY_NAME(.mutex_array.*))
 *(.mutex_array)
 .mutex_array   0x20000de0        0x8 CMakeFiles/vgaPico2.dir/home/pdsilva/.pico-sdk/sdk/2.2.0/src/rp2_common/pico_malloc/malloc.c.o
 .mutex_array   0x20000de8        0x8 CMakeFiles/vgaPico2.dir/home/pdsilva/.pico-sdk/sdk/2.2.0/src/rp2_common/pico_stdio/stdio.c.o
                0x20000df0                        PROVIDE (__mutex_array_end = .)
 *(.jcr)
                0x20000df0                        . = ALIGN (0x4)

.tm_clone_table
                0x20000df0        0x0 load address 0x1000969c
 .tm_clone_table
                0x20000df0        0x0 /home/pdsilva/.pico-sdk/toolchain/14_2_Rel1/bin/../lib/gcc/arm-none-eabi/14.2.1/thumb/v8-m.main+fp/softfp/crtbegin.o
 .tm_clone_table
                0x20000df0        0x0 /home/pdsilva/.pico-sdk/toolchain/14_2_Rel1/bin/../lib/gcc/arm-none-eabi/14.2.1/thumb/v8-m.main+fp/softfp/crtend.o

.igot.plt       0x20000df0        0x0 load address 0x1000969c
 .igot.plt      0x20000df0        0x0 /home/pdsilva/.pico-sdk/toolchain/14_2_Rel1/bin/../lib/gcc/arm-none-eabi/14.2.1/thumb/v8-m.main+fp/softfp/crtbegin.o

.tdata          0x20000df0        0x0 load address 0x1000969c
                0x20000df0                        . = ALIGN (0x4)
 *(.tdata .tdata.* .gnu.linkonce.td.*)
                0x20000df0                        __tdata_end = .
                0x20000df0                        PROVIDE (__data_end__ = .)
                0x100089bc                        __etext = LOADADDR (.data)

.tbss           0x20000df0        0x0 load address 0x1000969c
                0x20000df0                        . = ALIGN (0x4)
                0x20000df0                        __bss_start__ = .
                0x20000df0                        __tls_base = .
 *(.tbss .tbss.* .gnu.linkonce.tb.*)
 *(.tcommon)
                0x20000df0                        __tls_end = .

.bss            0x20000df0    0x25cec load address 0x1000969c
                0x20000df0                        . = ALIGN (0x4)
                0x20000df0                        __tbss_end = .
 *(SORT_BY_ALIGNMENT(SORT_BY_NAME(.bss*)))
 .bss.default_alarm_pool_entries
                0x20000df0      0x180 CMakeFiles/vgaPico2.dir/home/pdsilva/.pico-sdk/sdk/2.2.0/src/common/pico_time/time.c.o
 .bss.timer     0x20000f70       0x18 CMakeFiles/vgaPico2.dir/vga.c.o
 .bss.__lock___malloc_recursive_mutex
                0x20000f88        0x1 /home/pdsilva/.pico-sdk/toolchain/14_2_Rel1/bin/../lib/gcc/arm-none-eabi/14.2.1/../../../../arm-none-eabi/lib/thumb/v8-m.main+fp/softfp/libg.a(libc_a-lock.o)
                0x20000f88                __lock___malloc_recursive_mutex
 *fill*         0x20000f89        0x3 
 .bss.__malloc_current_mallinfo
                0x20000f8c       0x28 /home/pdsilva/.pico-sdk/toolchain/14_2_Rel1/bin/../lib/gcc/arm-none-eabi/14.2.1/../../../../arm-none-eabi/lib/thumb/v8-m.main+fp/softfp/libg.a(libc_a-mallocr.o)
                0x20000f8c                __malloc_current_mallinfo
 .bss.__malloc_max_sbrked_mem
                0x20000fb4        0x4 /home/pdsilva/.pico-sdk/toolchain/14_2_Rel1/bin/../lib/gcc/arm-none-eabi/14.2.1/../../../../arm-none-eabi/lib/thumb/v8-m.main+fp/softfp/libg.a(libc_a-mallocr.o)
                0x20000fb4                __malloc_max_sbrked_mem
 .bss.__malloc_max_total_mem
                0x20000fb8        0x4 /home/pdsilva/.pico-sdk/toolchain/14_2_Rel1/bin/../lib/gcc/arm-none-eabi/14.2.1/../../../../arm-none-eabi/lib/thumb/v8-m.main+fp/softfp/libg.a(libc_a-mallocr.o)
                0x20000fb8                __malloc_max_total_mem
 .bss.__malloc_top_pad
                0x20000fbc        0x4 /home/pdsilva/.pico-sdk/toolchain/14_2_Rel1/bin/../lib/gcc/arm-none-eabi/14.2.1/../../../../arm-none-eabi/lib/thumb/v8-m.main+fp/softfp/libg.a(libc_a-mallocr.o)
                0x20000fbc                __malloc_top_pad
 .bss.__sf      0x20000fc0      0x138 /home/pdsilva/.pico-sdk/toolchain/14_2_Rel1/bin/../lib/gcc/arm-none-eabi/14.2.1/../../../../arm-none-eabi/lib/thumb/v8-m.main+fp/softfp/libg.a(libc_a-findfp.o)
                0x20000fc0                __sf
 .bss._sw_spin_locks
                0x200010f8       0x20 CMakeFiles/vgaPico2.dir/home/pdsilva/.pico-sdk/sdk/2.2.0/src/rp2_common/hardware_sync_spin_lock/sync_spin_lock.c.o
                0x200010f8                _sw_spin_locks
 .bss._used_instruction_space
                0x20001118        0xc CMakeFiles/vgaPico2.dir/home/pdsilva/.pico-sdk/sdk/2.2.0/src/rp2_common/hardware_pio/pio.c.o
 .bss.buf       0x20001124      0x100 CMakeFiles/vgaPico2.dir/orion_bus.c.o
 .bss.bus_sm    0x20001224        0x4 CMakeFiles/vgaPico2.dir/vga_drv.c.o
                0x20001224                bus_sm
 .bss.claimed   0x20001228        0x2 CMakeFiles/vgaPico2.dir/home/pdsilva/.pico-sdk/sdk/2.2.0/src/rp2_common/hardware_timer/timer.c.o
 *fill*         0x2000122a        0x2 
 .bss.claimed   0x2000122c        0x2 CMakeFiles/vgaPico2.dir/home/pdsilva/.pico-sdk/sdk/2.2.0/src/rp2_common/hardware_pio/pio.c.o
 *fill*         0x2000122e        0x2 
 .bss.configured_freq
                0x20001230       0x28 CMakeFiles/vgaPico2.dir/home/pdsilva/.pico-sdk/sdk/2.2.0/src/rp2_common/hardware_clocks/clocks.c.o
 .bss.data_line.1
                0x20001258        0x4 CMakeFiles/vgaPico2.dir/vga_drv.c.o
 .bss.drivers   0x2000125c        0x4 CMakeFiles/vgaPico2.dir/home/pdsilva/.pico-sdk/sdk/2.2.0/src/rp2_common/pico_stdio/stdio.c.o
 .bss.errno     0x20001260        0x4 /home/pdsilva/.pico-sdk/toolchain/14_2_Rel1/bin/../lib/gcc/arm-none-eabi/14.2.1/../../../../arm-none-eabi/lib/thumb/v8-m.main+fp/softfp/libg.a(libc_a-reent.o)
                0x20001260                errno
 .bss.filter    0x20001264        0x4 CMakeFiles/vgaPico2.dir/home/pdsilva/.pico-sdk/sdk/2.2.0/src/rp2_common/pico_stdio/stdio.c.o
 .bss.font      0x20001268        0x4 CMakeFiles/vgaPico2.dir/vga_primitives.c.o
                0x20001268                font
 .bss.heap_end.0
                0x2000126c        0x4 CMakeFiles/vgaPico2.dir/home/pdsilva/.pico-sdk/sdk/2.2.0/src/rp2_common/pico_clib_interface/newlib_interface.c.o
 .bss.hsync_sm  0x20001270        0x4 CMakeFiles/vgaPico2.dir/vga_drv.c.o
                0x20001270                hsync_sm
 .bss.lazy_vsnprintf
                0x20001274        0x4 CMakeFiles/vgaPico2.dir/home/pdsilva/.pico-sdk/sdk/2.2.0/src/rp2_common/pico_printf/printf.c.o
 .bss.object.0  0x20001278       0x18 /home/pdsilva/.pico-sdk/toolchain/14_2_Rel1/bin/../lib/gcc/arm-none-eabi/14.2.1/thumb/v8-m.main+fp/softfp/crtbegin.o
 .bss.physical_line.0
                0x20001290        0x4 CMakeFiles/vgaPico2.dir/vga_drv.c.o
 .bss.pools     0x20001294       0x20 CMakeFiles/vgaPico2.dir/home/pdsilva/.pico-sdk/sdk/2.2.0/src/common/pico_time/time.c.o
 .bss.rgb_chan_0
                0x200012b4        0x4 CMakeFiles/vgaPico2.dir/vga_drv.c.o
                0x200012b4                rgb_chan_0
 .bss.rgb_chan_1
                0x200012b8        0x4 CMakeFiles/vgaPico2.dir/vga_drv.c.o
                0x200012b8                rgb_chan_1
 .bss.sleep_notifier
                0x200012bc        0x4 CMakeFiles/vgaPico2.dir/home/pdsilva/.pico-sdk/sdk/2.2.0/src/common/pico_time/time.c.o
 .bss.this      0x200012c0        0x4 CMakeFiles/vgaPico2.dir/cursor.c.o
 .bss.vga       0x200012c4        0x4 CMakeFiles/vgaPico2.dir/vga.c.o
                0x200012c4                vga
 .bss.vga       0x200012c8        0x4 CMakeFiles/vgaPico2.dir/vga_primitives.c.o
 .bss.vga_buffer_global
                0x200012cc        0x4 CMakeFiles/vgaPico2.dir/vga_drv.c.o
                0x200012cc                vga_buffer_global
 .bss.vga_video_data_array0
                0x200012d0    0x25800 CMakeFiles/vgaPico2.dir/vga_primitives.c.o
                0x200012d0                vga_video_data_array0
 .bss._claimed  0x20026ad0        0x2 CMakeFiles/vgaPico2.dir/home/pdsilva/.pico-sdk/sdk/2.2.0/src/rp2_common/hardware_dma/dma.c.o
 .bss.cursor_x  0x20026ad2        0x2 CMakeFiles/vgaPico2.dir/vga.c.o
                0x20026ad2                cursor_x
 .bss.cursor_y  0x20026ad4        0x2 CMakeFiles/vgaPico2.dir/vga.c.o
                0x20026ad4                cursor_y
 .bss.bg_color  0x20026ad6        0x1 CMakeFiles/vgaPico2.dir/vga.c.o
                0x20026ad6                bg_color
 .bss.text_color
                0x20026ad7        0x1 CMakeFiles/vgaPico2.dir/vga.c.o
                0x20026ad7                text_color
 .bss.video_mode
                0x20026ad8        0x1 CMakeFiles/vgaPico2.dir/vga.c.o
                0x20026ad8                video_mode
 *(COMMON)
                [!provide]                        PROVIDE (__global_pointer$ = (. + 0x800))
 *(.sbss*)
                0x20026adc                        . = ALIGN (0x4)
 *fill*         0x20026ad9        0x3 
                0x20026adc                        __bss_end__ = .

.heap           0x20026adc      0x800 load address 0x1000969c
                0x20026adc                        __end__ = .
                0x20026adc                        end = __end__
 *(.heap*)
 .heap          0x20026adc      0x800 CMakeFiles/vgaPico2.dir/home/pdsilva/.pico-sdk/sdk/2.2.0/src/rp2_common/pico_crt0/crt0.S.o
                0x20080000                        __HeapLimit = (ORIGIN (RAM) + LENGTH (RAM))

.scratch_x      0x20080000        0x0 load address 0x1000969c
                0x20080000                        __scratch_x_start__ = .
 *(.scratch_x.*)
                0x20080000                        . = ALIGN (0x4)
                0x20080000                        __scratch_x_end__ = .
                0x1000969c                        __scratch_x_source__ = LOADADDR (.scratch_x)

.scratch_y      0x20081000        0x0 load address 0x1000969c
                0x20081000                        __scratch_y_start__ = .
 *(.scratch_y.*)
                0x20081000                        . = ALIGN (0x4)
                0x20081000                        __scratch_y_end__ = .
                0x1000969c                        __scratch_y_source__ = LOADADDR (.scratch_y)

.stack1_dummy   0x20080000      0x800
 *(.stack1*)
 .stack1        0x20080000      0x800 CMakeFiles/vgaPico2.dir/home/pdsilva/.pico-sdk/sdk/2.2.0/src/rp2_common/pico_multicore/multicore.c.o

.stack_dummy    0x20081000      0x800
 *(.stack*)
 .stack         0x20081000      0x800 CMakeFiles/vgaPico2.dir/home/pdsilva/.pico-sdk/sdk/2.2.0/src/rp2_common/pico_crt0/crt0.S.o

.flash_end      0x1000969c       0x14
 *(.embedded_end_block*)
 .embedded_end_block
                0x1000969c       0x14 CMakeFiles/vgaPico2.dir/home/pdsilva/.pico-sdk/sdk/2.2.0/src/rp2_common/pico_crt0/crt0.S.o
                0x100096b0                        PROVIDE (__flash_binary_end = .)
                0x20080000                        __StackLimit = (ORIGIN (RAM) + LENGTH (RAM))
                0x20081000                        __StackOneTop = (ORIGIN (SCRATCH_X) + LENGTH (SCRATCH_X))
                0x20082000                        __StackTop = (ORIGIN (SCRATCH_Y) + LENGTH (SCRATCH_Y))
                0x20080800                        __StackOneBottom = (__StackOneTop - SIZEOF (.stack1_dummy))
                0x20081800                        __StackBottom = (__StackTop - SIZEOF (.stack_dummy))
                0x20082000                        PROVIDE (__stack = __StackTop)
                [!provide]                        PROVIDE (__heap_start = __end__)
                [!provide]                        PROVIDE (__heap_end = __HeapLimit)
                [!provide]                        PROVIDE (__tls_align = MAX (ALIGNOF (.tdata), ALIGNOF (.tbss)))
                [!provide]                        PROVIDE (__tls_size_align = (((__tls_size + __tls_align) - 0x1) & ~ ((__tls_align - 0x1))))
                [!provide]                        PROVIDE (__arm32_tls_tcb_offset = MAX (0x8, __tls_align))
                [!provide]                        PROVIDE (_end = __end__)
                [!provide]                        PROVIDE (__llvm_libc_heap_limit = __HeapLimit)
                0x00000001                        ASSERT ((__StackLimit >= __HeapLimit), region RAM overflowed)
                0x00000001                        ASSERT (((__binary_info_header_end - __logical_binary_start) <= 0x400), Binary info must be in first 1024 bytes of the binary)
                0x00000001                        ASSERT (((__embedded_block_end - __logical_binary_start) <= 0x1000), Embedded block must be in first 4096 bytes of the binary)
LOAD CMakeFiles/vgaPico2.dir/vga.c.o
LOAD CMakeFiles/vgaPico2.dir/vga_drv.c.o
LOAD CMakeFiles/vgaPico2.dir/vga_primitives.c.o
LOAD CMakeFiles/vgaPico2.dir/orion_bus.c.o
LOAD CMakeFiles/vgaPico2.dir/cursor.c.o
LOAD CMakeFiles/vgaPico2.dir/font.c.o
LOAD CMakeFiles/vgaPico2.dir/font_8x12.c.o
LOAD CMakeFiles/vgaPico2.dir/font_8x14.c.o
LOAD CMakeFiles/vgaPico2.dir/font_8x16.c.o
LOAD CMakeFiles/vgaPico2.dir/font_8x18.c.o
LOAD CMakeFiles/vgaPico2.dir/eeprom.c.o
LOAD CMakeFiles/vgaPico2.dir/home/pdsilva/.pico-sdk/sdk/2.2.0/src/rp2_common/pico_stdlib/stdlib.c.o
LOAD CMakeFiles/vgaPico2.dir/home/pdsilva/.pico-sdk/sdk/2.2.0/src/rp2_common/hardware_gpio/gpio.c.o
LOAD CMakeFiles/vgaPico2.dir/home/pdsilva/.pico-sdk/sdk/2.2.0/src/rp2350/pico_platform/platform.c.o
LOAD CMakeFiles/vgaPico2.dir/home/pdsilva/.pico-sdk/sdk/2.2.0/src/rp2_common/pico_platform_common/common.c.o
LOAD CMakeFiles/vgaPico2.dir/home/pdsilva/.pico-sdk/sdk/2.2.0/src/rp2_common/pico_platform_panic/panic.c.o
LOAD CMakeFiles/vgaPico2.dir/home/pdsilva/.pico-sdk/sdk/2.2.0/src/common/hardware_claim/claim.c.o
LOAD CMakeFiles/vgaPico2.dir/home/pdsilva/.pico-sdk/sdk/2.2.0/src/rp2_common/hardware_sync/sync.c.o
LOAD CMakeFiles/vgaPico2.dir/home/pdsilva/.pico-sdk/sdk/2.2.0/src/rp2_common/hardware_sync_spin_lock/sync_spin_lock.c.o
LOAD CMakeFiles/vgaPico2.dir/home/pdsilva/.pico-sdk/sdk/2.2.0/src/rp2_common/hardware_irq/irq.c.o
LOAD CMakeFiles/vgaPico2.dir/home/pdsilva/.pico-sdk/sdk/2.2.0/src/rp2_common/hardware_irq/irq_handler_chain.S.o
LOAD CMakeFiles/vgaPico2.dir/home/pdsilva/.pico-sdk/sdk/2.2.0/src/common/pico_sync/sem.c.o
LOAD CMakeFiles/vgaPico2.dir/home/pdsilva/.pico-sdk/sdk/2.2.0/src/common/pico_sync/lock_core.c.o
LOAD CMakeFiles/vgaPico2.dir/home/pdsilva/.pico-sdk/sdk/2.2.0/src/common/pico_sync/mutex.c.o
LOAD CMakeFiles/vgaPico2.dir/home/pdsilva/.pico-sdk/sdk/2.2.0/src/common/pico_sync/critical_section.c.o
LOAD CMakeFiles/vgaPico2.dir/home/pdsilva/.pico-sdk/sdk/2.2.0/src/common/pico_time/time.c.o
LOAD CMakeFiles/vgaPico2.dir/home/pdsilva/.pico-sdk/sdk/2.2.0/src/common/pico_time/timeout_helper.c.o
LOAD CMakeFiles/vgaPico2.dir/home/pdsilva/.pico-sdk/sdk/2.2.0/src/rp2_common/hardware_timer/timer.c.o
LOAD CMakeFiles/vgaPico2.dir/home/pdsilva/.pico-sdk/sdk/2.2.0/src/common/pico_util/datetime.c.o
LOAD CMakeFiles/vgaPico2.dir/home/pdsilva/.pico-sdk/sdk/2.2.0/src/common/pico_util/pheap.c.o
LOAD CMakeFiles/vgaPico2.dir/home/pdsilva/.pico-sdk/sdk/2.2.0/src/common/pico_util/queue.c.o
LOAD CMakeFiles/vgaPico2.dir/home/pdsilva/.pico-sdk/sdk/2.2.0/src/rp2_common/hardware_uart/uart.c.o
LOAD CMakeFiles/vgaPico2.dir/home/pdsilva/.pico-sdk/sdk/2.2.0/src/rp2_common/hardware_clocks/clocks.c.o
LOAD CMakeFiles/vgaPico2.dir/home/pdsilva/.pico-sdk/sdk/2.2.0/src/rp2_common/hardware_pll/pll.c.o
LOAD CMakeFiles/vgaPico2.dir/home/pdsilva/.pico-sdk/sdk/2.2.0/src/rp2_common/hardware_vreg/vreg.c.o
LOAD CMakeFiles/vgaPico2.dir/home/pdsilva/.pico-sdk/sdk/2.2.0/src/rp2_common/hardware_watchdog/watchdog.c.o
LOAD CMakeFiles/vgaPico2.dir/home/pdsilva/.pico-sdk/sdk/2.2.0/src/rp2_common/hardware_ticks/ticks.c.o
LOAD CMakeFiles/vgaPico2.dir/home/pdsilva/.pico-sdk/sdk/2.2.0/src/rp2_common/pico_bootrom/bootrom.c.o
LOAD CMakeFiles/vgaPico2.dir/home/pdsilva/.pico-sdk/sdk/2.2.0/src/rp2_common/pico_bootrom/bootrom_lock.c.o
LOAD CMakeFiles/vgaPico2.dir/home/pdsilva/.pico-sdk/sdk/2.2.0/src/rp2_common/hardware_boot_lock/boot_lock.c.o
LOAD CMakeFiles/vgaPico2.dir/home/pdsilva/.pico-sdk/sdk/2.2.0/src/rp2_common/pico_flash/flash.c.o
LOAD CMakeFiles/vgaPico2.dir/home/pdsilva/.pico-sdk/sdk/2.2.0/src/rp2_common/hardware_xosc/xosc.c.o
LOAD CMakeFiles/vgaPico2.dir/home/pdsilva/.pico-sdk/sdk/2.2.0/src/rp2_common/hardware_divider/divider.c.o
LOAD CMakeFiles/vgaPico2.dir/home/pdsilva/.pico-sdk/sdk/2.2.0/src/rp2_common/pico_runtime/runtime.c.o
LOAD CMakeFiles/vgaPico2.dir/home/pdsilva/.pico-sdk/sdk/2.2.0/src/rp2_common/pico_runtime_init/runtime_init.c.o
LOAD CMakeFiles/vgaPico2.dir/home/pdsilva/.pico-sdk/sdk/2.2.0/src/rp2_common/pico_runtime_init/runtime_init_clocks.c.o
LOAD CMakeFiles/vgaPico2.dir/home/pdsilva/.pico-sdk/sdk/2.2.0/src/rp2_common/pico_runtime_init/runtime_init_stack_guard.c.o
LOAD CMakeFiles/vgaPico2.dir/home/pdsilva/.pico-sdk/sdk/2.2.0/src/rp2_common/pico_bit_ops/bit_ops_aeabi.S.o
LOAD CMakeFiles/vgaPico2.dir/home/pdsilva/.pico-sdk/sdk/2.2.0/src/rp2_common/pico_divider/divider_compiler.c.o
LOAD CMakeFiles/vgaPico2.dir/home/pdsilva/.pico-sdk/sdk/2.2.0/src/rp2_common/pico_double/double_math.c.o
LOAD CMakeFiles/vgaPico2.dir/home/pdsilva/.pico-sdk/sdk/2.2.0/src/rp2_common/pico_double/double_aeabi_dcp.S.o
LOAD CMakeFiles/vgaPico2.dir/home/pdsilva/.pico-sdk/sdk/2.2.0/src/rp2_common/pico_double/double_fma_dcp.S.o
LOAD CMakeFiles/vgaPico2.dir/home/pdsilva/.pico-sdk/sdk/2.2.0/src/rp2_common/pico_double/double_sci_m33.S.o
LOAD CMakeFiles/vgaPico2.dir/home/pdsilva/.pico-sdk/sdk/2.2.0/src/rp2_common/pico_double/double_conv_m33.S.o
LOAD CMakeFiles/vgaPico2.dir/home/pdsilva/.pico-sdk/sdk/2.2.0/src/rp2_common/pico_float/float_math.c.o
LOAD CMakeFiles/vgaPico2.dir/home/pdsilva/.pico-sdk/sdk/2.2.0/src/rp2_common/pico_float/float_conv32_vfp.S.o
LOAD CMakeFiles/vgaPico2.dir/home/pdsilva/.pico-sdk/sdk/2.2.0/src/rp2_common/pico_float/float_common_m33.S.o
LOAD CMakeFiles/vgaPico2.dir/home/pdsilva/.pico-sdk/sdk/2.2.0/src/rp2_common/pico_float/float_sci_m33_vfp.S.o
LOAD CMakeFiles/vgaPico2.dir/home/pdsilva/.pico-sdk/sdk/2.2.0/src/rp2_common/pico_malloc/malloc.c.o
LOAD CMakeFiles/vgaPico2.dir/home/pdsilva/.pico-sdk/sdk/2.2.0/src/rp2_common/pico_atomic/atomic.c.o
LOAD CMakeFiles/vgaPico2.dir/home/pdsilva/.pico-sdk/sdk/2.2.0/src/rp2_common/pico_cxx_options/new_delete.cpp.o
LOAD CMakeFiles/vgaPico2.dir/home/pdsilva/.pico-sdk/sdk/2.2.0/src/rp2_common/pico_standard_binary_info/standard_binary_info.c.o
LOAD CMakeFiles/vgaPico2.dir/home/pdsilva/.pico-sdk/sdk/2.2.0/src/rp2_common/pico_printf/printf.c.o
LOAD CMakeFiles/vgaPico2.dir/home/pdsilva/.pico-sdk/sdk/2.2.0/src/rp2_common/pico_crt0/crt0.S.o
LOAD CMakeFiles/vgaPico2.dir/home/pdsilva/.pico-sdk/sdk/2.2.0/src/rp2_common/pico_clib_interface/newlib_interface.c.o
LOAD CMakeFiles/vgaPico2.dir/home/pdsilva/.pico-sdk/sdk/2.2.0/src/rp2_common/pico_stdio/stdio.c.o
LOAD CMakeFiles/vgaPico2.dir/home/pdsilva/.pico-sdk/sdk/2.2.0/src/rp2_common/hardware_pio/pio.c.o
LOAD CMakeFiles/vgaPico2.dir/home/pdsilva/.pico-sdk/sdk/2.2.0/src/rp2_common/hardware_dma/dma.c.o
LOAD CMakeFiles/vgaPico2.dir/home/pdsilva/.pico-sdk/sdk/2.2.0/src/rp2_common/pico_multicore/multicore.c.o
LOAD CMakeFiles/vgaPico2.dir/home/pdsilva/.pico-sdk/sdk/2.2.0/src/rp2_common/hardware_i2c/i2c.c.o
LOAD pico-sdk/src/rp2350/boot_stage2/CMakeFiles/bs2_default_library.dir/bs2_default_padded_checksummed.S.o
LOAD /home/pdsilva/.pico-sdk/toolchain/14_2_Rel1/bin/../lib/gcc/arm-none-eabi/14.2.1/../../../../arm-none-eabi/lib/thumb/v8-m.main+fp/softfp/libstdc++.a
LOAD /home/pdsilva/.pico-sdk/toolchain/14_2_Rel1/bin/../lib/gcc/arm-none-eabi/14.2.1/../../../../arm-none-eabi/lib/thumb/v8-m.main+fp/softfp/libm.a
START GROUP
LOAD /home/pdsilva/.pico-sdk/toolchain/14_2_Rel1/bin/../lib/gcc/arm-none-eabi/14.2.1/thumb/v8-m.main+fp/softfp/libgcc.a
LOAD /home/pdsilva/.pico-sdk/toolchain/14_2_Rel1/bin/../lib/gcc/arm-none-eabi/14.2.1/../../../../arm-none-eabi/lib/thumb/v8-m.main+fp/softfp/libg.a
LOAD /home/pdsilva/.pico-sdk/toolchain/14_2_Rel1/bin/../lib/gcc/arm-none-eabi/14.2.1/../../../../arm-none-eabi/lib/thumb/v8-m.main+fp/softfp/libc.a
END GROUP
START GROUP
LOAD /home/pdsilva/.pico-sdk/toolchain/14_2_Rel1/bin/../lib/gcc/arm-none-eabi/14.2.1/thumb/v8-m.main+fp/softfp/libgcc.a
LOAD /home/pdsilva/.pico-sdk/toolchain/14_2_Rel1/bin/../lib/gcc/arm-none-eabi/14.2.1/../../../../arm-none-eabi/lib/thumb/v8-m.main+fp/softfp/libc.a
LOAD /home/pdsilva/.pico-sdk/toolchain/14_2_Rel1/bin/../lib/gcc/arm-none-eabi/14.2.1/../../../../arm-none-eabi/lib/thumb/v8-m.main+fp/softfp/libnosys.a
END GROUP
LOAD /home/pdsilva/.pico-sdk/toolchain/14_2_Rel1/bin/../lib/gcc/arm-none-eabi/14.2.1/thumb/v8-m.main+fp/softfp/crtend.o
LOAD /home/pdsilva/.pico-sdk/toolchain/14_2_Rel1/bin/../lib/gcc/arm-none-eabi/14.2.1/thumb/v8-m.main+fp/softfp/crtn.o
OUTPUT(vgaPico2.elf elf32-littlearm)
LOAD linker stubs

.rel.dyn        0x100096b0        0x0
 .rel.iplt      0x100096b0        0x0 /home/pdsilva/.pico-sdk/toolchain/14_2_Rel1/bin/../lib/gcc/arm-none-eabi/14.2.1/thumb/v8-m.main+fp/softfp/crtbegin.o

.ARM.attributes
                0x00000000       0x34
 .ARM.attributes
                0x00000000       0x26 /home/pdsilva/.pico-sdk/toolchain/14_2_Rel1/bin/../lib/gcc/arm-none-eabi/14.2.1/thumb/v8-m.main+fp/softfp/crti.o
 .ARM.attributes
                0x00000026       0x36 /home/pdsilva/.pico-sdk/toolchain/14_2_Rel1/bin/../lib/gcc/arm-none-eabi/14.2.1/thumb/v8-m.main+fp/softfp/crtbegin.o
 .ARM.attributes
                0x0000005c       0x38 CMakeFiles/vgaPico2.dir/vga.c.o
 .ARM.attributes
                0x00000094       0x38 CMakeFiles/vgaPico2.dir/vga_drv.c.o
 .ARM.attributes
                0x000000cc       0x38 CMakeFiles/vgaPico2.dir/vga_primitives.c.o
 .ARM.attributes
                0x00000104       0x38 CMakeFiles/vgaPico2.dir/orion_bus.c.o
 .ARM.attributes
                0x0000013c       0x38 CMakeFiles/vgaPico2.dir/cursor.c.o
 .ARM.attributes
                0x00000174       0x38 CMakeFiles/vgaPico2.dir/font.c.o
 .ARM.attributes
                0x000001ac       0x38 CMakeFiles/vgaPico2.dir/font_8x12.c.o
 .ARM.attributes
                0x000001e4       0x38 CMakeFiles/vgaPico2.dir/font_8x14.c.o
 .ARM.attributes
                0x0000021c       0x38 CMakeFiles/vgaPico2.dir/font_8x16.c.o
 .ARM.attributes
                0x00000254       0x38 CMakeFiles/vgaPico2.dir/font_8x18.c.o
 .ARM.attributes
                0x0000028c       0x38 CMakeFiles/vgaPico2.dir/home/pdsilva/.pico-sdk/sdk/2.2.0/src/rp2_common/hardware_gpio/gpio.c.o
 .ARM.attributes
                0x000002c4       0x38 CMakeFiles/vgaPico2.dir/home/pdsilva/.pico-sdk/sdk/2.2.0/src/rp2_common/pico_platform_panic/panic.c.o
 .ARM.attributes
                0x000002fc       0x38 CMakeFiles/vgaPico2.dir/home/pdsilva/.pico-sdk/sdk/2.2.0/src/common/hardware_claim/claim.c.o
 .ARM.attributes
                0x00000334       0x38 CMakeFiles/vgaPico2.dir/home/pdsilva/.pico-sdk/sdk/2.2.0/src/rp2_common/hardware_sync/sync.c.o
 .ARM.attributes
                0x0000036c       0x38 CMakeFiles/vgaPico2.dir/home/pdsilva/.pico-sdk/sdk/2.2.0/src/rp2_common/hardware_sync_spin_lock/sync_spin_lock.c.o
 .ARM.attributes
                0x000003a4       0x38 CMakeFiles/vgaPico2.dir/home/pdsilva/.pico-sdk/sdk/2.2.0/src/rp2_common/hardware_irq/irq.c.o
 .ARM.attributes
                0x000003dc       0x38 CMakeFiles/vgaPico2.dir/home/pdsilva/.pico-sdk/sdk/2.2.0/src/common/pico_sync/lock_core.c.o
 .ARM.attributes
                0x00000414       0x38 CMakeFiles/vgaPico2.dir/home/pdsilva/.pico-sdk/sdk/2.2.0/src/common/pico_sync/mutex.c.o
 .ARM.attributes
                0x0000044c       0x38 CMakeFiles/vgaPico2.dir/home/pdsilva/.pico-sdk/sdk/2.2.0/src/common/pico_time/time.c.o
 .ARM.attributes
                0x00000484       0x38 CMakeFiles/vgaPico2.dir/home/pdsilva/.pico-sdk/sdk/2.2.0/src/rp2_common/hardware_timer/timer.c.o
 .ARM.attributes
                0x000004bc       0x38 CMakeFiles/vgaPico2.dir/home/pdsilva/.pico-sdk/sdk/2.2.0/src/rp2_common/hardware_clocks/clocks.c.o
 .ARM.attributes
                0x000004f4       0x38 CMakeFiles/vgaPico2.dir/home/pdsilva/.pico-sdk/sdk/2.2.0/src/rp2_common/hardware_pll/pll.c.o
 .ARM.attributes
                0x0000052c       0x38 CMakeFiles/vgaPico2.dir/home/pdsilva/.pico-sdk/sdk/2.2.0/src/rp2_common/hardware_ticks/ticks.c.o
 .ARM.attributes
                0x00000564       0x38 CMakeFiles/vgaPico2.dir/home/pdsilva/.pico-sdk/sdk/2.2.0/src/rp2_common/pico_bootrom/bootrom.c.o
 .ARM.attributes
                0x0000059c       0x38 CMakeFiles/vgaPico2.dir/home/pdsilva/.pico-sdk/sdk/2.2.0/src/rp2_common/pico_bootrom/bootrom_lock.c.o
 .ARM.attributes
                0x000005d4       0x38 CMakeFiles/vgaPico2.dir/home/pdsilva/.pico-sdk/sdk/2.2.0/src/rp2_common/hardware_boot_lock/boot_lock.c.o
 .ARM.attributes
                0x0000060c       0x38 CMakeFiles/vgaPico2.dir/home/pdsilva/.pico-sdk/sdk/2.2.0/src/rp2_common/hardware_xosc/xosc.c.o
 .ARM.attributes
                0x00000644       0x38 CMakeFiles/vgaPico2.dir/home/pdsilva/.pico-sdk/sdk/2.2.0/src/rp2_common/pico_runtime/runtime.c.o
 .ARM.attributes
                0x0000067c       0x38 CMakeFiles/vgaPico2.dir/home/pdsilva/.pico-sdk/sdk/2.2.0/src/rp2_common/pico_runtime_init/runtime_init.c.o
 .ARM.attributes
                0x000006b4       0x38 CMakeFiles/vgaPico2.dir/home/pdsilva/.pico-sdk/sdk/2.2.0/src/rp2_common/pico_runtime_init/runtime_init_clocks.c.o
 .ARM.attributes
                0x000006ec       0x28 CMakeFiles/vgaPico2.dir/home/pdsilva/.pico-sdk/sdk/2.2.0/src/rp2_common/pico_double/double_aeabi_dcp.S.o
 .ARM.attributes
                0x00000714       0x38 CMakeFiles/vgaPico2.dir/home/pdsilva/.pico-sdk/sdk/2.2.0/src/rp2_common/pico_malloc/malloc.c.o
 .ARM.attributes
                0x0000074c       0x38 CMakeFiles/vgaPico2.dir/home/pdsilva/.pico-sdk/sdk/2.2.0/src/rp2_common/pico_standard_binary_info/standard_binary_info.c.o
 .ARM.attributes
                0x00000784       0x38 CMakeFiles/vgaPico2.dir/home/pdsilva/.pico-sdk/sdk/2.2.0/src/rp2_common/pico_printf/printf.c.o
 .ARM.attributes
                0x000007bc       0x28 CMakeFiles/vgaPico2.dir/home/pdsilva/.pico-sdk/sdk/2.2.0/src/rp2_common/pico_crt0/crt0.S.o
 .ARM.attributes
                0x000007e4       0x38 CMakeFiles/vgaPico2.dir/home/pdsilva/.pico-sdk/sdk/2.2.0/src/rp2_common/pico_clib_interface/newlib_interface.c.o
 .ARM.attributes
                0x0000081c       0x38 CMakeFiles/vgaPico2.dir/home/pdsilva/.pico-sdk/sdk/2.2.0/src/rp2_common/pico_stdio/stdio.c.o
 .ARM.attributes
                0x00000854       0x38 CMakeFiles/vgaPico2.dir/home/pdsilva/.pico-sdk/sdk/2.2.0/src/rp2_common/hardware_pio/pio.c.o
 .ARM.attributes
                0x0000088c       0x38 CMakeFiles/vgaPico2.dir/home/pdsilva/.pico-sdk/sdk/2.2.0/src/rp2_common/hardware_dma/dma.c.o
 .ARM.attributes
                0x000008c4       0x38 CMakeFiles/vgaPico2.dir/home/pdsilva/.pico-sdk/sdk/2.2.0/src/rp2_common/pico_multicore/multicore.c.o
 .ARM.attributes
                0x000008fc       0x26 /home/pdsilva/.pico-sdk/toolchain/14_2_Rel1/bin/../lib/gcc/arm-none-eabi/14.2.1/thumb/v8-m.main+fp/softfp/libgcc.a(_aeabi_uldivmod.o)
 .ARM.attributes
                0x00000922       0x36 /home/pdsilva/.pico-sdk/toolchain/14_2_Rel1/bin/../lib/gcc/arm-none-eabi/14.2.1/thumb/v8-m.main+fp/softfp/libgcc.a(_udivmoddi4.o)
 .ARM.attributes
                0x00000958       0x26 /home/pdsilva/.pico-sdk/toolchain/14_2_Rel1/bin/../lib/gcc/arm-none-eabi/14.2.1/thumb/v8-m.main+fp/softfp/libgcc.a(_dvmd_tls.o)
 .ARM.attributes
                0x0000097e       0x36 /home/pdsilva/.pico-sdk/toolchain/14_2_Rel1/bin/../lib/gcc/arm-none-eabi/14.2.1/../../../../arm-none-eabi/lib/thumb/v8-m.main+fp/softfp/libg.a(libc_a-malloc.o)
 .ARM.attributes
                0x000009b4       0x36 /home/pdsilva/.pico-sdk/toolchain/14_2_Rel1/bin/../lib/gcc/arm-none-eabi/14.2.1/../../../../arm-none-eabi/lib/thumb/v8-m.main+fp/softfp/libg.a(libc_a-mallocr.o)
 .ARM.attributes
                0x000009ea       0x36 /home/pdsilva/.pico-sdk/toolchain/14_2_Rel1/bin/../lib/gcc/arm-none-eabi/14.2.1/../../../../arm-none-eabi/lib/thumb/v8-m.main+fp/softfp/libg.a(libc_a-mlock.o)
 .ARM.attributes
                0x00000a20       0x36 /home/pdsilva/.pico-sdk/toolchain/14_2_Rel1/bin/../lib/gcc/arm-none-eabi/14.2.1/../../../../arm-none-eabi/lib/thumb/v8-m.main+fp/softfp/libg.a(libc_a-memset.o)
 .ARM.attributes
                0x00000a56       0x36 /home/pdsilva/.pico-sdk/toolchain/14_2_Rel1/bin/../lib/gcc/arm-none-eabi/14.2.1/../../../../arm-none-eabi/lib/thumb/v8-m.main+fp/softfp/libg.a(libc_a-impure.o)
 .ARM.attributes
                0x00000a8c       0x36 /home/pdsilva/.pico-sdk/toolchain/14_2_Rel1/bin/../lib/gcc/arm-none-eabi/14.2.1/../../../../arm-none-eabi/lib/thumb/v8-m.main+fp/softfp/libg.a(libc_a-sbrkr.o)
 .ARM.attributes
                0x00000ac2       0x36 /home/pdsilva/.pico-sdk/toolchain/14_2_Rel1/bin/../lib/gcc/arm-none-eabi/14.2.1/../../../../arm-none-eabi/lib/thumb/v8-m.main+fp/softfp/libg.a(libc_a-errno.o)
 .ARM.attributes
                0x00000af8       0x36 /home/pdsilva/.pico-sdk/toolchain/14_2_Rel1/bin/../lib/gcc/arm-none-eabi/14.2.1/../../../../arm-none-eabi/lib/thumb/v8-m.main+fp/softfp/libg.a(libc_a-lock.o)
 .ARM.attributes
                0x00000b2e       0x36 /home/pdsilva/.pico-sdk/toolchain/14_2_Rel1/bin/../lib/gcc/arm-none-eabi/14.2.1/../../../../arm-none-eabi/lib/thumb/v8-m.main+fp/softfp/libg.a(libc_a-sysconf.o)
 .ARM.attributes
                0x00000b64       0x24 /home/pdsilva/.pico-sdk/toolchain/14_2_Rel1/bin/../lib/gcc/arm-none-eabi/14.2.1/../../../../arm-none-eabi/lib/thumb/v8-m.main+fp/softfp/libg.a(libc_a-memcpy.o)
 .ARM.attributes
                0x00000b88       0x36 /home/pdsilva/.pico-sdk/toolchain/14_2_Rel1/bin/../lib/gcc/arm-none-eabi/14.2.1/../../../../arm-none-eabi/lib/thumb/v8-m.main+fp/softfp/libg.a(libc_a-strlen-stub.o)
 .ARM.attributes
                0x00000bbe       0x36 /home/pdsilva/.pico-sdk/toolchain/14_2_Rel1/bin/../lib/gcc/arm-none-eabi/14.2.1/../../../../arm-none-eabi/lib/thumb/v8-m.main+fp/softfp/libg.a(libc_a-freer.o)
 .ARM.attributes
                0x00000bf4       0x36 /home/pdsilva/.pico-sdk/toolchain/14_2_Rel1/bin/../lib/gcc/arm-none-eabi/14.2.1/../../../../arm-none-eabi/lib/thumb/v8-m.main+fp/softfp/libg.a(libc_a-findfp.o)
 .ARM.attributes
                0x00000c2a       0x36 /home/pdsilva/.pico-sdk/toolchain/14_2_Rel1/bin/../lib/gcc/arm-none-eabi/14.2.1/../../../../arm-none-eabi/lib/thumb/v8-m.main+fp/softfp/libg.a(libc_a-reent.o)
 .ARM.attributes
                0x00000c60       0x36 /home/pdsilva/.pico-sdk/toolchain/14_2_Rel1/bin/../lib/gcc/arm-none-eabi/14.2.1/thumb/v8-m.main+fp/softfp/crtend.o

.comment        0x00000000       0x45
 .comment       0x00000000       0x45 CMakeFiles/vgaPico2.dir/vga.c.o
                                 0x46 (size before relaxing)
 .comment       0x00000045       0x46 CMakeFiles/vgaPico2.dir/vga_drv.c.o
 .comment       0x00000045       0x46 CMakeFiles/vgaPico2.dir/vga_primitives.c.o
 .comment       0x00000045       0x46 CMakeFiles/vgaPico2.dir/orion_bus.c.o
 .comment       0x00000045       0x46 CMakeFiles/vgaPico2.dir/cursor.c.o
 .comment       0x00000045       0x46 CMakeFiles/vgaPico2.dir/font.c.o
 .comment       0x00000045       0x46 CMakeFiles/vgaPico2.dir/font_8x12.c.o
 .comment       0x00000045       0x46 CMakeFiles/vgaPico2.dir/font_8x14.c.o
 .comment       0x00000045       0x46 CMakeFiles/vgaPico2.dir/font_8x16.c.o
 .comment       0x00000045       0x46 CMakeFiles/vgaPico2.dir/font_8x18.c.o
 .comment       0x00000045       0x46 CMakeFiles/vgaPico2.dir/home/pdsilva/.pico-sdk/sdk/2.2.0/src/rp2_common/hardware_gpio/gpio.c.o
 .comment       0x00000045       0x46 CMakeFiles/vgaPico2.dir/home/pdsilva/.pico-sdk/sdk/2.2.0/src/rp2_common/pico_platform_panic/panic.c.o
 .comment       0x00000045       0x46 CMakeFiles/vgaPico2.dir/home/pdsilva/.pico-sdk/sdk/2.2.0/src/common/hardware_claim/claim.c.o
 .comment       0x00000045       0x46 CMakeFiles/vgaPico2.dir/home/pdsilva/.pico-sdk/sdk/2.2.0/src/rp2_common/hardware_sync/sync.c.o
 .comment       0x00000045       0x46 CMakeFiles/vgaPico2.dir/home/pdsilva/.pico-sdk/sdk/2.2.0/src/rp2_common/hardware_sync_spin_lock/sync_spin_lock.c.o
 .comment       0x00000045       0x46 CMakeFiles/vgaPico2.dir/home/pdsilva/.pico-sdk/sdk/2.2.0/src/rp2_common/hardware_irq/irq.c.o
 .comment       0x00000045       0x46 CMakeFiles/vgaPico2.dir/home/pdsilva/.pico-sdk/sdk/2.2.0/src/common/pico_sync/lock_core.c.o
 .comment       0x00000045       0x46 CMakeFiles/vgaPico2.dir/home/pdsilva/.pico-sdk/sdk/2.2.0/src/common/pico_sync/mutex.c.o
 .comment       0x00000045       0x46 CMakeFiles/vgaPico2.dir/home/pdsilva/.pico-sdk/sdk/2.2.0/src/common/pico_time/time.c.o
 .comment       0x00000045       0x46 CMakeFiles/vgaPico2.dir/home/pdsilva/.pico-sdk/sdk/2.2.0/src/rp2_common/hardware_timer/timer.c.o
 .comment       0x00000045       0x46 CMakeFiles/vgaPico2.dir/home/pdsilva/.pico-sdk/sdk/2.2.0/src/rp2_common/hardware_clocks/clocks.c.o
 .comment       0x00000045       0x46 CMakeFiles/vgaPico2.dir/home/pdsilva/.pico-sdk/sdk/2.2.0/src/rp2_common/hardware_pll/pll.c.o
 .comment       0x00000045       0x46 CMakeFiles/vgaPico2.dir/home/pdsilva/.pico-sdk/sdk/2.2.0/src/rp2_common/hardware_ticks/ticks.c.o
 .comment       0x00000045       0x46 CMakeFiles/vgaPico2.dir/home/pdsilva/.pico-sdk/sdk/2.2.0/src/rp2_common/pico_bootrom/bootrom.c.o
 .comment       0x00000045       0x46 CMakeFiles/vgaPico2.dir/home/pdsilva/.pico-sdk/sdk/2.2.0/src/rp2_common/pico_bootrom/bootrom_lock.c.o
 .comment       0x00000045       0x46 CMakeFiles/vgaPico2.dir/home/pdsilva/.pico-sdk/sdk/2.2.0/src/rp2_common/hardware_boot_lock/boot_lock.c.o
 .comment       0x00000045       0x46 CMakeFiles/vgaPico2.dir/home/pdsilva/.pico-sdk/sdk/2.2.0/src/rp2_common/hardware_xosc/xosc.c.o
 .comment       0x00000045       0x46 CMakeFiles/vgaPico2.dir/home/pdsilva/.pico-sdk/sdk/2.2.0/src/rp2_common/pico_runtime/runtime.c.o
 .comment       0x00000045       0x46 CMakeFiles/vgaPico2.dir/home/pdsilva/.pico-sdk/sdk/2.2.0/src/rp2_common/pico_runtime_init/runtime_init.c.o
 .comment       0x00000045       0x46 CMakeFiles/vgaPico2.dir/home/pdsilva/.pico-sdk/sdk/2.2.0/src/rp2_common/pico_runtime_init/runtime_init_clocks.c.o
 .comment       0x00000045       0x46 CMakeFiles/vgaPico2.dir/home/pdsilva/.pico-sdk/sdk/2.2.0/src/rp2_common/pico_malloc/malloc.c.o
 .comment       0x00000045       0x46 CMakeFiles/vgaPico2.dir/home/pdsilva/.pico-sdk/sdk/2.2.0/src/rp2_common/pico_standard_binary_info/standard_binary_info.c.o
 .comment       0x00000045       0x46 CMakeFiles/vgaPico2.dir/home/pdsilva/.pico-sdk/sdk/2.2.0/src/rp2_common/pico_printf/printf.c.o
 .comment       0x00000045       0x46 CMakeFiles/vgaPico2.dir/home/pdsilva/.pico-sdk/sdk/2.2.0/src/rp2_common/pico_clib_interface/newlib_interface.c.o
 .comment       0x00000045       0x46 CMakeFiles/vgaPico2.dir/home/pdsilva/.pico-sdk/sdk/2.2.0/src/rp2_common/pico_stdio/stdio.c.o
 .comment       0x00000045       0x46 CMakeFiles/vgaPico2.dir/home/pdsilva/.pico-sdk/sdk/2.2.0/src/rp2_common/hardware_pio/pio.c.o
 .comment       0x00000045       0x46 CMakeFiles/vgaPico2.dir/home/pdsilva/.pico-sdk/sdk/2.2.0/src/rp2_common/hardware_dma/dma.c.o
 .comment       0x00000045       0x46 CMakeFiles/vgaPico2.dir/home/pdsilva/.pico-sdk/sdk/2.2.0/src/rp2_common/pico_multicore/multicore.c.o

.debug_info     0x00000000    0x323d9
 .debug_info    0x00000000     0x1e96 CMakeFiles/vgaPico2.dir/vga.c.o
 .debug_info    0x00001e96     0x590f CMakeFiles/vgaPico2.dir/vga_drv.c.o
 .debug_info    0x000077a5     0x2f30 CMakeFiles/vgaPico2.dir/vga_primitives.c.o