Archive member included to satisfy reference by file (symbol)

../../lib/libfileio.a(ff.o)   trap12.o (f_mount)
../../lib/libc68k.a(strchr.o)
                              ../../lib/libfileio.a(ff.o) (strchr)
../../lib/libc68k.a(memcpy.o)
                              ./shell/elf_loader.o (memcpy)
../../lib/libc68k.a(malloc.o)
                              timers.o (free)
../../lib/libc68k.a(memcmp.o)
                              ./shell/decodecmd.o (memcmp)
../../lib/libc68k.a(strlen.o)
                              ./shell/commands.o (strlen)
../../lib/libc68k.a(memset.o)
                              timers.o (memset)
../../lib/libc68k.a(strcat.o)
                              ./shell/commands.o (strcat)
../../lib/libc68k.a(strcpy.o)
                              ./shell/commands.o (strcpy)
../../lib/libc68k.a(putchar.o)
                              orion68.o (putchar)
../../lib/libc68k.a(sprintf.o)
                              ./shell/commands.o (sprintf)
../../lib/libc68k.a(puts.o)   ./shell/commands.o (puts)
../../lib/libc68k.a(printf.o)
                              ../../lib/libc68k.a(sprintf.o) (itox)
../../lib/libc68k.a(__mulsi3.o)
                              ./shell/elf_loader.o (__mulsi3)
../../lib/libc68k.a(__umodsi3.o)
                              ./shell/commands.o (__umodsi3)
../../lib/libc68k.a(__udivsi3.o)
                              ./shell/commands.o (__udivsi3)
../../lib/libc68k.a(strtoul.o)
                              ./shell/commands.o (strtoul)
../../lib/libc68k.a(isspace.o)
                              ./shell/decodecmd.o (isspace)
../../lib/libc68k.a(atoi.o)   ./shell/commands.o (atoi)
../../lib/libc68k.a(strcasecmp.o)
                              ./shell/decodecmd.o (strcasecmp)
../../lib/libc68k.a(strtol.o)
                              ../../lib/libc68k.a(atoi.o) (strtol)
../../lib/libvideo.a(vga_video.o)
                              orion68.o (gotoxy)

Discarded input sections

 .comment       0x00000000       0x13 orion68.o
 .comment       0x00000000       0x13 vectors.o
 .comment       0x00000000       0x13 console.o
 .comment       0x00000000       0x13 trap12.o
 .comment       0x00000000       0x13 timers.o
 .comment       0x00000000       0x13 interrupt.o
 .comment       0x00000000       0x13 ./dump/mem_dump.o
 .comment       0x00000000       0x13 ./shell/io.o
 .comment       0x00000000       0x13 ./shell/picow.o
 .comment       0x00000000       0x13 ./shell/elf_loader.o
 .comment       0x00000000       0x13 ./shell/printerro.o
 .comment       0x00000000       0x13 ./shell/commands.o
 .comment       0x00000000       0x13 ./shell/decodecmd.o
 .comment       0x00000000       0x13 ./shell/crc32.o
 .comment       0x00000000       0x13 ./shell/cmd_repeat.o
 .comment       0x00000000       0x13 ./shell/vid_ram_bios.o
 .comment       0x00000000       0x13 ./kbd/ringbuffer.o
 .comment       0x00000000       0x13 ./rtc/i2cbb.o
 .comment       0x00000000       0x13 ./uarts/drv_uart0.o
 .comment       0x00000000       0x13 ./duart/duart.o
 .comment       0x00000000       0x13 ./ide/ata.o
 .comment       0x00000000       0x13 ./ide/diskio.o
 .comment       0x00000000       0x13 ../../lib/libfileio.a(ff.o)
 .comment       0x00000000       0x13 ../../lib/libc68k.a(strchr.o)
 .comment       0x00000000       0x13 ../../lib/libc68k.a(memcpy.o)
 .comment       0x00000000       0x13 ../../lib/libc68k.a(malloc.o)
 .comment       0x00000000       0x13 ../../lib/libc68k.a(memcmp.o)
 .comment       0x00000000       0x13 ../../lib/libc68k.a(strlen.o)
 .comment       0x00000000       0x13 ../../lib/libc68k.a(memset.o)
 .comment       0x00000000       0x13 ../../lib/libc68k.a(strcat.o)
 .comment       0x00000000       0x13 ../../lib/libc68k.a(strcpy.o)
 .comment       0x00000000       0x13 ../../lib/libc68k.a(putchar.o)
 .comment       0x00000000       0x13 ../../lib/libc68k.a(sprintf.o)
 .comment       0x00000000       0x13 ../../lib/libc68k.a(puts.o)
 .comment       0x00000000       0x13 ../../lib/libc68k.a(printf.o)
 .comment       0x00000000       0x13 ../../lib/libc68k.a(__mulsi3.o)
 .comment       0x00000000       0x13 ../../lib/libc68k.a(__umodsi3.o)
 .comment       0x00000000       0x13 ../../lib/libc68k.a(__udivsi3.o)
 .comment       0x00000000       0x13 ../../lib/libc68k.a(strtoul.o)
 .comment       0x00000000       0x13 ../../lib/libc68k.a(isspace.o)
 .comment       0x00000000       0x13 ../../lib/libc68k.a(atoi.o)
 .comment       0x00000000       0x13 ../../lib/libc68k.a(strcasecmp.o)
 .comment       0x00000000       0x13 ../../lib/libc68k.a(strtol.o)
 .comment       0x00000000       0x13 ../../lib/libvideo.a(vga_video.o)

Memory Configuration

Name             Origin             Length             Attributes
ROM              0x00000000         0x00010000         xr
RAM              0x00080004         0x00080000         xrw
*default*        0x00000000         0xffffffff

Linker script and memory map

                0x00000000                        . = 0x0

.vectors        0x00000000        0x0
 *(.vectors)
                0x00000000                        . = ALIGN (0x400)

.text           0x00000000     0xbae4
                0x00000000                        . = ALIGN (0x2)
 *(.text*)
 .text          0x00000000      0x2c4 ../../libc/obj/orion68_startup.o
                0x000000c0                _start
                0x000001a2                UartWriteCh
                0x000001a6                UartWrCh
                0x000001ce                uart0_initialize
                0x0000021a                printString
                0x0000024c                _delay_ms
 .text          0x000002c4      0x2f6 orion68.o
                0x000002c4                clr_flg_program_loaded
                0x000002da                set_flg_program_loaded
                0x000002ee                get_flg_program_loaded
                0x000002fa                print_msg
                0x00000336                write_string
                0x00000368                display_prompt
                0x000003ec                main
 *fill*         0x000005ba        0x2 
 .text          0x000005bc       0xec vectors.o
                0x000005d4                TRAP14_Handler
                0x0000067e                get_system_tick
 .text          0x000006a8       0x2c console.o
                0x000006a8                set_console_output
                0x000006ba                set_console_input
                0x000006cc                enable_interrupts
 .text          0x000006d4      0x244 trap12.o
                0x000006d4                do_open
                0x00000708                do_close
                0x0000071c                do_read
                0x00000758                do_write
                0x00000794                do_sync
                0x000007a8                do_lseek
                0x000007c8                do_tell
                0x000007d4                do_size
                0x000007e0                do_eof
                0x00000804                do_unlink
                0x00000818                do_rename
                0x00000836                do_stat
                0x00000854                do_opendir
                0x00000872                do_readdir
                0x00000890                do_closedir
                0x000008a4                do_mkdir
                0x000008b8                do_mount
                0x000008ec                do_unmount
 .text          0x00000918      0x32a timers.o
                0x00000918                delay10ms
                0x0000093a                cpu_delay
                0x00000956                init_timer
                0x00000976                get_tick_count
                0x0000097e                add_timer
                0x00000a16                delete_timer
                0x00000a62                start_timer
                0x00000ae2                stop_timer
                0x00000b16                reset_timer
                0x00000b64                set_interval
                0x00000b98                update_timers
 *fill*         0x00000c42        0x2 
 .text          0x00000c44        0x0 interrupt.o
 .text          0x00000c44      0x278 ./dump/mem_dump.o
                0x00000c44                dump_memory
 .text          0x00000ebc       0x54 ./shell/io.o
                0x00000ebc                get_key
                0x00000ee6                _putchar_hex
 .text          0x00000f10      0x620 ./shell/picow.o
                0x00000f10                receber_arquivo_do_pico
                0x00001142                noblk_receber_arquivo_do_pico
                0x000012ce                send_sector_low
                0x000012f8                send_sector_high
                0x00001322                send_read_cmd
                0x00001348                read_sector
                0x000013a8                get_crc
                0x00001410                receber_setor_do_pico
                0x00001514                pico_write_ch
 .text          0x00001530      0x322 ./shell/elf_loader.o
                0x00001530                carregar_elf32
                0x00001670                carregar_elf32_fatfs
 *fill*         0x00001852        0x2 
 .text          0x00001854       0x44 ./shell/printerro.o
                0x00001854                printerro
 .text          0x00001898     0x1bbc ./shell/commands.o
                0x0000190c                do_help
                0x0000199c                do_binfile
                0x00001b1c                do_binmem
                0x00001c28                do_copyfile
                0x00001ddc                do_cat
                0x00001f14                do_cd
                0x00001f3c                do_delete
                0x00001f68                do_dump
                0x00001fba                do_exit
                0x00001fe0                do_ideinit
                0x00002024                do_idemode
                0x00002076                do_ls
                0x00002248                do_load_basic
                0x0000237e                do_loadmem
                0x000024bc                do_mkdir_shel
                0x000025a4                do_notimplemented
                0x000025b6                do_rename_shel
                0x0000260c                do_rmdir
                0x0000271c                do_runelf_fromhd
                0x0000274a                do_runelf
                0x00002786                do_run
                0x000027b2                do_save
                0x0000291a                do_save2
                0x00002b08                do_save_basic
                0x00002c84                do_shst
                0x00002c9e                do_time
                0x00002d86                do_tstkbd
                0x00002fa2                do_uptime
                0x00003076                do_writemem
                0x00003290                do_writemem1
                0x0000339c                do_srecord
 .text          0x00003454      0xade ./shell/decodecmd.o
                0x00003454                getline
                0x0000372a                process_command_builtin
                0x00003892                load_elf_executable
                0x00003bca                open_executable_file
                0x00003cca                process_command_executable
                0x00003dd2                process_command
                0x00003e16                execute_cmd
 *fill*         0x00003f32        0x2 
 .text          0x00003f34      0x23c ./shell/crc32.o
                0x00003f34                crc32_init
                0x00003fa6                crc32_update
                0x00004158                crc32_calculate
 .text          0x00004170      0x4d4 ./shell/cmd_repeat.o
                0x00004170                hist_add
                0x000045f2                keyboard_handler
 .text          0x00004644      0x2ba ./shell/vid_ram_bios.o
                0x00004662                video_puts
                0x000047aa                video_show_progress
 *fill*         0x000048fe        0x2 
 .text          0x00004900      0x132 ./kbd/ringbuffer.o
                0x00004900                ring_buf_init
                0x00004928                ring_buf_get
                0x00004964                ring_buf_put
                0x000049c4                ring_buf_is_empty
                0x000049e0                ring_buf_is_full
                0x00004a0a                ring_buf_get_char
 *fill*         0x00004a32        0x2 
 .text          0x00004a34      0x596 ./rtc/i2cbb.o
                0x00004aa6                i2c_start
                0x00004ac6                i2c_stop
                0x00004ade                i2c_write_byte
                0x00004b42                i2c_read_byte
                0x00004c3a                ds3231_read_time
                0x00004d5e                ds3231_set_time
                0x00004e8a                eeprom_write_byte
                0x00004ef0                eeprom_read_byte
                0x00004f62                ds3231_probe
                0x00004f86                rtc_init
 *fill*         0x00004fca        0x2 
 .text          0x00004fcc      0x248 ./uarts/drv_uart0.o
                0x00004fcc                uart0_debug_char
                0x00004ffe                uart0_init
                0x0000503e                uart0_write
                0x0000507c                uart0_read
                0x000050b4                uart0_read_timeout
                0x00005118                _inbyte
                0x00005198                _outbyte
                0x000051d6                uart0_write_string
                0x00005206                uart0_flush
 .text          0x00005214      0x160 ./duart/duart.o
                0x00005234                duart_init_canal_a
                0x000052a6                duart_putc
                0x000052dc                duart_getc
                0x000052fe                duart_opr_init
                0x00005316                duart_led_op3_on
                0x00005332                duart_led_op3_off
                0x0000534e                duart_led_op3_toggle
 .text          0x00005374      0xab8 ./ide/ata.o
                0x00005388                set_ide_bus_mode
                0x000053c8                go_8bits_mode
                0x00005674                ata_detect
                0x00005722                ata_read_sector
                0x000058d6                ata_write_sector
                0x00005a8a                read_partition_table
                0x00005b74                ata_init
                0x00005c06                ata_disk_status
                0x00005c16                ata_disk_initialize
                0x00005c26                ata_wait_not_busy
                0x00005c68                ata_wait_for_data
                0x00005caa                ata_read_identity
 .text          0x00005e2c      0x220 ./ide/diskio.o
                0x00005e2c                disk_status
                0x00005e44                disk_initialize
                0x00005e5a                disk_read
                0x00005ed8                disk_write
                0x00005f56                disk_ioctl
 .text          0x0000604c      0x260 vectors_asm.o
                0x0000604c                SvcBusError
                0x0000604c                Svcaddress_err
                0x00006054                SvcDiv0_handler
                0x00006054                SvcIllegalIns
                0x00006056                TrapFHandler
                0x00006056                SpuriousHandler
                0x00006056                SvcTrace
                0x00006056                TrapBHandler
                0x00006056                Int1Handler
                0x00006056                TrapAHandler
                0x00006056                SvcChkIns
                0x00006056                Trap9Handler
                0x00006056                Int5Handler
                0x00006056                Int7Handler
                0x00006056                SvcLineA
                0x00006056                SvcPrivViolation
                0x00006056                Trap8Handler
                0x00006056                Int6Handler
                0x00006056                bad_exception
                0x00006056                Trap3Handler
                0x00006056                Trap7Handler
                0x00006056                Trap0Handler
                0x00006056                SvcLineF
                0x00006056                SvcTrapvIns
                0x00006056                Trap5Handler
                0x00006056                Trap6Handler
                0x00006058                TrapDHandler
                0x0000605a                Int2Handler
                0x000060b6                Int3Handler
                0x000060de                Int4Handler
                0x000060e0                Trap1Handler
                0x00006130                Trap2Handler
                0x000061ba                Trap4Handler
                0x000061e4                TrapCHandler
                0x00006296                TrapEHandler
 .text          0x000062ac      0x2ea trap2_asm.o
                0x000062c8                vid_writechar
                0x000062d6                vid_gotoxy
                0x000062fa                vid_clrscr
                0x0000630a                vid_gohome
                0x0000631a                vid_setcolor
                0x00006328                vid_drawVLine
                0x0000635a                vid_drawHLine
                0x0000638c                vid_drawLine
                0x000063c8                vid_drawCircle
                0x000063f4                vid_drawCircleHelper
                0x00006424                vid_fillCircle
                0x00006450                vid_fillCircleHelper
                0x00006484                vid_drawRoundRect
                0x000064c4                vid_fillRoundRect
                0x00006504                vid_fillRect
                0x00006540                vid_fillTri
 *fill*         0x00006596        0x2 
 .text          0x00006598       0x38 trap4_asm.o
                0x00006598                rtc_ds3231_read_time
                0x000065a2                rtc_ds3231_set_time
                0x000065b0                rtc_eeprom_read_byte
                0x000065ba                rtc_eeprom_write_byte
 .text          0x000065d0      0x252 trap12_asm.o
                0x000065d0                file_open
                0x000065ee                file_close
                0x00006608                file_read
                0x00006628                file_write
                0x00006648                file_sync
                0x00006662                file_lseek
                0x0000667e                file_unlink
                0x00006698                file_tell
                0x000066b2                file_size
                0x000066cc                file_eof
                0x000066e6                file_rename
                0x00006702                file_stat
                0x0000671e                file_opendir
                0x0000673a                file_readdir
                0x00006756                file_closedir
                0x00006770                file_mkdir
                0x0000678a                file_mount
                0x000067a8                file_unmount
                0x000067c2                file_list
                0x000067dc                file_save
                0x000067fc                file_load
 *fill*         0x00006822        0x2 
 .text          0x00006824       0x90 cpm_bios.o
                0x00006824                bios_entry
                0x00006864                bios_const
                0x0000687a                bios_conin
                0x00006898                bios_conout
                0x000068ae                bios_init
 .text          0x000068b4     0x27da ../../lib/libfileio.a(ff.o)
                0x00007b08                f_mount
                0x00007b8a                f_open
                0x00007e2e                f_read
                0x0000803c                f_write
                0x0000829a                f_sync
                0x0000839c                f_close
                0x000083ce                f_chdrive
                0x000083f2                f_chdir
                0x00008472                f_getcwd
                0x0000862c                f_lseek
                0x00008854                f_opendir
                0x000088f0                f_closedir
                0x00008910                f_readdir
                0x0000899c                f_stat
                0x00008a0e                f_getfree
                0x00008b26                f_truncate
                0x00008c3c                f_unlink
                0x00008d4a                f_mkdir
                0x00008ef6                f_rename
 *fill*         0x0000908e        0x2 
 .text          0x00009090       0x1c ../../lib/libc68k.a(strchr.o)
                0x00009090                strchr
 .text          0x000090ac       0x1e ../../lib/libc68k.a(memcpy.o)
                0x000090ac                memcpy
 *fill*         0x000090ca        0x2 
 .text          0x000090cc      0x360 ../../lib/libc68k.a(malloc.o)
                0x00009280                malloc_init
                0x000092f6                free
                0x00009342                malloc
                0x00009356                calloc
                0x000093b6                malloc_num_free
                0x000093d0                malloc_num_used
                0x000093ec                malloc_num_fresh
                0x00009408                malloc_check
 .text          0x0000942c       0x3c ../../lib/libc68k.a(memcmp.o)
                0x0000942c                memcmp
 .text          0x00009468       0x12 ../../lib/libc68k.a(strlen.o)
                0x00009468                strlen
 *fill*         0x0000947a        0x2 
 .text          0x0000947c       0x16 ../../lib/libc68k.a(memset.o)
                0x0000947c                memset
 *fill*         0x00009492        0x2 
 .text          0x00009494       0x26 ../../lib/libc68k.a(strcat.o)
                0x00009494                strcat
 *fill*         0x000094ba        0x2 
 .text          0x000094bc       0x18 ../../lib/libc68k.a(strcpy.o)
                0x000094bc                strcpy
 .text          0x000094d4       0x2a ../../lib/libc68k.a(putchar.o)
                0x000094d4                kbd_getchar
                0x000094e4                putchar
 *fill*         0x000094fe        0x2 
 .text          0x00009500      0x206 ../../lib/libc68k.a(sprintf.o)
                0x00009500                sprintf
 *fill*         0x00009706        0x2 
 .text          0x00009708       0x26 ../../lib/libc68k.a(puts.o)
                0x00009708                puts
 *fill*         0x0000972e        0x2 
 .text          0x00009730      0x3a6 ../../lib/libc68k.a(printf.o)
                0x00009730                itox
                0x0000977a                itodec
                0x000097d8                itooct
                0x0000981e                itoudec
                0x00009870                pad_zeros
                0x000098b4                printf
 *fill*         0x00009ad6        0x2 
 .text          0x00009ad8       0x36 ../../lib/libc68k.a(__mulsi3.o)
                0x00009ad8                __mulsi3
 *fill*         0x00009b0e        0x2 
 .text          0x00009b10       0x2c ../../lib/libc68k.a(__umodsi3.o)
                0x00009b10                __umodsi3
 .text          0x00009b3c       0x3a ../../lib/libc68k.a(__udivsi3.o)
                0x00009b3c                __udivsi3
 *fill*         0x00009b76        0x2 
 .text          0x00009b78      0x148 ../../lib/libc68k.a(strtoul.o)
                0x00009b78                strtoul
 .text          0x00009cc0        0xc ../../lib/libc68k.a(isspace.o)
                0x00009cc0                isspace
 .text          0x00009ccc       0x16 ../../lib/libc68k.a(atoi.o)
                0x00009ccc                atoi
 *fill*         0x00009ce2        0x2 
 .text          0x00009ce4       0x54 ../../lib/libc68k.a(strcasecmp.o)
                0x00009ce4                strcasecmp
 .text          0x00009d38       0x32 ../../lib/libc68k.a(strtol.o)
                0x00009d38                strtol
 *fill*         0x00009d6a        0x2 
 .text          0x00009d6c       0x3c ../../lib/libvideo.a(vga_video.o)
                0x00009d6c                run_cmd
                0x00009d6e                gotoxy
                0x00009d80                gohome
                0x00009d86                setcolor
                0x00009da2                clrscr
 *(.rodata)
 .rodata        0x00009da8      0x1b5 orion68.o
                0x00009dab                MsgOrionInit
 .rodata        0x00009f5d       0x51 vectors.o
 .rodata        0x00009fae      0x1c5 ./dump/mem_dump.o
 .rodata        0x0000a173        0x5 ./shell/io.o
 .rodata        0x0000a178      0x17f ./shell/picow.o
 .rodata        0x0000a2f7      0x2fa ./shell/printerro.o
 .rodata        0x0000a5f1      0x9f1 ./shell/commands.o
 .rodata        0x0000afe2      0x7da ./shell/decodecmd.o
                0x0000afe2                g_elf_header_bytes
                0x0000b3a4                g_cmd_table
 .rodata        0x0000b7bc       0x29 ./shell/vid_ram_bios.o
 .rodata        0x0000b7e5       0x2d ./uarts/drv_uart0.o
 .rodata        0x0000b812       0x11 ./duart/duart.o
 .rodata        0x0000b823      0x1ec ./ide/ata.o
 .rodata        0x0000ba0f       0x2d ./ide/diskio.o
 .rodata        0x0000ba3c       0x80 ../../lib/libfileio.a(ff.o)
 .rodata        0x0000babc       0x28 ../../lib/libc68k.a(printf.o)
                0x0000bae4                        . = ALIGN (0x2)

.rodata         0x0000bae4       0x38
                0x0000bae4                        . = ALIGN (0x2)
 *(.rodata*)
 .rodata.str1.1
                0x0000bae4       0x38 ../../lib/libfileio.a(ff.o)
                                 0x18 (size before relaxing)
 .rodata.str1.1
                0x0000bb1c        0xf ../../lib/libc68k.a(sprintf.o)
 .rodata.str1.1
                0x0000bb1c       0x20 ../../lib/libc68k.a(printf.o)
                0x0000bb3c                        . = ALIGN (0x2)

.data           0x00080004       0x60 load address 0x0000bb1c
                0x00080004                        . = ALIGN (0x2)
                0x00080004                        __data_start = .
 *(.data*)
 .data          0x00080004        0x0 ../../libc/obj/orion68_startup.o
 .data          0x00080004        0x0 orion68.o
 .data          0x00080004        0x0 vectors.o
 .data          0x00080004        0x0 console.o
 .data          0x00080004        0x0 trap12.o
 .data          0x00080004        0x0 timers.o
 .data          0x00080004        0x0 interrupt.o
 .data          0x00080004        0x0 ./dump/mem_dump.o
 .data          0x00080004        0x0 ./shell/io.o
 .data          0x00080004        0x0 ./shell/picow.o
 .data          0x00080004        0x0 ./shell/elf_loader.o
 .data          0x00080004       0x50 ./shell/printerro.o
 .data          0x00080054        0x0 ./shell/commands.o
 .data          0x00080054        0x8 ./shell/decodecmd.o
 .data          0x0008005c        0x0 ./shell/crc32.o
 .data          0x0008005c        0x1 ./shell/cmd_repeat.o
 *fill*         0x0008005d        0x3 
 .data          0x00080060        0x0 ./shell/vid_ram_bios.o
 .data          0x00080060        0x4 ./kbd/ringbuffer.o
 .data          0x00080064        0x0 ./rtc/i2cbb.o
 .data          0x00080064        0x0 ./uarts/drv_uart0.o
 .data          0x00080064        0x0 ./duart/duart.o
 .data          0x00080064        0x0 ./ide/ata.o
 .data          0x00080064        0x0 ./ide/diskio.o
 .data          0x00080064        0x0 vectors_asm.o
 .data          0x00080064        0x0 trap2_asm.o
 .data          0x00080064        0x0 trap4_asm.o
 .data          0x00080064        0x0 trap12_asm.o
 .data          0x00080064        0x0 cpm_bios.o
 .data          0x00080064        0x0 ../../lib/libfileio.a(ff.o)
 .data          0x00080064        0x0 ../../lib/libc68k.a(strchr.o)
 .data          0x00080064        0x0 ../../lib/libc68k.a(memcpy.o)
 .data          0x00080064        0x0 ../../lib/libc68k.a(malloc.o)
 .data          0x00080064        0x0 ../../lib/libc68k.a(memcmp.o)
 .data          0x00080064        0x0 ../../lib/libc68k.a(strlen.o)
 .data          0x00080064        0x0 ../../lib/libc68k.a(memset.o)
 .data          0x00080064        0x0 ../../lib/libc68k.a(strcat.o)
 .data          0x00080064        0x0 ../../lib/libc68k.a(strcpy.o)
 .data          0x00080064        0x0 ../../lib/libc68k.a(putchar.o)
 .data          0x00080064        0x0 ../../lib/libc68k.a(sprintf.o)
 .data          0x00080064        0x0 ../../lib/libc68k.a(puts.o)
 .data          0x00080064        0x0 ../../lib/libc68k.a(printf.o)
 .data          0x00080064        0x0 ../../lib/libc68k.a(__mulsi3.o)
 .data          0x00080064        0x0 ../../lib/libc68k.a(__umodsi3.o)
 .data          0x00080064        0x0 ../../lib/libc68k.a(__udivsi3.o)
 .data          0x00080064        0x0 ../../lib/libc68k.a(strtoul.o)
 .data          0x00080064        0x0 ../../lib/libc68k.a(isspace.o)
 .data          0x00080064        0x0 ../../lib/libc68k.a(atoi.o)
 .data          0x00080064        0x0 ../../lib/libc68k.a(strcasecmp.o)
 .data          0x00080064        0x0 ../../lib/libc68k.a(strtol.o)
 .data          0x00080064        0x0 ../../lib/libvideo.a(vga_video.o)
                0x00080064                        . = ALIGN (0x2)
                0x00080064                        __data_end = .

.mram           0x00080064        0xc load address 0x0000bb7c
 *(?.mram)
 .mram          0x00080064        0xc orion68.o
                0x00080064                systemTick
                0x00080068                tick_count
                0x0008006c                flg_system
                0x0000bb1c                        __data_load_start = LOADADDR (.data)

.bss            0x00080070      0xdbc load address 0x0000bb7c
                0x00080070                        . = ALIGN (0x2)
                0x00080070                        __bss_start = .
 *(.bss*)
 .bss           0x00080070        0x0 ../../libc/obj/orion68_startup.o
 .bss           0x00080070      0x3bc orion68.o
                0x00080070                sys_flags
                0x00080072                FatFs
                0x000802ac                g_cmd_buffer
                0x0008032c                buffer
                0x000803ac                syspath
 .bss           0x0008042c        0x0 vectors.o
 .bss           0x0008042c        0x8 console.o
                0x0008042c                cconin
                0x00080430                cconout
 .bss           0x00080434        0x0 trap12.o
 .bss           0x00080434       0x1c timers.o
                0x00080434                g_timers
                0x00080448                g_tick_count
 .bss           0x00080450        0x0 interrupt.o
 .bss           0x00080450        0x0 ./dump/mem_dump.o
 .bss           0x00080450        0x0 ./shell/io.o
 .bss           0x00080450        0x0 ./shell/picow.o
 .bss           0x00080450        0x0 ./shell/elf_loader.o
 .bss           0x00080450        0x0 ./shell/printerro.o
 .bss           0x00080450      0x270 ./shell/commands.o
 .bss           0x000806c0        0x4 ./shell/decodecmd.o
 .bss           0x000806c4      0x400 ./shell/crc32.o
 .bss           0x00080ac4      0x1a5 ./shell/cmd_repeat.o
 *fill*         0x00080c69        0x3 
 .bss           0x00080c6c        0x0 ./shell/vid_ram_bios.o
 .bss           0x00080c6c      0x106 ./kbd/ringbuffer.o
 *fill*         0x00080d72        0x2 
 .bss           0x00080d74        0x0 ./rtc/i2cbb.o
 .bss           0x00080d74        0x0 ./uarts/drv_uart0.o
 .bss           0x00080d74        0x1 ./duart/duart.o
 *fill*         0x00080d75        0x3 
 .bss           0x00080d78       0x29 ./ide/ata.o
                0x00080d78                drives
                0x00080da0                ide_bus_mode
 *fill*         0x00080da1        0x3 
 .bss           0x00080da4       0x64 ./ide/diskio.o
 .bss           0x00080e08        0x0 vectors_asm.o
 .bss           0x00080e08        0x0 trap2_asm.o
 .bss           0x00080e08        0x0 trap4_asm.o
 .bss           0x00080e08        0x0 trap12_asm.o
 .bss           0x00080e08        0x0 cpm_bios.o
 .bss           0x00080e08        0xe ../../lib/libfileio.a(ff.o)
 *fill*         0x00080e16        0x2 
 .bss           0x00080e18        0x0 ../../lib/libc68k.a(strchr.o)
 .bss           0x00080e18        0x0 ../../lib/libc68k.a(memcpy.o)
 .bss           0x00080e18       0x14 ../../lib/libc68k.a(malloc.o)
 .bss           0x00080e2c        0x0 ../../lib/libc68k.a(memcmp.o)
 .bss           0x00080e2c        0x0 ../../lib/libc68k.a(strlen.o)
 .bss           0x00080e2c        0x0 ../../lib/libc68k.a(memset.o)
 .bss           0x00080e2c        0x0 ../../lib/libc68k.a(strcat.o)
 .bss           0x00080e2c        0x0 ../../lib/libc68k.a(strcpy.o)
 .bss           0x00080e2c        0x0 ../../lib/libc68k.a(putchar.o)
 .bss           0x00080e2c        0x0 ../../lib/libc68k.a(sprintf.o)
 .bss           0x00080e2c        0x0 ../../lib/libc68k.a(puts.o)
 .bss           0x00080e2c        0x0 ../../lib/libc68k.a(printf.o)
 .bss           0x00080e2c        0x0 ../../lib/libc68k.a(__mulsi3.o)
 .bss           0x00080e2c        0x0 ../../lib/libc68k.a(__umodsi3.o)
 .bss           0x00080e2c        0x0 ../../lib/libc68k.a(__udivsi3.o)
 .bss           0x00080e2c        0x0 ../../lib/libc68k.a(strtoul.o)
 .bss           0x00080e2c        0x0 ../../lib/libc68k.a(isspace.o)
 .bss           0x00080e2c        0x0 ../../lib/libc68k.a(atoi.o)
 .bss           0x00080e2c        0x0 ../../lib/libc68k.a(strcasecmp.o)
 .bss           0x00080e2c        0x0 ../../lib/libc68k.a(strtol.o)
 .bss           0x00080e2c        0x0 ../../lib/libvideo.a(vga_video.o)
 *(COMMON)
                0x00080e2c                        . = ALIGN (0x2)
                0x00080e2c                        __bss_end = .
                0x00100000                        _stack_end = 0x100000
                0x000fe000                        _stack_start = (_stack_end - 0x2000)

/DISCARD/
 *(.comment)
 *(.note*)
 *(.align*)
LOAD ../../libc/obj/orion68_startup.o
LOAD orion68.o
LOAD vectors.o
LOAD console.o
LOAD trap12.o
LOAD timers.o
LOAD interrupt.o
LOAD ./dump/mem_dump.o
LOAD ./shell/io.o
LOAD ./shell/picow.o
LOAD ./shell/elf_loader.o
LOAD ./shell/printerro.o
LOAD ./shell/commands.o
LOAD ./shell/decodecmd.o
LOAD ./shell/crc32.o
LOAD ./shell/cmd_repeat.o
LOAD ./shell/vid_ram_bios.o
LOAD ./kbd/ringbuffer.o
LOAD ./rtc/i2cbb.o
LOAD ./uarts/drv_uart0.o
LOAD ./duart/duart.o
LOAD ./ide/ata.o
LOAD ./ide/diskio.o
LOAD vectors_asm.o
LOAD trap2_asm.o
LOAD trap4_asm.o
LOAD trap12_asm.o
LOAD cpm_bios.o
LOAD ../../lib/libfileio.a
LOAD ../../lib/libc68k.a
LOAD ../../lib/libvideo.a
OUTPUT(orion68.elf elf32-m68k)
