Archive member included to satisfy reference by file (symbol)

../../lib/libc68k.a(strchr.o)
                              ./fatfs/ff.o (strchr)
../../lib/libc68k.a(memcpy.o)
                              ./shell/elf_loader.o (memcpy)
../../lib/libc68k.a(malloc.o)
                              ./shell/commands.o (free)
../../lib/libc68k.a(memcmp.o)
                              ./shell/decodecmd.o (memcmp)
../../lib/libc68k.a(strlen.o)
                              ./shell/commands.o (strlen)
../../lib/libc68k.a(memset.o)
                              ./shell/elf_loader.o (memset)
../../lib/libc68k.a(strcat.o)
                              ./shell/commands.o (strcat)
../../lib/libc68k.a(strcpy.o)
                              ./shell/commands.o (strcpy)
../../lib/libc68k.a(putchar.o)
                              ./shell/commands.o (putchar)
../../lib/libc68k.a(sprintf.o)
                              ./shell/commands.o (sprintf)
../../lib/libc68k.a(printf.o)
                              ../../lib/libc68k.a(sprintf.o) (itox)
../../lib/libc68k.a(__mulsi3.o)
                              ./shell/elf_loader.o (__mulsi3)
../../lib/libc68k.a(__umodsi3.o)
                              ./shell/commands.o (__umodsi3)
../../lib/libc68k.a(__udivsi3.o)
                              ./shell/commands.o (__udivsi3)
../../lib/libc68k.a(strtoul.o)
                              ./shell/commands.o (strtoul)
../../lib/libc68k.a(isspace.o)
                              ./shell/decodecmd.o (isspace)
../../lib/libc68k.a(atoi.o)   ./shell/commands.o (atoi)
../../lib/libc68k.a(strcasecmp.o)
                              ./shell/decodecmd.o (strcasecmp)
../../lib/libc68k.a(puts.o)   ../../lib/libc68k.a(printf.o) (puts)
../../lib/libc68k.a(strtol.o)
                              ../../lib/libc68k.a(atoi.o) (strtol)

Discarded input sections

 .comment       0x00000000       0x13 orion68.o
 .comment       0x00000000       0x13 vectors.o
 .comment       0x00000000       0x13 console.o
 .comment       0x00000000       0x13 ./dump/mem_dump.o
 .comment       0x00000000       0x13 ./shell/io.o
 .comment       0x00000000       0x13 ./shell/picow.o
 .comment       0x00000000       0x13 ./shell/elf_loader.o
 .comment       0x00000000       0x13 ./shell/printerro.o
 .comment       0x00000000       0x13 ./shell/commands.o
 .comment       0x00000000       0x13 ./shell/decodecmd.o
 .comment       0x00000000       0x13 ./shell/crc32.o
 .comment       0x00000000       0x13 ./shell/cmd_repeat.o
 .comment       0x00000000       0x13 ./kbd/drv_kbd.o
 .comment       0x00000000       0x13 ./kbd/ringbuffer.o
 .comment       0x00000000       0x13 ./rtc/rp5c01a.o
 .comment       0x00000000       0x13 ./picoVga/drv_picoVga.o
 .comment       0x00000000       0x13 ./uarts/drv_uart0.o
 .comment       0x00000000       0x13 ./duart/duart.o
 .comment       0x00000000       0x13 ./ide/ata.o
 .comment       0x00000000       0x13 ./fatfs/ff.o
 .comment       0x00000000       0x13 ./fatfs/ffsystem.o
 .comment       0x00000000       0x13 ./fatfs/diskio.o
 .comment       0x00000000       0x13 ./tst_fat/tstfat.o
 .comment       0x00000000       0x13 timers.o
 .comment       0x00000000       0x13 interrupt.o
 .comment       0x00000000       0x13 ../../lib/libc68k.a(strchr.o)
 .comment       0x00000000       0x13 ../../lib/libc68k.a(memcpy.o)
 .comment       0x00000000       0x13 ../../lib/libc68k.a(malloc.o)
 .comment       0x00000000       0x13 ../../lib/libc68k.a(memcmp.o)
 .comment       0x00000000       0x13 ../../lib/libc68k.a(strlen.o)
 .comment       0x00000000       0x13 ../../lib/libc68k.a(memset.o)
 .comment       0x00000000       0x13 ../../lib/libc68k.a(strcat.o)
 .comment       0x00000000       0x13 ../../lib/libc68k.a(strcpy.o)
 .comment       0x00000000       0x13 ../../lib/libc68k.a(putchar.o)
 .comment       0x00000000       0x13 ../../lib/libc68k.a(sprintf.o)
 .comment       0x00000000       0x13 ../../lib/libc68k.a(printf.o)
 .comment       0x00000000       0x13 ../../lib/libc68k.a(__mulsi3.o)
 .comment       0x00000000       0x13 ../../lib/libc68k.a(__umodsi3.o)
 .comment       0x00000000       0x13 ../../lib/libc68k.a(__udivsi3.o)
 .comment       0x00000000       0x13 ../../lib/libc68k.a(strtoul.o)
 .comment       0x00000000       0x13 ../../lib/libc68k.a(isspace.o)
 .comment       0x00000000       0x13 ../../lib/libc68k.a(atoi.o)
 .comment       0x00000000       0x13 ../../lib/libc68k.a(strcasecmp.o)
 .comment       0x00000000       0x13 ../../lib/libc68k.a(puts.o)
 .comment       0x00000000       0x13 ../../lib/libc68k.a(strtol.o)

Memory Configuration

Name             Origin             Length             Attributes
ROM              0x00000000         0x00010000         xr
RAM              0x00080004         0x00080000         xrw
*default*        0x00000000         0xffffffff

Linker script and memory map

                0x00000000                        . = 0x0

.vectors        0x00000000        0x0
 *(.vectors)
                0x00000000                        . = ALIGN (0x400)

.text           0x00000000     0xdc7a
                0x00000000                        . = ALIGN (0x2)
 *(.text*)
 .text          0x00000000      0x2c4 ../../obj/orion68_startup.o
                0x000000c0                _start
                0x000001a2                UartWriteCh
                0x000001a6                UartWrCh
                0x000001ce                uart0_initialize
                0x0000021a                printString
                0x0000024c                _delay_ms
 .text          0x000002c4      0x2b4 orion68.o
                0x000002c4                executar_xmodem
                0x000002e4                clr_flg_program_loaded
                0x000002fa                set_flg_program_loaded
                0x0000030e                get_flg_program_loaded
                0x0000031a                print_msg
                0x00000356                write_string
                0x00000388                display_prompt
                0x0000040c                main
 .text          0x00000578       0xec vectors.o
                0x00000590                TRAP14_Handler
                0x0000063a                get_system_tick
 .text          0x00000664       0x2c console.o
                0x00000664                set_console_output
                0x00000676                set_console_input
                0x00000688                enable_interrupts
 .text          0x00000690      0x66a ./dump/mem_dump.o
                0x00000690                dump_memory
                0x0000090e                dump_memory2
                0x00000b92                dump_memory_by_addr
 *fill*         0x00000cfa        0x2 
 .text          0x00000cfc       0x54 ./shell/io.o
                0x00000cfc                get_key
                0x00000d26                _putchar_hex
 .text          0x00000d50      0x49a ./shell/picow.o
                0x00000d50                receber_arquivo_do_pico
                0x00000f88                send_sector_low
                0x00000fb2                send_sector_high
                0x00000fdc                send_read_cmd
                0x00001002                read_sector
                0x00001062                get_crc
                0x000010ca                receber_setor_do_pico
                0x000011ce                pico_write_ch
 *fill*         0x000011ea        0x2 
 .text          0x000011ec      0x322 ./shell/elf_loader.o
                0x000011ec                carregar_elf32
                0x0000132c                carregar_elf32_fatfs
 *fill*         0x0000150e        0x2 
 .text          0x00001510       0x44 ./shell/printerro.o
                0x00001510                printerro
 .text          0x00001554     0x17f0 ./shell/commands.o
                0x000015c4                do_help
                0x00001654                do_notimplemented
                0x00001666                do_runelf_fromhd
                0x00001694                do_runelf
                0x000016d0                do_dump
                0x00001722                serial_has_char
                0x00001726                do_srecord
                0x000017de                do_binfile
                0x0000195e                do_binmem
                0x00001a6a                do_ideinit
                0x00001aae                do_idemode
                0x00001b00                do_run
                0x00001b2c                do_writemem
                0x00001d46                do_ls
                0x00001f76                do_delete
                0x00001fa2                do_exit
                0x00001fc8                do_mkdir
                0x000020b0                do_rmdir
                0x000021c0                do_rename
                0x00002216                do_cd
                0x0000223e                do_dir
                0x00002248                do_shst
                0x00002262                do_loadmem
                0x000023a0                do_copyfile
                0x00002554                do_cat
                0x0000268c                do_time
                0x00002774                do_tstkbd
                0x00002990                do_uptime
                0x00002a64                do_ehbasic
                0x00002a68                do_readsect
                0x00002a9c                do_writesect
                0x00002ad0                do_writemem1
                0x00002bdc                do_save
 .text          0x00002d44      0xc3e ./shell/decodecmd.o
                0x00002d44                getline
                0x0000301a                process_command_builtin
                0x00003182                load_elf_executable
                0x0000357a                open_executable_file
                0x0000369e                process_command_executable
                0x00003822                process_command
                0x00003866                execute_cmd
 *fill*         0x00003982        0x2 
 .text          0x00003984       0xfc ./shell/crc32.o
                0x00003984                crc32_init
                0x000039f6                crc32_update
                0x00003a68                crc32_calculate
 .text          0x00003a80      0x4d4 ./shell/cmd_repeat.o
                0x00003a80                hist_add
                0x00003f02                keyboard_handler
 .text          0x00003f54      0x78c ./kbd/drv_kbd.o
                0x00003fb2                liga_debug
                0x00003fca                init_kbd
                0x00004268                get_packet
                0x000044c6                get_kbd_key
                0x000045e8                ch9350_shut_up
                0x000045f6                get_char
                0x000046be                print_capslock
 .text          0x000046e0      0x132 ./kbd/ringbuffer.o
                0x000046e0                ring_buf_init
                0x00004708                ring_buf_get
                0x00004744                ring_buf_put
                0x000047a4                ring_buf_is_empty
                0x000047c0                ring_buf_is_full
                0x000047ea                ring_buf_get_char
 *fill*         0x00004812        0x2 
 .text          0x00004814      0x556 ./rtc/rp5c01a.o
                0x00004848                get_fattime
                0x00004a00                set_rtc_time
                0x00004c08                rtc_delay
                0x00004c28                rtc_write_config_byte
                0x00004c64                rtc_read_config_byte
                0x00004c9a                ler_segundo
                0x00004cd2                rtc_inicializar
 *fill*         0x00004d6a        0x2 
 .text          0x00004d6c      0x142 ./picoVga/drv_picoVga.o
                0x00004d6c                init_picoVga
                0x00004d70                run_cmd
                0x00004d98                picovga_putchar
                0x00004dc4                picovga_gotoxy
                0x00004e3a                picovga_gohome
                0x00004e48                picovga_set_color
                0x00004e94                clrscr
 *fill*         0x00004eae        0x2 
 .text          0x00004eb0      0x248 ./uarts/drv_uart0.o
                0x00004eb0                uart0_debug_char
                0x00004ee2                uart0_init
                0x00004f22                uart0_write
                0x00004f60                uart0_read
                0x00004f98                uart0_read_timeout
                0x00004ffc                _inbyte
                0x0000507c                _outbyte
                0x000050ba                uart0_write_string
                0x000050ea                uart0_flush
 .text          0x000050f8      0x1ea ./duart/duart.o
                0x000050f8                duart_clock_115200_setup
                0x00005122                duart_uartA_init
                0x00005176                duart_uartB_init
                0x000051c0                duart_uartA_putc
                0x000051f4                duart_uartA_getc
                0x00005216                duart_uartB_putc
                0x0000524a                duart_uartB_getc
                0x0000526c                duart_opr_init
                0x00005284                duart_led_op3_on
                0x000052a0                duart_led_op3_off
                0x000052bc                duart_led_op3_toggle
 *fill*         0x000052e2        0x2 
 .text          0x000052e4      0x892 ./ide/ata.o
                0x000052f8                set_ide_bus_mode
                0x00005338                go_8bits_mode
                0x000053ae                ata_detect
                0x0000546c                ata_read_sector
                0x00005620                ata_write_sector
                0x000057d4                read_partition_table
                0x000058be                ata_init
                0x00005950                ata_disk_status
                0x00005960                ata_disk_initialize
                0x00005970                ata_wait_not_busy
                0x000059b2                ata_wait_for_data
                0x000059f4                ata_read_identity
 *fill*         0x00005b76        0x2 
 .text          0x00005b78     0x412e ./fatfs/ff.o
                0x00007ce0                f_mount
                0x00007d9e                f_open
                0x0000817e                f_read
                0x00008502                f_write
                0x00008920                f_sync
                0x00008a78                f_close
                0x00008aae                f_chdrive
                0x00008ad2                f_chdir
                0x00008b76                f_getcwd
                0x00008dc4                f_lseek
                0x00009148                f_opendir
                0x0000921c                f_closedir
                0x00009242                f_readdir
                0x000092e2                f_stat
                0x0000935c                f_getfree
                0x00009504                f_truncate
                0x000096b2                f_unlink
                0x00009810                f_mkdir
                0x00009a52                f_rename
 *fill*         0x00009ca6        0x2 
 .text          0x00009ca8        0x0 ./fatfs/ffsystem.o
 .text          0x00009ca8      0x220 ./fatfs/diskio.o
                0x00009ca8                disk_status
                0x00009cc0                disk_initialize
                0x00009cd6                disk_read
                0x00009d54                disk_write
                0x00009dd2                disk_ioctl
 .text          0x00009ec8      0x44e ./tst_fat/tstfat.o
                0x00009ec8                listar_diretorio_raiz
                0x0000a084                open_dir
                0x0000a13e                ler_e_exibir_joblog
                0x0000a2cc                le_setor
                0x0000a2fa                wr_setor
 *fill*         0x0000a316        0x2 
 .text          0x0000a318      0x32a timers.o
                0x0000a318                delay10ms
                0x0000a33a                cpu_delay
                0x0000a356                init_timer
                0x0000a376                get_tick_count
                0x0000a37e                add_timer
                0x0000a416                delete_timer
                0x0000a462                start_timer
                0x0000a4e2                stop_timer
                0x0000a516                reset_timer
                0x0000a564                set_interval
                0x0000a598                update_timers
 *fill*         0x0000a642        0x2 
 .text          0x0000a644        0x0 interrupt.o
 .text          0x0000a644      0x168 ./xmodem/xmodem_asm.o
                0x0000a682                xmodem_receive
 .text          0x0000a7ac       0xf8 vectors_asm.o
                0x0000a7ac                SvcBusError
                0x0000a7ac                Svcaddress_err
                0x0000a7b4                TrapFHandler
                0x0000a7b4                SpuriousHandler
                0x0000a7b4                SvcTrace
                0x0000a7b4                TrapBHandler
                0x0000a7b4                Int1Handler
                0x0000a7b4                TrapAHandler
                0x0000a7b4                SvcChkIns
                0x0000a7b4                Trap4Handler
                0x0000a7b4                Trap9Handler
                0x0000a7b4                Int5Handler
                0x0000a7b4                SvcDiv0_handler
                0x0000a7b4                Int7Handler
                0x0000a7b4                SvcIllegalIns
                0x0000a7b4                SvcLineA
                0x0000a7b4                SvcPrivViolation
                0x0000a7b4                Trap8Handler
                0x0000a7b4                Int6Handler
                0x0000a7b4                Trap2Handler
                0x0000a7b4                bad_exception
                0x0000a7b4                Trap3Handler
                0x0000a7b4                Trap7Handler
                0x0000a7b4                Trap0Handler
                0x0000a7b4                SvcLineF
                0x0000a7b4                TrapCHandler
                0x0000a7b4                SvcTrapvIns
                0x0000a7b4                Trap5Handler
                0x0000a7b4                Trap6Handler
                0x0000a7b6                TrapDHandler
                0x0000a7b8                Int2Handler
                0x0000a7fe                Int3Handler
                0x0000a81e                Int4Handler
                0x0000a83e                Trap1Handler
                0x0000a88e                TrapEHandler
 .text          0x0000a8a4       0x1c ../../lib/libc68k.a(strchr.o)
                0x0000a8a4                strchr
 .text          0x0000a8c0       0x1e ../../lib/libc68k.a(memcpy.o)
                0x0000a8c0                memcpy
 *fill*         0x0000a8de        0x2 
 .text          0x0000a8e0      0x360 ../../lib/libc68k.a(malloc.o)
                0x0000aa94                malloc_init
                0x0000ab0a                free
                0x0000ab56                malloc
                0x0000ab6a                calloc
                0x0000abca                malloc_num_free
                0x0000abe4                malloc_num_used
                0x0000ac00                malloc_num_fresh
                0x0000ac1c                malloc_check
 .text          0x0000ac40       0x3c ../../lib/libc68k.a(memcmp.o)
                0x0000ac40                memcmp
 .text          0x0000ac7c       0x12 ../../lib/libc68k.a(strlen.o)
                0x0000ac7c                strlen
 *fill*         0x0000ac8e        0x2 
 .text          0x0000ac90       0x16 ../../lib/libc68k.a(memset.o)
                0x0000ac90                memset
 *fill*         0x0000aca6        0x2 
 .text          0x0000aca8       0x26 ../../lib/libc68k.a(strcat.o)
                0x0000aca8                strcat
 *fill*         0x0000acce        0x2 
 .text          0x0000acd0       0x18 ../../lib/libc68k.a(strcpy.o)
                0x0000acd0                strcpy
 .text          0x0000ace8       0x2a ../../lib/libc68k.a(putchar.o)
                0x0000ace8                kbd_getchar
                0x0000acf8                putchar
 *fill*         0x0000ad12        0x2 
 .text          0x0000ad14      0x206 ../../lib/libc68k.a(sprintf.o)
                0x0000ad14                sprintf
 *fill*         0x0000af1a        0x2 
 .text          0x0000af1c      0x3a6 ../../lib/libc68k.a(printf.o)
                0x0000af1c                itox
                0x0000af66                itodec
                0x0000afc4                itooct
                0x0000b00a                itoudec
                0x0000b05c                pad_zeros
                0x0000b0a0                printf
 *fill*         0x0000b2c2        0x2 
 .text          0x0000b2c4       0x36 ../../lib/libc68k.a(__mulsi3.o)
                0x0000b2c4                __mulsi3
 *fill*         0x0000b2fa        0x2 
 .text          0x0000b2fc       0x2c ../../lib/libc68k.a(__umodsi3.o)
                0x0000b2fc                __umodsi3
 .text          0x0000b328       0x3a ../../lib/libc68k.a(__udivsi3.o)
                0x0000b328                __udivsi3
 *fill*         0x0000b362        0x2 
 .text          0x0000b364      0x148 ../../lib/libc68k.a(strtoul.o)
                0x0000b364                strtoul
 .text          0x0000b4ac        0xc ../../lib/libc68k.a(isspace.o)
                0x0000b4ac                isspace
 .text          0x0000b4b8       0x16 ../../lib/libc68k.a(atoi.o)
                0x0000b4b8                atoi
 *fill*         0x0000b4ce        0x2 
 .text          0x0000b4d0       0x54 ../../lib/libc68k.a(strcasecmp.o)
                0x0000b4d0                strcasecmp
 .text          0x0000b524       0x26 ../../lib/libc68k.a(puts.o)
                0x0000b524                puts
 *fill*         0x0000b54a        0x2 
 .text          0x0000b54c       0x32 ../../lib/libc68k.a(strtol.o)
                0x0000b54c                strtol
 *(.rodata)
 .rodata        0x0000b57e      0x1c9 orion68.o
                0x0000b5b2                MsgOrionInit
 .rodata        0x0000b747       0x51 vectors.o
 .rodata        0x0000b798      0x2d6 ./dump/mem_dump.o
 .rodata        0x0000ba6e        0x5 ./shell/io.o
 .rodata        0x0000ba73      0x150 ./shell/picow.o
 .rodata        0x0000bbc3      0x2fa ./shell/printerro.o
 .rodata        0x0000bebd      0x981 ./shell/commands.o
 .rodata        0x0000c83e      0xc0f ./shell/decodecmd.o
                0x0000c83e                g_elf_header_bytes
                0x0000ce78                g_cmd_table
 .rodata        0x0000d44d      0x2cd ./kbd/drv_kbd.o
                0x0000d44d                OE_BASE_KEYMAP
                0x0000d4cd                OE_SHIFT_KEYMAP
                0x0000d54d                OE_CTRL_KEYMAP
                0x0000d5cd                OE_ALT_KEYMAP
                0x0000d64d                OE_ALTGR_KEYMAP
 .rodata        0x0000d71a       0x48 ./rtc/rp5c01a.o
 .rodata        0x0000d762       0x2d ./uarts/drv_uart0.o
 .rodata        0x0000d78f       0x11 ./duart/duart.o
 .rodata        0x0000d7a0      0x1ec ./ide/ata.o
 .rodata        0x0000d98c       0x98 ./fatfs/ff.o
 .rodata        0x0000da24       0x2d ./fatfs/diskio.o
 .rodata        0x0000da51      0x200 ./tst_fat/tstfat.o
 *fill*         0x0000dc51        0x1 
 .rodata        0x0000dc52       0x28 ../../lib/libc68k.a(printf.o)
                0x0000dc7a                        . = ALIGN (0x2)

.rodata         0x0000dc7a       0x20
                0x0000dc7a                        . = ALIGN (0x2)
 *(.rodata*)
 .rodata.str1.1
                0x0000dc7a       0x20 ../../lib/libc68k.a(sprintf.o)
                                  0xf (size before relaxing)
 .rodata.str1.1
                0x0000dc9a       0x20 ../../lib/libc68k.a(printf.o)
                0x0000dcba                        . = ALIGN (0x2)

.data           0x00080004       0x60 load address 0x0000dc9a
                0x00080004                        . = ALIGN (0x2)
                0x00080004                        __data_start = .
 *(.data*)
 .data          0x00080004        0x0 ../../obj/orion68_startup.o
 .data          0x00080004        0x0 orion68.o
 .data          0x00080004        0x0 vectors.o
 .data          0x00080004        0x0 console.o
 .data          0x00080004        0x0 ./dump/mem_dump.o
 .data          0x00080004        0x0 ./shell/io.o
 .data          0x00080004        0x0 ./shell/picow.o
 .data          0x00080004        0x0 ./shell/elf_loader.o
 .data          0x00080004       0x50 ./shell/printerro.o
 .data          0x00080054        0x0 ./shell/commands.o
 .data          0x00080054        0x8 ./shell/decodecmd.o
 .data          0x0008005c        0x0 ./shell/crc32.o
 .data          0x0008005c        0x1 ./shell/cmd_repeat.o
 *fill*         0x0008005d        0x3 
 .data          0x00080060        0x0 ./kbd/drv_kbd.o
 .data          0x00080060        0x4 ./kbd/ringbuffer.o
 .data          0x00080064        0x0 ./rtc/rp5c01a.o
 .data          0x00080064        0x0 ./picoVga/drv_picoVga.o
 .data          0x00080064        0x0 ./uarts/drv_uart0.o
 .data          0x00080064        0x0 ./duart/duart.o
 .data          0x00080064        0x0 ./ide/ata.o
 .data          0x00080064        0x0 ./fatfs/ff.o
 .data          0x00080064        0x0 ./fatfs/ffsystem.o
 .data          0x00080064        0x0 ./fatfs/diskio.o
 .data          0x00080064        0x0 ./tst_fat/tstfat.o
 .data          0x00080064        0x0 timers.o
 .data          0x00080064        0x0 interrupt.o
 .data          0x00080064        0x0 ./xmodem/xmodem_asm.o
 .data          0x00080064        0x0 vectors_asm.o
 .data          0x00080064        0x0 ../../lib/libc68k.a(strchr.o)
 .data          0x00080064        0x0 ../../lib/libc68k.a(memcpy.o)
 .data          0x00080064        0x0 ../../lib/libc68k.a(malloc.o)
 .data          0x00080064        0x0 ../../lib/libc68k.a(memcmp.o)
 .data          0x00080064        0x0 ../../lib/libc68k.a(strlen.o)
 .data          0x00080064        0x0 ../../lib/libc68k.a(memset.o)
 .data          0x00080064        0x0 ../../lib/libc68k.a(strcat.o)
 .data          0x00080064        0x0 ../../lib/libc68k.a(strcpy.o)
 .data          0x00080064        0x0 ../../lib/libc68k.a(putchar.o)
 .data          0x00080064        0x0 ../../lib/libc68k.a(sprintf.o)
 .data          0x00080064        0x0 ../../lib/libc68k.a(printf.o)
 .data          0x00080064        0x0 ../../lib/libc68k.a(__mulsi3.o)
 .data          0x00080064        0x0 ../../lib/libc68k.a(__umodsi3.o)
 .data          0x00080064        0x0 ../../lib/libc68k.a(__udivsi3.o)
 .data          0x00080064        0x0 ../../lib/libc68k.a(strtoul.o)
 .data          0x00080064        0x0 ../../lib/libc68k.a(isspace.o)
 .data          0x00080064        0x0 ../../lib/libc68k.a(atoi.o)
 .data          0x00080064        0x0 ../../lib/libc68k.a(strcasecmp.o)
 .data          0x00080064        0x0 ../../lib/libc68k.a(puts.o)
 .data          0x00080064        0x0 ../../lib/libc68k.a(strtol.o)
                0x00080064                        . = ALIGN (0x2)
                0x00080064                        __data_end = .

.mram           0x00080064        0xc load address 0x0000dcfa
 *(?.mram)
 .mram          0x00080064        0xc orion68.o
                0x00080064                systemTick
                0x00080068                tick_count
                0x0008006c                flg_system
                0x0000dc9a                        __data_load_start = LOADADDR (.data)

.bss            0x00080070     0x1128 load address 0x0000dcfa
                0x00080070                        . = ALIGN (0x2)
                0x00080070                        __bss_start = .
 *(.bss*)
 .bss           0x00080070        0x0 ../../obj/orion68_startup.o
 .bss           0x00080070      0x3bc orion68.o
                0x00080070                sys_flags
                0x00080072                FatFs
                0x000802ac                g_cmd_buffer
                0x0008032c                buffer
                0x000803ac                syspath
 .bss           0x0008042c        0x0 vectors.o
 .bss           0x0008042c        0x8 console.o
                0x0008042c                cconin
                0x00080430                cconout
 .bss           0x00080434        0x0 ./dump/mem_dump.o
 .bss           0x00080434        0x0 ./shell/io.o
 .bss           0x00080434        0x0 ./shell/picow.o
 .bss           0x00080434        0x0 ./shell/elf_loader.o
 .bss           0x00080434        0x0 ./shell/printerro.o
 .bss           0x00080434      0x22a ./shell/commands.o
                0x00080434                basic_running
 *fill*         0x0008065e        0x2 
 .bss           0x00080660        0x4 ./shell/decodecmd.o
 .bss           0x00080664      0x400 ./shell/crc32.o
 .bss           0x00080a64      0x1a5 ./shell/cmd_repeat.o
 *fill*         0x00080c09        0x3 
 .bss           0x00080c0c       0x3b ./kbd/drv_kbd.o
                0x00080c0c                key_buffer
                0x00080c3c                cmd
                0x00080c3d                length
                0x00080c3e                type
                0x00080c3f                special_key_up
                0x00080c40                special_key_down
                0x00080c41                key_up
                0x00080c42                key_down
                0x00080c43                special_key_status
                0x00080c44                _CapsFlag
                0x00080c45                mod_caps
                0x00080c46                debug_pkt
 *fill*         0x00080c47        0x1 
 .bss           0x00080c48      0x106 ./kbd/ringbuffer.o
 *fill*         0x00080d4e        0x2 
 .bss           0x00080d50        0x0 ./rtc/rp5c01a.o
 .bss           0x00080d50        0x0 ./picoVga/drv_picoVga.o
 .bss           0x00080d50        0x0 ./uarts/drv_uart0.o
 .bss           0x00080d50        0x1 ./duart/duart.o
 *fill*         0x00080d51        0x3 
 .bss           0x00080d54       0x29 ./ide/ata.o
                0x00080d54                drives
                0x00080d7c                ide_bus_mode
 *fill*         0x00080d7d        0x3 
 .bss           0x00080d80        0xd ./fatfs/ff.o
 *fill*         0x00080d8d        0x3 
 .bss           0x00080d90        0x0 ./fatfs/ffsystem.o
 .bss           0x00080d90       0x64 ./fatfs/diskio.o
 .bss           0x00080df4      0x2f0 ./tst_fat/tstfat.o
                0x00080df4                Dir
                0x00080e22                Fno
                0x00080e3c                buffer_leitura
 .bss           0x000810e4       0x1c timers.o
                0x000810e4                g_timers
                0x000810f8                g_tick_count
 .bss           0x00081100        0x0 interrupt.o
 .bss           0x00081100       0x84 ./xmodem/xmodem_asm.o
 .bss           0x00081184        0x0 vectors_asm.o
 .bss           0x00081184        0x0 ../../lib/libc68k.a(strchr.o)
 .bss           0x00081184        0x0 ../../lib/libc68k.a(memcpy.o)
 .bss           0x00081184       0x14 ../../lib/libc68k.a(malloc.o)
 .bss           0x00081198        0x0 ../../lib/libc68k.a(memcmp.o)
 .bss           0x00081198        0x0 ../../lib/libc68k.a(strlen.o)
 .bss           0x00081198        0x0 ../../lib/libc68k.a(memset.o)
 .bss           0x00081198        0x0 ../../lib/libc68k.a(strcat.o)
 .bss           0x00081198        0x0 ../../lib/libc68k.a(strcpy.o)
 .bss           0x00081198        0x0 ../../lib/libc68k.a(putchar.o)
 .bss           0x00081198        0x0 ../../lib/libc68k.a(sprintf.o)
 .bss           0x00081198        0x0 ../../lib/libc68k.a(printf.o)
 .bss           0x00081198        0x0 ../../lib/libc68k.a(__mulsi3.o)
 .bss           0x00081198        0x0 ../../lib/libc68k.a(__umodsi3.o)
 .bss           0x00081198        0x0 ../../lib/libc68k.a(__udivsi3.o)
 .bss           0x00081198        0x0 ../../lib/libc68k.a(strtoul.o)
 .bss           0x00081198        0x0 ../../lib/libc68k.a(isspace.o)
 .bss           0x00081198        0x0 ../../lib/libc68k.a(atoi.o)
 .bss           0x00081198        0x0 ../../lib/libc68k.a(strcasecmp.o)
 .bss           0x00081198        0x0 ../../lib/libc68k.a(puts.o)
 .bss           0x00081198        0x0 ../../lib/libc68k.a(strtol.o)
 *(COMMON)
                0x00081198                        . = ALIGN (0x2)
                0x00081198                        __bss_end = .
                0x00100000                        _stack_end = 0x100000
                0x000fe000                        _stack_start = (_stack_end - 0x2000)

/DISCARD/
 *(.comment)
 *(.note*)
 *(.align*)
LOAD ../../obj/orion68_startup.o
LOAD orion68.o
LOAD vectors.o
LOAD console.o
LOAD ./dump/mem_dump.o
LOAD ./shell/io.o
LOAD ./shell/picow.o
LOAD ./shell/elf_loader.o
LOAD ./shell/printerro.o
LOAD ./shell/commands.o
LOAD ./shell/decodecmd.o
LOAD ./shell/crc32.o
LOAD ./shell/cmd_repeat.o
LOAD ./kbd/drv_kbd.o
LOAD ./kbd/ringbuffer.o
LOAD ./rtc/rp5c01a.o
LOAD ./picoVga/drv_picoVga.o
LOAD ./uarts/drv_uart0.o
LOAD ./duart/duart.o
LOAD ./ide/ata.o
LOAD ./fatfs/ff.o
LOAD ./fatfs/ffsystem.o
LOAD ./fatfs/diskio.o
LOAD ./tst_fat/tstfat.o
LOAD timers.o
LOAD interrupt.o
LOAD ./xmodem/xmodem_asm.o
LOAD vectors_asm.o
LOAD ../../lib/libc68k.a
OUTPUT(orion68.elf elf32-m68k)
