Archive member included to satisfy reference by file (symbol)

../../lib/libc68k.a(strchr.o)
                              ./fatfs/ff.o (strchr)
../../lib/libc68k.a(memcpy.o)
                              ./shell/elf_loader.o (memcpy)
../../lib/libc68k.a(malloc.o)
                              ./shell/commands.o (free)
../../lib/libc68k.a(memcmp.o)
                              ./shell/decodecmd.o (memcmp)
../../lib/libc68k.a(strlen.o)
                              ./shell/commands.o (strlen)
../../lib/libc68k.a(memset.o)
                              ./shell/elf_loader.o (memset)
../../lib/libc68k.a(strcat.o)
                              ./shell/commands.o (strcat)
../../lib/libc68k.a(strcpy.o)
                              ./shell/commands.o (strcpy)
../../lib/libc68k.a(putchar.o)
                              ./shell/commands.o (putchar)
../../lib/libc68k.a(sprintf.o)
                              ./shell/commands.o (sprintf)
../../lib/libc68k.a(printf.o)
                              ../../lib/libc68k.a(sprintf.o) (itox)
../../lib/libc68k.a(__mulsi3.o)
                              ./shell/elf_loader.o (__mulsi3)
../../lib/libc68k.a(__umodsi3.o)
                              ./shell/commands.o (__umodsi3)
../../lib/libc68k.a(__udivsi3.o)
                              ./shell/commands.o (__udivsi3)
../../lib/libc68k.a(strtoul.o)
                              ./shell/commands.o (strtoul)
../../lib/libc68k.a(isspace.o)
                              ./shell/decodecmd.o (isspace)
../../lib/libc68k.a(atoi.o)   ./shell/commands.o (atoi)
../../lib/libc68k.a(strcasecmp.o)
                              ./shell/decodecmd.o (strcasecmp)
../../lib/libc68k.a(puts.o)   ../../lib/libc68k.a(printf.o) (puts)
../../lib/libc68k.a(strtol.o)
                              ../../lib/libc68k.a(atoi.o) (strtol)

Discarded input sections

 .comment       0x00000000       0x13 orion68.o
 .comment       0x00000000       0x13 vectors.o
 .comment       0x00000000       0x13 console.o
 .comment       0x00000000       0x13 ./dump/mem_dump.o
 .comment       0x00000000       0x13 ./shell/io.o
 .comment       0x00000000       0x13 ./shell/picow.o
 .comment       0x00000000       0x13 ./shell/elf_loader.o
 .comment       0x00000000       0x13 ./shell/printerro.o
 .comment       0x00000000       0x13 ./shell/commands.o
 .comment       0x00000000       0x13 ./shell/decodecmd.o
 .comment       0x00000000       0x13 ./shell/crc32.o
 .comment       0x00000000       0x13 ./shell/cmd_repeat.o
 .comment       0x00000000       0x13 ./kbd/drv_kbd.o
 .comment       0x00000000       0x13 ./kbd/ringbuffer.o
 .comment       0x00000000       0x13 ./rtc/rp5c01a.o
 .comment       0x00000000       0x13 ./picoVga/drv_picoVga.o
 .comment       0x00000000       0x13 ./uarts/drv_uart0.o
 .comment       0x00000000       0x13 ./ide/ata.o
 .comment       0x00000000       0x13 ./fatfs/ff.o
 .comment       0x00000000       0x13 ./fatfs/ffsystem.o
 .comment       0x00000000       0x13 ./fatfs/diskio.o
 .comment       0x00000000       0x13 ./tst_fat/tstfat.o
 .comment       0x00000000       0x13 timers.o
 .comment       0x00000000       0x13 interrupt.o
 .comment       0x00000000       0x13 ../../lib/libc68k.a(strchr.o)
 .comment       0x00000000       0x13 ../../lib/libc68k.a(memcpy.o)
 .comment       0x00000000       0x13 ../../lib/libc68k.a(malloc.o)
 .comment       0x00000000       0x13 ../../lib/libc68k.a(memcmp.o)
 .comment       0x00000000       0x13 ../../lib/libc68k.a(strlen.o)
 .comment       0x00000000       0x13 ../../lib/libc68k.a(memset.o)
 .comment       0x00000000       0x13 ../../lib/libc68k.a(strcat.o)
 .comment       0x00000000       0x13 ../../lib/libc68k.a(strcpy.o)
 .comment       0x00000000       0x13 ../../lib/libc68k.a(putchar.o)
 .comment       0x00000000       0x13 ../../lib/libc68k.a(sprintf.o)
 .comment       0x00000000       0x13 ../../lib/libc68k.a(printf.o)
 .comment       0x00000000       0x13 ../../lib/libc68k.a(__mulsi3.o)
 .comment       0x00000000       0x13 ../../lib/libc68k.a(__umodsi3.o)
 .comment       0x00000000       0x13 ../../lib/libc68k.a(__udivsi3.o)
 .comment       0x00000000       0x13 ../../lib/libc68k.a(strtoul.o)
 .comment       0x00000000       0x13 ../../lib/libc68k.a(isspace.o)
 .comment       0x00000000       0x13 ../../lib/libc68k.a(atoi.o)
 .comment       0x00000000       0x13 ../../lib/libc68k.a(strcasecmp.o)
 .comment       0x00000000       0x13 ../../lib/libc68k.a(puts.o)
 .comment       0x00000000       0x13 ../../lib/libc68k.a(strtol.o)

Memory Configuration

Name             Origin             Length             Attributes
ROM              0x00000000         0x00010000         xr
RAM              0x00080004         0x00080000         xrw
*default*        0x00000000         0xffffffff

Linker script and memory map

                0x00000000                        . = 0x0

.vectors        0x00000000        0x0
 *(.vectors)
                0x00000000                        . = ALIGN (0x400)

.text           0x00000000     0xd184
                0x00000000                        . = ALIGN (0x2)
 *(.text*)
 .text          0x00000000      0x252 ../../obj/orion68_startup.o
                0x000000c0                _start
                0x0000015e                UartWrCh
                0x00000186                uart0_initialize
                0x00000200                _delay_ms
 *fill*         0x00000252        0x2 
 .text          0x00000254      0x220 orion68.o
                0x00000254                executar_xmodem
                0x00000274                clr_flg_program_loaded
                0x0000028a                set_flg_program_loaded
                0x0000029e                get_flg_program_loaded
                0x000002aa                print_msg
                0x000002e6                write_string
                0x00000318                display_prompt
                0x0000039c                main
 .text          0x00000474       0xec vectors.o
                0x0000048c                TRAP14_Handler
                0x00000536                get_system_tick
 .text          0x00000560       0x2c console.o
                0x00000560                set_console_output
                0x00000572                set_console_input
                0x00000584                enable_interrupts
 .text          0x0000058c      0x66a ./dump/mem_dump.o
                0x0000058c                dump_memory
                0x0000080a                dump_memory2
                0x00000a8e                dump_memory_by_addr
 *fill*         0x00000bf6        0x2 
 .text          0x00000bf8       0x54 ./shell/io.o
                0x00000bf8                get_key
                0x00000c22                _putchar_hex
 .text          0x00000c4c      0x476 ./shell/picow.o
                0x00000c4c                receber_arquivo_do_pico
                0x00000e7c                send_sector_low
                0x00000ea6                send_sector_high
                0x00000ed0                send_read_cmd
                0x00000ef6                read_sector
                0x00000f56                get_crc
                0x00000fbe                receber_setor_do_pico
 *fill*         0x000010c2        0x2 
 .text          0x000010c4      0x322 ./shell/elf_loader.o
                0x000010c4                carregar_elf32
                0x00001204                carregar_elf32_fatfs
 *fill*         0x000013e6        0x2 
 .text          0x000013e8       0x44 ./shell/printerro.o
                0x000013e8                printerro
 .text          0x0000142c     0x15cc ./shell/commands.o
                0x0000149c                do_help
                0x0000152c                do_notimplemented
                0x0000153e                do_runelf_fromhd
                0x0000156c                do_runelf
                0x000015a8                do_dump
                0x000015fa                serial_has_char
                0x000015fe                do_srecord
                0x000016b6                do_binfile
                0x00001836                do_binmem
                0x00001942                do_ideinit
                0x00001986                do_idemode
                0x000019d8                do_run
                0x00001a04                do_writemem
                0x00001c1e                do_ls
                0x00001e4e                do_delete
                0x00001e7a                do_exit
                0x00001ea0                do_mkdir
                0x00001f88                do_rmdir
                0x00002098                do_rename
                0x000020ee                do_cd
                0x00002116                do_dir
                0x00002120                do_shst
                0x0000213a                do_loadmem
                0x00002278                do_copyfile
                0x0000242c                do_cat
                0x00002564                do_time
                0x0000264c                do_tstkbd
                0x000027ac                do_uptime
                0x00002880                do_ehbasic
                0x00002884                do_readsect
                0x000028b8                do_writesect
                0x000028ec                do_writemem1
 .text          0x000029f8      0xc3e ./shell/decodecmd.o
                0x000029f8                getline
                0x00002cce                process_command_builtin
                0x00002e36                load_elf_executable
                0x0000322e                open_executable_file
                0x00003352                process_command_executable
                0x000034d6                process_command
                0x0000351a                execute_cmd
 *fill*         0x00003636        0x2 
 .text          0x00003638       0xfc ./shell/crc32.o
                0x00003638                crc32_init
                0x000036aa                crc32_update
                0x0000371c                crc32_calculate
 .text          0x00003734      0x4d4 ./shell/cmd_repeat.o
                0x00003734                hist_add
                0x00003bb6                keyboard_handler
 .text          0x00003c08      0x78c ./kbd/drv_kbd.o
                0x00003c66                liga_debug
                0x00003c7e                init_kbd
                0x00003f1c                get_packet
                0x0000417a                get_kbd_key
                0x0000429c                ch9350_shut_up
                0x000042aa                get_char
                0x00004372                print_capslock
 .text          0x00004394      0x10a ./kbd/ringbuffer.o
                0x00004394                ring_buf_init
                0x000043bc                ring_buf_get
                0x000043f8                ring_buf_put
                0x00004458                ring_buf_is_empty
                0x00004474                ring_buf_is_full
 *fill*         0x0000449e        0x2 
 .text          0x000044a0      0x556 ./rtc/rp5c01a.o
                0x000044d4                get_fattime
                0x0000468c                set_rtc_time
                0x00004894                rtc_delay
                0x000048b4                rtc_write_config_byte
                0x000048f0                rtc_read_config_byte
                0x00004926                ler_segundo
                0x0000495e                rtc_inicializar
 *fill*         0x000049f6        0x2 
 .text          0x000049f8      0x15a ./picoVga/drv_picoVga.o
                0x000049f8                init_picoVga
                0x000049fc                run_cmd
                0x00004a24                picovga_putchar
                0x00004a68                picovga_gotoxy
                0x00004ade                picovga_gohome
                0x00004aec                picovga_set_color
                0x00004b38                clrscr
 *fill*         0x00004b52        0x2 
 .text          0x00004b54      0x248 ./uarts/drv_uart0.o
                0x00004b54                uart0_debug_char
                0x00004b86                uart0_init
                0x00004bc6                uart0_write
                0x00004c04                uart0_read
                0x00004c3c                uart0_read_timeout
                0x00004ca0                _inbyte
                0x00004d20                _outbyte
                0x00004d5e                uart0_write_string
                0x00004d8e                uart0_flush
 .text          0x00004d9c      0x6e6 ./ide/ata.o
                0x00004db0                set_ide_bus_mode
                0x00004df0                go_8bits_mode
                0x00004e66                ata_detect
                0x00004f24                ata_read_sector
                0x000050d8                ata_write_sector
                0x000050e0                read_partition_table
                0x000051ca                ata_init
                0x0000525c                ata_disk_status
                0x0000526c                ata_disk_initialize
                0x0000527c                ata_wait_not_busy
                0x000052be                ata_wait_for_data
                0x00005300                ata_read_identity
 *fill*         0x00005482        0x2 
 .text          0x00005484     0x412e ./fatfs/ff.o
                0x000075ec                f_mount
                0x000076aa                f_open
                0x00007a8a                f_read
                0x00007e0e                f_write
                0x0000822c                f_sync
                0x00008384                f_close
                0x000083ba                f_chdrive
                0x000083de                f_chdir
                0x00008482                f_getcwd
                0x000086d0                f_lseek
                0x00008a54                f_opendir
                0x00008b28                f_closedir
                0x00008b4e                f_readdir
                0x00008bee                f_stat
                0x00008c68                f_getfree
                0x00008e10                f_truncate
                0x00008fbe                f_unlink
                0x0000911c                f_mkdir
                0x0000935e                f_rename
 *fill*         0x000095b2        0x2 
 .text          0x000095b4        0x0 ./fatfs/ffsystem.o
 .text          0x000095b4      0x220 ./fatfs/diskio.o
                0x000095b4                disk_status
                0x000095cc                disk_initialize
                0x000095e2                disk_read
                0x00009660                disk_write
                0x000096de                disk_ioctl
 .text          0x000097d4      0x44e ./tst_fat/tstfat.o
                0x000097d4                listar_diretorio_raiz
                0x00009990                open_dir
                0x00009a4a                ler_e_exibir_joblog
                0x00009bd8                le_setor
                0x00009c06                wr_setor
 *fill*         0x00009c22        0x2 
 .text          0x00009c24      0x32a timers.o
                0x00009c24                delay10ms
                0x00009c46                cpu_delay
                0x00009c62                init_timer
                0x00009c82                get_tick_count
                0x00009c8a                add_timer
                0x00009d22                delete_timer
                0x00009d6e                start_timer
                0x00009dee                stop_timer
                0x00009e22                reset_timer
                0x00009e70                set_interval
                0x00009ea4                update_timers
 *fill*         0x00009f4e        0x2 
 .text          0x00009f50        0x0 interrupt.o
 .text          0x00009f50      0x168 ./xmodem/xmodem_asm.o
                0x00009f8e                xmodem_receive
 .text          0x0000a0b8       0x9c vectors_asm.o
                0x0000a0b8                SvcBusError
                0x0000a0b8                TrapFHandler
                0x0000a0b8                SpuriousHandler
                0x0000a0b8                Int4Handler
                0x0000a0b8                SvcTrace
                0x0000a0b8                TrapBHandler
                0x0000a0b8                Int1Handler
                0x0000a0b8                TrapAHandler
                0x0000a0b8                SvcChkIns
                0x0000a0b8                Trap4Handler
                0x0000a0b8                Trap9Handler
                0x0000a0b8                Int5Handler
                0x0000a0b8                SvcDiv0_handler
                0x0000a0b8                Int7Handler
                0x0000a0b8                SvcIllegalIns
                0x0000a0b8                SvcLineA
                0x0000a0b8                SvcPrivViolation
                0x0000a0b8                Trap8Handler
                0x0000a0b8                Int6Handler
                0x0000a0b8                Trap2Handler
                0x0000a0b8                bad_exception
                0x0000a0b8                Trap3Handler
                0x0000a0b8                Svcaddress_err
                0x0000a0b8                Trap7Handler
                0x0000a0b8                Trap0Handler
                0x0000a0b8                SvcLineF
                0x0000a0b8                TrapCHandler
                0x0000a0b8                SvcTrapvIns
                0x0000a0b8                Trap5Handler
                0x0000a0b8                Trap6Handler
                0x0000a0ba                TrapDHandler
                0x0000a0bc                Int2Handler
                0x0000a0ce                Int3Handler
                0x0000a0ee                Trap1Handler
                0x0000a13e                TrapEHandler
 .text          0x0000a154       0x1c ../../lib/libc68k.a(strchr.o)
                0x0000a154                strchr
 .text          0x0000a170       0x1e ../../lib/libc68k.a(memcpy.o)
                0x0000a170                memcpy
 *fill*         0x0000a18e        0x2 
 .text          0x0000a190      0x360 ../../lib/libc68k.a(malloc.o)
                0x0000a344                malloc_init
                0x0000a3ba                free
                0x0000a406                malloc
                0x0000a41a                calloc
                0x0000a47a                malloc_num_free
                0x0000a494                malloc_num_used
                0x0000a4b0                malloc_num_fresh
                0x0000a4cc                malloc_check
 .text          0x0000a4f0       0x3c ../../lib/libc68k.a(memcmp.o)
                0x0000a4f0                memcmp
 .text          0x0000a52c       0x12 ../../lib/libc68k.a(strlen.o)
                0x0000a52c                strlen
 *fill*         0x0000a53e        0x2 
 .text          0x0000a540       0x16 ../../lib/libc68k.a(memset.o)
                0x0000a540                memset
 *fill*         0x0000a556        0x2 
 .text          0x0000a558       0x26 ../../lib/libc68k.a(strcat.o)
                0x0000a558                strcat
 *fill*         0x0000a57e        0x2 
 .text          0x0000a580       0x18 ../../lib/libc68k.a(strcpy.o)
                0x0000a580                strcpy
 .text          0x0000a598       0x1a ../../lib/libc68k.a(putchar.o)
                0x0000a598                putchar
 *fill*         0x0000a5b2        0x2 
 .text          0x0000a5b4      0x206 ../../lib/libc68k.a(sprintf.o)
                0x0000a5b4                sprintf
 *fill*         0x0000a7ba        0x2 
 .text          0x0000a7bc      0x3a6 ../../lib/libc68k.a(printf.o)
                0x0000a7bc                itox
                0x0000a806                itodec
                0x0000a864                itooct
                0x0000a8aa                itoudec
                0x0000a8fc                pad_zeros
                0x0000a940                printf
 *fill*         0x0000ab62        0x2 
 .text          0x0000ab64       0x36 ../../lib/libc68k.a(__mulsi3.o)
                0x0000ab64                __mulsi3
 *fill*         0x0000ab9a        0x2 
 .text          0x0000ab9c       0x2c ../../lib/libc68k.a(__umodsi3.o)
                0x0000ab9c                __umodsi3
 .text          0x0000abc8       0x3a ../../lib/libc68k.a(__udivsi3.o)
                0x0000abc8                __udivsi3
 *fill*         0x0000ac02        0x2 
 .text          0x0000ac04      0x148 ../../lib/libc68k.a(strtoul.o)
                0x0000ac04                strtoul
 .text          0x0000ad4c        0xc ../../lib/libc68k.a(isspace.o)
                0x0000ad4c                isspace
 .text          0x0000ad58       0x16 ../../lib/libc68k.a(atoi.o)
                0x0000ad58                atoi
 *fill*         0x0000ad6e        0x2 
 .text          0x0000ad70       0x54 ../../lib/libc68k.a(strcasecmp.o)
                0x0000ad70                strcasecmp
 .text          0x0000adc4       0x26 ../../lib/libc68k.a(puts.o)
                0x0000adc4                puts
 *fill*         0x0000adea        0x2 
 .text          0x0000adec       0x32 ../../lib/libc68k.a(strtol.o)
                0x0000adec                strtol
 *(.rodata)
 .rodata        0x0000ae1e      0x11f orion68.o
                0x0000ae52                MsgOrionInit
 .rodata        0x0000af3d       0x51 vectors.o
 .rodata        0x0000af8e      0x2d6 ./dump/mem_dump.o
 .rodata        0x0000b264        0x5 ./shell/io.o
 .rodata        0x0000b269      0x150 ./shell/picow.o
 .rodata        0x0000b3b9      0x2fa ./shell/printerro.o
 .rodata        0x0000b6b3      0x803 ./shell/commands.o
 .rodata        0x0000beb6      0xaed ./shell/decodecmd.o
                0x0000beb6                g_elf_header_bytes
                0x0000c3e2                g_cmd_table
 .rodata        0x0000c9a3      0x2cd ./kbd/drv_kbd.o
                0x0000c9a3                OE_BASE_KEYMAP
                0x0000ca23                OE_SHIFT_KEYMAP
                0x0000caa3                OE_CTRL_KEYMAP
                0x0000cb23                OE_ALT_KEYMAP
                0x0000cba3                OE_ALTGR_KEYMAP
 .rodata        0x0000cc70       0x48 ./rtc/rp5c01a.o
 .rodata        0x0000ccb8       0x2d ./uarts/drv_uart0.o
 .rodata        0x0000cce5      0x1b2 ./ide/ata.o
 .rodata        0x0000ce97       0x98 ./fatfs/ff.o
 .rodata        0x0000cf2f       0x2d ./fatfs/diskio.o
 .rodata        0x0000cf5c      0x200 ./tst_fat/tstfat.o
 .rodata        0x0000d15c       0x28 ../../lib/libc68k.a(printf.o)
                0x0000d184                        . = ALIGN (0x2)

.rodata         0x0000d184       0x20
                0x0000d184                        . = ALIGN (0x2)
 *(.rodata*)
 .rodata.str1.1
                0x0000d184       0x20 ../../lib/libc68k.a(sprintf.o)
                                  0xf (size before relaxing)
 .rodata.str1.1
                0x0000d1a4       0x20 ../../lib/libc68k.a(printf.o)
                0x0000d1c4                        . = ALIGN (0x2)

.data           0x00080004       0x60 load address 0x0000d1a4
                0x00080004                        . = ALIGN (0x2)
                0x00080004                        __data_start = .
 *(.data*)
 .data          0x00080004        0x0 ../../obj/orion68_startup.o
 .data          0x00080004        0x0 orion68.o
 .data          0x00080004        0x0 vectors.o
 .data          0x00080004        0x0 console.o
 .data          0x00080004        0x0 ./dump/mem_dump.o
 .data          0x00080004        0x0 ./shell/io.o
 .data          0x00080004        0x0 ./shell/picow.o
 .data          0x00080004        0x0 ./shell/elf_loader.o
 .data          0x00080004       0x50 ./shell/printerro.o
 .data          0x00080054        0x0 ./shell/commands.o
 .data          0x00080054        0x8 ./shell/decodecmd.o
 .data          0x0008005c        0x0 ./shell/crc32.o
 .data          0x0008005c        0x1 ./shell/cmd_repeat.o
 *fill*         0x0008005d        0x3 
 .data          0x00080060        0x0 ./kbd/drv_kbd.o
 .data          0x00080060        0x4 ./kbd/ringbuffer.o
 .data          0x00080064        0x0 ./rtc/rp5c01a.o
 .data          0x00080064        0x0 ./picoVga/drv_picoVga.o
 .data          0x00080064        0x0 ./uarts/drv_uart0.o
 .data          0x00080064        0x0 ./ide/ata.o
 .data          0x00080064        0x0 ./fatfs/ff.o
 .data          0x00080064        0x0 ./fatfs/ffsystem.o
 .data          0x00080064        0x0 ./fatfs/diskio.o
 .data          0x00080064        0x0 ./tst_fat/tstfat.o
 .data          0x00080064        0x0 timers.o
 .data          0x00080064        0x0 interrupt.o
 .data          0x00080064        0x0 ./xmodem/xmodem_asm.o
 .data          0x00080064        0x0 vectors_asm.o
 .data          0x00080064        0x0 ../../lib/libc68k.a(strchr.o)
 .data          0x00080064        0x0 ../../lib/libc68k.a(memcpy.o)
 .data          0x00080064        0x0 ../../lib/libc68k.a(malloc.o)
 .data          0x00080064        0x0 ../../lib/libc68k.a(memcmp.o)
 .data          0x00080064        0x0 ../../lib/libc68k.a(strlen.o)
 .data          0x00080064        0x0 ../../lib/libc68k.a(memset.o)
 .data          0x00080064        0x0 ../../lib/libc68k.a(strcat.o)
 .data          0x00080064        0x0 ../../lib/libc68k.a(strcpy.o)
 .data          0x00080064        0x0 ../../lib/libc68k.a(putchar.o)
 .data          0x00080064        0x0 ../../lib/libc68k.a(sprintf.o)
 .data          0x00080064        0x0 ../../lib/libc68k.a(printf.o)
 .data          0x00080064        0x0 ../../lib/libc68k.a(__mulsi3.o)
 .data          0x00080064        0x0 ../../lib/libc68k.a(__umodsi3.o)
 .data          0x00080064        0x0 ../../lib/libc68k.a(__udivsi3.o)
 .data          0x00080064        0x0 ../../lib/libc68k.a(strtoul.o)
 .data          0x00080064        0x0 ../../lib/libc68k.a(isspace.o)
 .data          0x00080064        0x0 ../../lib/libc68k.a(atoi.o)
 .data          0x00080064        0x0 ../../lib/libc68k.a(strcasecmp.o)
 .data          0x00080064        0x0 ../../lib/libc68k.a(puts.o)
 .data          0x00080064        0x0 ../../lib/libc68k.a(strtol.o)
                0x00080064                        . = ALIGN (0x2)
                0x00080064                        __data_end = .

.mram           0x00080064        0x8 load address 0x0000d204
 *(?.mram)
 .mram          0x00080064        0x8 orion68.o
                0x00080064                systemTick
                0x00080068                flg_system
                0x0000d1a4                        __data_load_start = LOADADDR (.data)

.bss            0x0008006c     0x1124 load address 0x0000d204
                0x0008006c                        . = ALIGN (0x2)
                0x0008006c                        __bss_start = .
 *(.bss*)
 .bss           0x0008006c        0x0 ../../obj/orion68_startup.o
 .bss           0x0008006c      0x3bc orion68.o
                0x0008006c                sys_flags
                0x0008006e                FatFs
                0x000802a8                g_cmd_buffer
                0x00080328                buffer
                0x000803a8                syspath
 .bss           0x00080428        0x0 vectors.o
 .bss           0x00080428        0x8 console.o
                0x00080428                cconin
                0x0008042c                cconout
 .bss           0x00080430        0x0 ./dump/mem_dump.o
 .bss           0x00080430        0x0 ./shell/io.o
 .bss           0x00080430        0x0 ./shell/picow.o
 .bss           0x00080430        0x0 ./shell/elf_loader.o
 .bss           0x00080430        0x0 ./shell/printerro.o
 .bss           0x00080430      0x22a ./shell/commands.o
                0x00080430                basic_running
 *fill*         0x0008065a        0x2 
 .bss           0x0008065c        0x4 ./shell/decodecmd.o
 .bss           0x00080660      0x400 ./shell/crc32.o
 .bss           0x00080a60      0x1a5 ./shell/cmd_repeat.o
 *fill*         0x00080c05        0x3 
 .bss           0x00080c08       0x3b ./kbd/drv_kbd.o
                0x00080c08                key_buffer
                0x00080c38                cmd
                0x00080c39                length
                0x00080c3a                type
                0x00080c3b                special_key_up
                0x00080c3c                special_key_down
                0x00080c3d                key_up
                0x00080c3e                key_down
                0x00080c3f                special_key_status
                0x00080c40                _CapsFlag
                0x00080c41                mod_caps
                0x00080c42                debug_pkt
 *fill*         0x00080c43        0x1 
 .bss           0x00080c44      0x106 ./kbd/ringbuffer.o
 *fill*         0x00080d4a        0x2 
 .bss           0x00080d4c        0x0 ./rtc/rp5c01a.o
 .bss           0x00080d4c        0x0 ./picoVga/drv_picoVga.o
 .bss           0x00080d4c        0x0 ./uarts/drv_uart0.o
 .bss           0x00080d4c       0x29 ./ide/ata.o
                0x00080d4c                drives
                0x00080d74                ide_bus_mode
 *fill*         0x00080d75        0x3 
 .bss           0x00080d78        0xd ./fatfs/ff.o
 *fill*         0x00080d85        0x3 
 .bss           0x00080d88        0x0 ./fatfs/ffsystem.o
 .bss           0x00080d88       0x64 ./fatfs/diskio.o
 .bss           0x00080dec      0x2f0 ./tst_fat/tstfat.o
                0x00080dec                Dir
                0x00080e1a                Fno
                0x00080e34                buffer_leitura
 .bss           0x000810dc       0x1c timers.o
                0x000810dc                g_timers
                0x000810f0                g_tick_count
 .bss           0x000810f8        0x0 interrupt.o
 .bss           0x000810f8       0x84 ./xmodem/xmodem_asm.o
 .bss           0x0008117c        0x0 vectors_asm.o
 .bss           0x0008117c        0x0 ../../lib/libc68k.a(strchr.o)
 .bss           0x0008117c        0x0 ../../lib/libc68k.a(memcpy.o)
 .bss           0x0008117c       0x14 ../../lib/libc68k.a(malloc.o)
 .bss           0x00081190        0x0 ../../lib/libc68k.a(memcmp.o)
 .bss           0x00081190        0x0 ../../lib/libc68k.a(strlen.o)
 .bss           0x00081190        0x0 ../../lib/libc68k.a(memset.o)
 .bss           0x00081190        0x0 ../../lib/libc68k.a(strcat.o)
 .bss           0x00081190        0x0 ../../lib/libc68k.a(strcpy.o)
 .bss           0x00081190        0x0 ../../lib/libc68k.a(putchar.o)
 .bss           0x00081190        0x0 ../../lib/libc68k.a(sprintf.o)
 .bss           0x00081190        0x0 ../../lib/libc68k.a(printf.o)
 .bss           0x00081190        0x0 ../../lib/libc68k.a(__mulsi3.o)
 .bss           0x00081190        0x0 ../../lib/libc68k.a(__umodsi3.o)
 .bss           0x00081190        0x0 ../../lib/libc68k.a(__udivsi3.o)
 .bss           0x00081190        0x0 ../../lib/libc68k.a(strtoul.o)
 .bss           0x00081190        0x0 ../../lib/libc68k.a(isspace.o)
 .bss           0x00081190        0x0 ../../lib/libc68k.a(atoi.o)
 .bss           0x00081190        0x0 ../../lib/libc68k.a(strcasecmp.o)
 .bss           0x00081190        0x0 ../../lib/libc68k.a(puts.o)
 .bss           0x00081190        0x0 ../../lib/libc68k.a(strtol.o)
 *(COMMON)
                0x00081190                        . = ALIGN (0x2)
                0x00081190                        __bss_end = .
                0x00100000                        _stack_end = 0x100000
                0x000fe000                        _stack_start = (_stack_end - 0x2000)

/DISCARD/
 *(.comment)
 *(.note*)
 *(.align*)
LOAD ../../obj/orion68_startup.o
LOAD orion68.o
LOAD vectors.o
LOAD console.o
LOAD ./dump/mem_dump.o
LOAD ./shell/io.o
LOAD ./shell/picow.o
LOAD ./shell/elf_loader.o
LOAD ./shell/printerro.o
LOAD ./shell/commands.o
LOAD ./shell/decodecmd.o
LOAD ./shell/crc32.o
LOAD ./shell/cmd_repeat.o
LOAD ./kbd/drv_kbd.o
LOAD ./kbd/ringbuffer.o
LOAD ./rtc/rp5c01a.o
LOAD ./picoVga/drv_picoVga.o
LOAD ./uarts/drv_uart0.o
LOAD ./ide/ata.o
LOAD ./fatfs/ff.o
LOAD ./fatfs/ffsystem.o
LOAD ./fatfs/diskio.o
LOAD ./tst_fat/tstfat.o
LOAD timers.o
LOAD interrupt.o
LOAD ./xmodem/xmodem_asm.o
LOAD vectors_asm.o
LOAD ../../lib/libc68k.a
OUTPUT(orion68.elf elf32-m68k)
