Archive member included to satisfy reference by file (symbol)

../../lib/libc68k.a(strchr.o)
                              ./fatfs/ff.o (strchr)
../../lib/libc68k.a(memcpy.o)
                              ./shell/elf_loader.o (memcpy)
../../lib/libc68k.a(malloc.o)
                              ./shell/commands.o (free)
../../lib/libc68k.a(memcmp.o)
                              ./shell/decodecmd.o (memcmp)
../../lib/libc68k.a(strlen.o)
                              ./shell/commands.o (strlen)
../../lib/libc68k.a(memset.o)
                              ./shell/elf_loader.o (memset)
../../lib/libc68k.a(strcat.o)
                              ./shell/commands.o (strcat)
../../lib/libc68k.a(strcpy.o)
                              ./shell/commands.o (strcpy)
../../lib/libc68k.a(putchar.o)
                              ./shell/commands.o (putchar)
../../lib/libc68k.a(sprintf.o)
                              ./shell/commands.o (sprintf)
../../lib/libc68k.a(printf.o)
                              ../../lib/libc68k.a(sprintf.o) (itox)
../../lib/libc68k.a(__mulsi3.o)
                              ./shell/elf_loader.o (__mulsi3)
../../lib/libc68k.a(__umodsi3.o)
                              ./shell/commands.o (__umodsi3)
../../lib/libc68k.a(__udivsi3.o)
                              ./shell/commands.o (__udivsi3)
../../lib/libc68k.a(strtoul.o)
                              ./shell/commands.o (strtoul)
../../lib/libc68k.a(isspace.o)
                              ./shell/decodecmd.o (isspace)
../../lib/libc68k.a(atoi.o)   ./shell/commands.o (atoi)
../../lib/libc68k.a(strcasecmp.o)
                              ./shell/decodecmd.o (strcasecmp)
../../lib/libc68k.a(puts.o)   ../../lib/libc68k.a(printf.o) (puts)
../../lib/libc68k.a(strtol.o)
                              ../../lib/libc68k.a(atoi.o) (strtol)

Discarded input sections

 .comment       0x00000000       0x13 orion68.o
 .comment       0x00000000       0x13 vectors.o
 .comment       0x00000000       0x13 console.o
 .comment       0x00000000       0x13 ./dump/mem_dump.o
 .comment       0x00000000       0x13 ./shell/io.o
 .comment       0x00000000       0x13 ./shell/picow.o
 .comment       0x00000000       0x13 ./shell/elf_loader.o
 .comment       0x00000000       0x13 ./shell/printerro.o
 .comment       0x00000000       0x13 ./shell/commands.o
 .comment       0x00000000       0x13 ./shell/decodecmd.o
 .comment       0x00000000       0x13 ./shell/crc32.o
 .comment       0x00000000       0x13 ./shell/cmd_repeat.o
 .comment       0x00000000       0x13 ./kbd/drv_kbd.o
 .comment       0x00000000       0x13 ./kbd/ringbuffer.o
 .comment       0x00000000       0x13 ./rtc/rp5c01a.o
 .comment       0x00000000       0x13 ./picoVga/drv_picoVga.o
 .comment       0x00000000       0x13 ./uarts/drv_uart0.o
 .comment       0x00000000       0x13 ./ide/ata.o
 .comment       0x00000000       0x13 ./fatfs/ff.o
 .comment       0x00000000       0x13 ./fatfs/ffsystem.o
 .comment       0x00000000       0x13 ./fatfs/diskio.o
 .comment       0x00000000       0x13 ./tst_fat/tstfat.o
 .comment       0x00000000       0x13 timers.o
 .comment       0x00000000       0x13 interrupt.o
 .comment       0x00000000       0x13 ../../lib/libc68k.a(strchr.o)
 .comment       0x00000000       0x13 ../../lib/libc68k.a(memcpy.o)
 .comment       0x00000000       0x13 ../../lib/libc68k.a(malloc.o)
 .comment       0x00000000       0x13 ../../lib/libc68k.a(memcmp.o)
 .comment       0x00000000       0x13 ../../lib/libc68k.a(strlen.o)
 .comment       0x00000000       0x13 ../../lib/libc68k.a(memset.o)
 .comment       0x00000000       0x13 ../../lib/libc68k.a(strcat.o)
 .comment       0x00000000       0x13 ../../lib/libc68k.a(strcpy.o)
 .comment       0x00000000       0x13 ../../lib/libc68k.a(putchar.o)
 .comment       0x00000000       0x13 ../../lib/libc68k.a(sprintf.o)
 .comment       0x00000000       0x13 ../../lib/libc68k.a(printf.o)
 .comment       0x00000000       0x13 ../../lib/libc68k.a(__mulsi3.o)
 .comment       0x00000000       0x13 ../../lib/libc68k.a(__umodsi3.o)
 .comment       0x00000000       0x13 ../../lib/libc68k.a(__udivsi3.o)
 .comment       0x00000000       0x13 ../../lib/libc68k.a(strtoul.o)
 .comment       0x00000000       0x13 ../../lib/libc68k.a(isspace.o)
 .comment       0x00000000       0x13 ../../lib/libc68k.a(atoi.o)
 .comment       0x00000000       0x13 ../../lib/libc68k.a(strcasecmp.o)
 .comment       0x00000000       0x13 ../../lib/libc68k.a(puts.o)
 .comment       0x00000000       0x13 ../../lib/libc68k.a(strtol.o)

Memory Configuration

Name             Origin             Length             Attributes
ROM              0x00000000         0x00010000         xr
RAM              0x00080004         0x00080000         xrw
*default*        0x00000000         0xffffffff

Linker script and memory map

                0x00000000                        . = 0x0

.vectors        0x00000000        0x0
 *(.vectors)
                0x00000000                        . = ALIGN (0x400)

.text           0x00000000     0xd43a
                0x00000000                        . = ALIGN (0x2)
 *(.text*)
 .text          0x00000000      0x2c4 ../../obj/orion68_startup.o
                0x000000c0                _start
                0x000001a2                UartWriteCh
                0x000001a6                UartWrCh
                0x000001ce                uart0_initialize
                0x0000021a                printString
                0x0000024c                _delay_ms
 .text          0x000002c4      0x254 orion68.o
                0x000002c4                executar_xmodem
                0x000002e4                clr_flg_program_loaded
                0x000002fa                set_flg_program_loaded
                0x0000030e                get_flg_program_loaded
                0x0000031a                print_msg
                0x00000356                write_string
                0x00000388                display_prompt
                0x0000040c                main
 .text          0x00000518       0xec vectors.o
                0x00000530                TRAP14_Handler
                0x000005da                get_system_tick
 .text          0x00000604       0x2c console.o
                0x00000604                set_console_output
                0x00000616                set_console_input
                0x00000628                enable_interrupts
 .text          0x00000630      0x66a ./dump/mem_dump.o
                0x00000630                dump_memory
                0x000008ae                dump_memory2
                0x00000b32                dump_memory_by_addr
 *fill*         0x00000c9a        0x2 
 .text          0x00000c9c       0x54 ./shell/io.o
                0x00000c9c                get_key
                0x00000cc6                _putchar_hex
 .text          0x00000cf0      0x492 ./shell/picow.o
                0x00000cf0                receber_arquivo_do_pico
                0x00000f20                send_sector_low
                0x00000f4a                send_sector_high
                0x00000f74                send_read_cmd
                0x00000f9a                read_sector
                0x00000ffa                get_crc
                0x00001062                receber_setor_do_pico
                0x00001166                pico_write_ch
 *fill*         0x00001182        0x2 
 .text          0x00001184      0x322 ./shell/elf_loader.o
                0x00001184                carregar_elf32
                0x000012c4                carregar_elf32_fatfs
 *fill*         0x000014a6        0x2 
 .text          0x000014a8       0x44 ./shell/printerro.o
                0x000014a8                printerro
 .text          0x000014ec     0x165a ./shell/commands.o
                0x0000155c                do_help
                0x000015ec                do_notimplemented
                0x000015fe                do_runelf_fromhd
                0x0000162c                do_runelf
                0x00001668                do_dump
                0x000016ba                serial_has_char
                0x000016be                do_srecord
                0x00001776                do_binfile
                0x000018f6                do_binmem
                0x00001a02                do_ideinit
                0x00001a46                do_idemode
                0x00001a98                do_run
                0x00001ac4                do_writemem
                0x00001cde                do_ls
                0x00001f0e                do_delete
                0x00001f3a                do_exit
                0x00001f60                do_mkdir
                0x00002048                do_rmdir
                0x00002158                do_rename
                0x000021ae                do_cd
                0x000021d6                do_dir
                0x000021e0                do_shst
                0x000021fa                do_loadmem
                0x00002338                do_copyfile
                0x000024ec                do_cat
                0x00002624                do_time
                0x0000270c                do_tstkbd
                0x000028fa                do_uptime
                0x000029ce                do_ehbasic
                0x000029d2                do_readsect
                0x00002a06                do_writesect
                0x00002a3a                do_writemem1
 *fill*         0x00002b46        0x2 
 .text          0x00002b48      0xc3e ./shell/decodecmd.o
                0x00002b48                getline
                0x00002e1e                process_command_builtin
                0x00002f86                load_elf_executable
                0x0000337e                open_executable_file
                0x000034a2                process_command_executable
                0x00003626                process_command
                0x0000366a                execute_cmd
 *fill*         0x00003786        0x2 
 .text          0x00003788       0xfc ./shell/crc32.o
                0x00003788                crc32_init
                0x000037fa                crc32_update
                0x0000386c                crc32_calculate
 .text          0x00003884      0x4d4 ./shell/cmd_repeat.o
                0x00003884                hist_add
                0x00003d06                keyboard_handler
 .text          0x00003d58      0x78c ./kbd/drv_kbd.o
                0x00003db6                liga_debug
                0x00003dce                init_kbd
                0x0000406c                get_packet
                0x000042ca                get_kbd_key
                0x000043ec                ch9350_shut_up
                0x000043fa                get_char
                0x000044c2                print_capslock
 .text          0x000044e4      0x10a ./kbd/ringbuffer.o
                0x000044e4                ring_buf_init
                0x0000450c                ring_buf_get
                0x00004548                ring_buf_put
                0x000045a8                ring_buf_is_empty
                0x000045c4                ring_buf_is_full
 *fill*         0x000045ee        0x2 
 .text          0x000045f0      0x556 ./rtc/rp5c01a.o
                0x00004624                get_fattime
                0x000047dc                set_rtc_time
                0x000049e4                rtc_delay
                0x00004a04                rtc_write_config_byte
                0x00004a40                rtc_read_config_byte
                0x00004a76                ler_segundo
                0x00004aae                rtc_inicializar
 *fill*         0x00004b46        0x2 
 .text          0x00004b48      0x1a0 ./picoVga/drv_picoVga.o
                0x00004b48                init_picoVga
                0x00004b4c                run_cmd
                0x00004b74                write_str
                0x00004bba                picovga_putchar
                0x00004bfe                picovga_gotoxy
                0x00004c74                picovga_gohome
                0x00004c82                picovga_set_color
                0x00004cce                clrscr
 .text          0x00004ce8      0x248 ./uarts/drv_uart0.o
                0x00004ce8                uart0_debug_char
                0x00004d1a                uart0_init
                0x00004d5a                uart0_write
                0x00004d98                uart0_read
                0x00004dd0                uart0_read_timeout
                0x00004e34                _inbyte
                0x00004eb4                _outbyte
                0x00004ef2                uart0_write_string
                0x00004f22                uart0_flush
 .text          0x00004f30      0x6e6 ./ide/ata.o
                0x00004f44                set_ide_bus_mode
                0x00004f84                go_8bits_mode
                0x00004ffa                ata_detect
                0x000050b8                ata_read_sector
                0x0000526c                ata_write_sector
                0x00005274                read_partition_table
                0x0000535e                ata_init
                0x000053f0                ata_disk_status
                0x00005400                ata_disk_initialize
                0x00005410                ata_wait_not_busy
                0x00005452                ata_wait_for_data
                0x00005494                ata_read_identity
 *fill*         0x00005616        0x2 
 .text          0x00005618     0x412e ./fatfs/ff.o
                0x00007780                f_mount
                0x0000783e                f_open
                0x00007c1e                f_read
                0x00007fa2                f_write
                0x000083c0                f_sync
                0x00008518                f_close
                0x0000854e                f_chdrive
                0x00008572                f_chdir
                0x00008616                f_getcwd
                0x00008864                f_lseek
                0x00008be8                f_opendir
                0x00008cbc                f_closedir
                0x00008ce2                f_readdir
                0x00008d82                f_stat
                0x00008dfc                f_getfree
                0x00008fa4                f_truncate
                0x00009152                f_unlink
                0x000092b0                f_mkdir
                0x000094f2                f_rename
 *fill*         0x00009746        0x2 
 .text          0x00009748        0x0 ./fatfs/ffsystem.o
 .text          0x00009748      0x220 ./fatfs/diskio.o
                0x00009748                disk_status
                0x00009760                disk_initialize
                0x00009776                disk_read
                0x000097f4                disk_write
                0x00009872                disk_ioctl
 .text          0x00009968      0x44e ./tst_fat/tstfat.o
                0x00009968                listar_diretorio_raiz
                0x00009b24                open_dir
                0x00009bde                ler_e_exibir_joblog
                0x00009d6c                le_setor
                0x00009d9a                wr_setor
 *fill*         0x00009db6        0x2 
 .text          0x00009db8      0x32a timers.o
                0x00009db8                delay10ms
                0x00009dda                cpu_delay
                0x00009df6                init_timer
                0x00009e16                get_tick_count
                0x00009e1e                add_timer
                0x00009eb6                delete_timer
                0x00009f02                start_timer
                0x00009f82                stop_timer
                0x00009fb6                reset_timer
                0x0000a004                set_interval
                0x0000a038                update_timers
 *fill*         0x0000a0e2        0x2 
 .text          0x0000a0e4        0x0 interrupt.o
 .text          0x0000a0e4      0x168 ./xmodem/xmodem_asm.o
                0x0000a122                xmodem_receive
 .text          0x0000a24c       0xa4 vectors_asm.o
                0x0000a24c                SvcBusError
                0x0000a24c                Svcaddress_err
                0x0000a254                TrapFHandler
                0x0000a254                SpuriousHandler
                0x0000a254                Int4Handler
                0x0000a254                SvcTrace
                0x0000a254                TrapBHandler
                0x0000a254                Int1Handler
                0x0000a254                TrapAHandler
                0x0000a254                SvcChkIns
                0x0000a254                Trap4Handler
                0x0000a254                Trap9Handler
                0x0000a254                Int5Handler
                0x0000a254                SvcDiv0_handler
                0x0000a254                Int7Handler
                0x0000a254                SvcIllegalIns
                0x0000a254                SvcLineA
                0x0000a254                SvcPrivViolation
                0x0000a254                Trap8Handler
                0x0000a254                Int6Handler
                0x0000a254                Trap2Handler
                0x0000a254                bad_exception
                0x0000a254                Trap3Handler
                0x0000a254                Trap7Handler
                0x0000a254                Trap0Handler
                0x0000a254                SvcLineF
                0x0000a254                TrapCHandler
                0x0000a254                SvcTrapvIns
                0x0000a254                Trap5Handler
                0x0000a254                Trap6Handler
                0x0000a256                TrapDHandler
                0x0000a258                Int2Handler
                0x0000a26a                Int3Handler
                0x0000a28a                Trap1Handler
                0x0000a2da                TrapEHandler
 .text          0x0000a2f0       0x1c ../../lib/libc68k.a(strchr.o)
                0x0000a2f0                strchr
 .text          0x0000a30c       0x1e ../../lib/libc68k.a(memcpy.o)
                0x0000a30c                memcpy
 *fill*         0x0000a32a        0x2 
 .text          0x0000a32c      0x360 ../../lib/libc68k.a(malloc.o)
                0x0000a4e0                malloc_init
                0x0000a556                free
                0x0000a5a2                malloc
                0x0000a5b6                calloc
                0x0000a616                malloc_num_free
                0x0000a630                malloc_num_used
                0x0000a64c                malloc_num_fresh
                0x0000a668                malloc_check
 .text          0x0000a68c       0x3c ../../lib/libc68k.a(memcmp.o)
                0x0000a68c                memcmp
 .text          0x0000a6c8       0x12 ../../lib/libc68k.a(strlen.o)
                0x0000a6c8                strlen
 *fill*         0x0000a6da        0x2 
 .text          0x0000a6dc       0x16 ../../lib/libc68k.a(memset.o)
                0x0000a6dc                memset
 *fill*         0x0000a6f2        0x2 
 .text          0x0000a6f4       0x26 ../../lib/libc68k.a(strcat.o)
                0x0000a6f4                strcat
 *fill*         0x0000a71a        0x2 
 .text          0x0000a71c       0x18 ../../lib/libc68k.a(strcpy.o)
                0x0000a71c                strcpy
 .text          0x0000a734       0x1a ../../lib/libc68k.a(putchar.o)
                0x0000a734                putchar
 *fill*         0x0000a74e        0x2 
 .text          0x0000a750      0x206 ../../lib/libc68k.a(sprintf.o)
                0x0000a750                sprintf
 *fill*         0x0000a956        0x2 
 .text          0x0000a958      0x3a6 ../../lib/libc68k.a(printf.o)
                0x0000a958                itox
                0x0000a9a2                itodec
                0x0000aa00                itooct
                0x0000aa46                itoudec
                0x0000aa98                pad_zeros
                0x0000aadc                printf
 *fill*         0x0000acfe        0x2 
 .text          0x0000ad00       0x36 ../../lib/libc68k.a(__mulsi3.o)
                0x0000ad00                __mulsi3
 *fill*         0x0000ad36        0x2 
 .text          0x0000ad38       0x2c ../../lib/libc68k.a(__umodsi3.o)
                0x0000ad38                __umodsi3
 .text          0x0000ad64       0x3a ../../lib/libc68k.a(__udivsi3.o)
                0x0000ad64                __udivsi3
 *fill*         0x0000ad9e        0x2 
 .text          0x0000ada0      0x148 ../../lib/libc68k.a(strtoul.o)
                0x0000ada0                strtoul
 .text          0x0000aee8        0xc ../../lib/libc68k.a(isspace.o)
                0x0000aee8                isspace
 .text          0x0000aef4       0x16 ../../lib/libc68k.a(atoi.o)
                0x0000aef4                atoi
 *fill*         0x0000af0a        0x2 
 .text          0x0000af0c       0x54 ../../lib/libc68k.a(strcasecmp.o)
                0x0000af0c                strcasecmp
 .text          0x0000af60       0x26 ../../lib/libc68k.a(puts.o)
                0x0000af60                puts
 *fill*         0x0000af86        0x2 
 .text          0x0000af88       0x32 ../../lib/libc68k.a(strtol.o)
                0x0000af88                strtol
 *(.rodata)
 .rodata        0x0000afba      0x170 orion68.o
                0x0000afee                MsgOrionInit
 .rodata        0x0000b12a       0x51 vectors.o
 .rodata        0x0000b17b      0x2d6 ./dump/mem_dump.o
 .rodata        0x0000b451        0x5 ./shell/io.o
 .rodata        0x0000b456      0x150 ./shell/picow.o
 .rodata        0x0000b5a6      0x2fa ./shell/printerro.o
 .rodata        0x0000b8a0      0x803 ./shell/commands.o
 *fill*         0x0000c0a3        0x1 
 .rodata        0x0000c0a4      0xba1 ./shell/decodecmd.o
                0x0000c0a4                g_elf_header_bytes
                0x0000c684                g_cmd_table
 .rodata        0x0000cc45      0x2cd ./kbd/drv_kbd.o
                0x0000cc45                OE_BASE_KEYMAP
                0x0000ccc5                OE_SHIFT_KEYMAP
                0x0000cd45                OE_CTRL_KEYMAP
                0x0000cdc5                OE_ALT_KEYMAP
                0x0000ce45                OE_ALTGR_KEYMAP
 .rodata        0x0000cf12       0x48 ./rtc/rp5c01a.o
 .rodata        0x0000cf5a       0x13 ./picoVga/drv_picoVga.o
 .rodata        0x0000cf6d       0x2d ./uarts/drv_uart0.o
 .rodata        0x0000cf9a      0x1b2 ./ide/ata.o
 .rodata        0x0000d14c       0x98 ./fatfs/ff.o
 .rodata        0x0000d1e4       0x2d ./fatfs/diskio.o
 .rodata        0x0000d211      0x200 ./tst_fat/tstfat.o
 *fill*         0x0000d411        0x1 
 .rodata        0x0000d412       0x28 ../../lib/libc68k.a(printf.o)
                0x0000d43a                        . = ALIGN (0x2)

.rodata         0x0000d43a       0x20
                0x0000d43a                        . = ALIGN (0x2)
 *(.rodata*)
 .rodata.str1.1
                0x0000d43a       0x20 ../../lib/libc68k.a(sprintf.o)
                                  0xf (size before relaxing)
 .rodata.str1.1
                0x0000d45a       0x20 ../../lib/libc68k.a(printf.o)
                0x0000d47a                        . = ALIGN (0x2)

.data           0x00080004       0x60 load address 0x0000d45a
                0x00080004                        . = ALIGN (0x2)
                0x00080004                        __data_start = .
 *(.data*)
 .data          0x00080004        0x0 ../../obj/orion68_startup.o
 .data          0x00080004        0x0 orion68.o
 .data          0x00080004        0x0 vectors.o
 .data          0x00080004        0x0 console.o
 .data          0x00080004        0x0 ./dump/mem_dump.o
 .data          0x00080004        0x0 ./shell/io.o
 .data          0x00080004        0x0 ./shell/picow.o
 .data          0x00080004        0x0 ./shell/elf_loader.o
 .data          0x00080004       0x50 ./shell/printerro.o
 .data          0x00080054        0x0 ./shell/commands.o
 .data          0x00080054        0x8 ./shell/decodecmd.o
 .data          0x0008005c        0x0 ./shell/crc32.o
 .data          0x0008005c        0x1 ./shell/cmd_repeat.o
 *fill*         0x0008005d        0x3 
 .data          0x00080060        0x0 ./kbd/drv_kbd.o
 .data          0x00080060        0x4 ./kbd/ringbuffer.o
 .data          0x00080064        0x0 ./rtc/rp5c01a.o
 .data          0x00080064        0x0 ./picoVga/drv_picoVga.o
 .data          0x00080064        0x0 ./uarts/drv_uart0.o
 .data          0x00080064        0x0 ./ide/ata.o
 .data          0x00080064        0x0 ./fatfs/ff.o
 .data          0x00080064        0x0 ./fatfs/ffsystem.o
 .data          0x00080064        0x0 ./fatfs/diskio.o
 .data          0x00080064        0x0 ./tst_fat/tstfat.o
 .data          0x00080064        0x0 timers.o
 .data          0x00080064        0x0 interrupt.o
 .data          0x00080064        0x0 ./xmodem/xmodem_asm.o
 .data          0x00080064        0x0 vectors_asm.o
 .data          0x00080064        0x0 ../../lib/libc68k.a(strchr.o)
 .data          0x00080064        0x0 ../../lib/libc68k.a(memcpy.o)
 .data          0x00080064        0x0 ../../lib/libc68k.a(malloc.o)
 .data          0x00080064        0x0 ../../lib/libc68k.a(memcmp.o)
 .data          0x00080064        0x0 ../../lib/libc68k.a(strlen.o)
 .data          0x00080064        0x0 ../../lib/libc68k.a(memset.o)
 .data          0x00080064        0x0 ../../lib/libc68k.a(strcat.o)
 .data          0x00080064        0x0 ../../lib/libc68k.a(strcpy.o)
 .data          0x00080064        0x0 ../../lib/libc68k.a(putchar.o)
 .data          0x00080064        0x0 ../../lib/libc68k.a(sprintf.o)
 .data          0x00080064        0x0 ../../lib/libc68k.a(printf.o)
 .data          0x00080064        0x0 ../../lib/libc68k.a(__mulsi3.o)
 .data          0x00080064        0x0 ../../lib/libc68k.a(__umodsi3.o)
 .data          0x00080064        0x0 ../../lib/libc68k.a(__udivsi3.o)
 .data          0x00080064        0x0 ../../lib/libc68k.a(strtoul.o)
 .data          0x00080064        0x0 ../../lib/libc68k.a(isspace.o)
 .data          0x00080064        0x0 ../../lib/libc68k.a(atoi.o)
 .data          0x00080064        0x0 ../../lib/libc68k.a(strcasecmp.o)
 .data          0x00080064        0x0 ../../lib/libc68k.a(puts.o)
 .data          0x00080064        0x0 ../../lib/libc68k.a(strtol.o)
                0x00080064                        . = ALIGN (0x2)
                0x00080064                        __data_end = .

.mram           0x00080064        0x8 load address 0x0000d4ba
 *(?.mram)
 .mram          0x00080064        0x8 orion68.o
                0x00080064                systemTick
                0x00080068                flg_system
                0x0000d45a                        __data_load_start = LOADADDR (.data)

.bss            0x0008006c     0x1124 load address 0x0000d4ba
                0x0008006c                        . = ALIGN (0x2)
                0x0008006c                        __bss_start = .
 *(.bss*)
 .bss           0x0008006c        0x0 ../../obj/orion68_startup.o
 .bss           0x0008006c      0x3bc orion68.o
                0x0008006c                sys_flags
                0x0008006e                FatFs
                0x000802a8                g_cmd_buffer
                0x00080328                buffer
                0x000803a8                syspath
 .bss           0x00080428        0x0 vectors.o
 .bss           0x00080428        0x8 console.o
                0x00080428                cconin
                0x0008042c                cconout
 .bss           0x00080430        0x0 ./dump/mem_dump.o
 .bss           0x00080430        0x0 ./shell/io.o
 .bss           0x00080430        0x0 ./shell/picow.o
 .bss           0x00080430        0x0 ./shell/elf_loader.o
 .bss           0x00080430        0x0 ./shell/printerro.o
 .bss           0x00080430      0x22a ./shell/commands.o
                0x00080430                basic_running
 *fill*         0x0008065a        0x2 
 .bss           0x0008065c        0x4 ./shell/decodecmd.o
 .bss           0x00080660      0x400 ./shell/crc32.o
 .bss           0x00080a60      0x1a5 ./shell/cmd_repeat.o
 *fill*         0x00080c05        0x3 
 .bss           0x00080c08       0x3b ./kbd/drv_kbd.o
                0x00080c08                key_buffer
                0x00080c38                cmd
                0x00080c39                length
                0x00080c3a                type
                0x00080c3b                special_key_up
                0x00080c3c                special_key_down
                0x00080c3d                key_up
                0x00080c3e                key_down
                0x00080c3f                special_key_status
                0x00080c40                _CapsFlag
                0x00080c41                mod_caps
                0x00080c42                debug_pkt
 *fill*         0x00080c43        0x1 
 .bss           0x00080c44      0x106 ./kbd/ringbuffer.o
 *fill*         0x00080d4a        0x2 
 .bss           0x00080d4c        0x0 ./rtc/rp5c01a.o
 .bss           0x00080d4c        0x0 ./picoVga/drv_picoVga.o
 .bss           0x00080d4c        0x0 ./uarts/drv_uart0.o
 .bss           0x00080d4c       0x29 ./ide/ata.o
                0x00080d4c                drives
                0x00080d74                ide_bus_mode
 *fill*         0x00080d75        0x3 
 .bss           0x00080d78        0xd ./fatfs/ff.o
 *fill*         0x00080d85        0x3 
 .bss           0x00080d88        0x0 ./fatfs/ffsystem.o
 .bss           0x00080d88       0x64 ./fatfs/diskio.o
 .bss           0x00080dec      0x2f0 ./tst_fat/tstfat.o
                0x00080dec                Dir
                0x00080e1a                Fno
                0x00080e34                buffer_leitura
 .bss           0x000810dc       0x1c timers.o
                0x000810dc                g_timers
                0x000810f0                g_tick_count
 .bss           0x000810f8        0x0 interrupt.o
 .bss           0x000810f8       0x84 ./xmodem/xmodem_asm.o
 .bss           0x0008117c        0x0 vectors_asm.o
 .bss           0x0008117c        0x0 ../../lib/libc68k.a(strchr.o)
 .bss           0x0008117c        0x0 ../../lib/libc68k.a(memcpy.o)
 .bss           0x0008117c       0x14 ../../lib/libc68k.a(malloc.o)
 .bss           0x00081190        0x0 ../../lib/libc68k.a(memcmp.o)
 .bss           0x00081190        0x0 ../../lib/libc68k.a(strlen.o)
 .bss           0x00081190        0x0 ../../lib/libc68k.a(memset.o)
 .bss           0x00081190        0x0 ../../lib/libc68k.a(strcat.o)
 .bss           0x00081190        0x0 ../../lib/libc68k.a(strcpy.o)
 .bss           0x00081190        0x0 ../../lib/libc68k.a(putchar.o)
 .bss           0x00081190        0x0 ../../lib/libc68k.a(sprintf.o)
 .bss           0x00081190        0x0 ../../lib/libc68k.a(printf.o)
 .bss           0x00081190        0x0 ../../lib/libc68k.a(__mulsi3.o)
 .bss           0x00081190        0x0 ../../lib/libc68k.a(__umodsi3.o)
 .bss           0x00081190        0x0 ../../lib/libc68k.a(__udivsi3.o)
 .bss           0x00081190        0x0 ../../lib/libc68k.a(strtoul.o)
 .bss           0x00081190        0x0 ../../lib/libc68k.a(isspace.o)
 .bss           0x00081190        0x0 ../../lib/libc68k.a(atoi.o)
 .bss           0x00081190        0x0 ../../lib/libc68k.a(strcasecmp.o)
 .bss           0x00081190        0x0 ../../lib/libc68k.a(puts.o)
 .bss           0x00081190        0x0 ../../lib/libc68k.a(strtol.o)
 *(COMMON)
                0x00081190                        . = ALIGN (0x2)
                0x00081190                        __bss_end = .
                0x00100000                        _stack_end = 0x100000
                0x000fe000                        _stack_start = (_stack_end - 0x2000)

/DISCARD/
 *(.comment)
 *(.note*)
 *(.align*)
LOAD ../../obj/orion68_startup.o
LOAD orion68.o
LOAD vectors.o
LOAD console.o
LOAD ./dump/mem_dump.o
LOAD ./shell/io.o
LOAD ./shell/picow.o
LOAD ./shell/elf_loader.o
LOAD ./shell/printerro.o
LOAD ./shell/commands.o
LOAD ./shell/decodecmd.o
LOAD ./shell/crc32.o
LOAD ./shell/cmd_repeat.o
LOAD ./kbd/drv_kbd.o
LOAD ./kbd/ringbuffer.o
LOAD ./rtc/rp5c01a.o
LOAD ./picoVga/drv_picoVga.o
LOAD ./uarts/drv_uart0.o
LOAD ./ide/ata.o
LOAD ./fatfs/ff.o
LOAD ./fatfs/ffsystem.o
LOAD ./fatfs/diskio.o
LOAD ./tst_fat/tstfat.o
LOAD timers.o
LOAD interrupt.o
LOAD ./xmodem/xmodem_asm.o
LOAD vectors_asm.o
LOAD ../../lib/libc68k.a
OUTPUT(orion68.elf elf32-m68k)
