Archive member included to satisfy reference by file (symbol)

../../lib/libc68k.a(strchr.o)
                              ./fatfs/ff.o (strchr)
../../lib/libc68k.a(memcpy.o)
                              ./shell/elf_loader.o (memcpy)
../../lib/libc68k.a(malloc.o)
                              ./shell/commands.o (free)
../../lib/libc68k.a(memcmp.o)
                              ./shell/decodecmd.o (memcmp)
../../lib/libc68k.a(strlen.o)
                              ./shell/commands.o (strlen)
../../lib/libc68k.a(memset.o)
                              ./shell/elf_loader.o (memset)
../../lib/libc68k.a(strcat.o)
                              ./shell/commands.o (strcat)
../../lib/libc68k.a(strcpy.o)
                              ./shell/commands.o (strcpy)
../../lib/libc68k.a(putchar.o)
                              ./shell/commands.o (putchar)
../../lib/libc68k.a(sprintf.o)
                              ./shell/commands.o (sprintf)
../../lib/libc68k.a(printf.o)
                              ../../lib/libc68k.a(sprintf.o) (itox)
../../lib/libc68k.a(__mulsi3.o)
                              ./shell/elf_loader.o (__mulsi3)
../../lib/libc68k.a(__umodsi3.o)
                              ./shell/commands.o (__umodsi3)
../../lib/libc68k.a(__udivsi3.o)
                              ./shell/commands.o (__udivsi3)
../../lib/libc68k.a(strtoul.o)
                              ./shell/commands.o (strtoul)
../../lib/libc68k.a(isspace.o)
                              ./shell/decodecmd.o (isspace)
../../lib/libc68k.a(atoi.o)   ./shell/commands.o (atoi)
../../lib/libc68k.a(strcasecmp.o)
                              ./shell/decodecmd.o (strcasecmp)
../../lib/libc68k.a(puts.o)   ../../lib/libc68k.a(printf.o) (puts)
../../lib/libc68k.a(strtol.o)
                              ../../lib/libc68k.a(atoi.o) (strtol)

Discarded input sections

 .comment       0x00000000       0x13 orion68.o
 .comment       0x00000000       0x13 vectors.o
 .comment       0x00000000       0x13 console.o
 .comment       0x00000000       0x13 ./dump/mem_dump.o
 .comment       0x00000000       0x13 ./shell/io.o
 .comment       0x00000000       0x13 ./shell/picow.o
 .comment       0x00000000       0x13 ./shell/elf_loader.o
 .comment       0x00000000       0x13 ./shell/printerro.o
 .comment       0x00000000       0x13 ./shell/commands.o
 .comment       0x00000000       0x13 ./shell/decodecmd.o
 .comment       0x00000000       0x13 ./shell/crc32.o
 .comment       0x00000000       0x13 ./shell/ringbuffer.o
 .comment       0x00000000       0x13 ./kbd/drv_kbd.o
 .comment       0x00000000       0x13 ./kbd/keycodes_ps2.o
 .comment       0x00000000       0x13 ./kbd/kbdps2.o
 .comment       0x00000000       0x13 ./kbd/ringbuffer.o
 .comment       0x00000000       0x13 ./rtc/rp5c01a.o
 .comment       0x00000000       0x13 ./picoVga/drv_picoVga.o
 .comment       0x00000000       0x13 ./uarts/drv_uart0.o
 .comment       0x00000000       0x13 ./ide/ata.o
 .comment       0x00000000       0x13 ./fatfs/ff.o
 .comment       0x00000000       0x13 ./fatfs/ffsystem.o
 .comment       0x00000000       0x13 ./fatfs/diskio.o
 .comment       0x00000000       0x13 ./tst_fat/tstfat.o
 .comment       0x00000000       0x13 timers.o
 .comment       0x00000000       0x13 interrupt.o
 .comment       0x00000000       0x13 ../../lib/libc68k.a(strchr.o)
 .comment       0x00000000       0x13 ../../lib/libc68k.a(memcpy.o)
 .comment       0x00000000       0x13 ../../lib/libc68k.a(malloc.o)
 .comment       0x00000000       0x13 ../../lib/libc68k.a(memcmp.o)
 .comment       0x00000000       0x13 ../../lib/libc68k.a(strlen.o)
 .comment       0x00000000       0x13 ../../lib/libc68k.a(memset.o)
 .comment       0x00000000       0x13 ../../lib/libc68k.a(strcat.o)
 .comment       0x00000000       0x13 ../../lib/libc68k.a(strcpy.o)
 .comment       0x00000000       0x13 ../../lib/libc68k.a(putchar.o)
 .comment       0x00000000       0x13 ../../lib/libc68k.a(sprintf.o)
 .comment       0x00000000       0x13 ../../lib/libc68k.a(printf.o)
 .comment       0x00000000       0x13 ../../lib/libc68k.a(__mulsi3.o)
 .comment       0x00000000       0x13 ../../lib/libc68k.a(__umodsi3.o)
 .comment       0x00000000       0x13 ../../lib/libc68k.a(__udivsi3.o)
 .comment       0x00000000       0x13 ../../lib/libc68k.a(strtoul.o)
 .comment       0x00000000       0x13 ../../lib/libc68k.a(isspace.o)
 .comment       0x00000000       0x13 ../../lib/libc68k.a(atoi.o)
 .comment       0x00000000       0x13 ../../lib/libc68k.a(strcasecmp.o)
 .comment       0x00000000       0x13 ../../lib/libc68k.a(puts.o)
 .comment       0x00000000       0x13 ../../lib/libc68k.a(strtol.o)

Memory Configuration

Name             Origin             Length             Attributes
ROM              0x00000000         0x00010000         xr
RAM              0x00080004         0x00080000         xrw
*default*        0x00000000         0xffffffff

Linker script and memory map

                0x00000000                        . = 0x0

.vectors        0x00000000        0x0
 *(.vectors)
                0x00000000                        . = ALIGN (0x400)

.text           0x00000000     0xca38
                0x00000000                        . = ALIGN (0x2)
 *(.text*)
 .text          0x00000000      0x252 ../../obj/orion68_startup.o
                0x000000c0                _start
                0x0000015e                UartWrCh
                0x00000186                uart0_initialize
                0x00000200                _delay_ms
 *fill*         0x00000252        0x2 
 .text          0x00000254      0x228 orion68.o
                0x00000254                executar_xmodem
                0x00000274                clr_flg_program_loaded
                0x0000028a                set_flg_program_loaded
                0x0000029e                get_flg_program_loaded
                0x000002aa                print_msg
                0x000002e6                write_string
                0x00000318                display_prompt
                0x0000039c                main
 .text          0x0000047c      0x10e vectors.o
                0x00000494                TRAP14_Handler
                0x0000053e                get_system_tick
                0x00000568                trata_int3_handler
 *fill*         0x0000058a        0x2 
 .text          0x0000058c       0x2c console.o
                0x0000058c                set_console_output
                0x0000059e                set_console_input
                0x000005b0                enable_interrupts
 .text          0x000005b8      0x66a ./dump/mem_dump.o
                0x000005b8                dump_memory
                0x00000836                dump_memory2
                0x00000aba                dump_memory_by_addr
 *fill*         0x00000c22        0x2 
 .text          0x00000c24       0x54 ./shell/io.o
                0x00000c24                get_key
                0x00000c4e                _putchar_hex
 .text          0x00000c78      0x270 ./shell/picow.o
                0x00000c78                receber_arquivo_do_pico
 .text          0x00000ee8      0x322 ./shell/elf_loader.o
                0x00000ee8                carregar_elf32
                0x00001028                carregar_elf32_fatfs
 *fill*         0x0000120a        0x2 
 .text          0x0000120c       0x44 ./shell/printerro.o
                0x0000120c                printerro
 .text          0x00001250     0x14bc ./shell/commands.o
                0x000012c0                do_help
                0x00001350                do_notimplemented
                0x00001362                do_runelf_fromhd
                0x00001390                do_runelf
                0x000013cc                do_dump
                0x0000141e                serial_has_char
                0x00001422                do_srecord
                0x000014da                do_binfile
                0x0000165a                do_binmem
                0x00001766                do_ideinit
                0x000017aa                do_idemode
                0x000017fc                do_run
                0x00001828                do_writemem
                0x00001a42                do_ls
                0x00001c72                do_delete
                0x00001c9e                do_exit
                0x00001cc4                do_mkdir
                0x00001dac                do_rmdir
                0x00001ebc                do_rename
                0x00001f12                do_cd
                0x00001f3a                do_dir
                0x00001f44                do_shst
                0x00001f5e                do_loadmem
                0x0000209c                do_copyfile
                0x00002250                do_cat
                0x00002388                do_time
                0x00002470                do_tstkbd
                0x000024c0                do_uptime
                0x00002594                do_ehbasic
                0x00002598                do_readsect
                0x000025cc                do_writesect
                0x00002600                do_writemem1
 .text          0x0000270c      0xbfa ./shell/decodecmd.o
                0x0000270c                getline
                0x0000299e                process_command_builtin
                0x00002b06                load_elf_executable
                0x00002efe                open_executable_file
                0x00003022                process_command_executable
                0x000031a6                process_command
                0x000031ea                execute_cmd
 *fill*         0x00003306        0x2 
 .text          0x00003308       0xfc ./shell/crc32.o
                0x00003308                crc32_init
                0x0000337a                crc32_update
                0x000033ec                crc32_calculate
 .text          0x00003404       0xd4 ./shell/ringbuffer.o
                0x00003404                kb_init
                0x00003418                kb_put
                0x00003466                kb_get
                0x000034aa                kb_available
                0x000034be                ps2_getchar
 .text          0x000034d8      0x78c ./kbd/drv_kbd.o
                0x00003536                liga_debug
                0x0000354e                init_kbd
                0x000037ec                get_packet
                0x00003a4a                get_kbd_key
                0x00003b6c                ch9350_shut_up
                0x00003b7a                get_char
                0x00003c42                print_capslock
 .text          0x00003c64        0x0 ./kbd/keycodes_ps2.o
 .text          0x00003c64       0xa8 ./kbd/kbdps2.o
                0x00003c86                init_keyboard
                0x00003cae                keyboard_get_key
                0x00003cc2                keyboard_has_key
                0x00003cd6                enable_keyboard_interrupt
                0x00003cda                disable_keyboard_interrupt
                0x00003cde                keyboard_flush
                0x00003ce2                process_keyboard
 .text          0x00003d0c      0x114 ./kbd/ringbuffer.o
                0x00003d0c                ring_buf_init
                0x00003d36                ring_buf_get
                0x00003d8a                ring_buf_put
 .text          0x00003e20      0x556 ./rtc/rp5c01a.o
                0x00003e54                get_fattime
                0x0000400c                set_rtc_time
                0x00004214                rtc_delay
                0x00004234                rtc_write_config_byte
                0x00004270                rtc_read_config_byte
                0x000042a6                ler_segundo
                0x000042de                rtc_inicializar
 *fill*         0x00004376        0x2 
 .text          0x00004378      0x15a ./picoVga/drv_picoVga.o
                0x00004378                init_picoVga
                0x0000437c                run_cmd
                0x000043a4                picovga_putchar
                0x000043e8                picovga_gotoxy
                0x0000445e                picovga_gohome
                0x0000446c                picovga_set_color
                0x000044b8                clrscr
 *fill*         0x000044d2        0x2 
 .text          0x000044d4      0x248 ./uarts/drv_uart0.o
                0x000044d4                uart0_debug_char
                0x00004506                uart0_init
                0x00004546                uart0_write
                0x00004584                uart0_read
                0x000045bc                uart0_read_timeout
                0x00004620                _inbyte
                0x000046a0                _outbyte
                0x000046de                uart0_write_string
                0x0000470e                uart0_flush
 .text          0x0000471c      0x6e6 ./ide/ata.o
                0x00004730                set_ide_bus_mode
                0x00004770                go_8bits_mode
                0x000047e6                ata_detect
                0x000048a4                ata_read_sector
                0x00004a58                ata_write_sector
                0x00004a60                read_partition_table
                0x00004b4a                ata_init
                0x00004bdc                ata_disk_status
                0x00004bec                ata_disk_initialize
                0x00004bfc                ata_wait_not_busy
                0x00004c3e                ata_wait_for_data
                0x00004c80                ata_read_identity
 *fill*         0x00004e02        0x2 
 .text          0x00004e04     0x412e ./fatfs/ff.o
                0x00006f6c                f_mount
                0x0000702a                f_open
                0x0000740a                f_read
                0x0000778e                f_write
                0x00007bac                f_sync
                0x00007d04                f_close
                0x00007d3a                f_chdrive
                0x00007d5e                f_chdir
                0x00007e02                f_getcwd
                0x00008050                f_lseek
                0x000083d4                f_opendir
                0x000084a8                f_closedir
                0x000084ce                f_readdir
                0x0000856e                f_stat
                0x000085e8                f_getfree
                0x00008790                f_truncate
                0x0000893e                f_unlink
                0x00008a9c                f_mkdir
                0x00008cde                f_rename
 *fill*         0x00008f32        0x2 
 .text          0x00008f34        0x0 ./fatfs/ffsystem.o
 .text          0x00008f34      0x220 ./fatfs/diskio.o
                0x00008f34                disk_status
                0x00008f4c                disk_initialize
                0x00008f62                disk_read
                0x00008fe0                disk_write
                0x0000905e                disk_ioctl
 .text          0x00009154      0x44e ./tst_fat/tstfat.o
                0x00009154                listar_diretorio_raiz
                0x00009310                open_dir
                0x000093ca                ler_e_exibir_joblog
                0x00009558                le_setor
                0x00009586                wr_setor
 *fill*         0x000095a2        0x2 
 .text          0x000095a4      0x32a timers.o
                0x000095a4                delay10ms
                0x000095c6                cpu_delay
                0x000095e2                init_timer
                0x00009602                get_tick_count
                0x0000960a                add_timer
                0x000096a2                delete_timer
                0x000096ee                start_timer
                0x0000976e                stop_timer
                0x000097a2                reset_timer
                0x000097f0                set_interval
                0x00009824                update_timers
 *fill*         0x000098ce        0x2 
 .text          0x000098d0        0x0 interrupt.o
 .text          0x000098d0      0x168 ./xmodem/xmodem_asm.o
                0x0000990e                xmodem_receive
 .text          0x00009a38       0xa2 vectors_asm.o
                0x00009a38                SvcBusError
                0x00009a38                TrapFHandler
                0x00009a38                SpuriousHandler
                0x00009a38                Int4Handler
                0x00009a38                SvcTrace
                0x00009a38                TrapBHandler
                0x00009a38                Int1Handler
                0x00009a38                TrapAHandler
                0x00009a38                SvcChkIns
                0x00009a38                Trap4Handler
                0x00009a38                Trap9Handler
                0x00009a38                Int5Handler
                0x00009a38                SvcDiv0_handler
                0x00009a38                Int7Handler
                0x00009a38                SvcIllegalIns
                0x00009a38                SvcLineA
                0x00009a38                SvcPrivViolation
                0x00009a38                Trap8Handler
                0x00009a38                Int6Handler
                0x00009a38                Trap2Handler
                0x00009a38                bad_exception
                0x00009a38                Trap3Handler
                0x00009a38                Svcaddress_err
                0x00009a38                Trap7Handler
                0x00009a38                Trap0Handler
                0x00009a38                SvcLineF
                0x00009a38                TrapCHandler
                0x00009a38                SvcTrapvIns
                0x00009a38                Trap5Handler
                0x00009a38                Trap6Handler
                0x00009a3a                TrapDHandler
                0x00009a3c                Int2Handler
                0x00009a4e                Int3Handler
                0x00009a74                Trap1Handler
                0x00009ac4                TrapEHandler
 *fill*         0x00009ada        0x2 
 .text          0x00009adc       0x1c ../../lib/libc68k.a(strchr.o)
                0x00009adc                strchr
 .text          0x00009af8       0x1e ../../lib/libc68k.a(memcpy.o)
                0x00009af8                memcpy
 *fill*         0x00009b16        0x2 
 .text          0x00009b18      0x360 ../../lib/libc68k.a(malloc.o)
                0x00009ccc                malloc_init
                0x00009d42                free
                0x00009d8e                malloc
                0x00009da2                calloc
                0x00009e02                malloc_num_free
                0x00009e1c                malloc_num_used
                0x00009e38                malloc_num_fresh
                0x00009e54                malloc_check
 .text          0x00009e78       0x3c ../../lib/libc68k.a(memcmp.o)
                0x00009e78                memcmp
 .text          0x00009eb4       0x12 ../../lib/libc68k.a(strlen.o)
                0x00009eb4                strlen
 *fill*         0x00009ec6        0x2 
 .text          0x00009ec8       0x16 ../../lib/libc68k.a(memset.o)
                0x00009ec8                memset
 *fill*         0x00009ede        0x2 
 .text          0x00009ee0       0x26 ../../lib/libc68k.a(strcat.o)
                0x00009ee0                strcat
 *fill*         0x00009f06        0x2 
 .text          0x00009f08       0x18 ../../lib/libc68k.a(strcpy.o)
                0x00009f08                strcpy
 .text          0x00009f20       0x1a ../../lib/libc68k.a(putchar.o)
                0x00009f20                putchar
 *fill*         0x00009f3a        0x2 
 .text          0x00009f3c      0x206 ../../lib/libc68k.a(sprintf.o)
                0x00009f3c                sprintf
 *fill*         0x0000a142        0x2 
 .text          0x0000a144      0x3a6 ../../lib/libc68k.a(printf.o)
                0x0000a144                itox
                0x0000a18e                itodec
                0x0000a1ec                itooct
                0x0000a232                itoudec
                0x0000a284                pad_zeros
                0x0000a2c8                printf
 *fill*         0x0000a4ea        0x2 
 .text          0x0000a4ec       0x36 ../../lib/libc68k.a(__mulsi3.o)
                0x0000a4ec                __mulsi3
 *fill*         0x0000a522        0x2 
 .text          0x0000a524       0x2c ../../lib/libc68k.a(__umodsi3.o)
                0x0000a524                __umodsi3
 .text          0x0000a550       0x3a ../../lib/libc68k.a(__udivsi3.o)
                0x0000a550                __udivsi3
 *fill*         0x0000a58a        0x2 
 .text          0x0000a58c      0x148 ../../lib/libc68k.a(strtoul.o)
                0x0000a58c                strtoul
 .text          0x0000a6d4        0xc ../../lib/libc68k.a(isspace.o)
                0x0000a6d4                isspace
 .text          0x0000a6e0       0x16 ../../lib/libc68k.a(atoi.o)
                0x0000a6e0                atoi
 *fill*         0x0000a6f6        0x2 
 .text          0x0000a6f8       0x54 ../../lib/libc68k.a(strcasecmp.o)
                0x0000a6f8                strcasecmp
 .text          0x0000a74c       0x26 ../../lib/libc68k.a(puts.o)
                0x0000a74c                puts
 *fill*         0x0000a772        0x2 
 .text          0x0000a774       0x32 ../../lib/libc68k.a(strtol.o)
                0x0000a774                strtol
 *(.rodata)
 .rodata        0x0000a7a6      0x11f orion68.o
                0x0000a7da                MsgOrionInit
 .rodata        0x0000a8c5       0x51 vectors.o
 .rodata        0x0000a916      0x2d6 ./dump/mem_dump.o
 .rodata        0x0000abec        0x5 ./shell/io.o
 .rodata        0x0000abf1      0x126 ./shell/picow.o
 .rodata        0x0000ad17      0x2fa ./shell/printerro.o
 .rodata        0x0000b011      0x787 ./shell/commands.o
 .rodata        0x0000b798      0x9b7 ./shell/decodecmd.o
                0x0000b798                g_elf_header_bytes
                0x0000bb8e                g_cmd_table
 .rodata        0x0000c14f      0x2cd ./kbd/drv_kbd.o
                0x0000c14f                OE_BASE_KEYMAP
                0x0000c1cf                OE_SHIFT_KEYMAP
                0x0000c24f                OE_CTRL_KEYMAP
                0x0000c2cf                OE_ALT_KEYMAP
                0x0000c34f                OE_ALTGR_KEYMAP
 .rodata        0x0000c41c      0x108 ./kbd/keycodes_ps2.o
                0x0000c41c                g_ps2_keymap
                0x0000c4a0                g_ps2_keymap_shift
 .rodata        0x0000c524       0x48 ./rtc/rp5c01a.o
 .rodata        0x0000c56c       0x2d ./uarts/drv_uart0.o
 .rodata        0x0000c599      0x1b2 ./ide/ata.o
 .rodata        0x0000c74b       0x98 ./fatfs/ff.o
 .rodata        0x0000c7e3       0x2d ./fatfs/diskio.o
 .rodata        0x0000c810      0x200 ./tst_fat/tstfat.o
 .rodata        0x0000ca10       0x28 ../../lib/libc68k.a(printf.o)
                0x0000ca38                        . = ALIGN (0x2)

.rodata         0x0000ca38       0x20
                0x0000ca38                        . = ALIGN (0x2)
 *(.rodata*)
 .rodata.str1.1
                0x0000ca38       0x20 ../../lib/libc68k.a(sprintf.o)
                                  0xf (size before relaxing)
 .rodata.str1.1
                0x0000ca58       0x20 ../../lib/libc68k.a(printf.o)
                0x0000ca78                        . = ALIGN (0x2)

.data           0x00080004       0x58 load address 0x0000ca58
                0x00080004                        . = ALIGN (0x2)
                0x00080004                        __data_start = .
 *(.data*)
 .data          0x00080004        0x0 ../../obj/orion68_startup.o
 .data          0x00080004        0x0 orion68.o
 .data          0x00080004        0x0 vectors.o
 .data          0x00080004        0x0 console.o
 .data          0x00080004        0x0 ./dump/mem_dump.o
 .data          0x00080004        0x0 ./shell/io.o
 .data          0x00080004        0x0 ./shell/picow.o
 .data          0x00080004        0x0 ./shell/elf_loader.o
 .data          0x00080004       0x50 ./shell/printerro.o
 .data          0x00080054        0x0 ./shell/commands.o
 .data          0x00080054        0x8 ./shell/decodecmd.o
 .data          0x0008005c        0x0 ./shell/crc32.o
 .data          0x0008005c        0x0 ./shell/ringbuffer.o
 .data          0x0008005c        0x0 ./kbd/drv_kbd.o
 .data          0x0008005c        0x0 ./kbd/keycodes_ps2.o
 .data          0x0008005c        0x0 ./kbd/kbdps2.o
 .data          0x0008005c        0x0 ./kbd/ringbuffer.o
 .data          0x0008005c        0x0 ./rtc/rp5c01a.o
 .data          0x0008005c        0x0 ./picoVga/drv_picoVga.o
 .data          0x0008005c        0x0 ./uarts/drv_uart0.o
 .data          0x0008005c        0x0 ./ide/ata.o
 .data          0x0008005c        0x0 ./fatfs/ff.o
 .data          0x0008005c        0x0 ./fatfs/ffsystem.o
 .data          0x0008005c        0x0 ./fatfs/diskio.o
 .data          0x0008005c        0x0 ./tst_fat/tstfat.o
 .data          0x0008005c        0x0 timers.o
 .data          0x0008005c        0x0 interrupt.o
 .data          0x0008005c        0x0 ./xmodem/xmodem_asm.o
 .data          0x0008005c        0x0 vectors_asm.o
 .data          0x0008005c        0x0 ../../lib/libc68k.a(strchr.o)
 .data          0x0008005c        0x0 ../../lib/libc68k.a(memcpy.o)
 .data          0x0008005c        0x0 ../../lib/libc68k.a(malloc.o)
 .data          0x0008005c        0x0 ../../lib/libc68k.a(memcmp.o)
 .data          0x0008005c        0x0 ../../lib/libc68k.a(strlen.o)
 .data          0x0008005c        0x0 ../../lib/libc68k.a(memset.o)
 .data          0x0008005c        0x0 ../../lib/libc68k.a(strcat.o)
 .data          0x0008005c        0x0 ../../lib/libc68k.a(strcpy.o)
 .data          0x0008005c        0x0 ../../lib/libc68k.a(putchar.o)
 .data          0x0008005c        0x0 ../../lib/libc68k.a(sprintf.o)
 .data          0x0008005c        0x0 ../../lib/libc68k.a(printf.o)
 .data          0x0008005c        0x0 ../../lib/libc68k.a(__mulsi3.o)
 .data          0x0008005c        0x0 ../../lib/libc68k.a(__umodsi3.o)
 .data          0x0008005c        0x0 ../../lib/libc68k.a(__udivsi3.o)
 .data          0x0008005c        0x0 ../../lib/libc68k.a(strtoul.o)
 .data          0x0008005c        0x0 ../../lib/libc68k.a(isspace.o)
 .data          0x0008005c        0x0 ../../lib/libc68k.a(atoi.o)
 .data          0x0008005c        0x0 ../../lib/libc68k.a(strcasecmp.o)
 .data          0x0008005c        0x0 ../../lib/libc68k.a(puts.o)
 .data          0x0008005c        0x0 ../../lib/libc68k.a(strtol.o)
                0x0008005c                        . = ALIGN (0x2)
                0x0008005c                        __data_end = .

.mram           0x0008005c        0x8 load address 0x0000cab0
 *(?.mram)
 .mram          0x0008005c        0x8 orion68.o
                0x0008005c                systemTick
                0x00080060                flg_system
                0x0000ca58                        __data_load_start = LOADADDR (.data)

.bss            0x00080064      0xf9c load address 0x0000cab0
                0x00080064                        . = ALIGN (0x2)
                0x00080064                        __bss_start = .
 *(.bss*)
 .bss           0x00080064        0x0 ../../obj/orion68_startup.o
 .bss           0x00080064      0x3bc orion68.o
                0x00080064                sys_flags
                0x00080066                FatFs
                0x000802a0                g_cmd_buffer
                0x00080320                buffer
                0x000803a0                syspath
 .bss           0x00080420        0x0 vectors.o
 .bss           0x00080420        0x8 console.o
                0x00080420                cconin
                0x00080424                cconout
 .bss           0x00080428        0x0 ./dump/mem_dump.o
 .bss           0x00080428        0x0 ./shell/io.o
 .bss           0x00080428        0x0 ./shell/picow.o
 .bss           0x00080428        0x0 ./shell/elf_loader.o
 .bss           0x00080428        0x0 ./shell/printerro.o
 .bss           0x00080428      0x22a ./shell/commands.o
                0x00080428                basic_running
 *fill*         0x00080652        0x2 
 .bss           0x00080654        0x4 ./shell/decodecmd.o
 .bss           0x00080658      0x400 ./shell/crc32.o
 .bss           0x00080a58      0x102 ./shell/ringbuffer.o
 *fill*         0x00080b5a        0x2 
 .bss           0x00080b5c       0x3b ./kbd/drv_kbd.o
                0x00080b5c                key_buffer
                0x00080b8c                cmd
                0x00080b8d                length
                0x00080b8e                type
                0x00080b8f                special_key_up
                0x00080b90                special_key_down
                0x00080b91                key_up
                0x00080b92                key_down
                0x00080b93                special_key_status
                0x00080b94                _CapsFlag
                0x00080b95                mod_caps
                0x00080b96                debug_pkt
 *fill*         0x00080b97        0x1 
 .bss           0x00080b98        0x0 ./kbd/keycodes_ps2.o
 .bss           0x00080b98       0x22 ./kbd/kbdps2.o
                0x00080b98                g_has_keyboard
                0x00080b9a                g_buf_scancode
                0x00080baa                g_buf_keypress
 *fill*         0x00080bba        0x2 
 .bss           0x00080bbc        0x0 ./kbd/ringbuffer.o
 .bss           0x00080bbc        0x0 ./rtc/rp5c01a.o
 .bss           0x00080bbc        0x0 ./picoVga/drv_picoVga.o
 .bss           0x00080bbc        0x0 ./uarts/drv_uart0.o
 .bss           0x00080bbc       0x29 ./ide/ata.o
                0x00080bbc                drives
                0x00080be4                ide_bus_mode
 *fill*         0x00080be5        0x3 
 .bss           0x00080be8        0xd ./fatfs/ff.o
 *fill*         0x00080bf5        0x3 
 .bss           0x00080bf8        0x0 ./fatfs/ffsystem.o
 .bss           0x00080bf8       0x64 ./fatfs/diskio.o
 .bss           0x00080c5c      0x2f0 ./tst_fat/tstfat.o
                0x00080c5c                Dir
                0x00080c8a                Fno
                0x00080ca4                buffer_leitura
 .bss           0x00080f4c       0x1c timers.o
                0x00080f4c                g_timers
                0x00080f60                g_tick_count
 .bss           0x00080f68        0x0 interrupt.o
 .bss           0x00080f68       0x84 ./xmodem/xmodem_asm.o
 .bss           0x00080fec        0x0 vectors_asm.o
 .bss           0x00080fec        0x0 ../../lib/libc68k.a(strchr.o)
 .bss           0x00080fec        0x0 ../../lib/libc68k.a(memcpy.o)
 .bss           0x00080fec       0x14 ../../lib/libc68k.a(malloc.o)
 .bss           0x00081000        0x0 ../../lib/libc68k.a(memcmp.o)
 .bss           0x00081000        0x0 ../../lib/libc68k.a(strlen.o)
 .bss           0x00081000        0x0 ../../lib/libc68k.a(memset.o)
 .bss           0x00081000        0x0 ../../lib/libc68k.a(strcat.o)
 .bss           0x00081000        0x0 ../../lib/libc68k.a(strcpy.o)
 .bss           0x00081000        0x0 ../../lib/libc68k.a(putchar.o)
 .bss           0x00081000        0x0 ../../lib/libc68k.a(sprintf.o)
 .bss           0x00081000        0x0 ../../lib/libc68k.a(printf.o)
 .bss           0x00081000        0x0 ../../lib/libc68k.a(__mulsi3.o)
 .bss           0x00081000        0x0 ../../lib/libc68k.a(__umodsi3.o)
 .bss           0x00081000        0x0 ../../lib/libc68k.a(__udivsi3.o)
 .bss           0x00081000        0x0 ../../lib/libc68k.a(strtoul.o)
 .bss           0x00081000        0x0 ../../lib/libc68k.a(isspace.o)
 .bss           0x00081000        0x0 ../../lib/libc68k.a(atoi.o)
 .bss           0x00081000        0x0 ../../lib/libc68k.a(strcasecmp.o)
 .bss           0x00081000        0x0 ../../lib/libc68k.a(puts.o)
 .bss           0x00081000        0x0 ../../lib/libc68k.a(strtol.o)
 *(COMMON)
                0x00081000                        . = ALIGN (0x2)
                0x00081000                        __bss_end = .
                0x00100000                        _stack_end = 0x100000
                0x000fe000                        _stack_start = (_stack_end - 0x2000)

/DISCARD/
 *(.comment)
 *(.note*)
 *(.align*)
LOAD ../../obj/orion68_startup.o
LOAD orion68.o
LOAD vectors.o
LOAD console.o
LOAD ./dump/mem_dump.o
LOAD ./shell/io.o
LOAD ./shell/picow.o
LOAD ./shell/elf_loader.o
LOAD ./shell/printerro.o
LOAD ./shell/commands.o
LOAD ./shell/decodecmd.o
LOAD ./shell/crc32.o
LOAD ./shell/ringbuffer.o
LOAD ./kbd/drv_kbd.o
LOAD ./kbd/keycodes_ps2.o
LOAD ./kbd/kbdps2.o
LOAD ./kbd/ringbuffer.o
LOAD ./rtc/rp5c01a.o
LOAD ./picoVga/drv_picoVga.o
LOAD ./uarts/drv_uart0.o
LOAD ./ide/ata.o
LOAD ./fatfs/ff.o
LOAD ./fatfs/ffsystem.o
LOAD ./fatfs/diskio.o
LOAD ./tst_fat/tstfat.o
LOAD timers.o
LOAD interrupt.o
LOAD ./xmodem/xmodem_asm.o
LOAD vectors_asm.o
LOAD ../../lib/libc68k.a
OUTPUT(orion68.elf elf32-m68k)
