Archive member included to satisfy reference by file (symbol)

../../lib/libc68k.a(strchr.o)
                              ./fatfs/ff.o (strchr)
../../lib/libc68k.a(memcpy.o)
                              ./shell/elf_loader.o (memcpy)
../../lib/libc68k.a(malloc.o)
                              ./shell/commands.o (free)
../../lib/libc68k.a(memcmp.o)
                              ./shell/decodecmd.o (memcmp)
../../lib/libc68k.a(strlen.o)
                              ./shell/commands.o (strlen)
../../lib/libc68k.a(memset.o)
                              ./shell/elf_loader.o (memset)
../../lib/libc68k.a(strcat.o)
                              ./shell/commands.o (strcat)
../../lib/libc68k.a(strcpy.o)
                              ./shell/commands.o (strcpy)
../../lib/libc68k.a(putchar.o)
                              ./shell/commands.o (putchar)
../../lib/libc68k.a(sprintf.o)
                              ./shell/commands.o (sprintf)
../../lib/libc68k.a(printf.o)
                              ../../lib/libc68k.a(sprintf.o) (itox)
../../lib/libc68k.a(__mulsi3.o)
                              ./shell/elf_loader.o (__mulsi3)
../../lib/libc68k.a(__umodsi3.o)
                              ./shell/commands.o (__umodsi3)
../../lib/libc68k.a(__udivsi3.o)
                              ./shell/commands.o (__udivsi3)
../../lib/libc68k.a(strtoul.o)
                              ./shell/commands.o (strtoul)
../../lib/libc68k.a(isspace.o)
                              ./shell/decodecmd.o (isspace)
../../lib/libc68k.a(atoi.o)   ./shell/commands.o (atoi)
../../lib/libc68k.a(strcasecmp.o)
                              ./shell/decodecmd.o (strcasecmp)
../../lib/libc68k.a(puts.o)   ../../lib/libc68k.a(printf.o) (puts)
../../lib/libc68k.a(strtol.o)
                              ../../lib/libc68k.a(atoi.o) (strtol)

Discarded input sections

 .comment       0x00000000       0x13 orion68.o
 .comment       0x00000000       0x13 vectors.o
 .comment       0x00000000       0x13 console.o
 .comment       0x00000000       0x13 ./dump/mem_dump.o
 .comment       0x00000000       0x13 ./shell/io.o
 .comment       0x00000000       0x13 ./shell/picow.o
 .comment       0x00000000       0x13 ./shell/elf_loader.o
 .comment       0x00000000       0x13 ./shell/printerro.o
 .comment       0x00000000       0x13 ./shell/commands.o
 .comment       0x00000000       0x13 ./shell/decodecmd.o
 .comment       0x00000000       0x13 ./shell/crc32.o
 .comment       0x00000000       0x13 ./shell/cmd_repeat.o
 .comment       0x00000000       0x13 ./kbd/drv_kbd.o
 .comment       0x00000000       0x13 ./kbd/ringbuffer.o
 .comment       0x00000000       0x13 ./rtc/rp5c01a.o
 .comment       0x00000000       0x13 ./picoVga/drv_picoVga.o
 .comment       0x00000000       0x13 ./uarts/drv_uart0.o
 .comment       0x00000000       0x13 ./ide/ata.o
 .comment       0x00000000       0x13 ./fatfs/ff.o
 .comment       0x00000000       0x13 ./fatfs/ffsystem.o
 .comment       0x00000000       0x13 ./fatfs/diskio.o
 .comment       0x00000000       0x13 ./tst_fat/tstfat.o
 .comment       0x00000000       0x13 timers.o
 .comment       0x00000000       0x13 interrupt.o
 .comment       0x00000000       0x13 ../../lib/libc68k.a(strchr.o)
 .comment       0x00000000       0x13 ../../lib/libc68k.a(memcpy.o)
 .comment       0x00000000       0x13 ../../lib/libc68k.a(malloc.o)
 .comment       0x00000000       0x13 ../../lib/libc68k.a(memcmp.o)
 .comment       0x00000000       0x13 ../../lib/libc68k.a(strlen.o)
 .comment       0x00000000       0x13 ../../lib/libc68k.a(memset.o)
 .comment       0x00000000       0x13 ../../lib/libc68k.a(strcat.o)
 .comment       0x00000000       0x13 ../../lib/libc68k.a(strcpy.o)
 .comment       0x00000000       0x13 ../../lib/libc68k.a(putchar.o)
 .comment       0x00000000       0x13 ../../lib/libc68k.a(sprintf.o)
 .comment       0x00000000       0x13 ../../lib/libc68k.a(printf.o)
 .comment       0x00000000       0x13 ../../lib/libc68k.a(__mulsi3.o)
 .comment       0x00000000       0x13 ../../lib/libc68k.a(__umodsi3.o)
 .comment       0x00000000       0x13 ../../lib/libc68k.a(__udivsi3.o)
 .comment       0x00000000       0x13 ../../lib/libc68k.a(strtoul.o)
 .comment       0x00000000       0x13 ../../lib/libc68k.a(isspace.o)
 .comment       0x00000000       0x13 ../../lib/libc68k.a(atoi.o)
 .comment       0x00000000       0x13 ../../lib/libc68k.a(strcasecmp.o)
 .comment       0x00000000       0x13 ../../lib/libc68k.a(puts.o)
 .comment       0x00000000       0x13 ../../lib/libc68k.a(strtol.o)

Memory Configuration

Name             Origin             Length             Attributes
ROM              0x00000000         0x00010000         xr
RAM              0x00080004         0x00080000         xrw
*default*        0x00000000         0xffffffff

Linker script and memory map

                0x00000000                        . = 0x0

.vectors        0x00000000        0x0
 *(.vectors)
                0x00000000                        . = ALIGN (0x400)

.text           0x00000000     0xd66e
                0x00000000                        . = ALIGN (0x2)
 *(.text*)
 .text          0x00000000      0x2c4 ../../obj/orion68_startup.o
                0x000000c0                _start
                0x000001a2                UartWriteCh
                0x000001a6                UartWrCh
                0x000001ce                uart0_initialize
                0x0000021a                printString
                0x0000024c                _delay_ms
 .text          0x000002c4      0x280 orion68.o
                0x000002c4                executar_xmodem
                0x000002e4                clr_flg_program_loaded
                0x000002fa                set_flg_program_loaded
                0x0000030e                get_flg_program_loaded
                0x0000031a                print_msg
                0x00000356                write_string
                0x00000388                display_prompt
                0x0000040c                main
 .text          0x00000544       0xec vectors.o
                0x0000055c                TRAP14_Handler
                0x00000606                get_system_tick
 .text          0x00000630       0x2c console.o
                0x00000630                set_console_output
                0x00000642                set_console_input
                0x00000654                enable_interrupts
 .text          0x0000065c      0x66a ./dump/mem_dump.o
                0x0000065c                dump_memory
                0x000008da                dump_memory2
                0x00000b5e                dump_memory_by_addr
 *fill*         0x00000cc6        0x2 
 .text          0x00000cc8       0x54 ./shell/io.o
                0x00000cc8                get_key
                0x00000cf2                _putchar_hex
 .text          0x00000d1c      0x492 ./shell/picow.o
                0x00000d1c                receber_arquivo_do_pico
                0x00000f4c                send_sector_low
                0x00000f76                send_sector_high
                0x00000fa0                send_read_cmd
                0x00000fc6                read_sector
                0x00001026                get_crc
                0x0000108e                receber_setor_do_pico
                0x00001192                pico_write_ch
 *fill*         0x000011ae        0x2 
 .text          0x000011b0      0x322 ./shell/elf_loader.o
                0x000011b0                carregar_elf32
                0x000012f0                carregar_elf32_fatfs
 *fill*         0x000014d2        0x2 
 .text          0x000014d4       0x44 ./shell/printerro.o
                0x000014d4                printerro
 .text          0x00001518     0x1768 ./shell/commands.o
                0x00001588                do_help
                0x00001618                do_notimplemented
                0x0000162a                do_runelf_fromhd
                0x00001658                do_runelf
                0x00001694                do_dump
                0x000016e6                serial_has_char
                0x000016ea                do_srecord
                0x000017a2                do_binfile
                0x00001922                do_binmem
                0x00001a2e                do_ideinit
                0x00001a72                do_idemode
                0x00001ac4                do_run
                0x00001af0                do_writemem
                0x00001d0a                do_ls
                0x00001f3a                do_delete
                0x00001f66                do_exit
                0x00001f8c                do_mkdir
                0x00002074                do_rmdir
                0x00002184                do_rename
                0x000021da                do_cd
                0x00002202                do_dir
                0x0000220c                do_shst
                0x00002226                do_loadmem
                0x00002364                do_copyfile
                0x00002518                do_cat
                0x00002650                do_time
                0x00002738                do_tstkbd
                0x00002922                do_uptime
                0x000029f6                do_ehbasic
                0x000029fa                do_readsect
                0x00002a2e                do_writesect
                0x00002a62                do_writemem1
                0x00002b6e                do_mem2file
 .text          0x00002c80      0xc3e ./shell/decodecmd.o
                0x00002c80                getline
                0x00002f56                process_command_builtin
                0x000030be                load_elf_executable
                0x000034b6                open_executable_file
                0x000035da                process_command_executable
                0x0000375e                process_command
                0x000037a2                execute_cmd
 *fill*         0x000038be        0x2 
 .text          0x000038c0       0xfc ./shell/crc32.o
                0x000038c0                crc32_init
                0x00003932                crc32_update
                0x000039a4                crc32_calculate
 .text          0x000039bc      0x4d4 ./shell/cmd_repeat.o
                0x000039bc                hist_add
                0x00003e3e                keyboard_handler
 .text          0x00003e90      0x78c ./kbd/drv_kbd.o
                0x00003eee                liga_debug
                0x00003f06                init_kbd
                0x000041a4                get_packet
                0x00004402                get_kbd_key
                0x00004524                ch9350_shut_up
                0x00004532                get_char
                0x000045fa                print_capslock
 .text          0x0000461c      0x10a ./kbd/ringbuffer.o
                0x0000461c                ring_buf_init
                0x00004644                ring_buf_get
                0x00004680                ring_buf_put
                0x000046e0                ring_buf_is_empty
                0x000046fc                ring_buf_is_full
 *fill*         0x00004726        0x2 
 .text          0x00004728      0x556 ./rtc/rp5c01a.o
                0x0000475c                get_fattime
                0x00004914                set_rtc_time
                0x00004b1c                rtc_delay
                0x00004b3c                rtc_write_config_byte
                0x00004b78                rtc_read_config_byte
                0x00004bae                ler_segundo
                0x00004be6                rtc_inicializar
 *fill*         0x00004c7e        0x2 
 .text          0x00004c80      0x142 ./picoVga/drv_picoVga.o
                0x00004c80                init_picoVga
                0x00004c84                run_cmd
                0x00004cac                picovga_putchar
                0x00004cd8                picovga_gotoxy
                0x00004d4e                picovga_gohome
                0x00004d5c                picovga_set_color
                0x00004da8                clrscr
 *fill*         0x00004dc2        0x2 
 .text          0x00004dc4      0x248 ./uarts/drv_uart0.o
                0x00004dc4                uart0_debug_char
                0x00004df6                uart0_init
                0x00004e36                uart0_write
                0x00004e74                uart0_read
                0x00004eac                uart0_read_timeout
                0x00004f10                _inbyte
                0x00004f90                _outbyte
                0x00004fce                uart0_write_string
                0x00004ffe                uart0_flush
 .text          0x0000500c      0x6e6 ./ide/ata.o
                0x00005020                set_ide_bus_mode
                0x00005060                go_8bits_mode
                0x000050d6                ata_detect
                0x00005194                ata_read_sector
                0x00005348                ata_write_sector
                0x00005350                read_partition_table
                0x0000543a                ata_init
                0x000054cc                ata_disk_status
                0x000054dc                ata_disk_initialize
                0x000054ec                ata_wait_not_busy
                0x0000552e                ata_wait_for_data
                0x00005570                ata_read_identity
 *fill*         0x000056f2        0x2 
 .text          0x000056f4     0x412e ./fatfs/ff.o
                0x0000785c                f_mount
                0x0000791a                f_open
                0x00007cfa                f_read
                0x0000807e                f_write
                0x0000849c                f_sync
                0x000085f4                f_close
                0x0000862a                f_chdrive
                0x0000864e                f_chdir
                0x000086f2                f_getcwd
                0x00008940                f_lseek
                0x00008cc4                f_opendir
                0x00008d98                f_closedir
                0x00008dbe                f_readdir
                0x00008e5e                f_stat
                0x00008ed8                f_getfree
                0x00009080                f_truncate
                0x0000922e                f_unlink
                0x0000938c                f_mkdir
                0x000095ce                f_rename
 *fill*         0x00009822        0x2 
 .text          0x00009824        0x0 ./fatfs/ffsystem.o
 .text          0x00009824      0x220 ./fatfs/diskio.o
                0x00009824                disk_status
                0x0000983c                disk_initialize
                0x00009852                disk_read
                0x000098d0                disk_write
                0x0000994e                disk_ioctl
 .text          0x00009a44      0x44e ./tst_fat/tstfat.o
                0x00009a44                listar_diretorio_raiz
                0x00009c00                open_dir
                0x00009cba                ler_e_exibir_joblog
                0x00009e48                le_setor
                0x00009e76                wr_setor
 *fill*         0x00009e92        0x2 
 .text          0x00009e94      0x32a timers.o
                0x00009e94                delay10ms
                0x00009eb6                cpu_delay
                0x00009ed2                init_timer
                0x00009ef2                get_tick_count
                0x00009efa                add_timer
                0x00009f92                delete_timer
                0x00009fde                start_timer
                0x0000a05e                stop_timer
                0x0000a092                reset_timer
                0x0000a0e0                set_interval
                0x0000a114                update_timers
 *fill*         0x0000a1be        0x2 
 .text          0x0000a1c0        0x0 interrupt.o
 .text          0x0000a1c0      0x168 ./xmodem/xmodem_asm.o
                0x0000a1fe                xmodem_receive
 .text          0x0000a328       0xa4 vectors_asm.o
                0x0000a328                SvcBusError
                0x0000a328                Svcaddress_err
                0x0000a330                TrapFHandler
                0x0000a330                SpuriousHandler
                0x0000a330                Int4Handler
                0x0000a330                SvcTrace
                0x0000a330                TrapBHandler
                0x0000a330                Int1Handler
                0x0000a330                TrapAHandler
                0x0000a330                SvcChkIns
                0x0000a330                Trap4Handler
                0x0000a330                Trap9Handler
                0x0000a330                Int5Handler
                0x0000a330                SvcDiv0_handler
                0x0000a330                Int7Handler
                0x0000a330                SvcIllegalIns
                0x0000a330                SvcLineA
                0x0000a330                SvcPrivViolation
                0x0000a330                Trap8Handler
                0x0000a330                Int6Handler
                0x0000a330                Trap2Handler
                0x0000a330                bad_exception
                0x0000a330                Trap3Handler
                0x0000a330                Trap7Handler
                0x0000a330                Trap0Handler
                0x0000a330                SvcLineF
                0x0000a330                TrapCHandler
                0x0000a330                SvcTrapvIns
                0x0000a330                Trap5Handler
                0x0000a330                Trap6Handler
                0x0000a332                TrapDHandler
                0x0000a334                Int2Handler
                0x0000a346                Int3Handler
                0x0000a366                Trap1Handler
                0x0000a3b6                TrapEHandler
 .text          0x0000a3cc       0x1c ../../lib/libc68k.a(strchr.o)
                0x0000a3cc                strchr
 .text          0x0000a3e8       0x1e ../../lib/libc68k.a(memcpy.o)
                0x0000a3e8                memcpy
 *fill*         0x0000a406        0x2 
 .text          0x0000a408      0x360 ../../lib/libc68k.a(malloc.o)
                0x0000a5bc                malloc_init
                0x0000a632                free
                0x0000a67e                malloc
                0x0000a692                calloc
                0x0000a6f2                malloc_num_free
                0x0000a70c                malloc_num_used
                0x0000a728                malloc_num_fresh
                0x0000a744                malloc_check
 .text          0x0000a768       0x3c ../../lib/libc68k.a(memcmp.o)
                0x0000a768                memcmp
 .text          0x0000a7a4       0x12 ../../lib/libc68k.a(strlen.o)
                0x0000a7a4                strlen
 *fill*         0x0000a7b6        0x2 
 .text          0x0000a7b8       0x16 ../../lib/libc68k.a(memset.o)
                0x0000a7b8                memset
 *fill*         0x0000a7ce        0x2 
 .text          0x0000a7d0       0x26 ../../lib/libc68k.a(strcat.o)
                0x0000a7d0                strcat
 *fill*         0x0000a7f6        0x2 
 .text          0x0000a7f8       0x18 ../../lib/libc68k.a(strcpy.o)
                0x0000a7f8                strcpy
 .text          0x0000a810       0x2a ../../lib/libc68k.a(putchar.o)
                0x0000a810                kbd_getchar
                0x0000a820                putchar
 *fill*         0x0000a83a        0x2 
 .text          0x0000a83c      0x206 ../../lib/libc68k.a(sprintf.o)
                0x0000a83c                sprintf
 *fill*         0x0000aa42        0x2 
 .text          0x0000aa44      0x3a6 ../../lib/libc68k.a(printf.o)
                0x0000aa44                itox
                0x0000aa8e                itodec
                0x0000aaec                itooct
                0x0000ab32                itoudec
                0x0000ab84                pad_zeros
                0x0000abc8                printf
 *fill*         0x0000adea        0x2 
 .text          0x0000adec       0x36 ../../lib/libc68k.a(__mulsi3.o)
                0x0000adec                __mulsi3
 *fill*         0x0000ae22        0x2 
 .text          0x0000ae24       0x2c ../../lib/libc68k.a(__umodsi3.o)
                0x0000ae24                __umodsi3
 .text          0x0000ae50       0x3a ../../lib/libc68k.a(__udivsi3.o)
                0x0000ae50                __udivsi3
 *fill*         0x0000ae8a        0x2 
 .text          0x0000ae8c      0x148 ../../lib/libc68k.a(strtoul.o)
                0x0000ae8c                strtoul
 .text          0x0000afd4        0xc ../../lib/libc68k.a(isspace.o)
                0x0000afd4                isspace
 .text          0x0000afe0       0x16 ../../lib/libc68k.a(atoi.o)
                0x0000afe0                atoi
 *fill*         0x0000aff6        0x2 
 .text          0x0000aff8       0x54 ../../lib/libc68k.a(strcasecmp.o)
                0x0000aff8                strcasecmp
 .text          0x0000b04c       0x26 ../../lib/libc68k.a(puts.o)
                0x0000b04c                puts
 *fill*         0x0000b072        0x2 
 .text          0x0000b074       0x32 ../../lib/libc68k.a(strtol.o)
                0x0000b074                strtol
 *(.rodata)
 .rodata        0x0000b0a6      0x192 orion68.o
                0x0000b0da                MsgOrionInit
 .rodata        0x0000b238       0x51 vectors.o
 .rodata        0x0000b289      0x2d6 ./dump/mem_dump.o
 .rodata        0x0000b55f        0x5 ./shell/io.o
 .rodata        0x0000b564      0x150 ./shell/picow.o
 .rodata        0x0000b6b4      0x2fa ./shell/printerro.o
 .rodata        0x0000b9ae      0x93e ./shell/commands.o
 .rodata        0x0000c2ec      0xba1 ./shell/decodecmd.o
                0x0000c2ec                g_elf_header_bytes
                0x0000c8cc                g_cmd_table
 .rodata        0x0000ce8d      0x2cd ./kbd/drv_kbd.o
                0x0000ce8d                OE_BASE_KEYMAP
                0x0000cf0d                OE_SHIFT_KEYMAP
                0x0000cf8d                OE_CTRL_KEYMAP
                0x0000d00d                OE_ALT_KEYMAP
                0x0000d08d                OE_ALTGR_KEYMAP
 .rodata        0x0000d15a       0x48 ./rtc/rp5c01a.o
 .rodata        0x0000d1a2       0x2d ./uarts/drv_uart0.o
 .rodata        0x0000d1cf      0x1b2 ./ide/ata.o
 .rodata        0x0000d381       0x98 ./fatfs/ff.o
 .rodata        0x0000d419       0x2d ./fatfs/diskio.o
 .rodata        0x0000d446      0x200 ./tst_fat/tstfat.o
 .rodata        0x0000d646       0x28 ../../lib/libc68k.a(printf.o)
                0x0000d66e                        . = ALIGN (0x2)

.rodata         0x0000d66e       0x20
                0x0000d66e                        . = ALIGN (0x2)
 *(.rodata*)
 .rodata.str1.1
                0x0000d66e       0x20 ../../lib/libc68k.a(sprintf.o)
                                  0xf (size before relaxing)
 .rodata.str1.1
                0x0000d68e       0x20 ../../lib/libc68k.a(printf.o)
                0x0000d6ae                        . = ALIGN (0x2)

.data           0x00080004       0x60 load address 0x0000d68e
                0x00080004                        . = ALIGN (0x2)
                0x00080004                        __data_start = .
 *(.data*)
 .data          0x00080004        0x0 ../../obj/orion68_startup.o
 .data          0x00080004        0x0 orion68.o
 .data          0x00080004        0x0 vectors.o
 .data          0x00080004        0x0 console.o
 .data          0x00080004        0x0 ./dump/mem_dump.o
 .data          0x00080004        0x0 ./shell/io.o
 .data          0x00080004        0x0 ./shell/picow.o
 .data          0x00080004        0x0 ./shell/elf_loader.o
 .data          0x00080004       0x50 ./shell/printerro.o
 .data          0x00080054        0x0 ./shell/commands.o
 .data          0x00080054        0x8 ./shell/decodecmd.o
 .data          0x0008005c        0x0 ./shell/crc32.o
 .data          0x0008005c        0x1 ./shell/cmd_repeat.o
 *fill*         0x0008005d        0x3 
 .data          0x00080060        0x0 ./kbd/drv_kbd.o
 .data          0x00080060        0x4 ./kbd/ringbuffer.o
 .data          0x00080064        0x0 ./rtc/rp5c01a.o
 .data          0x00080064        0x0 ./picoVga/drv_picoVga.o
 .data          0x00080064        0x0 ./uarts/drv_uart0.o
 .data          0x00080064        0x0 ./ide/ata.o
 .data          0x00080064        0x0 ./fatfs/ff.o
 .data          0x00080064        0x0 ./fatfs/ffsystem.o
 .data          0x00080064        0x0 ./fatfs/diskio.o
 .data          0x00080064        0x0 ./tst_fat/tstfat.o
 .data          0x00080064        0x0 timers.o
 .data          0x00080064        0x0 interrupt.o
 .data          0x00080064        0x0 ./xmodem/xmodem_asm.o
 .data          0x00080064        0x0 vectors_asm.o
 .data          0x00080064        0x0 ../../lib/libc68k.a(strchr.o)
 .data          0x00080064        0x0 ../../lib/libc68k.a(memcpy.o)
 .data          0x00080064        0x0 ../../lib/libc68k.a(malloc.o)
 .data          0x00080064        0x0 ../../lib/libc68k.a(memcmp.o)
 .data          0x00080064        0x0 ../../lib/libc68k.a(strlen.o)
 .data          0x00080064        0x0 ../../lib/libc68k.a(memset.o)
 .data          0x00080064        0x0 ../../lib/libc68k.a(strcat.o)
 .data          0x00080064        0x0 ../../lib/libc68k.a(strcpy.o)
 .data          0x00080064        0x0 ../../lib/libc68k.a(putchar.o)
 .data          0x00080064        0x0 ../../lib/libc68k.a(sprintf.o)
 .data          0x00080064        0x0 ../../lib/libc68k.a(printf.o)
 .data          0x00080064        0x0 ../../lib/libc68k.a(__mulsi3.o)
 .data          0x00080064        0x0 ../../lib/libc68k.a(__umodsi3.o)
 .data          0x00080064        0x0 ../../lib/libc68k.a(__udivsi3.o)
 .data          0x00080064        0x0 ../../lib/libc68k.a(strtoul.o)
 .data          0x00080064        0x0 ../../lib/libc68k.a(isspace.o)
 .data          0x00080064        0x0 ../../lib/libc68k.a(atoi.o)
 .data          0x00080064        0x0 ../../lib/libc68k.a(strcasecmp.o)
 .data          0x00080064        0x0 ../../lib/libc68k.a(puts.o)
 .data          0x00080064        0x0 ../../lib/libc68k.a(strtol.o)
                0x00080064                        . = ALIGN (0x2)
                0x00080064                        __data_end = .

.mram           0x00080064        0x8 load address 0x0000d6ee
 *(?.mram)
 .mram          0x00080064        0x8 orion68.o
                0x00080064                systemTick
                0x00080068                flg_system
                0x0000d68e                        __data_load_start = LOADADDR (.data)

.bss            0x0008006c     0x1124 load address 0x0000d6ee
                0x0008006c                        . = ALIGN (0x2)
                0x0008006c                        __bss_start = .
 *(.bss*)
 .bss           0x0008006c        0x0 ../../obj/orion68_startup.o
 .bss           0x0008006c      0x3bc orion68.o
                0x0008006c                sys_flags
                0x0008006e                FatFs
                0x000802a8                g_cmd_buffer
                0x00080328                buffer
                0x000803a8                syspath
 .bss           0x00080428        0x0 vectors.o
 .bss           0x00080428        0x8 console.o
                0x00080428                cconin
                0x0008042c                cconout
 .bss           0x00080430        0x0 ./dump/mem_dump.o
 .bss           0x00080430        0x0 ./shell/io.o
 .bss           0x00080430        0x0 ./shell/picow.o
 .bss           0x00080430        0x0 ./shell/elf_loader.o
 .bss           0x00080430        0x0 ./shell/printerro.o
 .bss           0x00080430      0x22a ./shell/commands.o
                0x00080430                basic_running
 *fill*         0x0008065a        0x2 
 .bss           0x0008065c        0x4 ./shell/decodecmd.o
 .bss           0x00080660      0x400 ./shell/crc32.o
 .bss           0x00080a60      0x1a5 ./shell/cmd_repeat.o
 *fill*         0x00080c05        0x3 
 .bss           0x00080c08       0x3b ./kbd/drv_kbd.o
                0x00080c08                key_buffer
                0x00080c38                cmd
                0x00080c39                length
                0x00080c3a                type
                0x00080c3b                special_key_up
                0x00080c3c                special_key_down
                0x00080c3d                key_up
                0x00080c3e                key_down
                0x00080c3f                special_key_status
                0x00080c40                _CapsFlag
                0x00080c41                mod_caps
                0x00080c42                debug_pkt
 *fill*         0x00080c43        0x1 
 .bss           0x00080c44      0x106 ./kbd/ringbuffer.o
 *fill*         0x00080d4a        0x2 
 .bss           0x00080d4c        0x0 ./rtc/rp5c01a.o
 .bss           0x00080d4c        0x0 ./picoVga/drv_picoVga.o
 .bss           0x00080d4c        0x0 ./uarts/drv_uart0.o
 .bss           0x00080d4c       0x29 ./ide/ata.o
                0x00080d4c                drives
                0x00080d74                ide_bus_mode
 *fill*         0x00080d75        0x3 
 .bss           0x00080d78        0xd ./fatfs/ff.o
 *fill*         0x00080d85        0x3 
 .bss           0x00080d88        0x0 ./fatfs/ffsystem.o
 .bss           0x00080d88       0x64 ./fatfs/diskio.o
 .bss           0x00080dec      0x2f0 ./tst_fat/tstfat.o
                0x00080dec                Dir
                0x00080e1a                Fno
                0x00080e34                buffer_leitura
 .bss           0x000810dc       0x1c timers.o
                0x000810dc                g_timers
                0x000810f0                g_tick_count
 .bss           0x000810f8        0x0 interrupt.o
 .bss           0x000810f8       0x84 ./xmodem/xmodem_asm.o
 .bss           0x0008117c        0x0 vectors_asm.o
 .bss           0x0008117c        0x0 ../../lib/libc68k.a(strchr.o)
 .bss           0x0008117c        0x0 ../../lib/libc68k.a(memcpy.o)
 .bss           0x0008117c       0x14 ../../lib/libc68k.a(malloc.o)
 .bss           0x00081190        0x0 ../../lib/libc68k.a(memcmp.o)
 .bss           0x00081190        0x0 ../../lib/libc68k.a(strlen.o)
 .bss           0x00081190        0x0 ../../lib/libc68k.a(memset.o)
 .bss           0x00081190        0x0 ../../lib/libc68k.a(strcat.o)
 .bss           0x00081190        0x0 ../../lib/libc68k.a(strcpy.o)
 .bss           0x00081190        0x0 ../../lib/libc68k.a(putchar.o)
 .bss           0x00081190        0x0 ../../lib/libc68k.a(sprintf.o)
 .bss           0x00081190        0x0 ../../lib/libc68k.a(printf.o)
 .bss           0x00081190        0x0 ../../lib/libc68k.a(__mulsi3.o)
 .bss           0x00081190        0x0 ../../lib/libc68k.a(__umodsi3.o)
 .bss           0x00081190        0x0 ../../lib/libc68k.a(__udivsi3.o)
 .bss           0x00081190        0x0 ../../lib/libc68k.a(strtoul.o)
 .bss           0x00081190        0x0 ../../lib/libc68k.a(isspace.o)
 .bss           0x00081190        0x0 ../../lib/libc68k.a(atoi.o)
 .bss           0x00081190        0x0 ../../lib/libc68k.a(strcasecmp.o)
 .bss           0x00081190        0x0 ../../lib/libc68k.a(puts.o)
 .bss           0x00081190        0x0 ../../lib/libc68k.a(strtol.o)
 *(COMMON)
                0x00081190                        . = ALIGN (0x2)
                0x00081190                        __bss_end = .
                0x00100000                        _stack_end = 0x100000
                0x000fe000                        _stack_start = (_stack_end - 0x2000)

/DISCARD/
 *(.comment)
 *(.note*)
 *(.align*)
LOAD ../../obj/orion68_startup.o
LOAD orion68.o
LOAD vectors.o
LOAD console.o
LOAD ./dump/mem_dump.o
LOAD ./shell/io.o
LOAD ./shell/picow.o
LOAD ./shell/elf_loader.o
LOAD ./shell/printerro.o
LOAD ./shell/commands.o
LOAD ./shell/decodecmd.o
LOAD ./shell/crc32.o
LOAD ./shell/cmd_repeat.o
LOAD ./kbd/drv_kbd.o
LOAD ./kbd/ringbuffer.o
LOAD ./rtc/rp5c01a.o
LOAD ./picoVga/drv_picoVga.o
LOAD ./uarts/drv_uart0.o
LOAD ./ide/ata.o
LOAD ./fatfs/ff.o
LOAD ./fatfs/ffsystem.o
LOAD ./fatfs/diskio.o
LOAD ./tst_fat/tstfat.o
LOAD timers.o
LOAD interrupt.o
LOAD ./xmodem/xmodem_asm.o
LOAD vectors_asm.o
LOAD ../../lib/libc68k.a
OUTPUT(orion68.elf elf32-m68k)
