Archive member included to satisfy reference by file (symbol)

../../lib/libc68k.a(strchr.o)
                              ./fatfs/ff.o (strchr)
../../lib/libc68k.a(memcpy.o)
                              ./shell/elf_loader.o (memcpy)
../../lib/libc68k.a(malloc.o)
                              ./shell/commands.o (free)
../../lib/libc68k.a(memcmp.o)
                              ./shell/decodecmd.o (memcmp)
../../lib/libc68k.a(strlen.o)
                              ./shell/commands.o (strlen)
../../lib/libc68k.a(memset.o)
                              ./shell/elf_loader.o (memset)
../../lib/libc68k.a(strcat.o)
                              ./shell/commands.o (strcat)
../../lib/libc68k.a(strcpy.o)
                              ./shell/commands.o (strcpy)
../../lib/libc68k.a(putchar.o)
                              ./shell/commands.o (putchar)
../../lib/libc68k.a(sprintf.o)
                              ./shell/commands.o (sprintf)
../../lib/libc68k.a(printf.o)
                              ../../lib/libc68k.a(sprintf.o) (itox)
../../lib/libc68k.a(__mulsi3.o)
                              ./shell/elf_loader.o (__mulsi3)
../../lib/libc68k.a(__umodsi3.o)
                              ./shell/commands.o (__umodsi3)
../../lib/libc68k.a(__udivsi3.o)
                              ./shell/commands.o (__udivsi3)
../../lib/libc68k.a(strtoul.o)
                              ./shell/commands.o (strtoul)
../../lib/libc68k.a(isspace.o)
                              ./shell/decodecmd.o (isspace)
../../lib/libc68k.a(atoi.o)   ./shell/commands.o (atoi)
../../lib/libc68k.a(strcasecmp.o)
                              ./shell/decodecmd.o (strcasecmp)
../../lib/libc68k.a(puts.o)   ../../lib/libc68k.a(printf.o) (puts)
../../lib/libc68k.a(strtol.o)
                              ../../lib/libc68k.a(atoi.o) (strtol)

Discarded input sections

 .comment       0x00000000       0x13 orion68.o
 .comment       0x00000000       0x13 vectors.o
 .comment       0x00000000       0x13 console.o
 .comment       0x00000000       0x13 ./dump/mem_dump.o
 .comment       0x00000000       0x13 ./shell/io.o
 .comment       0x00000000       0x13 ./shell/picow.o
 .comment       0x00000000       0x13 ./shell/elf_loader.o
 .comment       0x00000000       0x13 ./shell/printerro.o
 .comment       0x00000000       0x13 ./shell/commands.o
 .comment       0x00000000       0x13 ./shell/decodecmd.o
 .comment       0x00000000       0x13 ./shell/crc32.o
 .comment       0x00000000       0x13 ./shell/cmd_repeat.o
 .comment       0x00000000       0x13 ./kbd/drv_kbd.o
 .comment       0x00000000       0x13 ./kbd/ringbuffer.o
 .comment       0x00000000       0x13 ./rtc/rp5c01a.o
 .comment       0x00000000       0x13 ./picoVga/drv_picoVga.o
 .comment       0x00000000       0x13 ./uarts/drv_uart0.o
 .comment       0x00000000       0x13 ./ide/ata.o
 .comment       0x00000000       0x13 ./fatfs/ff.o
 .comment       0x00000000       0x13 ./fatfs/ffsystem.o
 .comment       0x00000000       0x13 ./fatfs/diskio.o
 .comment       0x00000000       0x13 ./tst_fat/tstfat.o
 .comment       0x00000000       0x13 timers.o
 .comment       0x00000000       0x13 interrupt.o
 .comment       0x00000000       0x13 ../../lib/libc68k.a(strchr.o)
 .comment       0x00000000       0x13 ../../lib/libc68k.a(memcpy.o)
 .comment       0x00000000       0x13 ../../lib/libc68k.a(malloc.o)
 .comment       0x00000000       0x13 ../../lib/libc68k.a(memcmp.o)
 .comment       0x00000000       0x13 ../../lib/libc68k.a(strlen.o)
 .comment       0x00000000       0x13 ../../lib/libc68k.a(memset.o)
 .comment       0x00000000       0x13 ../../lib/libc68k.a(strcat.o)
 .comment       0x00000000       0x13 ../../lib/libc68k.a(strcpy.o)
 .comment       0x00000000       0x13 ../../lib/libc68k.a(putchar.o)
 .comment       0x00000000       0x13 ../../lib/libc68k.a(sprintf.o)
 .comment       0x00000000       0x13 ../../lib/libc68k.a(printf.o)
 .comment       0x00000000       0x13 ../../lib/libc68k.a(__mulsi3.o)
 .comment       0x00000000       0x13 ../../lib/libc68k.a(__umodsi3.o)
 .comment       0x00000000       0x13 ../../lib/libc68k.a(__udivsi3.o)
 .comment       0x00000000       0x13 ../../lib/libc68k.a(strtoul.o)
 .comment       0x00000000       0x13 ../../lib/libc68k.a(isspace.o)
 .comment       0x00000000       0x13 ../../lib/libc68k.a(atoi.o)
 .comment       0x00000000       0x13 ../../lib/libc68k.a(strcasecmp.o)
 .comment       0x00000000       0x13 ../../lib/libc68k.a(puts.o)
 .comment       0x00000000       0x13 ../../lib/libc68k.a(strtol.o)

Memory Configuration

Name             Origin             Length             Attributes
ROM              0x00000000         0x00010000         xr
RAM              0x00080004         0x00080000         xrw
*default*        0x00000000         0xffffffff

Linker script and memory map

                0x00000000                        . = 0x0

.vectors        0x00000000        0x0
 *(.vectors)
                0x00000000                        . = ALIGN (0x400)

.text           0x00000000     0xd0fa
                0x00000000                        . = ALIGN (0x2)
 *(.text*)
 .text          0x00000000      0x252 ../../obj/orion68_startup.o
                0x000000c0                _start
                0x0000015e                UartWrCh
                0x00000186                uart0_initialize
                0x00000200                _delay_ms
 *fill*         0x00000252        0x2 
 .text          0x00000254      0x220 orion68.o
                0x00000254                executar_xmodem
                0x00000274                clr_flg_program_loaded
                0x0000028a                set_flg_program_loaded
                0x0000029e                get_flg_program_loaded
                0x000002aa                print_msg
                0x000002e6                write_string
                0x00000318                display_prompt
                0x0000039c                main
 .text          0x00000474       0xec vectors.o
                0x0000048c                TRAP14_Handler
                0x00000536                get_system_tick
 .text          0x00000560       0x2c console.o
                0x00000560                set_console_output
                0x00000572                set_console_input
                0x00000584                enable_interrupts
 .text          0x0000058c      0x66a ./dump/mem_dump.o
                0x0000058c                dump_memory
                0x0000080a                dump_memory2
                0x00000a8e                dump_memory_by_addr
 *fill*         0x00000bf6        0x2 
 .text          0x00000bf8       0x54 ./shell/io.o
                0x00000bf8                get_key
                0x00000c22                _putchar_hex
 .text          0x00000c4c      0x412 ./shell/picow.o
                0x00000c4c                receber_arquivo_do_pico
                0x00000ebc                send_sector_low
                0x00000ee6                send_sector_high
                0x00000f10                send_read_cmd
                0x00000f36                read_sector
                0x00000f96                receber_setor_do_pico
 *fill*         0x0000105e        0x2 
 .text          0x00001060      0x322 ./shell/elf_loader.o
                0x00001060                carregar_elf32
                0x000011a0                carregar_elf32_fatfs
 *fill*         0x00001382        0x2 
 .text          0x00001384       0x44 ./shell/printerro.o
                0x00001384                printerro
 .text          0x000013c8     0x15a8 ./shell/commands.o
                0x00001438                do_help
                0x000014c8                do_notimplemented
                0x000014da                do_runelf_fromhd
                0x00001508                do_runelf
                0x00001544                do_dump
                0x00001596                serial_has_char
                0x0000159a                do_srecord
                0x00001652                do_binfile
                0x000017d2                do_binmem
                0x000018de                do_ideinit
                0x00001922                do_idemode
                0x00001974                do_run
                0x000019a0                do_writemem
                0x00001bba                do_ls
                0x00001dea                do_delete
                0x00001e16                do_exit
                0x00001e3c                do_mkdir
                0x00001f24                do_rmdir
                0x00002034                do_rename
                0x0000208a                do_cd
                0x000020b2                do_dir
                0x000020bc                do_shst
                0x000020d6                do_loadmem
                0x00002214                do_copyfile
                0x000023c8                do_cat
                0x00002500                do_time
                0x000025e8                do_tstkbd
                0x00002724                do_uptime
                0x000027f8                do_ehbasic
                0x000027fc                do_readsect
                0x00002830                do_writesect
                0x00002864                do_writemem1
 .text          0x00002970      0xc3e ./shell/decodecmd.o
                0x00002970                getline
                0x00002c46                process_command_builtin
                0x00002dae                load_elf_executable
                0x000031a6                open_executable_file
                0x000032ca                process_command_executable
                0x0000344e                process_command
                0x00003492                execute_cmd
 *fill*         0x000035ae        0x2 
 .text          0x000035b0       0xfc ./shell/crc32.o
                0x000035b0                crc32_init
                0x00003622                crc32_update
                0x00003694                crc32_calculate
 .text          0x000036ac      0x4d4 ./shell/cmd_repeat.o
                0x000036ac                hist_add
                0x00003b2e                keyboard_handler
 .text          0x00003b80      0x78c ./kbd/drv_kbd.o
                0x00003bde                liga_debug
                0x00003bf6                init_kbd
                0x00003e94                get_packet
                0x000040f2                get_kbd_key
                0x00004214                ch9350_shut_up
                0x00004222                get_char
                0x000042ea                print_capslock
 .text          0x0000430c      0x10a ./kbd/ringbuffer.o
                0x0000430c                ring_buf_init
                0x00004334                ring_buf_get
                0x00004370                ring_buf_put
                0x000043d0                ring_buf_is_empty
                0x000043ec                ring_buf_is_full
 *fill*         0x00004416        0x2 
 .text          0x00004418      0x556 ./rtc/rp5c01a.o
                0x0000444c                get_fattime
                0x00004604                set_rtc_time
                0x0000480c                rtc_delay
                0x0000482c                rtc_write_config_byte
                0x00004868                rtc_read_config_byte
                0x0000489e                ler_segundo
                0x000048d6                rtc_inicializar
 *fill*         0x0000496e        0x2 
 .text          0x00004970      0x15a ./picoVga/drv_picoVga.o
                0x00004970                init_picoVga
                0x00004974                run_cmd
                0x0000499c                picovga_putchar
                0x000049e0                picovga_gotoxy
                0x00004a56                picovga_gohome
                0x00004a64                picovga_set_color
                0x00004ab0                clrscr
 *fill*         0x00004aca        0x2 
 .text          0x00004acc      0x248 ./uarts/drv_uart0.o
                0x00004acc                uart0_debug_char
                0x00004afe                uart0_init
                0x00004b3e                uart0_write
                0x00004b7c                uart0_read
                0x00004bb4                uart0_read_timeout
                0x00004c18                _inbyte
                0x00004c98                _outbyte
                0x00004cd6                uart0_write_string
                0x00004d06                uart0_flush
 .text          0x00004d14      0x6e6 ./ide/ata.o
                0x00004d28                set_ide_bus_mode
                0x00004d68                go_8bits_mode
                0x00004dde                ata_detect
                0x00004e9c                ata_read_sector
                0x00005050                ata_write_sector
                0x00005058                read_partition_table
                0x00005142                ata_init
                0x000051d4                ata_disk_status
                0x000051e4                ata_disk_initialize
                0x000051f4                ata_wait_not_busy
                0x00005236                ata_wait_for_data
                0x00005278                ata_read_identity
 *fill*         0x000053fa        0x2 
 .text          0x000053fc     0x412e ./fatfs/ff.o
                0x00007564                f_mount
                0x00007622                f_open
                0x00007a02                f_read
                0x00007d86                f_write
                0x000081a4                f_sync
                0x000082fc                f_close
                0x00008332                f_chdrive
                0x00008356                f_chdir
                0x000083fa                f_getcwd
                0x00008648                f_lseek
                0x000089cc                f_opendir
                0x00008aa0                f_closedir
                0x00008ac6                f_readdir
                0x00008b66                f_stat
                0x00008be0                f_getfree
                0x00008d88                f_truncate
                0x00008f36                f_unlink
                0x00009094                f_mkdir
                0x000092d6                f_rename
 *fill*         0x0000952a        0x2 
 .text          0x0000952c        0x0 ./fatfs/ffsystem.o
 .text          0x0000952c      0x220 ./fatfs/diskio.o
                0x0000952c                disk_status
                0x00009544                disk_initialize
                0x0000955a                disk_read
                0x000095d8                disk_write
                0x00009656                disk_ioctl
 .text          0x0000974c      0x44e ./tst_fat/tstfat.o
                0x0000974c                listar_diretorio_raiz
                0x00009908                open_dir
                0x000099c2                ler_e_exibir_joblog
                0x00009b50                le_setor
                0x00009b7e                wr_setor
 *fill*         0x00009b9a        0x2 
 .text          0x00009b9c      0x32a timers.o
                0x00009b9c                delay10ms
                0x00009bbe                cpu_delay
                0x00009bda                init_timer
                0x00009bfa                get_tick_count
                0x00009c02                add_timer
                0x00009c9a                delete_timer
                0x00009ce6                start_timer
                0x00009d66                stop_timer
                0x00009d9a                reset_timer
                0x00009de8                set_interval
                0x00009e1c                update_timers
 *fill*         0x00009ec6        0x2 
 .text          0x00009ec8        0x0 interrupt.o
 .text          0x00009ec8      0x168 ./xmodem/xmodem_asm.o
                0x00009f06                xmodem_receive
 .text          0x0000a030       0x9c vectors_asm.o
                0x0000a030                SvcBusError
                0x0000a030                TrapFHandler
                0x0000a030                SpuriousHandler
                0x0000a030                Int4Handler
                0x0000a030                SvcTrace
                0x0000a030                TrapBHandler
                0x0000a030                Int1Handler
                0x0000a030                TrapAHandler
                0x0000a030                SvcChkIns
                0x0000a030                Trap4Handler
                0x0000a030                Trap9Handler
                0x0000a030                Int5Handler
                0x0000a030                SvcDiv0_handler
                0x0000a030                Int7Handler
                0x0000a030                SvcIllegalIns
                0x0000a030                SvcLineA
                0x0000a030                SvcPrivViolation
                0x0000a030                Trap8Handler
                0x0000a030                Int6Handler
                0x0000a030                Trap2Handler
                0x0000a030                bad_exception
                0x0000a030                Trap3Handler
                0x0000a030                Svcaddress_err
                0x0000a030                Trap7Handler
                0x0000a030                Trap0Handler
                0x0000a030                SvcLineF
                0x0000a030                TrapCHandler
                0x0000a030                SvcTrapvIns
                0x0000a030                Trap5Handler
                0x0000a030                Trap6Handler
                0x0000a032                TrapDHandler
                0x0000a034                Int2Handler
                0x0000a046                Int3Handler
                0x0000a066                Trap1Handler
                0x0000a0b6                TrapEHandler
 .text          0x0000a0cc       0x1c ../../lib/libc68k.a(strchr.o)
                0x0000a0cc                strchr
 .text          0x0000a0e8       0x1e ../../lib/libc68k.a(memcpy.o)
                0x0000a0e8                memcpy
 *fill*         0x0000a106        0x2 
 .text          0x0000a108      0x360 ../../lib/libc68k.a(malloc.o)
                0x0000a2bc                malloc_init
                0x0000a332                free
                0x0000a37e                malloc
                0x0000a392                calloc
                0x0000a3f2                malloc_num_free
                0x0000a40c                malloc_num_used
                0x0000a428                malloc_num_fresh
                0x0000a444                malloc_check
 .text          0x0000a468       0x3c ../../lib/libc68k.a(memcmp.o)
                0x0000a468                memcmp
 .text          0x0000a4a4       0x12 ../../lib/libc68k.a(strlen.o)
                0x0000a4a4                strlen
 *fill*         0x0000a4b6        0x2 
 .text          0x0000a4b8       0x16 ../../lib/libc68k.a(memset.o)
                0x0000a4b8                memset
 *fill*         0x0000a4ce        0x2 
 .text          0x0000a4d0       0x26 ../../lib/libc68k.a(strcat.o)
                0x0000a4d0                strcat
 *fill*         0x0000a4f6        0x2 
 .text          0x0000a4f8       0x18 ../../lib/libc68k.a(strcpy.o)
                0x0000a4f8                strcpy
 .text          0x0000a510       0x1a ../../lib/libc68k.a(putchar.o)
                0x0000a510                putchar
 *fill*         0x0000a52a        0x2 
 .text          0x0000a52c      0x206 ../../lib/libc68k.a(sprintf.o)
                0x0000a52c                sprintf
 *fill*         0x0000a732        0x2 
 .text          0x0000a734      0x3a6 ../../lib/libc68k.a(printf.o)
                0x0000a734                itox
                0x0000a77e                itodec
                0x0000a7dc                itooct
                0x0000a822                itoudec
                0x0000a874                pad_zeros
                0x0000a8b8                printf
 *fill*         0x0000aada        0x2 
 .text          0x0000aadc       0x36 ../../lib/libc68k.a(__mulsi3.o)
                0x0000aadc                __mulsi3
 *fill*         0x0000ab12        0x2 
 .text          0x0000ab14       0x2c ../../lib/libc68k.a(__umodsi3.o)
                0x0000ab14                __umodsi3
 .text          0x0000ab40       0x3a ../../lib/libc68k.a(__udivsi3.o)
                0x0000ab40                __udivsi3
 *fill*         0x0000ab7a        0x2 
 .text          0x0000ab7c      0x148 ../../lib/libc68k.a(strtoul.o)
                0x0000ab7c                strtoul
 .text          0x0000acc4        0xc ../../lib/libc68k.a(isspace.o)
                0x0000acc4                isspace
 .text          0x0000acd0       0x16 ../../lib/libc68k.a(atoi.o)
                0x0000acd0                atoi
 *fill*         0x0000ace6        0x2 
 .text          0x0000ace8       0x54 ../../lib/libc68k.a(strcasecmp.o)
                0x0000ace8                strcasecmp
 .text          0x0000ad3c       0x26 ../../lib/libc68k.a(puts.o)
                0x0000ad3c                puts
 *fill*         0x0000ad62        0x2 
 .text          0x0000ad64       0x32 ../../lib/libc68k.a(strtol.o)
                0x0000ad64                strtol
 *(.rodata)
 .rodata        0x0000ad96      0x11f orion68.o
                0x0000adca                MsgOrionInit
 .rodata        0x0000aeb5       0x51 vectors.o
 .rodata        0x0000af06      0x2d6 ./dump/mem_dump.o
 .rodata        0x0000b1dc        0x5 ./shell/io.o
 .rodata        0x0000b1e1      0x1a4 ./shell/picow.o
 .rodata        0x0000b385      0x2fa ./shell/printerro.o
 .rodata        0x0000b67f      0x7ad ./shell/commands.o
 .rodata        0x0000be2c      0xaed ./shell/decodecmd.o
                0x0000be2c                g_elf_header_bytes
                0x0000c358                g_cmd_table
 .rodata        0x0000c919      0x2cd ./kbd/drv_kbd.o
                0x0000c919                OE_BASE_KEYMAP
                0x0000c999                OE_SHIFT_KEYMAP
                0x0000ca19                OE_CTRL_KEYMAP
                0x0000ca99                OE_ALT_KEYMAP
                0x0000cb19                OE_ALTGR_KEYMAP
 .rodata        0x0000cbe6       0x48 ./rtc/rp5c01a.o
 .rodata        0x0000cc2e       0x2d ./uarts/drv_uart0.o
 .rodata        0x0000cc5b      0x1b2 ./ide/ata.o
 .rodata        0x0000ce0d       0x98 ./fatfs/ff.o
 .rodata        0x0000cea5       0x2d ./fatfs/diskio.o
 .rodata        0x0000ced2      0x200 ./tst_fat/tstfat.o
 .rodata        0x0000d0d2       0x28 ../../lib/libc68k.a(printf.o)
                0x0000d0fa                        . = ALIGN (0x2)

.rodata         0x0000d0fa       0x20
                0x0000d0fa                        . = ALIGN (0x2)
 *(.rodata*)
 .rodata.str1.1
                0x0000d0fa       0x20 ../../lib/libc68k.a(sprintf.o)
                                  0xf (size before relaxing)
 .rodata.str1.1
                0x0000d11a       0x20 ../../lib/libc68k.a(printf.o)
                0x0000d13a                        . = ALIGN (0x2)

.data           0x00080004       0x60 load address 0x0000d11a
                0x00080004                        . = ALIGN (0x2)
                0x00080004                        __data_start = .
 *(.data*)
 .data          0x00080004        0x0 ../../obj/orion68_startup.o
 .data          0x00080004        0x0 orion68.o
 .data          0x00080004        0x0 vectors.o
 .data          0x00080004        0x0 console.o
 .data          0x00080004        0x0 ./dump/mem_dump.o
 .data          0x00080004        0x0 ./shell/io.o
 .data          0x00080004        0x0 ./shell/picow.o
 .data          0x00080004        0x0 ./shell/elf_loader.o
 .data          0x00080004       0x50 ./shell/printerro.o
 .data          0x00080054        0x0 ./shell/commands.o
 .data          0x00080054        0x8 ./shell/decodecmd.o
 .data          0x0008005c        0x0 ./shell/crc32.o
 .data          0x0008005c        0x1 ./shell/cmd_repeat.o
 *fill*         0x0008005d        0x3 
 .data          0x00080060        0x0 ./kbd/drv_kbd.o
 .data          0x00080060        0x4 ./kbd/ringbuffer.o
 .data          0x00080064        0x0 ./rtc/rp5c01a.o
 .data          0x00080064        0x0 ./picoVga/drv_picoVga.o
 .data          0x00080064        0x0 ./uarts/drv_uart0.o
 .data          0x00080064        0x0 ./ide/ata.o
 .data          0x00080064        0x0 ./fatfs/ff.o
 .data          0x00080064        0x0 ./fatfs/ffsystem.o
 .data          0x00080064        0x0 ./fatfs/diskio.o
 .data          0x00080064        0x0 ./tst_fat/tstfat.o
 .data          0x00080064        0x0 timers.o
 .data          0x00080064        0x0 interrupt.o
 .data          0x00080064        0x0 ./xmodem/xmodem_asm.o
 .data          0x00080064        0x0 vectors_asm.o
 .data          0x00080064        0x0 ../../lib/libc68k.a(strchr.o)
 .data          0x00080064        0x0 ../../lib/libc68k.a(memcpy.o)
 .data          0x00080064        0x0 ../../lib/libc68k.a(malloc.o)
 .data          0x00080064        0x0 ../../lib/libc68k.a(memcmp.o)
 .data          0x00080064        0x0 ../../lib/libc68k.a(strlen.o)
 .data          0x00080064        0x0 ../../lib/libc68k.a(memset.o)
 .data          0x00080064        0x0 ../../lib/libc68k.a(strcat.o)
 .data          0x00080064        0x0 ../../lib/libc68k.a(strcpy.o)
 .data          0x00080064        0x0 ../../lib/libc68k.a(putchar.o)
 .data          0x00080064        0x0 ../../lib/libc68k.a(sprintf.o)
 .data          0x00080064        0x0 ../../lib/libc68k.a(printf.o)
 .data          0x00080064        0x0 ../../lib/libc68k.a(__mulsi3.o)
 .data          0x00080064        0x0 ../../lib/libc68k.a(__umodsi3.o)
 .data          0x00080064        0x0 ../../lib/libc68k.a(__udivsi3.o)
 .data          0x00080064        0x0 ../../lib/libc68k.a(strtoul.o)
 .data          0x00080064        0x0 ../../lib/libc68k.a(isspace.o)
 .data          0x00080064        0x0 ../../lib/libc68k.a(atoi.o)
 .data          0x00080064        0x0 ../../lib/libc68k.a(strcasecmp.o)
 .data          0x00080064        0x0 ../../lib/libc68k.a(puts.o)
 .data          0x00080064        0x0 ../../lib/libc68k.a(strtol.o)
                0x00080064                        . = ALIGN (0x2)
                0x00080064                        __data_end = .

.mram           0x00080064        0x8 load address 0x0000d17a
 *(?.mram)
 .mram          0x00080064        0x8 orion68.o
                0x00080064                systemTick
                0x00080068                flg_system
                0x0000d11a                        __data_load_start = LOADADDR (.data)

.bss            0x0008006c     0x1124 load address 0x0000d17a
                0x0008006c                        . = ALIGN (0x2)
                0x0008006c                        __bss_start = .
 *(.bss*)
 .bss           0x0008006c        0x0 ../../obj/orion68_startup.o
 .bss           0x0008006c      0x3bc orion68.o
                0x0008006c                sys_flags
                0x0008006e                FatFs
                0x000802a8                g_cmd_buffer
                0x00080328                buffer
                0x000803a8                syspath
 .bss           0x00080428        0x0 vectors.o
 .bss           0x00080428        0x8 console.o
                0x00080428                cconin
                0x0008042c                cconout
 .bss           0x00080430        0x0 ./dump/mem_dump.o
 .bss           0x00080430        0x0 ./shell/io.o
 .bss           0x00080430        0x0 ./shell/picow.o
 .bss           0x00080430        0x0 ./shell/elf_loader.o
 .bss           0x00080430        0x0 ./shell/printerro.o
 .bss           0x00080430      0x22a ./shell/commands.o
                0x00080430                basic_running
 *fill*         0x0008065a        0x2 
 .bss           0x0008065c        0x4 ./shell/decodecmd.o
 .bss           0x00080660      0x400 ./shell/crc32.o
 .bss           0x00080a60      0x1a5 ./shell/cmd_repeat.o
 *fill*         0x00080c05        0x3 
 .bss           0x00080c08       0x3b ./kbd/drv_kbd.o
                0x00080c08                key_buffer
                0x00080c38                cmd
                0x00080c39                length
                0x00080c3a                type
                0x00080c3b                special_key_up
                0x00080c3c                special_key_down
                0x00080c3d                key_up
                0x00080c3e                key_down
                0x00080c3f                special_key_status
                0x00080c40                _CapsFlag
                0x00080c41                mod_caps
                0x00080c42                debug_pkt
 *fill*         0x00080c43        0x1 
 .bss           0x00080c44      0x106 ./kbd/ringbuffer.o
 *fill*         0x00080d4a        0x2 
 .bss           0x00080d4c        0x0 ./rtc/rp5c01a.o
 .bss           0x00080d4c        0x0 ./picoVga/drv_picoVga.o
 .bss           0x00080d4c        0x0 ./uarts/drv_uart0.o
 .bss           0x00080d4c       0x29 ./ide/ata.o
                0x00080d4c                drives
                0x00080d74                ide_bus_mode
 *fill*         0x00080d75        0x3 
 .bss           0x00080d78        0xd ./fatfs/ff.o
 *fill*         0x00080d85        0x3 
 .bss           0x00080d88        0x0 ./fatfs/ffsystem.o
 .bss           0x00080d88       0x64 ./fatfs/diskio.o
 .bss           0x00080dec      0x2f0 ./tst_fat/tstfat.o
                0x00080dec                Dir
                0x00080e1a                Fno
                0x00080e34                buffer_leitura
 .bss           0x000810dc       0x1c timers.o
                0x000810dc                g_timers
                0x000810f0                g_tick_count
 .bss           0x000810f8        0x0 interrupt.o
 .bss           0x000810f8       0x84 ./xmodem/xmodem_asm.o
 .bss           0x0008117c        0x0 vectors_asm.o
 .bss           0x0008117c        0x0 ../../lib/libc68k.a(strchr.o)
 .bss           0x0008117c        0x0 ../../lib/libc68k.a(memcpy.o)
 .bss           0x0008117c       0x14 ../../lib/libc68k.a(malloc.o)
 .bss           0x00081190        0x0 ../../lib/libc68k.a(memcmp.o)
 .bss           0x00081190        0x0 ../../lib/libc68k.a(strlen.o)
 .bss           0x00081190        0x0 ../../lib/libc68k.a(memset.o)
 .bss           0x00081190        0x0 ../../lib/libc68k.a(strcat.o)
 .bss           0x00081190        0x0 ../../lib/libc68k.a(strcpy.o)
 .bss           0x00081190        0x0 ../../lib/libc68k.a(putchar.o)
 .bss           0x00081190        0x0 ../../lib/libc68k.a(sprintf.o)
 .bss           0x00081190        0x0 ../../lib/libc68k.a(printf.o)
 .bss           0x00081190        0x0 ../../lib/libc68k.a(__mulsi3.o)
 .bss           0x00081190        0x0 ../../lib/libc68k.a(__umodsi3.o)
 .bss           0x00081190        0x0 ../../lib/libc68k.a(__udivsi3.o)
 .bss           0x00081190        0x0 ../../lib/libc68k.a(strtoul.o)
 .bss           0x00081190        0x0 ../../lib/libc68k.a(isspace.o)
 .bss           0x00081190        0x0 ../../lib/libc68k.a(atoi.o)
 .bss           0x00081190        0x0 ../../lib/libc68k.a(strcasecmp.o)
 .bss           0x00081190        0x0 ../../lib/libc68k.a(puts.o)
 .bss           0x00081190        0x0 ../../lib/libc68k.a(strtol.o)
 *(COMMON)
                0x00081190                        . = ALIGN (0x2)
                0x00081190                        __bss_end = .
                0x00100000                        _stack_end = 0x100000
                0x000fe000                        _stack_start = (_stack_end - 0x2000)

/DISCARD/
 *(.comment)
 *(.note*)
 *(.align*)
LOAD ../../obj/orion68_startup.o
LOAD orion68.o
LOAD vectors.o
LOAD console.o
LOAD ./dump/mem_dump.o
LOAD ./shell/io.o
LOAD ./shell/picow.o
LOAD ./shell/elf_loader.o
LOAD ./shell/printerro.o
LOAD ./shell/commands.o
LOAD ./shell/decodecmd.o
LOAD ./shell/crc32.o
LOAD ./shell/cmd_repeat.o
LOAD ./kbd/drv_kbd.o
LOAD ./kbd/ringbuffer.o
LOAD ./rtc/rp5c01a.o
LOAD ./picoVga/drv_picoVga.o
LOAD ./uarts/drv_uart0.o
LOAD ./ide/ata.o
LOAD ./fatfs/ff.o
LOAD ./fatfs/ffsystem.o
LOAD ./fatfs/diskio.o
LOAD ./tst_fat/tstfat.o
LOAD timers.o
LOAD interrupt.o
LOAD ./xmodem/xmodem_asm.o
LOAD vectors_asm.o
LOAD ../../lib/libc68k.a
OUTPUT(orion68.elf elf32-m68k)
