Archive member included to satisfy reference by file (symbol)

../../lib/libfileio.a(ff.o)   trap12.o (f_mount)
../../lib/libc68k.a(strchr.o)
                              ../../lib/libfileio.a(ff.o) (strchr)
../../lib/libc68k.a(memcpy.o)
                              ./shell/elf_loader.o (memcpy)
../../lib/libc68k.a(malloc.o)
                              timers.o (free)
../../lib/libc68k.a(memcmp.o)
                              ./shell/decodecmd.o (memcmp)
../../lib/libc68k.a(strlen.o)
                              ./shell/commands.o (strlen)
../../lib/libc68k.a(memset.o)
                              timers.o (memset)
../../lib/libc68k.a(strcat.o)
                              ./shell/commands.o (strcat)
../../lib/libc68k.a(strcpy.o)
                              ./shell/commands.o (strcpy)
../../lib/libc68k.a(putchar.o)
                              orion68.o (putchar)
../../lib/libc68k.a(sprintf.o)
                              ./shell/commands.o (sprintf)
../../lib/libc68k.a(printf.o)
                              ../../lib/libc68k.a(sprintf.o) (itox)
../../lib/libc68k.a(__mulsi3.o)
                              ./shell/elf_loader.o (__mulsi3)
../../lib/libc68k.a(__umodsi3.o)
                              ./shell/commands.o (__umodsi3)
../../lib/libc68k.a(__udivsi3.o)
                              ./shell/commands.o (__udivsi3)
../../lib/libc68k.a(strtoul.o)
                              ./shell/commands.o (strtoul)
../../lib/libc68k.a(isspace.o)
                              ./shell/decodecmd.o (isspace)
../../lib/libc68k.a(atoi.o)   ./shell/commands.o (atoi)
../../lib/libc68k.a(strcasecmp.o)
                              ./shell/decodecmd.o (strcasecmp)
../../lib/libc68k.a(puts.o)   ../../lib/libc68k.a(printf.o) (puts)
../../lib/libc68k.a(strtol.o)
                              ../../lib/libc68k.a(atoi.o) (strtol)
../../lib/libvideo.a(vga_video.o)
                              orion68.o (gotoxy)

Discarded input sections

 .comment       0x00000000       0x13 orion68.o
 .comment       0x00000000       0x13 vectors.o
 .comment       0x00000000       0x13 console.o
 .comment       0x00000000       0x13 trap12.o
 .comment       0x00000000       0x13 timers.o
 .comment       0x00000000       0x13 interrupt.o
 .comment       0x00000000       0x13 ./dump/mem_dump.o
 .comment       0x00000000       0x13 ./shell/io.o
 .comment       0x00000000       0x13 ./shell/picow.o
 .comment       0x00000000       0x13 ./shell/elf_loader.o
 .comment       0x00000000       0x13 ./shell/printerro.o
 .comment       0x00000000       0x13 ./shell/commands.o
 .comment       0x00000000       0x13 ./shell/decodecmd.o
 .comment       0x00000000       0x13 ./shell/crc32.o
 .comment       0x00000000       0x13 ./shell/cmd_repeat.o
 .comment       0x00000000       0x13 ./kbd/ringbuffer.o
 .comment       0x00000000       0x13 ./rtc/rp5c01a.o
 .comment       0x00000000       0x13 ./uarts/drv_uart0.o
 .comment       0x00000000       0x13 ./duart/duart.o
 .comment       0x00000000       0x13 ./ide/ata.o
 .comment       0x00000000       0x13 ./ide/diskio.o
 .comment       0x00000000       0x13 ../../lib/libfileio.a(ff.o)
 .comment       0x00000000       0x13 ../../lib/libc68k.a(strchr.o)
 .comment       0x00000000       0x13 ../../lib/libc68k.a(memcpy.o)
 .comment       0x00000000       0x13 ../../lib/libc68k.a(malloc.o)
 .comment       0x00000000       0x13 ../../lib/libc68k.a(memcmp.o)
 .comment       0x00000000       0x13 ../../lib/libc68k.a(strlen.o)
 .comment       0x00000000       0x13 ../../lib/libc68k.a(memset.o)
 .comment       0x00000000       0x13 ../../lib/libc68k.a(strcat.o)
 .comment       0x00000000       0x13 ../../lib/libc68k.a(strcpy.o)
 .comment       0x00000000       0x13 ../../lib/libc68k.a(putchar.o)
 .comment       0x00000000       0x13 ../../lib/libc68k.a(sprintf.o)
 .comment       0x00000000       0x13 ../../lib/libc68k.a(printf.o)
 .comment       0x00000000       0x13 ../../lib/libc68k.a(__mulsi3.o)
 .comment       0x00000000       0x13 ../../lib/libc68k.a(__umodsi3.o)
 .comment       0x00000000       0x13 ../../lib/libc68k.a(__udivsi3.o)
 .comment       0x00000000       0x13 ../../lib/libc68k.a(strtoul.o)
 .comment       0x00000000       0x13 ../../lib/libc68k.a(isspace.o)
 .comment       0x00000000       0x13 ../../lib/libc68k.a(atoi.o)
 .comment       0x00000000       0x13 ../../lib/libc68k.a(strcasecmp.o)
 .comment       0x00000000       0x13 ../../lib/libc68k.a(puts.o)
 .comment       0x00000000       0x13 ../../lib/libc68k.a(strtol.o)
 .comment       0x00000000       0x13 ../../lib/libvideo.a(vga_video.o)

Memory Configuration

Name             Origin             Length             Attributes
ROM              0x00000000         0x00010000         xr
RAM              0x00080004         0x00080000         xrw
*default*        0x00000000         0xffffffff

Linker script and memory map

                0x00000000                        . = 0x0

.vectors        0x00000000        0x0
 *(.vectors)
                0x00000000                        . = ALIGN (0x400)

.text           0x00000000     0xb15c
                0x00000000                        . = ALIGN (0x2)
 *(.text*)
 .text          0x00000000      0x2c4 ../../libc/obj/orion68_startup.o
                0x000000c0                _start
                0x000001a2                UartWriteCh
                0x000001a6                UartWrCh
                0x000001ce                uart0_initialize
                0x0000021a                printString
                0x0000024c                _delay_ms
 .text          0x000002c4      0x2e0 orion68.o
                0x000002c4                executar_xmodem
                0x000002e4                clr_flg_program_loaded
                0x000002fa                set_flg_program_loaded
                0x0000030e                get_flg_program_loaded
                0x0000031a                print_msg
                0x00000356                write_string
                0x00000388                display_prompt
                0x0000040c                main
 .text          0x000005a4       0xec vectors.o
                0x000005bc                TRAP14_Handler
                0x00000666                get_system_tick
 .text          0x00000690       0x2c console.o
                0x00000690                set_console_output
                0x000006a2                set_console_input
                0x000006b4                enable_interrupts
 .text          0x000006bc      0x244 trap12.o
                0x000006bc                do_open
                0x000006f0                do_close
                0x00000704                do_read
                0x00000740                do_write
                0x0000077c                do_sync
                0x00000790                do_lseek
                0x000007b0                do_tell
                0x000007bc                do_size
                0x000007c8                do_eof
                0x000007ec                do_unlink
                0x00000800                do_rename
                0x0000081e                do_stat
                0x0000083c                do_opendir
                0x0000085a                do_readdir
                0x00000878                do_closedir
                0x0000088c                do_mkdir
                0x000008a0                do_mount
                0x000008d4                do_unmount
 .text          0x00000900      0x32a timers.o
                0x00000900                delay10ms
                0x00000922                cpu_delay
                0x0000093e                init_timer
                0x0000095e                get_tick_count
                0x00000966                add_timer
                0x000009fe                delete_timer
                0x00000a4a                start_timer
                0x00000aca                stop_timer
                0x00000afe                reset_timer
                0x00000b4c                set_interval
                0x00000b80                update_timers
 *fill*         0x00000c2a        0x2 
 .text          0x00000c2c        0x0 interrupt.o
 .text          0x00000c2c      0x27e ./dump/mem_dump.o
                0x00000c2c                dump_memory
 *fill*         0x00000eaa        0x2 
 .text          0x00000eac       0x54 ./shell/io.o
                0x00000eac                get_key
                0x00000ed6                _putchar_hex
 .text          0x00000f00      0x494 ./shell/picow.o
                0x00000f00                receber_arquivo_do_pico
                0x00001132                send_sector_low
                0x0000115c                send_sector_high
                0x00001186                send_read_cmd
                0x000011ac                read_sector
                0x0000120c                get_crc
                0x00001274                receber_setor_do_pico
                0x00001378                pico_write_ch
 .text          0x00001394      0x322 ./shell/elf_loader.o
                0x00001394                carregar_elf32
                0x000014d4                carregar_elf32_fatfs
 *fill*         0x000016b6        0x2 
 .text          0x000016b8       0x44 ./shell/printerro.o
                0x000016b8                printerro
 .text          0x000016fc     0x19ce ./shell/commands.o
                0x00001770                do_help
                0x00001800                do_binfile
                0x00001980                do_binmem
                0x00001a8c                do_copyfile
                0x00001c40                do_cat
                0x00001d78                do_cd
                0x00001da0                do_delete
                0x00001dcc                do_dump
                0x00001e1e                do_exit
                0x00001e44                do_ideinit
                0x00001e88                do_idemode
                0x00001eda                do_ls
                0x000020ac                do_load_basic
                0x000021e2                do_loadmem
                0x00002320                do_mkdir_shel
                0x00002408                do_notimplemented
                0x0000241a                do_rename_shel
                0x00002470                do_rmdir
                0x00002580                do_runelf_fromhd
                0x000025ae                do_runelf
                0x000025ea                do_run
                0x00002616                do_save
                0x0000277e                do_save_basic
                0x000028fa                do_shst
                0x00002914                do_time
                0x000029fc                do_tstkbd
                0x00002c18                do_uptime
                0x00002cec                do_writemem
                0x00002f06                do_writemem1
                0x00003012                do_srecord
 *fill*         0x000030ca        0x2 
 .text          0x000030cc      0xbca ./shell/decodecmd.o
                0x000030cc                getline
                0x000033a2                process_command_builtin
                0x0000350a                load_elf_executable
                0x00003902                open_executable_file
                0x00003a02                process_command_executable
                0x00003b36                process_command
                0x00003b7a                execute_cmd
 *fill*         0x00003c96        0x2 
 .text          0x00003c98       0xfc ./shell/crc32.o
                0x00003c98                crc32_init
                0x00003d0a                crc32_update
                0x00003d7c                crc32_calculate
 .text          0x00003d94      0x4d4 ./shell/cmd_repeat.o
                0x00003d94                hist_add
                0x00004216                keyboard_handler
 .text          0x00004268      0x132 ./kbd/ringbuffer.o
                0x00004268                ring_buf_init
                0x00004290                ring_buf_get
                0x000042cc                ring_buf_put
                0x0000432c                ring_buf_is_empty
                0x00004348                ring_buf_is_full
                0x00004372                ring_buf_get_char
 *fill*         0x0000439a        0x2 
 .text          0x0000439c      0x556 ./rtc/rp5c01a.o
                0x000043d0                get_fattime
                0x00004588                set_rtc_time
                0x00004790                rtc_delay
                0x000047b0                rtc_write_config_byte
                0x000047ec                rtc_read_config_byte
                0x00004822                ler_segundo
                0x0000485a                rtc_inicializar
 *fill*         0x000048f2        0x2 
 .text          0x000048f4      0x248 ./uarts/drv_uart0.o
                0x000048f4                uart0_debug_char
                0x00004926                uart0_init
                0x00004966                uart0_write
                0x000049a4                uart0_read
                0x000049dc                uart0_read_timeout
                0x00004a40                _inbyte
                0x00004ac0                _outbyte
                0x00004afe                uart0_write_string
                0x00004b2e                uart0_flush
 .text          0x00004b3c      0x160 ./duart/duart.o
                0x00004b5c                duart_init_canal_a
                0x00004bce                duart_putc
                0x00004c04                duart_getc
                0x00004c26                duart_opr_init
                0x00004c3e                duart_led_op3_on
                0x00004c5a                duart_led_op3_off
                0x00004c76                duart_led_op3_toggle
 .text          0x00004c9c      0x892 ./ide/ata.o
                0x00004cb0                set_ide_bus_mode
                0x00004cf0                go_8bits_mode
                0x00004d66                ata_detect
                0x00004e24                ata_read_sector
                0x00004fd8                ata_write_sector
                0x0000518c                read_partition_table
                0x00005276                ata_init
                0x00005308                ata_disk_status
                0x00005318                ata_disk_initialize
                0x00005328                ata_wait_not_busy
                0x0000536a                ata_wait_for_data
                0x000053ac                ata_read_identity
 *fill*         0x0000552e        0x2 
 .text          0x00005530      0x220 ./ide/diskio.o
                0x00005530                disk_status
                0x00005548                disk_initialize
                0x0000555e                disk_read
                0x000055dc                disk_write
                0x0000565a                disk_ioctl
 .text          0x00005750      0x1be vectors_asm.o
                0x00005750                SvcBusError
                0x00005750                Svcaddress_err
                0x00005758                TrapFHandler
                0x00005758                SpuriousHandler
                0x00005758                SvcTrace
                0x00005758                TrapBHandler
                0x00005758                Int1Handler
                0x00005758                TrapAHandler
                0x00005758                SvcChkIns
                0x00005758                Trap4Handler
                0x00005758                Trap9Handler
                0x00005758                Int5Handler
                0x00005758                SvcDiv0_handler
                0x00005758                Int7Handler
                0x00005758                SvcIllegalIns
                0x00005758                SvcLineA
                0x00005758                SvcPrivViolation
                0x00005758                Trap8Handler
                0x00005758                Int6Handler
                0x00005758                bad_exception
                0x00005758                Trap3Handler
                0x00005758                Trap7Handler
                0x00005758                Trap0Handler
                0x00005758                SvcLineF
                0x00005758                SvcTrapvIns
                0x00005758                Trap5Handler
                0x00005758                Trap6Handler
                0x0000575a                TrapDHandler
                0x0000575c                Int2Handler
                0x000057a2                Int3Handler
                0x000057c2                Int4Handler
                0x000057c4                Trap1Handler
                0x00005814                Trap2Handler
                0x00005846                TrapCHandler
                0x000058f8                TrapEHandler
 *fill*         0x0000590e        0x2 
 .text          0x00005910       0x82 trap2_asm.o
                0x0000592c                vid_writechar
                0x0000593a                vid_gotoxy
                0x0000595e                vid_clrscr
                0x0000596e                vid_gohome
                0x0000597e                vid_setcolor
 *fill*         0x00005992        0x2 
 .text          0x00005994      0x252 trap12_asm.o
                0x00005994                file_open
                0x000059b2                file_close
                0x000059cc                file_read
                0x000059ec                file_write
                0x00005a0c                file_sync
                0x00005a26                file_lseek
                0x00005a42                file_unlink
                0x00005a5c                file_tell
                0x00005a76                file_size
                0x00005a90                file_eof
                0x00005aaa                file_rename
                0x00005ac6                file_stat
                0x00005ae2                file_opendir
                0x00005afe                file_readdir
                0x00005b1a                file_closedir
                0x00005b34                file_mkdir
                0x00005b4e                file_mount
                0x00005b6c                file_unmount
                0x00005b86                file_list
                0x00005ba0                file_save
                0x00005bc0                file_load
 *fill*         0x00005be6        0x2 
 .text          0x00005be8       0x90 cpm_bios.o
                0x00005be8                bios_entry
                0x00005c28                bios_const
                0x00005c3e                bios_conin
                0x00005c5c                bios_conout
                0x00005c72                bios_init
 .text          0x00005c78     0x27da ../../lib/libfileio.a(ff.o)
                0x00006ecc                f_mount
                0x00006f4e                f_open
                0x000071f2                f_read
                0x00007400                f_write
                0x0000765e                f_sync
                0x00007760                f_close
                0x00007792                f_chdrive
                0x000077b6                f_chdir
                0x00007836                f_getcwd
                0x000079f0                f_lseek
                0x00007c18                f_opendir
                0x00007cb4                f_closedir
                0x00007cd4                f_readdir
                0x00007d60                f_stat
                0x00007dd2                f_getfree
                0x00007eea                f_truncate
                0x00008000                f_unlink
                0x0000810e                f_mkdir
                0x000082ba                f_rename
 *fill*         0x00008452        0x2 
 .text          0x00008454       0x1c ../../lib/libc68k.a(strchr.o)
                0x00008454                strchr
 .text          0x00008470       0x1e ../../lib/libc68k.a(memcpy.o)
                0x00008470                memcpy
 *fill*         0x0000848e        0x2 
 .text          0x00008490      0x360 ../../lib/libc68k.a(malloc.o)
                0x00008644                malloc_init
                0x000086ba                free
                0x00008706                malloc
                0x0000871a                calloc
                0x0000877a                malloc_num_free
                0x00008794                malloc_num_used
                0x000087b0                malloc_num_fresh
                0x000087cc                malloc_check
 .text          0x000087f0       0x3c ../../lib/libc68k.a(memcmp.o)
                0x000087f0                memcmp
 .text          0x0000882c       0x12 ../../lib/libc68k.a(strlen.o)
                0x0000882c                strlen
 *fill*         0x0000883e        0x2 
 .text          0x00008840       0x16 ../../lib/libc68k.a(memset.o)
                0x00008840                memset
 *fill*         0x00008856        0x2 
 .text          0x00008858       0x26 ../../lib/libc68k.a(strcat.o)
                0x00008858                strcat
 *fill*         0x0000887e        0x2 
 .text          0x00008880       0x18 ../../lib/libc68k.a(strcpy.o)
                0x00008880                strcpy
 .text          0x00008898       0x2a ../../lib/libc68k.a(putchar.o)
                0x00008898                kbd_getchar
                0x000088a8                putchar
 *fill*         0x000088c2        0x2 
 .text          0x000088c4      0x206 ../../lib/libc68k.a(sprintf.o)
                0x000088c4                sprintf
 *fill*         0x00008aca        0x2 
 .text          0x00008acc      0x3a6 ../../lib/libc68k.a(printf.o)
                0x00008acc                itox
                0x00008b16                itodec
                0x00008b74                itooct
                0x00008bba                itoudec
                0x00008c0c                pad_zeros
                0x00008c50                printf
 *fill*         0x00008e72        0x2 
 .text          0x00008e74       0x36 ../../lib/libc68k.a(__mulsi3.o)
                0x00008e74                __mulsi3
 *fill*         0x00008eaa        0x2 
 .text          0x00008eac       0x2c ../../lib/libc68k.a(__umodsi3.o)
                0x00008eac                __umodsi3
 .text          0x00008ed8       0x3a ../../lib/libc68k.a(__udivsi3.o)
                0x00008ed8                __udivsi3
 *fill*         0x00008f12        0x2 
 .text          0x00008f14      0x148 ../../lib/libc68k.a(strtoul.o)
                0x00008f14                strtoul
 .text          0x0000905c        0xc ../../lib/libc68k.a(isspace.o)
                0x0000905c                isspace
 .text          0x00009068       0x16 ../../lib/libc68k.a(atoi.o)
                0x00009068                atoi
 *fill*         0x0000907e        0x2 
 .text          0x00009080       0x54 ../../lib/libc68k.a(strcasecmp.o)
                0x00009080                strcasecmp
 .text          0x000090d4       0x26 ../../lib/libc68k.a(puts.o)
                0x000090d4                puts
 *fill*         0x000090fa        0x2 
 .text          0x000090fc       0x32 ../../lib/libc68k.a(strtol.o)
                0x000090fc                strtol
 *fill*         0x0000912e        0x2 
 .text          0x00009130       0x40 ../../lib/libvideo.a(vga_video.o)
                0x00009130                run_cmd
                0x00009132                gotoxy
                0x00009148                gohome
                0x0000914e                setcolor
                0x0000916a                clrscr
 *(.rodata)
 .rodata        0x00009170      0x1e8 orion68.o
                0x000091a4                MsgOrionInit
 .rodata        0x00009358       0x51 vectors.o
 .rodata        0x000093a9      0x1c5 ./dump/mem_dump.o
 .rodata        0x0000956e        0x5 ./shell/io.o
 .rodata        0x00009573      0x150 ./shell/picow.o
 .rodata        0x000096c3      0x2fa ./shell/printerro.o
 .rodata        0x000099bd      0x98f ./shell/commands.o
 .rodata        0x0000a34c      0xac9 ./shell/decodecmd.o
                0x0000a34c                g_elf_header_bytes
                0x0000a900                g_cmd_table
 .rodata        0x0000ae15       0x48 ./rtc/rp5c01a.o
 .rodata        0x0000ae5d       0x2d ./uarts/drv_uart0.o
 .rodata        0x0000ae8a       0x11 ./duart/duart.o
 .rodata        0x0000ae9b      0x1ec ./ide/ata.o
 .rodata        0x0000b087       0x2d ./ide/diskio.o
 .rodata        0x0000b0b4       0x80 ../../lib/libfileio.a(ff.o)
 .rodata        0x0000b134       0x28 ../../lib/libc68k.a(printf.o)
                0x0000b15c                        . = ALIGN (0x2)

.rodata         0x0000b15c       0x38
                0x0000b15c                        . = ALIGN (0x2)
 *(.rodata*)
 .rodata.str1.1
                0x0000b15c       0x38 ../../lib/libfileio.a(ff.o)
                                 0x18 (size before relaxing)
 .rodata.str1.1
                0x0000b194        0xf ../../lib/libc68k.a(sprintf.o)
 .rodata.str1.1
                0x0000b194       0x20 ../../lib/libc68k.a(printf.o)
                0x0000b1b4                        . = ALIGN (0x2)

.data           0x00080004       0x60 load address 0x0000b194
                0x00080004                        . = ALIGN (0x2)
                0x00080004                        __data_start = .
 *(.data*)
 .data          0x00080004        0x0 ../../libc/obj/orion68_startup.o
 .data          0x00080004        0x0 orion68.o
 .data          0x00080004        0x0 vectors.o
 .data          0x00080004        0x0 console.o
 .data          0x00080004        0x0 trap12.o
 .data          0x00080004        0x0 timers.o
 .data          0x00080004        0x0 interrupt.o
 .data          0x00080004        0x0 ./dump/mem_dump.o
 .data          0x00080004        0x0 ./shell/io.o
 .data          0x00080004        0x0 ./shell/picow.o
 .data          0x00080004        0x0 ./shell/elf_loader.o
 .data          0x00080004       0x50 ./shell/printerro.o
 .data          0x00080054        0x0 ./shell/commands.o
 .data          0x00080054        0x8 ./shell/decodecmd.o
 .data          0x0008005c        0x0 ./shell/crc32.o
 .data          0x0008005c        0x1 ./shell/cmd_repeat.o
 *fill*         0x0008005d        0x3 
 .data          0x00080060        0x4 ./kbd/ringbuffer.o
 .data          0x00080064        0x0 ./rtc/rp5c01a.o
 .data          0x00080064        0x0 ./uarts/drv_uart0.o
 .data          0x00080064        0x0 ./duart/duart.o
 .data          0x00080064        0x0 ./ide/ata.o
 .data          0x00080064        0x0 ./ide/diskio.o
 .data          0x00080064        0x0 vectors_asm.o
 .data          0x00080064        0x0 trap2_asm.o
 .data          0x00080064        0x0 trap12_asm.o
 .data          0x00080064        0x0 cpm_bios.o
 .data          0x00080064        0x0 ../../lib/libfileio.a(ff.o)
 .data          0x00080064        0x0 ../../lib/libc68k.a(strchr.o)
 .data          0x00080064        0x0 ../../lib/libc68k.a(memcpy.o)
 .data          0x00080064        0x0 ../../lib/libc68k.a(malloc.o)
 .data          0x00080064        0x0 ../../lib/libc68k.a(memcmp.o)
 .data          0x00080064        0x0 ../../lib/libc68k.a(strlen.o)
 .data          0x00080064        0x0 ../../lib/libc68k.a(memset.o)
 .data          0x00080064        0x0 ../../lib/libc68k.a(strcat.o)
 .data          0x00080064        0x0 ../../lib/libc68k.a(strcpy.o)
 .data          0x00080064        0x0 ../../lib/libc68k.a(putchar.o)
 .data          0x00080064        0x0 ../../lib/libc68k.a(sprintf.o)
 .data          0x00080064        0x0 ../../lib/libc68k.a(printf.o)
 .data          0x00080064        0x0 ../../lib/libc68k.a(__mulsi3.o)
 .data          0x00080064        0x0 ../../lib/libc68k.a(__umodsi3.o)
 .data          0x00080064        0x0 ../../lib/libc68k.a(__udivsi3.o)
 .data          0x00080064        0x0 ../../lib/libc68k.a(strtoul.o)
 .data          0x00080064        0x0 ../../lib/libc68k.a(isspace.o)
 .data          0x00080064        0x0 ../../lib/libc68k.a(atoi.o)
 .data          0x00080064        0x0 ../../lib/libc68k.a(strcasecmp.o)
 .data          0x00080064        0x0 ../../lib/libc68k.a(puts.o)
 .data          0x00080064        0x0 ../../lib/libc68k.a(strtol.o)
 .data          0x00080064        0x0 ../../lib/libvideo.a(vga_video.o)
                0x00080064                        . = ALIGN (0x2)
                0x00080064                        __data_end = .

.mram           0x00080064        0xc load address 0x0000b1f4
 *(?.mram)
 .mram          0x00080064        0xc orion68.o
                0x00080064                systemTick
                0x00080068                tick_count
                0x0008006c                flg_system
                0x0000b194                        __data_load_start = LOADADDR (.data)

.bss            0x00080070      0xdbc load address 0x0000b1f4
                0x00080070                        . = ALIGN (0x2)
                0x00080070                        __bss_start = .
 *(.bss*)
 .bss           0x00080070        0x0 ../../libc/obj/orion68_startup.o
 .bss           0x00080070      0x3bc orion68.o
                0x00080070                sys_flags
                0x00080072                FatFs
                0x000802ac                g_cmd_buffer
                0x0008032c                buffer
                0x000803ac                syspath
 .bss           0x0008042c        0x0 vectors.o
 .bss           0x0008042c        0x8 console.o
                0x0008042c                cconin
                0x00080430                cconout
 .bss           0x00080434        0x0 trap12.o
 .bss           0x00080434       0x1c timers.o
                0x00080434                g_timers
                0x00080448                g_tick_count
 .bss           0x00080450        0x0 interrupt.o
 .bss           0x00080450        0x0 ./dump/mem_dump.o
 .bss           0x00080450        0x0 ./shell/io.o
 .bss           0x00080450        0x0 ./shell/picow.o
 .bss           0x00080450        0x0 ./shell/elf_loader.o
 .bss           0x00080450        0x0 ./shell/printerro.o
 .bss           0x00080450      0x270 ./shell/commands.o
 .bss           0x000806c0        0x4 ./shell/decodecmd.o
 .bss           0x000806c4      0x400 ./shell/crc32.o
 .bss           0x00080ac4      0x1a5 ./shell/cmd_repeat.o
 *fill*         0x00080c69        0x3 
 .bss           0x00080c6c      0x106 ./kbd/ringbuffer.o
 *fill*         0x00080d72        0x2 
 .bss           0x00080d74        0x0 ./rtc/rp5c01a.o
 .bss           0x00080d74        0x0 ./uarts/drv_uart0.o
 .bss           0x00080d74        0x1 ./duart/duart.o
 *fill*         0x00080d75        0x3 
 .bss           0x00080d78       0x29 ./ide/ata.o
                0x00080d78                drives
                0x00080da0                ide_bus_mode
 *fill*         0x00080da1        0x3 
 .bss           0x00080da4       0x64 ./ide/diskio.o
 .bss           0x00080e08        0x0 vectors_asm.o
 .bss           0x00080e08        0x0 trap2_asm.o
 .bss           0x00080e08        0x0 trap12_asm.o
 .bss           0x00080e08        0x0 cpm_bios.o
 .bss           0x00080e08        0xe ../../lib/libfileio.a(ff.o)
 *fill*         0x00080e16        0x2 
 .bss           0x00080e18        0x0 ../../lib/libc68k.a(strchr.o)
 .bss           0x00080e18        0x0 ../../lib/libc68k.a(memcpy.o)
 .bss           0x00080e18       0x14 ../../lib/libc68k.a(malloc.o)
 .bss           0x00080e2c        0x0 ../../lib/libc68k.a(memcmp.o)
 .bss           0x00080e2c        0x0 ../../lib/libc68k.a(strlen.o)
 .bss           0x00080e2c        0x0 ../../lib/libc68k.a(memset.o)
 .bss           0x00080e2c        0x0 ../../lib/libc68k.a(strcat.o)
 .bss           0x00080e2c        0x0 ../../lib/libc68k.a(strcpy.o)
 .bss           0x00080e2c        0x0 ../../lib/libc68k.a(putchar.o)
 .bss           0x00080e2c        0x0 ../../lib/libc68k.a(sprintf.o)
 .bss           0x00080e2c        0x0 ../../lib/libc68k.a(printf.o)
 .bss           0x00080e2c        0x0 ../../lib/libc68k.a(__mulsi3.o)
 .bss           0x00080e2c        0x0 ../../lib/libc68k.a(__umodsi3.o)
 .bss           0x00080e2c        0x0 ../../lib/libc68k.a(__udivsi3.o)
 .bss           0x00080e2c        0x0 ../../lib/libc68k.a(strtoul.o)
 .bss           0x00080e2c        0x0 ../../lib/libc68k.a(isspace.o)
 .bss           0x00080e2c        0x0 ../../lib/libc68k.a(atoi.o)
 .bss           0x00080e2c        0x0 ../../lib/libc68k.a(strcasecmp.o)
 .bss           0x00080e2c        0x0 ../../lib/libc68k.a(puts.o)
 .bss           0x00080e2c        0x0 ../../lib/libc68k.a(strtol.o)
 .bss           0x00080e2c        0x0 ../../lib/libvideo.a(vga_video.o)
 *(COMMON)
                0x00080e2c                        . = ALIGN (0x2)
                0x00080e2c                        __bss_end = .
                0x00100000                        _stack_end = 0x100000
                0x000fe000                        _stack_start = (_stack_end - 0x2000)

/DISCARD/
 *(.comment)
 *(.note*)
 *(.align*)
LOAD ../../libc/obj/orion68_startup.o
LOAD orion68.o
LOAD vectors.o
LOAD console.o
LOAD trap12.o
LOAD timers.o
LOAD interrupt.o
LOAD ./dump/mem_dump.o
LOAD ./shell/io.o
LOAD ./shell/picow.o
LOAD ./shell/elf_loader.o
LOAD ./shell/printerro.o
LOAD ./shell/commands.o
LOAD ./shell/decodecmd.o
LOAD ./shell/crc32.o
LOAD ./shell/cmd_repeat.o
LOAD ./kbd/ringbuffer.o
LOAD ./rtc/rp5c01a.o
LOAD ./uarts/drv_uart0.o
LOAD ./duart/duart.o
LOAD ./ide/ata.o
LOAD ./ide/diskio.o
LOAD vectors_asm.o
LOAD trap2_asm.o
LOAD trap12_asm.o
LOAD cpm_bios.o
LOAD ../../lib/libfileio.a
LOAD ../../lib/libc68k.a
LOAD ../../lib/libvideo.a
OUTPUT(orion68.elf elf32-m68k)
