Archive member included to satisfy reference by file (symbol)

../../lib/libc68k.a(strchr.o)
                              ./fatfs/ff.o (strchr)
../../lib/libc68k.a(memcpy.o)
                              ./shell/elf_loader.o (memcpy)
../../lib/libc68k.a(malloc.o)
                              ./shell/commands.o (free)
../../lib/libc68k.a(memcmp.o)
                              ./shell/decodecmd.o (memcmp)
../../lib/libc68k.a(strlen.o)
                              ./shell/commands.o (strlen)
../../lib/libc68k.a(memset.o)
                              ./shell/elf_loader.o (memset)
../../lib/libc68k.a(strcat.o)
                              ./shell/commands.o (strcat)
../../lib/libc68k.a(strcpy.o)
                              ./shell/commands.o (strcpy)
../../lib/libc68k.a(putchar.o)
                              ./shell/commands.o (putchar)
../../lib/libc68k.a(sprintf.o)
                              ./shell/commands.o (sprintf)
../../lib/libc68k.a(printf.o)
                              ../../lib/libc68k.a(sprintf.o) (itox)
../../lib/libc68k.a(__mulsi3.o)
                              ./shell/elf_loader.o (__mulsi3)
../../lib/libc68k.a(__umodsi3.o)
                              ./shell/commands.o (__umodsi3)
../../lib/libc68k.a(__udivsi3.o)
                              ./shell/commands.o (__udivsi3)
../../lib/libc68k.a(strtoul.o)
                              ./shell/commands.o (strtoul)
../../lib/libc68k.a(isspace.o)
                              ./shell/decodecmd.o (isspace)
../../lib/libc68k.a(atoi.o)   ./shell/commands.o (atoi)
../../lib/libc68k.a(strcasecmp.o)
                              ./shell/decodecmd.o (strcasecmp)
../../lib/libc68k.a(puts.o)   ../../lib/libc68k.a(printf.o) (puts)
../../lib/libc68k.a(strtol.o)
                              ../../lib/libc68k.a(atoi.o) (strtol)

Discarded input sections

 .comment       0x00000000       0x13 orion68.o
 .comment       0x00000000       0x13 vectors.o
 .comment       0x00000000       0x13 console.o
 .comment       0x00000000       0x13 ./dump/mem_dump.o
 .comment       0x00000000       0x13 ./shell/io.o
 .comment       0x00000000       0x13 ./shell/picow.o
 .comment       0x00000000       0x13 ./shell/elf_loader.o
 .comment       0x00000000       0x13 ./shell/printerro.o
 .comment       0x00000000       0x13 ./shell/commands.o
 .comment       0x00000000       0x13 ./shell/decodecmd.o
 .comment       0x00000000       0x13 ./shell/crc32.o
 .comment       0x00000000       0x13 ./shell/cmd_repeat.o
 .comment       0x00000000       0x13 ./kbd/drv_kbd.o
 .comment       0x00000000       0x13 ./kbd/ringbuffer.o
 .comment       0x00000000       0x13 ./rtc/rp5c01a.o
 .comment       0x00000000       0x13 ./picoVga/drv_picoVga.o
 .comment       0x00000000       0x13 ./uarts/drv_uart0.o
 .comment       0x00000000       0x13 ./duart/duart.o
 .comment       0x00000000       0x13 ./ide/ata.o
 .comment       0x00000000       0x13 ./fatfs/ff.o
 .comment       0x00000000       0x13 ./fatfs/ffsystem.o
 .comment       0x00000000       0x13 ./fatfs/diskio.o
 .comment       0x00000000       0x13 ./tst_fat/tstfat.o
 .comment       0x00000000       0x13 timers.o
 .comment       0x00000000       0x13 interrupt.o
 .comment       0x00000000       0x13 ../../lib/libc68k.a(strchr.o)
 .comment       0x00000000       0x13 ../../lib/libc68k.a(memcpy.o)
 .comment       0x00000000       0x13 ../../lib/libc68k.a(malloc.o)
 .comment       0x00000000       0x13 ../../lib/libc68k.a(memcmp.o)
 .comment       0x00000000       0x13 ../../lib/libc68k.a(strlen.o)
 .comment       0x00000000       0x13 ../../lib/libc68k.a(memset.o)
 .comment       0x00000000       0x13 ../../lib/libc68k.a(strcat.o)
 .comment       0x00000000       0x13 ../../lib/libc68k.a(strcpy.o)
 .comment       0x00000000       0x13 ../../lib/libc68k.a(putchar.o)
 .comment       0x00000000       0x13 ../../lib/libc68k.a(sprintf.o)
 .comment       0x00000000       0x13 ../../lib/libc68k.a(printf.o)
 .comment       0x00000000       0x13 ../../lib/libc68k.a(__mulsi3.o)
 .comment       0x00000000       0x13 ../../lib/libc68k.a(__umodsi3.o)
 .comment       0x00000000       0x13 ../../lib/libc68k.a(__udivsi3.o)
 .comment       0x00000000       0x13 ../../lib/libc68k.a(strtoul.o)
 .comment       0x00000000       0x13 ../../lib/libc68k.a(isspace.o)
 .comment       0x00000000       0x13 ../../lib/libc68k.a(atoi.o)
 .comment       0x00000000       0x13 ../../lib/libc68k.a(strcasecmp.o)
 .comment       0x00000000       0x13 ../../lib/libc68k.a(puts.o)
 .comment       0x00000000       0x13 ../../lib/libc68k.a(strtol.o)

Memory Configuration

Name             Origin             Length             Attributes
ROM              0x00000000         0x00010000         xr
RAM              0x00080004         0x00080000         xrw
*default*        0x00000000         0xffffffff

Linker script and memory map

                0x00000000                        . = 0x0

.vectors        0x00000000        0x0
 *(.vectors)
                0x00000000                        . = ALIGN (0x400)

.text           0x00000000     0xdd66
                0x00000000                        . = ALIGN (0x2)
 *(.text*)
 .text          0x00000000      0x2c4 ../../obj/orion68_startup.o
                0x000000c0                _start
                0x000001a2                UartWriteCh
                0x000001a6                UartWrCh
                0x000001ce                uart0_initialize
                0x0000021a                printString
                0x0000024c                _delay_ms
 .text          0x000002c4      0x2b4 orion68.o
                0x000002c4                executar_xmodem
                0x000002e4                clr_flg_program_loaded
                0x000002fa                set_flg_program_loaded
                0x0000030e                get_flg_program_loaded
                0x0000031a                print_msg
                0x00000356                write_string
                0x00000388                display_prompt
                0x0000040c                main
 .text          0x00000578       0xec vectors.o
                0x00000590                TRAP14_Handler
                0x0000063a                get_system_tick
 .text          0x00000664       0x2c console.o
                0x00000664                set_console_output
                0x00000676                set_console_input
                0x00000688                enable_interrupts
 .text          0x00000690      0x66a ./dump/mem_dump.o
                0x00000690                dump_memory
                0x0000090e                dump_memory2
                0x00000b92                dump_memory_by_addr
 *fill*         0x00000cfa        0x2 
 .text          0x00000cfc       0x54 ./shell/io.o
                0x00000cfc                get_key
                0x00000d26                _putchar_hex
 .text          0x00000d50      0x49a ./shell/picow.o
                0x00000d50                receber_arquivo_do_pico
                0x00000f88                send_sector_low
                0x00000fb2                send_sector_high
                0x00000fdc                send_read_cmd
                0x00001002                read_sector
                0x00001062                get_crc
                0x000010ca                receber_setor_do_pico
                0x000011ce                pico_write_ch
 *fill*         0x000011ea        0x2 
 .text          0x000011ec      0x322 ./shell/elf_loader.o
                0x000011ec                carregar_elf32
                0x0000132c                carregar_elf32_fatfs
 *fill*         0x0000150e        0x2 
 .text          0x00001510       0x44 ./shell/printerro.o
                0x00001510                printerro
 .text          0x00001554     0x17f0 ./shell/commands.o
                0x000015c4                do_help
                0x00001654                do_notimplemented
                0x00001666                do_runelf_fromhd
                0x00001694                do_runelf
                0x000016d0                do_dump
                0x00001722                serial_has_char
                0x00001726                do_srecord
                0x000017de                do_binfile
                0x0000195e                do_binmem
                0x00001a6a                do_ideinit
                0x00001aae                do_idemode
                0x00001b00                do_run
                0x00001b2c                do_writemem
                0x00001d46                do_ls
                0x00001f76                do_delete
                0x00001fa2                do_exit
                0x00001fc8                do_mkdir
                0x000020b0                do_rmdir
                0x000021c0                do_rename
                0x00002216                do_cd
                0x0000223e                do_dir
                0x00002248                do_shst
                0x00002262                do_loadmem
                0x000023a0                do_copyfile
                0x00002554                do_cat
                0x0000268c                do_time
                0x00002774                do_tstkbd
                0x00002990                do_uptime
                0x00002a64                do_ehbasic
                0x00002a68                do_readsect
                0x00002a9c                do_writesect
                0x00002ad0                do_writemem1
                0x00002bdc                do_save
 .text          0x00002d44      0xc3e ./shell/decodecmd.o
                0x00002d44                getline
                0x0000301a                process_command_builtin
                0x00003182                load_elf_executable
                0x0000357a                open_executable_file
                0x0000369e                process_command_executable
                0x00003822                process_command
                0x00003866                execute_cmd
 *fill*         0x00003982        0x2 
 .text          0x00003984       0xfc ./shell/crc32.o
                0x00003984                crc32_init
                0x000039f6                crc32_update
                0x00003a68                crc32_calculate
 .text          0x00003a80      0x4d4 ./shell/cmd_repeat.o
                0x00003a80                hist_add
                0x00003f02                keyboard_handler
 .text          0x00003f54      0x744 ./kbd/drv_kbd.o
                0x00003fb2                liga_debug
                0x00003fca                init_kbd
                0x00004220                get_packet
                0x0000447e                get_kbd_key
                0x000045a0                ch9350_shut_up
                0x000045ae                get_char
                0x00004676                print_capslock
 .text          0x00004698      0x250 ./kbd/ringbuffer.o
                0x00004698                ring_buf_init
                0x000046c0                ring_buf_get
                0x000046fc                ring_buf_put
                0x0000475c                ring_buf_is_empty
                0x00004778                ring_buf_is_full
                0x000047a2                ring_buf_get_char
                0x000047ca                ring_buf_init1
                0x000047f2                ring_buf_get1
                0x0000482e                ring_buf_put1
                0x000048a2                ring_buf_is_empty1
                0x000048be                ring_buf_is_full1
 .text          0x000048e8      0x556 ./rtc/rp5c01a.o
                0x0000491c                get_fattime
                0x00004ad4                set_rtc_time
                0x00004cdc                rtc_delay
                0x00004cfc                rtc_write_config_byte
                0x00004d38                rtc_read_config_byte
                0x00004d6e                ler_segundo
                0x00004da6                rtc_inicializar
 *fill*         0x00004e3e        0x2 
 .text          0x00004e40      0x142 ./picoVga/drv_picoVga.o
                0x00004e40                init_picoVga
                0x00004e44                run_cmd
                0x00004e6c                picovga_putchar
                0x00004e98                picovga_gotoxy
                0x00004f0e                picovga_gohome
                0x00004f1c                picovga_set_color
                0x00004f68                clrscr
 *fill*         0x00004f82        0x2 
 .text          0x00004f84      0x248 ./uarts/drv_uart0.o
                0x00004f84                uart0_debug_char
                0x00004fb6                uart0_init
                0x00004ff6                uart0_write
                0x00005034                uart0_read
                0x0000506c                uart0_read_timeout
                0x000050d0                _inbyte
                0x00005150                _outbyte
                0x0000518e                uart0_write_string
                0x000051be                uart0_flush
 .text          0x000051cc      0x1fe ./duart/duart.o
                0x000051cc                duart_clock_115200_setup
                0x000051f6                duart_uartA_init
                0x0000525e                duart_uartB_init
                0x000052a8                duart_uartA_putc
                0x000052dc                duart_uartA_getc
                0x000052fe                duart_uartB_putc
                0x00005332                duart_uartB_getc
                0x00005354                duart_opr_init
                0x0000536c                duart_led_op3_on
                0x00005388                duart_led_op3_off
                0x000053a4                duart_led_op3_toggle
 *fill*         0x000053ca        0x2 
 .text          0x000053cc      0x892 ./ide/ata.o
                0x000053e0                set_ide_bus_mode
                0x00005420                go_8bits_mode
                0x00005496                ata_detect
                0x00005554                ata_read_sector
                0x00005708                ata_write_sector
                0x000058bc                read_partition_table
                0x000059a6                ata_init
                0x00005a38                ata_disk_status
                0x00005a48                ata_disk_initialize
                0x00005a58                ata_wait_not_busy
                0x00005a9a                ata_wait_for_data
                0x00005adc                ata_read_identity
 *fill*         0x00005c5e        0x2 
 .text          0x00005c60     0x412e ./fatfs/ff.o
                0x00007dc8                f_mount
                0x00007e86                f_open
                0x00008266                f_read
                0x000085ea                f_write
                0x00008a08                f_sync
                0x00008b60                f_close
                0x00008b96                f_chdrive
                0x00008bba                f_chdir
                0x00008c5e                f_getcwd
                0x00008eac                f_lseek
                0x00009230                f_opendir
                0x00009304                f_closedir
                0x0000932a                f_readdir
                0x000093ca                f_stat
                0x00009444                f_getfree
                0x000095ec                f_truncate
                0x0000979a                f_unlink
                0x000098f8                f_mkdir
                0x00009b3a                f_rename
 *fill*         0x00009d8e        0x2 
 .text          0x00009d90        0x0 ./fatfs/ffsystem.o
 .text          0x00009d90      0x220 ./fatfs/diskio.o
                0x00009d90                disk_status
                0x00009da8                disk_initialize
                0x00009dbe                disk_read
                0x00009e3c                disk_write
                0x00009eba                disk_ioctl
 .text          0x00009fb0      0x44e ./tst_fat/tstfat.o
                0x00009fb0                listar_diretorio_raiz
                0x0000a16c                open_dir
                0x0000a226                ler_e_exibir_joblog
                0x0000a3b4                le_setor
                0x0000a3e2                wr_setor
 *fill*         0x0000a3fe        0x2 
 .text          0x0000a400      0x32a timers.o
                0x0000a400                delay10ms
                0x0000a422                cpu_delay
                0x0000a43e                init_timer
                0x0000a45e                get_tick_count
                0x0000a466                add_timer
                0x0000a4fe                delete_timer
                0x0000a54a                start_timer
                0x0000a5ca                stop_timer
                0x0000a5fe                reset_timer
                0x0000a64c                set_interval
                0x0000a680                update_timers
 *fill*         0x0000a72a        0x2 
 .text          0x0000a72c        0x0 interrupt.o
 .text          0x0000a72c      0x168 ./xmodem/xmodem_asm.o
                0x0000a76a                xmodem_receive
 .text          0x0000a894       0xf8 vectors_asm.o
                0x0000a894                SvcBusError
                0x0000a894                Svcaddress_err
                0x0000a89c                TrapFHandler
                0x0000a89c                SpuriousHandler
                0x0000a89c                SvcTrace
                0x0000a89c                TrapBHandler
                0x0000a89c                Int1Handler
                0x0000a89c                TrapAHandler
                0x0000a89c                SvcChkIns
                0x0000a89c                Trap4Handler
                0x0000a89c                Trap9Handler
                0x0000a89c                Int5Handler
                0x0000a89c                SvcDiv0_handler
                0x0000a89c                Int7Handler
                0x0000a89c                SvcIllegalIns
                0x0000a89c                SvcLineA
                0x0000a89c                SvcPrivViolation
                0x0000a89c                Trap8Handler
                0x0000a89c                Int6Handler
                0x0000a89c                Trap2Handler
                0x0000a89c                bad_exception
                0x0000a89c                Trap3Handler
                0x0000a89c                Trap7Handler
                0x0000a89c                Trap0Handler
                0x0000a89c                SvcLineF
                0x0000a89c                TrapCHandler
                0x0000a89c                SvcTrapvIns
                0x0000a89c                Trap5Handler
                0x0000a89c                Trap6Handler
                0x0000a89e                TrapDHandler
                0x0000a8a0                Int2Handler
                0x0000a8e6                Int3Handler
                0x0000a906                Int4Handler
                0x0000a926                Trap1Handler
                0x0000a976                TrapEHandler
 .text          0x0000a98c       0x1c ../../lib/libc68k.a(strchr.o)
                0x0000a98c                strchr
 .text          0x0000a9a8       0x1e ../../lib/libc68k.a(memcpy.o)
                0x0000a9a8                memcpy
 *fill*         0x0000a9c6        0x2 
 .text          0x0000a9c8      0x360 ../../lib/libc68k.a(malloc.o)
                0x0000ab7c                malloc_init
                0x0000abf2                free
                0x0000ac3e                malloc
                0x0000ac52                calloc
                0x0000acb2                malloc_num_free
                0x0000accc                malloc_num_used
                0x0000ace8                malloc_num_fresh
                0x0000ad04                malloc_check
 .text          0x0000ad28       0x3c ../../lib/libc68k.a(memcmp.o)
                0x0000ad28                memcmp
 .text          0x0000ad64       0x12 ../../lib/libc68k.a(strlen.o)
                0x0000ad64                strlen
 *fill*         0x0000ad76        0x2 
 .text          0x0000ad78       0x16 ../../lib/libc68k.a(memset.o)
                0x0000ad78                memset
 *fill*         0x0000ad8e        0x2 
 .text          0x0000ad90       0x26 ../../lib/libc68k.a(strcat.o)
                0x0000ad90                strcat
 *fill*         0x0000adb6        0x2 
 .text          0x0000adb8       0x18 ../../lib/libc68k.a(strcpy.o)
                0x0000adb8                strcpy
 .text          0x0000add0       0x2a ../../lib/libc68k.a(putchar.o)
                0x0000add0                kbd_getchar
                0x0000ade0                putchar
 *fill*         0x0000adfa        0x2 
 .text          0x0000adfc      0x206 ../../lib/libc68k.a(sprintf.o)
                0x0000adfc                sprintf
 *fill*         0x0000b002        0x2 
 .text          0x0000b004      0x3a6 ../../lib/libc68k.a(printf.o)
                0x0000b004                itox
                0x0000b04e                itodec
                0x0000b0ac                itooct
                0x0000b0f2                itoudec
                0x0000b144                pad_zeros
                0x0000b188                printf
 *fill*         0x0000b3aa        0x2 
 .text          0x0000b3ac       0x36 ../../lib/libc68k.a(__mulsi3.o)
                0x0000b3ac                __mulsi3
 *fill*         0x0000b3e2        0x2 
 .text          0x0000b3e4       0x2c ../../lib/libc68k.a(__umodsi3.o)
                0x0000b3e4                __umodsi3
 .text          0x0000b410       0x3a ../../lib/libc68k.a(__udivsi3.o)
                0x0000b410                __udivsi3
 *fill*         0x0000b44a        0x2 
 .text          0x0000b44c      0x148 ../../lib/libc68k.a(strtoul.o)
                0x0000b44c                strtoul
 .text          0x0000b594        0xc ../../lib/libc68k.a(isspace.o)
                0x0000b594                isspace
 .text          0x0000b5a0       0x16 ../../lib/libc68k.a(atoi.o)
                0x0000b5a0                atoi
 *fill*         0x0000b5b6        0x2 
 .text          0x0000b5b8       0x54 ../../lib/libc68k.a(strcasecmp.o)
                0x0000b5b8                strcasecmp
 .text          0x0000b60c       0x26 ../../lib/libc68k.a(puts.o)
                0x0000b60c                puts
 *fill*         0x0000b632        0x2 
 .text          0x0000b634       0x32 ../../lib/libc68k.a(strtol.o)
                0x0000b634                strtol
 *(.rodata)
 .rodata        0x0000b666      0x1c9 orion68.o
                0x0000b69a                MsgOrionInit
 .rodata        0x0000b82f       0x51 vectors.o
 .rodata        0x0000b880      0x2d6 ./dump/mem_dump.o
 .rodata        0x0000bb56        0x5 ./shell/io.o
 .rodata        0x0000bb5b      0x150 ./shell/picow.o
 .rodata        0x0000bcab      0x2fa ./shell/printerro.o
 .rodata        0x0000bfa5      0x981 ./shell/commands.o
 .rodata        0x0000c926      0xc0f ./shell/decodecmd.o
                0x0000c926                g_elf_header_bytes
                0x0000cf60                g_cmd_table
 .rodata        0x0000d535      0x2cd ./kbd/drv_kbd.o
                0x0000d535                OE_BASE_KEYMAP
                0x0000d5b5                OE_SHIFT_KEYMAP
                0x0000d635                OE_CTRL_KEYMAP
                0x0000d6b5                OE_ALT_KEYMAP
                0x0000d735                OE_ALTGR_KEYMAP
 .rodata        0x0000d802        0x5 ./kbd/ringbuffer.o
 .rodata        0x0000d807       0x48 ./rtc/rp5c01a.o
 .rodata        0x0000d84f       0x2d ./uarts/drv_uart0.o
 .rodata        0x0000d87c       0x11 ./duart/duart.o
 .rodata        0x0000d88d      0x1ec ./ide/ata.o
 .rodata        0x0000da79       0x98 ./fatfs/ff.o
 .rodata        0x0000db11       0x2d ./fatfs/diskio.o
 .rodata        0x0000db3e      0x200 ./tst_fat/tstfat.o
 .rodata        0x0000dd3e       0x28 ../../lib/libc68k.a(printf.o)
                0x0000dd66                        . = ALIGN (0x2)

.rodata         0x0000dd66       0x20
                0x0000dd66                        . = ALIGN (0x2)
 *(.rodata*)
 .rodata.str1.1
                0x0000dd66       0x20 ../../lib/libc68k.a(sprintf.o)
                                  0xf (size before relaxing)
 .rodata.str1.1
                0x0000dd86       0x20 ../../lib/libc68k.a(printf.o)
                0x0000dda6                        . = ALIGN (0x2)

.data           0x00080004       0x64 load address 0x0000dd86
                0x00080004                        . = ALIGN (0x2)
                0x00080004                        __data_start = .
 *(.data*)
 .data          0x00080004        0x0 ../../obj/orion68_startup.o
 .data          0x00080004        0x0 orion68.o
 .data          0x00080004        0x0 vectors.o
 .data          0x00080004        0x0 console.o
 .data          0x00080004        0x0 ./dump/mem_dump.o
 .data          0x00080004        0x0 ./shell/io.o
 .data          0x00080004        0x0 ./shell/picow.o
 .data          0x00080004        0x0 ./shell/elf_loader.o
 .data          0x00080004       0x50 ./shell/printerro.o
 .data          0x00080054        0x0 ./shell/commands.o
 .data          0x00080054        0x8 ./shell/decodecmd.o
 .data          0x0008005c        0x0 ./shell/crc32.o
 .data          0x0008005c        0x1 ./shell/cmd_repeat.o
 *fill*         0x0008005d        0x3 
 .data          0x00080060        0x0 ./kbd/drv_kbd.o
 .data          0x00080060        0x8 ./kbd/ringbuffer.o
 .data          0x00080068        0x0 ./rtc/rp5c01a.o
 .data          0x00080068        0x0 ./picoVga/drv_picoVga.o
 .data          0x00080068        0x0 ./uarts/drv_uart0.o
 .data          0x00080068        0x0 ./duart/duart.o
 .data          0x00080068        0x0 ./ide/ata.o
 .data          0x00080068        0x0 ./fatfs/ff.o
 .data          0x00080068        0x0 ./fatfs/ffsystem.o
 .data          0x00080068        0x0 ./fatfs/diskio.o
 .data          0x00080068        0x0 ./tst_fat/tstfat.o
 .data          0x00080068        0x0 timers.o
 .data          0x00080068        0x0 interrupt.o
 .data          0x00080068        0x0 ./xmodem/xmodem_asm.o
 .data          0x00080068        0x0 vectors_asm.o
 .data          0x00080068        0x0 ../../lib/libc68k.a(strchr.o)
 .data          0x00080068        0x0 ../../lib/libc68k.a(memcpy.o)
 .data          0x00080068        0x0 ../../lib/libc68k.a(malloc.o)
 .data          0x00080068        0x0 ../../lib/libc68k.a(memcmp.o)
 .data          0x00080068        0x0 ../../lib/libc68k.a(strlen.o)
 .data          0x00080068        0x0 ../../lib/libc68k.a(memset.o)
 .data          0x00080068        0x0 ../../lib/libc68k.a(strcat.o)
 .data          0x00080068        0x0 ../../lib/libc68k.a(strcpy.o)
 .data          0x00080068        0x0 ../../lib/libc68k.a(putchar.o)
 .data          0x00080068        0x0 ../../lib/libc68k.a(sprintf.o)
 .data          0x00080068        0x0 ../../lib/libc68k.a(printf.o)
 .data          0x00080068        0x0 ../../lib/libc68k.a(__mulsi3.o)
 .data          0x00080068        0x0 ../../lib/libc68k.a(__umodsi3.o)
 .data          0x00080068        0x0 ../../lib/libc68k.a(__udivsi3.o)
 .data          0x00080068        0x0 ../../lib/libc68k.a(strtoul.o)
 .data          0x00080068        0x0 ../../lib/libc68k.a(isspace.o)
 .data          0x00080068        0x0 ../../lib/libc68k.a(atoi.o)
 .data          0x00080068        0x0 ../../lib/libc68k.a(strcasecmp.o)
 .data          0x00080068        0x0 ../../lib/libc68k.a(puts.o)
 .data          0x00080068        0x0 ../../lib/libc68k.a(strtol.o)
                0x00080068                        . = ALIGN (0x2)
                0x00080068                        __data_end = .

.mram           0x00080068        0xc load address 0x0000ddea
 *(?.mram)
 .mram          0x00080068        0xc orion68.o
                0x00080068                systemTick
                0x0008006c                tick_count
                0x00080070                flg_system
                0x0000dd86                        __data_load_start = LOADADDR (.data)

.bss            0x00080074     0x122c load address 0x0000ddea
                0x00080074                        . = ALIGN (0x2)
                0x00080074                        __bss_start = .
 *(.bss*)
 .bss           0x00080074        0x0 ../../obj/orion68_startup.o
 .bss           0x00080074      0x3bc orion68.o
                0x00080074                sys_flags
                0x00080076                FatFs
                0x000802b0                g_cmd_buffer
                0x00080330                buffer
                0x000803b0                syspath
 .bss           0x00080430        0x0 vectors.o
 .bss           0x00080430        0x8 console.o
                0x00080430                cconin
                0x00080434                cconout
 .bss           0x00080438        0x0 ./dump/mem_dump.o
 .bss           0x00080438        0x0 ./shell/io.o
 .bss           0x00080438        0x0 ./shell/picow.o
 .bss           0x00080438        0x0 ./shell/elf_loader.o
 .bss           0x00080438        0x0 ./shell/printerro.o
 .bss           0x00080438      0x22a ./shell/commands.o
                0x00080438                basic_running
 *fill*         0x00080662        0x2 
 .bss           0x00080664        0x4 ./shell/decodecmd.o
 .bss           0x00080668      0x400 ./shell/crc32.o
 .bss           0x00080a68      0x1a5 ./shell/cmd_repeat.o
 *fill*         0x00080c0d        0x3 
 .bss           0x00080c10       0x3b ./kbd/drv_kbd.o
                0x00080c10                key_buffer
                0x00080c40                cmd
                0x00080c41                length
                0x00080c42                type
                0x00080c43                special_key_up
                0x00080c44                special_key_down
                0x00080c45                key_up
                0x00080c46                key_down
                0x00080c47                special_key_status
                0x00080c48                _CapsFlag
                0x00080c49                mod_caps
                0x00080c4a                debug_pkt
 *fill*         0x00080c4b        0x1 
 .bss           0x00080c4c      0x20c ./kbd/ringbuffer.o
                0x00080c4c                ringbufferUSB
 .bss           0x00080e58        0x0 ./rtc/rp5c01a.o
 .bss           0x00080e58        0x0 ./picoVga/drv_picoVga.o
 .bss           0x00080e58        0x0 ./uarts/drv_uart0.o
 .bss           0x00080e58        0x1 ./duart/duart.o
 *fill*         0x00080e59        0x3 
 .bss           0x00080e5c       0x29 ./ide/ata.o
                0x00080e5c                drives
                0x00080e84                ide_bus_mode
 *fill*         0x00080e85        0x3 
 .bss           0x00080e88        0xd ./fatfs/ff.o
 *fill*         0x00080e95        0x3 
 .bss           0x00080e98        0x0 ./fatfs/ffsystem.o
 .bss           0x00080e98       0x64 ./fatfs/diskio.o
 .bss           0x00080efc      0x2f0 ./tst_fat/tstfat.o
                0x00080efc                Dir
                0x00080f2a                Fno
                0x00080f44                buffer_leitura
 .bss           0x000811ec       0x1c timers.o
                0x000811ec                g_timers
                0x00081200                g_tick_count
 .bss           0x00081208        0x0 interrupt.o
 .bss           0x00081208       0x84 ./xmodem/xmodem_asm.o
 .bss           0x0008128c        0x0 vectors_asm.o
 .bss           0x0008128c        0x0 ../../lib/libc68k.a(strchr.o)
 .bss           0x0008128c        0x0 ../../lib/libc68k.a(memcpy.o)
 .bss           0x0008128c       0x14 ../../lib/libc68k.a(malloc.o)
 .bss           0x000812a0        0x0 ../../lib/libc68k.a(memcmp.o)
 .bss           0x000812a0        0x0 ../../lib/libc68k.a(strlen.o)
 .bss           0x000812a0        0x0 ../../lib/libc68k.a(memset.o)
 .bss           0x000812a0        0x0 ../../lib/libc68k.a(strcat.o)
 .bss           0x000812a0        0x0 ../../lib/libc68k.a(strcpy.o)
 .bss           0x000812a0        0x0 ../../lib/libc68k.a(putchar.o)
 .bss           0x000812a0        0x0 ../../lib/libc68k.a(sprintf.o)
 .bss           0x000812a0        0x0 ../../lib/libc68k.a(printf.o)
 .bss           0x000812a0        0x0 ../../lib/libc68k.a(__mulsi3.o)
 .bss           0x000812a0        0x0 ../../lib/libc68k.a(__umodsi3.o)
 .bss           0x000812a0        0x0 ../../lib/libc68k.a(__udivsi3.o)
 .bss           0x000812a0        0x0 ../../lib/libc68k.a(strtoul.o)
 .bss           0x000812a0        0x0 ../../lib/libc68k.a(isspace.o)
 .bss           0x000812a0        0x0 ../../lib/libc68k.a(atoi.o)
 .bss           0x000812a0        0x0 ../../lib/libc68k.a(strcasecmp.o)
 .bss           0x000812a0        0x0 ../../lib/libc68k.a(puts.o)
 .bss           0x000812a0        0x0 ../../lib/libc68k.a(strtol.o)
 *(COMMON)
                0x000812a0                        . = ALIGN (0x2)
                0x000812a0                        __bss_end = .
                0x00100000                        _stack_end = 0x100000
                0x000fe000                        _stack_start = (_stack_end - 0x2000)

/DISCARD/
 *(.comment)
 *(.note*)
 *(.align*)
LOAD ../../obj/orion68_startup.o
LOAD orion68.o
LOAD vectors.o
LOAD console.o
LOAD ./dump/mem_dump.o
LOAD ./shell/io.o
LOAD ./shell/picow.o
LOAD ./shell/elf_loader.o
LOAD ./shell/printerro.o
LOAD ./shell/commands.o
LOAD ./shell/decodecmd.o
LOAD ./shell/crc32.o
LOAD ./shell/cmd_repeat.o
LOAD ./kbd/drv_kbd.o
LOAD ./kbd/ringbuffer.o
LOAD ./rtc/rp5c01a.o
LOAD ./picoVga/drv_picoVga.o
LOAD ./uarts/drv_uart0.o
LOAD ./duart/duart.o
LOAD ./ide/ata.o
LOAD ./fatfs/ff.o
LOAD ./fatfs/ffsystem.o
LOAD ./fatfs/diskio.o
LOAD ./tst_fat/tstfat.o
LOAD timers.o
LOAD interrupt.o
LOAD ./xmodem/xmodem_asm.o
LOAD vectors_asm.o
LOAD ../../lib/libc68k.a
OUTPUT(orion68.elf elf32-m68k)
