Archive member included to satisfy reference by file (symbol)

../../lib/libfileio.a(ff.o)   trap12.o (f_mount)
../../lib/libc68k.a(strchr.o)
                              ../../lib/libfileio.a(ff.o) (strchr)
../../lib/libc68k.a(memcpy.o)
                              ./shell/elf_loader.o (memcpy)
../../lib/libc68k.a(malloc.o)
                              timers.o (free)
../../lib/libc68k.a(memcmp.o)
                              ./shell/decodecmd.o (memcmp)
../../lib/libc68k.a(strlen.o)
                              ./shell/commands.o (strlen)
../../lib/libc68k.a(memset.o)
                              timers.o (memset)
../../lib/libc68k.a(strcat.o)
                              ./shell/commands.o (strcat)
../../lib/libc68k.a(strcpy.o)
                              ./shell/commands.o (strcpy)
../../lib/libc68k.a(putchar.o)
                              orion68.o (putchar)
../../lib/libc68k.a(sprintf.o)
                              ./shell/commands.o (sprintf)
../../lib/libc68k.a(printf.o)
                              ../../lib/libc68k.a(sprintf.o) (itox)
../../lib/libc68k.a(__mulsi3.o)
                              ./shell/elf_loader.o (__mulsi3)
../../lib/libc68k.a(__umodsi3.o)
                              ./shell/commands.o (__umodsi3)
../../lib/libc68k.a(__udivsi3.o)
                              ./shell/commands.o (__udivsi3)
../../lib/libc68k.a(strtoul.o)
                              ./shell/commands.o (strtoul)
../../lib/libc68k.a(isspace.o)
                              ./shell/decodecmd.o (isspace)
../../lib/libc68k.a(atoi.o)   ./shell/commands.o (atoi)
../../lib/libc68k.a(strcasecmp.o)
                              ./shell/decodecmd.o (strcasecmp)
../../lib/libc68k.a(puts.o)   ../../lib/libc68k.a(printf.o) (puts)
../../lib/libc68k.a(strtol.o)
                              ../../lib/libc68k.a(atoi.o) (strtol)
../../lib/libvideo.a(vga_video.o)
                              orion68.o (gotoxy)

Discarded input sections

 .comment       0x00000000       0x13 orion68.o
 .comment       0x00000000       0x13 vectors.o
 .comment       0x00000000       0x13 console.o
 .comment       0x00000000       0x13 trap12.o
 .comment       0x00000000       0x13 timers.o
 .comment       0x00000000       0x13 interrupt.o
 .comment       0x00000000       0x13 ./dump/mem_dump.o
 .comment       0x00000000       0x13 ./shell/io.o
 .comment       0x00000000       0x13 ./shell/picow.o
 .comment       0x00000000       0x13 ./shell/elf_loader.o
 .comment       0x00000000       0x13 ./shell/printerro.o
 .comment       0x00000000       0x13 ./shell/commands.o
 .comment       0x00000000       0x13 ./shell/decodecmd.o
 .comment       0x00000000       0x13 ./shell/crc32.o
 .comment       0x00000000       0x13 ./shell/cmd_repeat.o
 .comment       0x00000000       0x13 ./kbd/ringbuffer.o
 .comment       0x00000000       0x13 ./rtc/rp5c01a.o
 .comment       0x00000000       0x13 ./uarts/drv_uart0.o
 .comment       0x00000000       0x13 ./duart/duart.o
 .comment       0x00000000       0x13 ./ide/ata.o
 .comment       0x00000000       0x13 ./ide/diskio.o
 .comment       0x00000000       0x13 ../../lib/libfileio.a(ff.o)
 .comment       0x00000000       0x13 ../../lib/libc68k.a(strchr.o)
 .comment       0x00000000       0x13 ../../lib/libc68k.a(memcpy.o)
 .comment       0x00000000       0x13 ../../lib/libc68k.a(malloc.o)
 .comment       0x00000000       0x13 ../../lib/libc68k.a(memcmp.o)
 .comment       0x00000000       0x13 ../../lib/libc68k.a(strlen.o)
 .comment       0x00000000       0x13 ../../lib/libc68k.a(memset.o)
 .comment       0x00000000       0x13 ../../lib/libc68k.a(strcat.o)
 .comment       0x00000000       0x13 ../../lib/libc68k.a(strcpy.o)
 .comment       0x00000000       0x13 ../../lib/libc68k.a(putchar.o)
 .comment       0x00000000       0x13 ../../lib/libc68k.a(sprintf.o)
 .comment       0x00000000       0x13 ../../lib/libc68k.a(printf.o)
 .comment       0x00000000       0x13 ../../lib/libc68k.a(__mulsi3.o)
 .comment       0x00000000       0x13 ../../lib/libc68k.a(__umodsi3.o)
 .comment       0x00000000       0x13 ../../lib/libc68k.a(__udivsi3.o)
 .comment       0x00000000       0x13 ../../lib/libc68k.a(strtoul.o)
 .comment       0x00000000       0x13 ../../lib/libc68k.a(isspace.o)
 .comment       0x00000000       0x13 ../../lib/libc68k.a(atoi.o)
 .comment       0x00000000       0x13 ../../lib/libc68k.a(strcasecmp.o)
 .comment       0x00000000       0x13 ../../lib/libc68k.a(puts.o)
 .comment       0x00000000       0x13 ../../lib/libc68k.a(strtol.o)
 .comment       0x00000000       0x13 ../../lib/libvideo.a(vga_video.o)

Memory Configuration

Name             Origin             Length             Attributes
ROM              0x00000000         0x00010000         xr
RAM              0x00080004         0x00080000         xrw
*default*        0x00000000         0xffffffff

Linker script and memory map

                0x00000000                        . = 0x0

.vectors        0x00000000        0x0
 *(.vectors)
                0x00000000                        . = ALIGN (0x400)

.text           0x00000000     0xb798
                0x00000000                        . = ALIGN (0x2)
 *(.text*)
 .text          0x00000000      0x2c4 ../../libc/obj/orion68_startup.o
                0x000000c0                _start
                0x000001a2                UartWriteCh
                0x000001a6                UartWrCh
                0x000001ce                uart0_initialize
                0x0000021a                printString
                0x0000024c                _delay_ms
 .text          0x000002c4      0x2e0 orion68.o
                0x000002c4                executar_xmodem
                0x000002e4                clr_flg_program_loaded
                0x000002fa                set_flg_program_loaded
                0x0000030e                get_flg_program_loaded
                0x0000031a                print_msg
                0x00000356                write_string
                0x00000388                display_prompt
                0x0000040c                main
 .text          0x000005a4       0xec vectors.o
                0x000005bc                TRAP14_Handler
                0x00000666                get_system_tick
 .text          0x00000690       0x2c console.o
                0x00000690                set_console_output
                0x000006a2                set_console_input
                0x000006b4                enable_interrupts
 .text          0x000006bc      0x244 trap12.o
                0x000006bc                do_open
                0x000006f0                do_close
                0x00000704                do_read
                0x00000740                do_write
                0x0000077c                do_sync
                0x00000790                do_lseek
                0x000007b0                do_tell
                0x000007bc                do_size
                0x000007c8                do_eof
                0x000007ec                do_unlink
                0x00000800                do_rename
                0x0000081e                do_stat
                0x0000083c                do_opendir
                0x0000085a                do_readdir
                0x00000878                do_closedir
                0x0000088c                do_mkdir
                0x000008a0                do_mount
                0x000008d4                do_unmount
 .text          0x00000900      0x32a timers.o
                0x00000900                delay10ms
                0x00000922                cpu_delay
                0x0000093e                init_timer
                0x0000095e                get_tick_count
                0x00000966                add_timer
                0x000009fe                delete_timer
                0x00000a4a                start_timer
                0x00000aca                stop_timer
                0x00000afe                reset_timer
                0x00000b4c                set_interval
                0x00000b80                update_timers
 *fill*         0x00000c2a        0x2 
 .text          0x00000c2c        0x0 interrupt.o
 .text          0x00000c2c      0x278 ./dump/mem_dump.o
                0x00000c2c                dump_memory
 .text          0x00000ea4       0x54 ./shell/io.o
                0x00000ea4                get_key
                0x00000ece                _putchar_hex
 .text          0x00000ef8      0x5b4 ./shell/picow.o
                0x00000ef8                receber_arquivo_do_pico
                0x0000112a                noblk_receber_arquivo_do_pico
                0x0000124a                send_sector_low
                0x00001274                send_sector_high
                0x0000129e                send_read_cmd
                0x000012c4                read_sector
                0x00001324                get_crc
                0x0000138c                receber_setor_do_pico
                0x00001490                pico_write_ch
 .text          0x000014ac      0x322 ./shell/elf_loader.o
                0x000014ac                carregar_elf32
                0x000015ec                carregar_elf32_fatfs
 *fill*         0x000017ce        0x2 
 .text          0x000017d0       0x44 ./shell/printerro.o
                0x000017d0                printerro
 .text          0x00001814     0x1bc0 ./shell/commands.o
                0x00001888                do_help
                0x00001918                do_binfile
                0x00001a98                do_binmem
                0x00001ba4                do_copyfile
                0x00001d58                do_cat
                0x00001e90                do_cd
                0x00001eb8                do_delete
                0x00001ee4                do_dump
                0x00001f36                do_exit
                0x00001f5c                do_ideinit
                0x00001fa0                do_idemode
                0x00001ff2                do_ls
                0x000021c4                do_load_basic
                0x000022fa                do_loadmem
                0x00002438                do_mkdir_shel
                0x00002520                do_notimplemented
                0x00002532                do_rename_shel
                0x00002588                do_rmdir
                0x00002698                do_runelf_fromhd
                0x000026c6                do_runelf
                0x00002702                do_run
                0x0000272e                do_save
                0x00002896                do_save2
                0x00002a88                do_save_basic
                0x00002c04                do_shst
                0x00002c1e                do_time
                0x00002d06                do_tstkbd
                0x00002f22                do_uptime
                0x00002ff6                do_writemem
                0x00003210                do_writemem1
                0x0000331c                do_srecord
 .text          0x000033d4      0xbca ./shell/decodecmd.o
                0x000033d4                getline
                0x000036aa                process_command_builtin
                0x00003812                load_elf_executable
                0x00003c0a                open_executable_file
                0x00003d0a                process_command_executable
                0x00003e3e                process_command
                0x00003e82                execute_cmd
 *fill*         0x00003f9e        0x2 
 .text          0x00003fa0       0xfc ./shell/crc32.o
                0x00003fa0                crc32_init
                0x00004012                crc32_update
                0x00004084                crc32_calculate
 .text          0x0000409c      0x4d4 ./shell/cmd_repeat.o
                0x0000409c                hist_add
                0x0000451e                keyboard_handler
 .text          0x00004570      0x132 ./kbd/ringbuffer.o
                0x00004570                ring_buf_init
                0x00004598                ring_buf_get
                0x000045d4                ring_buf_put
                0x00004634                ring_buf_is_empty
                0x00004650                ring_buf_is_full
                0x0000467a                ring_buf_get_char
 *fill*         0x000046a2        0x2 
 .text          0x000046a4      0x556 ./rtc/rp5c01a.o
                0x000046d8                get_fattime
                0x00004890                set_rtc_time
                0x00004a98                rtc_delay
                0x00004ab8                rtc_write_config_byte
                0x00004af4                rtc_read_config_byte
                0x00004b2a                ler_segundo
                0x00004b62                rtc_inicializar
 *fill*         0x00004bfa        0x2 
 .text          0x00004bfc      0x248 ./uarts/drv_uart0.o
                0x00004bfc                uart0_debug_char
                0x00004c2e                uart0_init
                0x00004c6e                uart0_write
                0x00004cac                uart0_read
                0x00004ce4                uart0_read_timeout
                0x00004d48                _inbyte
                0x00004dc8                _outbyte
                0x00004e06                uart0_write_string
                0x00004e36                uart0_flush
 .text          0x00004e44      0x160 ./duart/duart.o
                0x00004e64                duart_init_canal_a
                0x00004ed6                duart_putc
                0x00004f0c                duart_getc
                0x00004f2e                duart_opr_init
                0x00004f46                duart_led_op3_on
                0x00004f62                duart_led_op3_off
                0x00004f7e                duart_led_op3_toggle
 .text          0x00004fa4      0x892 ./ide/ata.o
                0x00004fb8                set_ide_bus_mode
                0x00004ff8                go_8bits_mode
                0x0000506e                ata_detect
                0x0000512c                ata_read_sector
                0x000052e0                ata_write_sector
                0x00005494                read_partition_table
                0x0000557e                ata_init
                0x00005610                ata_disk_status
                0x00005620                ata_disk_initialize
                0x00005630                ata_wait_not_busy
                0x00005672                ata_wait_for_data
                0x000056b4                ata_read_identity
 *fill*         0x00005836        0x2 
 .text          0x00005838      0x220 ./ide/diskio.o
                0x00005838                disk_status
                0x00005850                disk_initialize
                0x00005866                disk_read
                0x000058e4                disk_write
                0x00005962                disk_ioctl
 .text          0x00005a58      0x21c vectors_asm.o
                0x00005a58                SvcBusError
                0x00005a58                Svcaddress_err
                0x00005a60                TrapFHandler
                0x00005a60                SpuriousHandler
                0x00005a60                SvcTrace
                0x00005a60                TrapBHandler
                0x00005a60                Int1Handler
                0x00005a60                TrapAHandler
                0x00005a60                SvcChkIns
                0x00005a60                Trap4Handler
                0x00005a60                Trap9Handler
                0x00005a60                Int5Handler
                0x00005a60                SvcDiv0_handler
                0x00005a60                Int7Handler
                0x00005a60                SvcIllegalIns
                0x00005a60                SvcLineA
                0x00005a60                SvcPrivViolation
                0x00005a60                Trap8Handler
                0x00005a60                Int6Handler
                0x00005a60                bad_exception
                0x00005a60                Trap3Handler
                0x00005a60                Trap7Handler
                0x00005a60                Trap0Handler
                0x00005a60                SvcLineF
                0x00005a60                SvcTrapvIns
                0x00005a60                Trap5Handler
                0x00005a60                Trap6Handler
                0x00005a62                TrapDHandler
                0x00005a64                Int2Handler
                0x00005ab0                Int3Handler
                0x00005ad0                Int4Handler
                0x00005ad2                Trap1Handler
                0x00005b22                Trap2Handler
                0x00005bac                TrapCHandler
                0x00005c5e                TrapEHandler
 .text          0x00005c74      0x2ea trap2_asm.o
                0x00005c90                vid_writechar
                0x00005c9e                vid_gotoxy
                0x00005cc2                vid_clrscr
                0x00005cd2                vid_gohome
                0x00005ce2                vid_setcolor
                0x00005cf0                vid_drawVLine
                0x00005d22                vid_drawHLine
                0x00005d54                vid_drawLine
                0x00005d90                vid_drawCircle
                0x00005dbc                vid_drawCircleHelper
                0x00005dec                vid_fillCircle
                0x00005e18                vid_fillCircleHelper
                0x00005e4c                vid_drawRoundRect
                0x00005e8c                vid_fillRoundRect
                0x00005ecc                vid_fillRect
                0x00005f08                vid_fillTri
 *fill*         0x00005f5e        0x2 
 .text          0x00005f60      0x252 trap12_asm.o
                0x00005f60                file_open
                0x00005f7e                file_close
                0x00005f98                file_read
                0x00005fb8                file_write
                0x00005fd8                file_sync
                0x00005ff2                file_lseek
                0x0000600e                file_unlink
                0x00006028                file_tell
                0x00006042                file_size
                0x0000605c                file_eof
                0x00006076                file_rename
                0x00006092                file_stat
                0x000060ae                file_opendir
                0x000060ca                file_readdir
                0x000060e6                file_closedir
                0x00006100                file_mkdir
                0x0000611a                file_mount
                0x00006138                file_unmount
                0x00006152                file_list
                0x0000616c                file_save
                0x0000618c                file_load
 *fill*         0x000061b2        0x2 
 .text          0x000061b4       0x90 cpm_bios.o
                0x000061b4                bios_entry
                0x000061f4                bios_const
                0x0000620a                bios_conin
                0x00006228                bios_conout
                0x0000623e                bios_init
 .text          0x00006244     0x27da ../../lib/libfileio.a(ff.o)
                0x00007498                f_mount
                0x0000751a                f_open
                0x000077be                f_read
                0x000079cc                f_write
                0x00007c2a                f_sync
                0x00007d2c                f_close
                0x00007d5e                f_chdrive
                0x00007d82                f_chdir
                0x00007e02                f_getcwd
                0x00007fbc                f_lseek
                0x000081e4                f_opendir
                0x00008280                f_closedir
                0x000082a0                f_readdir
                0x0000832c                f_stat
                0x0000839e                f_getfree
                0x000084b6                f_truncate
                0x000085cc                f_unlink
                0x000086da                f_mkdir
                0x00008886                f_rename
 *fill*         0x00008a1e        0x2 
 .text          0x00008a20       0x1c ../../lib/libc68k.a(strchr.o)
                0x00008a20                strchr
 .text          0x00008a3c       0x1e ../../lib/libc68k.a(memcpy.o)
                0x00008a3c                memcpy
 *fill*         0x00008a5a        0x2 
 .text          0x00008a5c      0x360 ../../lib/libc68k.a(malloc.o)
                0x00008c10                malloc_init
                0x00008c86                free
                0x00008cd2                malloc
                0x00008ce6                calloc
                0x00008d46                malloc_num_free
                0x00008d60                malloc_num_used
                0x00008d7c                malloc_num_fresh
                0x00008d98                malloc_check
 .text          0x00008dbc       0x3c ../../lib/libc68k.a(memcmp.o)
                0x00008dbc                memcmp
 .text          0x00008df8       0x12 ../../lib/libc68k.a(strlen.o)
                0x00008df8                strlen
 *fill*         0x00008e0a        0x2 
 .text          0x00008e0c       0x16 ../../lib/libc68k.a(memset.o)
                0x00008e0c                memset
 *fill*         0x00008e22        0x2 
 .text          0x00008e24       0x26 ../../lib/libc68k.a(strcat.o)
                0x00008e24                strcat
 *fill*         0x00008e4a        0x2 
 .text          0x00008e4c       0x18 ../../lib/libc68k.a(strcpy.o)
                0x00008e4c                strcpy
 .text          0x00008e64       0x2a ../../lib/libc68k.a(putchar.o)
                0x00008e64                kbd_getchar
                0x00008e74                putchar
 *fill*         0x00008e8e        0x2 
 .text          0x00008e90      0x206 ../../lib/libc68k.a(sprintf.o)
                0x00008e90                sprintf
 *fill*         0x00009096        0x2 
 .text          0x00009098      0x3a6 ../../lib/libc68k.a(printf.o)
                0x00009098                itox
                0x000090e2                itodec
                0x00009140                itooct
                0x00009186                itoudec
                0x000091d8                pad_zeros
                0x0000921c                printf
 *fill*         0x0000943e        0x2 
 .text          0x00009440       0x36 ../../lib/libc68k.a(__mulsi3.o)
                0x00009440                __mulsi3
 *fill*         0x00009476        0x2 
 .text          0x00009478       0x2c ../../lib/libc68k.a(__umodsi3.o)
                0x00009478                __umodsi3
 .text          0x000094a4       0x3a ../../lib/libc68k.a(__udivsi3.o)
                0x000094a4                __udivsi3
 *fill*         0x000094de        0x2 
 .text          0x000094e0      0x148 ../../lib/libc68k.a(strtoul.o)
                0x000094e0                strtoul
 .text          0x00009628        0xc ../../lib/libc68k.a(isspace.o)
                0x00009628                isspace
 .text          0x00009634       0x16 ../../lib/libc68k.a(atoi.o)
                0x00009634                atoi
 *fill*         0x0000964a        0x2 
 .text          0x0000964c       0x54 ../../lib/libc68k.a(strcasecmp.o)
                0x0000964c                strcasecmp
 .text          0x000096a0       0x26 ../../lib/libc68k.a(puts.o)
                0x000096a0                puts
 *fill*         0x000096c6        0x2 
 .text          0x000096c8       0x32 ../../lib/libc68k.a(strtol.o)
                0x000096c8                strtol
 *fill*         0x000096fa        0x2 
 .text          0x000096fc       0x3c ../../lib/libvideo.a(vga_video.o)
                0x000096fc                run_cmd
                0x000096fe                gotoxy
                0x00009710                gohome
                0x00009716                setcolor
                0x00009732                clrscr
 *(.rodata)
 .rodata        0x00009738      0x1e8 orion68.o
                0x0000976c                MsgOrionInit
 .rodata        0x00009920       0x51 vectors.o
 .rodata        0x00009971      0x1c5 ./dump/mem_dump.o
 .rodata        0x00009b36        0x5 ./shell/io.o
 .rodata        0x00009b3b      0x150 ./shell/picow.o
 .rodata        0x00009c8b      0x2fa ./shell/printerro.o
 .rodata        0x00009f85      0x9b7 ./shell/commands.o
 .rodata        0x0000a93c      0xb15 ./shell/decodecmd.o
                0x0000a93c                g_elf_header_bytes
                0x0000af28                g_cmd_table
 .rodata        0x0000b451       0x48 ./rtc/rp5c01a.o
 .rodata        0x0000b499       0x2d ./uarts/drv_uart0.o
 .rodata        0x0000b4c6       0x11 ./duart/duart.o
 .rodata        0x0000b4d7      0x1ec ./ide/ata.o
 .rodata        0x0000b6c3       0x2d ./ide/diskio.o
 .rodata        0x0000b6f0       0x80 ../../lib/libfileio.a(ff.o)
 .rodata        0x0000b770       0x28 ../../lib/libc68k.a(printf.o)
                0x0000b798                        . = ALIGN (0x2)

.rodata         0x0000b798       0x38
                0x0000b798                        . = ALIGN (0x2)
 *(.rodata*)
 .rodata.str1.1
                0x0000b798       0x38 ../../lib/libfileio.a(ff.o)
                                 0x18 (size before relaxing)
 .rodata.str1.1
                0x0000b7d0        0xf ../../lib/libc68k.a(sprintf.o)
 .rodata.str1.1
                0x0000b7d0       0x20 ../../lib/libc68k.a(printf.o)
                0x0000b7f0                        . = ALIGN (0x2)

.data           0x00080004       0x60 load address 0x0000b7d0
                0x00080004                        . = ALIGN (0x2)
                0x00080004                        __data_start = .
 *(.data*)
 .data          0x00080004        0x0 ../../libc/obj/orion68_startup.o
 .data          0x00080004        0x0 orion68.o
 .data          0x00080004        0x0 vectors.o
 .data          0x00080004        0x0 console.o
 .data          0x00080004        0x0 trap12.o
 .data          0x00080004        0x0 timers.o
 .data          0x00080004        0x0 interrupt.o
 .data          0x00080004        0x0 ./dump/mem_dump.o
 .data          0x00080004        0x0 ./shell/io.o
 .data          0x00080004        0x0 ./shell/picow.o
 .data          0x00080004        0x0 ./shell/elf_loader.o
 .data          0x00080004       0x50 ./shell/printerro.o
 .data          0x00080054        0x0 ./shell/commands.o
 .data          0x00080054        0x8 ./shell/decodecmd.o
 .data          0x0008005c        0x0 ./shell/crc32.o
 .data          0x0008005c        0x1 ./shell/cmd_repeat.o
 *fill*         0x0008005d        0x3 
 .data          0x00080060        0x4 ./kbd/ringbuffer.o
 .data          0x00080064        0x0 ./rtc/rp5c01a.o
 .data          0x00080064        0x0 ./uarts/drv_uart0.o
 .data          0x00080064        0x0 ./duart/duart.o
 .data          0x00080064        0x0 ./ide/ata.o
 .data          0x00080064        0x0 ./ide/diskio.o
 .data          0x00080064        0x0 vectors_asm.o
 .data          0x00080064        0x0 trap2_asm.o
 .data          0x00080064        0x0 trap12_asm.o
 .data          0x00080064        0x0 cpm_bios.o
 .data          0x00080064        0x0 ../../lib/libfileio.a(ff.o)
 .data          0x00080064        0x0 ../../lib/libc68k.a(strchr.o)
 .data          0x00080064        0x0 ../../lib/libc68k.a(memcpy.o)
 .data          0x00080064        0x0 ../../lib/libc68k.a(malloc.o)
 .data          0x00080064        0x0 ../../lib/libc68k.a(memcmp.o)
 .data          0x00080064        0x0 ../../lib/libc68k.a(strlen.o)
 .data          0x00080064        0x0 ../../lib/libc68k.a(memset.o)
 .data          0x00080064        0x0 ../../lib/libc68k.a(strcat.o)
 .data          0x00080064        0x0 ../../lib/libc68k.a(strcpy.o)
 .data          0x00080064        0x0 ../../lib/libc68k.a(putchar.o)
 .data          0x00080064        0x0 ../../lib/libc68k.a(sprintf.o)
 .data          0x00080064        0x0 ../../lib/libc68k.a(printf.o)
 .data          0x00080064        0x0 ../../lib/libc68k.a(__mulsi3.o)
 .data          0x00080064        0x0 ../../lib/libc68k.a(__umodsi3.o)
 .data          0x00080064        0x0 ../../lib/libc68k.a(__udivsi3.o)
 .data          0x00080064        0x0 ../../lib/libc68k.a(strtoul.o)
 .data          0x00080064        0x0 ../../lib/libc68k.a(isspace.o)
 .data          0x00080064        0x0 ../../lib/libc68k.a(atoi.o)
 .data          0x00080064        0x0 ../../lib/libc68k.a(strcasecmp.o)
 .data          0x00080064        0x0 ../../lib/libc68k.a(puts.o)
 .data          0x00080064        0x0 ../../lib/libc68k.a(strtol.o)
 .data          0x00080064        0x0 ../../lib/libvideo.a(vga_video.o)
                0x00080064                        . = ALIGN (0x2)
                0x00080064                        __data_end = .

.mram           0x00080064        0xc load address 0x0000b830
 *(?.mram)
 .mram          0x00080064        0xc orion68.o
                0x00080064                systemTick
                0x00080068                tick_count
                0x0008006c                flg_system
                0x0000b7d0                        __data_load_start = LOADADDR (.data)

.bss            0x00080070      0xdbc load address 0x0000b830
                0x00080070                        . = ALIGN (0x2)
                0x00080070                        __bss_start = .
 *(.bss*)
 .bss           0x00080070        0x0 ../../libc/obj/orion68_startup.o
 .bss           0x00080070      0x3bc orion68.o
                0x00080070                sys_flags
                0x00080072                FatFs
                0x000802ac                g_cmd_buffer
                0x0008032c                buffer
                0x000803ac                syspath
 .bss           0x0008042c        0x0 vectors.o
 .bss           0x0008042c        0x8 console.o
                0x0008042c                cconin
                0x00080430                cconout
 .bss           0x00080434        0x0 trap12.o
 .bss           0x00080434       0x1c timers.o
                0x00080434                g_timers
                0x00080448                g_tick_count
 .bss           0x00080450        0x0 interrupt.o
 .bss           0x00080450        0x0 ./dump/mem_dump.o
 .bss           0x00080450        0x0 ./shell/io.o
 .bss           0x00080450        0x0 ./shell/picow.o
 .bss           0x00080450        0x0 ./shell/elf_loader.o
 .bss           0x00080450        0x0 ./shell/printerro.o
 .bss           0x00080450      0x270 ./shell/commands.o
 .bss           0x000806c0        0x4 ./shell/decodecmd.o
 .bss           0x000806c4      0x400 ./shell/crc32.o
 .bss           0x00080ac4      0x1a5 ./shell/cmd_repeat.o
 *fill*         0x00080c69        0x3 
 .bss           0x00080c6c      0x106 ./kbd/ringbuffer.o
 *fill*         0x00080d72        0x2 
 .bss           0x00080d74        0x0 ./rtc/rp5c01a.o
 .bss           0x00080d74        0x0 ./uarts/drv_uart0.o
 .bss           0x00080d74        0x1 ./duart/duart.o
 *fill*         0x00080d75        0x3 
 .bss           0x00080d78       0x29 ./ide/ata.o
                0x00080d78                drives
                0x00080da0                ide_bus_mode
 *fill*         0x00080da1        0x3 
 .bss           0x00080da4       0x64 ./ide/diskio.o
 .bss           0x00080e08        0x0 vectors_asm.o
 .bss           0x00080e08        0x0 trap2_asm.o
 .bss           0x00080e08        0x0 trap12_asm.o
 .bss           0x00080e08        0x0 cpm_bios.o
 .bss           0x00080e08        0xe ../../lib/libfileio.a(ff.o)
 *fill*         0x00080e16        0x2 
 .bss           0x00080e18        0x0 ../../lib/libc68k.a(strchr.o)
 .bss           0x00080e18        0x0 ../../lib/libc68k.a(memcpy.o)
 .bss           0x00080e18       0x14 ../../lib/libc68k.a(malloc.o)
 .bss           0x00080e2c        0x0 ../../lib/libc68k.a(memcmp.o)
 .bss           0x00080e2c        0x0 ../../lib/libc68k.a(strlen.o)
 .bss           0x00080e2c        0x0 ../../lib/libc68k.a(memset.o)
 .bss           0x00080e2c        0x0 ../../lib/libc68k.a(strcat.o)
 .bss           0x00080e2c        0x0 ../../lib/libc68k.a(strcpy.o)
 .bss           0x00080e2c        0x0 ../../lib/libc68k.a(putchar.o)
 .bss           0x00080e2c        0x0 ../../lib/libc68k.a(sprintf.o)
 .bss           0x00080e2c        0x0 ../../lib/libc68k.a(printf.o)
 .bss           0x00080e2c        0x0 ../../lib/libc68k.a(__mulsi3.o)
 .bss           0x00080e2c        0x0 ../../lib/libc68k.a(__umodsi3.o)
 .bss           0x00080e2c        0x0 ../../lib/libc68k.a(__udivsi3.o)
 .bss           0x00080e2c        0x0 ../../lib/libc68k.a(strtoul.o)
 .bss           0x00080e2c        0x0 ../../lib/libc68k.a(isspace.o)
 .bss           0x00080e2c        0x0 ../../lib/libc68k.a(atoi.o)
 .bss           0x00080e2c        0x0 ../../lib/libc68k.a(strcasecmp.o)
 .bss           0x00080e2c        0x0 ../../lib/libc68k.a(puts.o)
 .bss           0x00080e2c        0x0 ../../lib/libc68k.a(strtol.o)
 .bss           0x00080e2c        0x0 ../../lib/libvideo.a(vga_video.o)
 *(COMMON)
                0x00080e2c                        . = ALIGN (0x2)
                0x00080e2c                        __bss_end = .
                0x00100000                        _stack_end = 0x100000
                0x000fe000                        _stack_start = (_stack_end - 0x2000)

/DISCARD/
 *(.comment)
 *(.note*)
 *(.align*)
LOAD ../../libc/obj/orion68_startup.o
LOAD orion68.o
LOAD vectors.o
LOAD console.o
LOAD trap12.o
LOAD timers.o
LOAD interrupt.o
LOAD ./dump/mem_dump.o
LOAD ./shell/io.o
LOAD ./shell/picow.o
LOAD ./shell/elf_loader.o
LOAD ./shell/printerro.o
LOAD ./shell/commands.o
LOAD ./shell/decodecmd.o
LOAD ./shell/crc32.o
LOAD ./shell/cmd_repeat.o
LOAD ./kbd/ringbuffer.o
LOAD ./rtc/rp5c01a.o
LOAD ./uarts/drv_uart0.o
LOAD ./duart/duart.o
LOAD ./ide/ata.o
LOAD ./ide/diskio.o
LOAD vectors_asm.o
LOAD trap2_asm.o
LOAD trap12_asm.o
LOAD cpm_bios.o
LOAD ../../lib/libfileio.a
LOAD ../../lib/libc68k.a
LOAD ../../lib/libvideo.a
OUTPUT(orion68.elf elf32-m68k)
