Archive member included to satisfy reference by file (symbol)

../../lib/libc68k.a(strchr.o)
                              ./fatfs/ff.o (strchr)
../../lib/libc68k.a(memcpy.o)
                              ./shell/elf_loader.o (memcpy)
../../lib/libc68k.a(malloc.o)
                              ./shell/commands.o (free)
../../lib/libc68k.a(memcmp.o)
                              ./shell/decodecmd.o (memcmp)
../../lib/libc68k.a(strlen.o)
                              ./shell/commands.o (strlen)
../../lib/libc68k.a(memset.o)
                              ./shell/elf_loader.o (memset)
../../lib/libc68k.a(strcat.o)
                              ./shell/commands.o (strcat)
../../lib/libc68k.a(strcpy.o)
                              ./shell/commands.o (strcpy)
../../lib/libc68k.a(putchar.o)
                              ./shell/commands.o (putchar)
../../lib/libc68k.a(sprintf.o)
                              ./shell/commands.o (sprintf)
../../lib/libc68k.a(printf.o)
                              ../../lib/libc68k.a(sprintf.o) (itox)
../../lib/libc68k.a(__mulsi3.o)
                              ./shell/elf_loader.o (__mulsi3)
../../lib/libc68k.a(__umodsi3.o)
                              ./shell/commands.o (__umodsi3)
../../lib/libc68k.a(__udivsi3.o)
                              ./shell/commands.o (__udivsi3)
../../lib/libc68k.a(strtoul.o)
                              ./shell/commands.o (strtoul)
../../lib/libc68k.a(isspace.o)
                              ./shell/decodecmd.o (isspace)
../../lib/libc68k.a(atoi.o)   ./shell/commands.o (atoi)
../../lib/libc68k.a(strcasecmp.o)
                              ./shell/decodecmd.o (strcasecmp)
../../lib/libc68k.a(puts.o)   ../../lib/libc68k.a(printf.o) (puts)
../../lib/libc68k.a(strtol.o)
                              ../../lib/libc68k.a(atoi.o) (strtol)

Discarded input sections

 .comment       0x00000000       0x13 orion68.o
 .comment       0x00000000       0x13 vectors.o
 .comment       0x00000000       0x13 console.o
 .comment       0x00000000       0x13 ./dump/mem_dump.o
 .comment       0x00000000       0x13 ./shell/io.o
 .comment       0x00000000       0x13 ./shell/picow.o
 .comment       0x00000000       0x13 ./shell/elf_loader.o
 .comment       0x00000000       0x13 ./shell/printerro.o
 .comment       0x00000000       0x13 ./shell/commands.o
 .comment       0x00000000       0x13 ./shell/decodecmd.o
 .comment       0x00000000       0x13 ./shell/crc32.o
 .comment       0x00000000       0x13 ./shell/cmd_repeat.o
 .comment       0x00000000       0x13 ./kbd/drv_kbd.o
 .comment       0x00000000       0x13 ./kbd/ringbuffer.o
 .comment       0x00000000       0x13 ./rtc/rp5c01a.o
 .comment       0x00000000       0x13 ./picoVga/drv_picoVga.o
 .comment       0x00000000       0x13 ./uarts/drv_uart0.o
 .comment       0x00000000       0x13 ./ide/ata.o
 .comment       0x00000000       0x13 ./fatfs/ff.o
 .comment       0x00000000       0x13 ./fatfs/ffsystem.o
 .comment       0x00000000       0x13 ./fatfs/diskio.o
 .comment       0x00000000       0x13 ./tst_fat/tstfat.o
 .comment       0x00000000       0x13 timers.o
 .comment       0x00000000       0x13 interrupt.o
 .comment       0x00000000       0x13 ../../lib/libc68k.a(strchr.o)
 .comment       0x00000000       0x13 ../../lib/libc68k.a(memcpy.o)
 .comment       0x00000000       0x13 ../../lib/libc68k.a(malloc.o)
 .comment       0x00000000       0x13 ../../lib/libc68k.a(memcmp.o)
 .comment       0x00000000       0x13 ../../lib/libc68k.a(strlen.o)
 .comment       0x00000000       0x13 ../../lib/libc68k.a(memset.o)
 .comment       0x00000000       0x13 ../../lib/libc68k.a(strcat.o)
 .comment       0x00000000       0x13 ../../lib/libc68k.a(strcpy.o)
 .comment       0x00000000       0x13 ../../lib/libc68k.a(putchar.o)
 .comment       0x00000000       0x13 ../../lib/libc68k.a(sprintf.o)
 .comment       0x00000000       0x13 ../../lib/libc68k.a(printf.o)
 .comment       0x00000000       0x13 ../../lib/libc68k.a(__mulsi3.o)
 .comment       0x00000000       0x13 ../../lib/libc68k.a(__umodsi3.o)
 .comment       0x00000000       0x13 ../../lib/libc68k.a(__udivsi3.o)
 .comment       0x00000000       0x13 ../../lib/libc68k.a(strtoul.o)
 .comment       0x00000000       0x13 ../../lib/libc68k.a(isspace.o)
 .comment       0x00000000       0x13 ../../lib/libc68k.a(atoi.o)
 .comment       0x00000000       0x13 ../../lib/libc68k.a(strcasecmp.o)
 .comment       0x00000000       0x13 ../../lib/libc68k.a(puts.o)
 .comment       0x00000000       0x13 ../../lib/libc68k.a(strtol.o)

Memory Configuration

Name             Origin             Length             Attributes
ROM              0x00000000         0x00010000         xr
RAM              0x00080004         0x00080000         xrw
*default*        0x00000000         0xffffffff

Linker script and memory map

                0x00000000                        . = 0x0

.vectors        0x00000000        0x0
 *(.vectors)
                0x00000000                        . = ALIGN (0x400)

.text           0x00000000     0xd3f2
                0x00000000                        . = ALIGN (0x2)
 *(.text*)
 .text          0x00000000      0x2c4 ../../obj/orion68_startup.o
                0x000000c0                _start
                0x000001a2                UartWriteCh
                0x000001a6                UartWrCh
                0x000001ce                uart0_initialize
                0x0000021a                printString
                0x0000024c                _delay_ms
 .text          0x000002c4      0x272 orion68.o
                0x000002c4                executar_xmodem
                0x000002e4                clr_flg_program_loaded
                0x000002fa                set_flg_program_loaded
                0x0000030e                get_flg_program_loaded
                0x0000031a                print_msg
                0x00000356                write_string
                0x00000388                display_prompt
                0x0000040c                main
 *fill*         0x00000536        0x2 
 .text          0x00000538       0xec vectors.o
                0x00000550                TRAP14_Handler
                0x000005fa                get_system_tick
 .text          0x00000624       0x2c console.o
                0x00000624                set_console_output
                0x00000636                set_console_input
                0x00000648                enable_interrupts
 .text          0x00000650      0x66a ./dump/mem_dump.o
                0x00000650                dump_memory
                0x000008ce                dump_memory2
                0x00000b52                dump_memory_by_addr
 *fill*         0x00000cba        0x2 
 .text          0x00000cbc       0x54 ./shell/io.o
                0x00000cbc                get_key
                0x00000ce6                _putchar_hex
 .text          0x00000d10      0x492 ./shell/picow.o
                0x00000d10                receber_arquivo_do_pico
                0x00000f40                send_sector_low
                0x00000f6a                send_sector_high
                0x00000f94                send_read_cmd
                0x00000fba                read_sector
                0x0000101a                get_crc
                0x00001082                receber_setor_do_pico
                0x00001186                pico_write_ch
 *fill*         0x000011a2        0x2 
 .text          0x000011a4      0x322 ./shell/elf_loader.o
                0x000011a4                carregar_elf32
                0x000012e4                carregar_elf32_fatfs
 *fill*         0x000014c6        0x2 
 .text          0x000014c8       0x44 ./shell/printerro.o
                0x000014c8                printerro
 .text          0x0000150c     0x1656 ./shell/commands.o
                0x0000157c                do_help
                0x0000160c                do_notimplemented
                0x0000161e                do_runelf_fromhd
                0x0000164c                do_runelf
                0x00001688                do_dump
                0x000016da                serial_has_char
                0x000016de                do_srecord
                0x00001796                do_binfile
                0x00001916                do_binmem
                0x00001a22                do_ideinit
                0x00001a66                do_idemode
                0x00001ab8                do_run
                0x00001ae4                do_writemem
                0x00001cfe                do_ls
                0x00001f2e                do_delete
                0x00001f5a                do_exit
                0x00001f80                do_mkdir
                0x00002068                do_rmdir
                0x00002178                do_rename
                0x000021ce                do_cd
                0x000021f6                do_dir
                0x00002200                do_shst
                0x0000221a                do_loadmem
                0x00002358                do_copyfile
                0x0000250c                do_cat
                0x00002644                do_time
                0x0000272c                do_tstkbd
                0x00002916                do_uptime
                0x000029ea                do_ehbasic
                0x000029ee                do_readsect
                0x00002a22                do_writesect
                0x00002a56                do_writemem1
 *fill*         0x00002b62        0x2 
 .text          0x00002b64      0xc3e ./shell/decodecmd.o
                0x00002b64                getline
                0x00002e3a                process_command_builtin
                0x00002fa2                load_elf_executable
                0x0000339a                open_executable_file
                0x000034be                process_command_executable
                0x00003642                process_command
                0x00003686                execute_cmd
 *fill*         0x000037a2        0x2 
 .text          0x000037a4       0xfc ./shell/crc32.o
                0x000037a4                crc32_init
                0x00003816                crc32_update
                0x00003888                crc32_calculate
 .text          0x000038a0      0x4d4 ./shell/cmd_repeat.o
                0x000038a0                hist_add
                0x00003d22                keyboard_handler
 .text          0x00003d74      0x78c ./kbd/drv_kbd.o
                0x00003dd2                liga_debug
                0x00003dea                init_kbd
                0x00004088                get_packet
                0x000042e6                get_kbd_key
                0x00004408                ch9350_shut_up
                0x00004416                get_char
                0x000044de                print_capslock
 .text          0x00004500      0x10a ./kbd/ringbuffer.o
                0x00004500                ring_buf_init
                0x00004528                ring_buf_get
                0x00004564                ring_buf_put
                0x000045c4                ring_buf_is_empty
                0x000045e0                ring_buf_is_full
 *fill*         0x0000460a        0x2 
 .text          0x0000460c      0x556 ./rtc/rp5c01a.o
                0x00004640                get_fattime
                0x000047f8                set_rtc_time
                0x00004a00                rtc_delay
                0x00004a20                rtc_write_config_byte
                0x00004a5c                rtc_read_config_byte
                0x00004a92                ler_segundo
                0x00004aca                rtc_inicializar
 *fill*         0x00004b62        0x2 
 .text          0x00004b64      0x142 ./picoVga/drv_picoVga.o
                0x00004b64                init_picoVga
                0x00004b68                run_cmd
                0x00004b90                picovga_putchar
                0x00004bbc                picovga_gotoxy
                0x00004c32                picovga_gohome
                0x00004c40                picovga_set_color
                0x00004c8c                clrscr
 *fill*         0x00004ca6        0x2 
 .text          0x00004ca8      0x248 ./uarts/drv_uart0.o
                0x00004ca8                uart0_debug_char
                0x00004cda                uart0_init
                0x00004d1a                uart0_write
                0x00004d58                uart0_read
                0x00004d90                uart0_read_timeout
                0x00004df4                _inbyte
                0x00004e74                _outbyte
                0x00004eb2                uart0_write_string
                0x00004ee2                uart0_flush
 .text          0x00004ef0      0x6e6 ./ide/ata.o
                0x00004f04                set_ide_bus_mode
                0x00004f44                go_8bits_mode
                0x00004fba                ata_detect
                0x00005078                ata_read_sector
                0x0000522c                ata_write_sector
                0x00005234                read_partition_table
                0x0000531e                ata_init
                0x000053b0                ata_disk_status
                0x000053c0                ata_disk_initialize
                0x000053d0                ata_wait_not_busy
                0x00005412                ata_wait_for_data
                0x00005454                ata_read_identity
 *fill*         0x000055d6        0x2 
 .text          0x000055d8     0x412e ./fatfs/ff.o
                0x00007740                f_mount
                0x000077fe                f_open
                0x00007bde                f_read
                0x00007f62                f_write
                0x00008380                f_sync
                0x000084d8                f_close
                0x0000850e                f_chdrive
                0x00008532                f_chdir
                0x000085d6                f_getcwd
                0x00008824                f_lseek
                0x00008ba8                f_opendir
                0x00008c7c                f_closedir
                0x00008ca2                f_readdir
                0x00008d42                f_stat
                0x00008dbc                f_getfree
                0x00008f64                f_truncate
                0x00009112                f_unlink
                0x00009270                f_mkdir
                0x000094b2                f_rename
 *fill*         0x00009706        0x2 
 .text          0x00009708        0x0 ./fatfs/ffsystem.o
 .text          0x00009708      0x220 ./fatfs/diskio.o
                0x00009708                disk_status
                0x00009720                disk_initialize
                0x00009736                disk_read
                0x000097b4                disk_write
                0x00009832                disk_ioctl
 .text          0x00009928      0x44e ./tst_fat/tstfat.o
                0x00009928                listar_diretorio_raiz
                0x00009ae4                open_dir
                0x00009b9e                ler_e_exibir_joblog
                0x00009d2c                le_setor
                0x00009d5a                wr_setor
 *fill*         0x00009d76        0x2 
 .text          0x00009d78      0x32a timers.o
                0x00009d78                delay10ms
                0x00009d9a                cpu_delay
                0x00009db6                init_timer
                0x00009dd6                get_tick_count
                0x00009dde                add_timer
                0x00009e76                delete_timer
                0x00009ec2                start_timer
                0x00009f42                stop_timer
                0x00009f76                reset_timer
                0x00009fc4                set_interval
                0x00009ff8                update_timers
 *fill*         0x0000a0a2        0x2 
 .text          0x0000a0a4        0x0 interrupt.o
 .text          0x0000a0a4      0x168 ./xmodem/xmodem_asm.o
                0x0000a0e2                xmodem_receive
 .text          0x0000a20c       0xa4 vectors_asm.o
                0x0000a20c                SvcBusError
                0x0000a20c                Svcaddress_err
                0x0000a214                TrapFHandler
                0x0000a214                SpuriousHandler
                0x0000a214                Int4Handler
                0x0000a214                SvcTrace
                0x0000a214                TrapBHandler
                0x0000a214                Int1Handler
                0x0000a214                TrapAHandler
                0x0000a214                SvcChkIns
                0x0000a214                Trap4Handler
                0x0000a214                Trap9Handler
                0x0000a214                Int5Handler
                0x0000a214                SvcDiv0_handler
                0x0000a214                Int7Handler
                0x0000a214                SvcIllegalIns
                0x0000a214                SvcLineA
                0x0000a214                SvcPrivViolation
                0x0000a214                Trap8Handler
                0x0000a214                Int6Handler
                0x0000a214                Trap2Handler
                0x0000a214                bad_exception
                0x0000a214                Trap3Handler
                0x0000a214                Trap7Handler
                0x0000a214                Trap0Handler
                0x0000a214                SvcLineF
                0x0000a214                TrapCHandler
                0x0000a214                SvcTrapvIns
                0x0000a214                Trap5Handler
                0x0000a214                Trap6Handler
                0x0000a216                TrapDHandler
                0x0000a218                Int2Handler
                0x0000a22a                Int3Handler
                0x0000a24a                Trap1Handler
                0x0000a29a                TrapEHandler
 .text          0x0000a2b0       0x1c ../../lib/libc68k.a(strchr.o)
                0x0000a2b0                strchr
 .text          0x0000a2cc       0x1e ../../lib/libc68k.a(memcpy.o)
                0x0000a2cc                memcpy
 *fill*         0x0000a2ea        0x2 
 .text          0x0000a2ec      0x360 ../../lib/libc68k.a(malloc.o)
                0x0000a4a0                malloc_init
                0x0000a516                free
                0x0000a562                malloc
                0x0000a576                calloc
                0x0000a5d6                malloc_num_free
                0x0000a5f0                malloc_num_used
                0x0000a60c                malloc_num_fresh
                0x0000a628                malloc_check
 .text          0x0000a64c       0x3c ../../lib/libc68k.a(memcmp.o)
                0x0000a64c                memcmp
 .text          0x0000a688       0x12 ../../lib/libc68k.a(strlen.o)
                0x0000a688                strlen
 *fill*         0x0000a69a        0x2 
 .text          0x0000a69c       0x16 ../../lib/libc68k.a(memset.o)
                0x0000a69c                memset
 *fill*         0x0000a6b2        0x2 
 .text          0x0000a6b4       0x26 ../../lib/libc68k.a(strcat.o)
                0x0000a6b4                strcat
 *fill*         0x0000a6da        0x2 
 .text          0x0000a6dc       0x18 ../../lib/libc68k.a(strcpy.o)
                0x0000a6dc                strcpy
 .text          0x0000a6f4       0x1a ../../lib/libc68k.a(putchar.o)
                0x0000a6f4                putchar
 *fill*         0x0000a70e        0x2 
 .text          0x0000a710      0x206 ../../lib/libc68k.a(sprintf.o)
                0x0000a710                sprintf
 *fill*         0x0000a916        0x2 
 .text          0x0000a918      0x3a6 ../../lib/libc68k.a(printf.o)
                0x0000a918                itox
                0x0000a962                itodec
                0x0000a9c0                itooct
                0x0000aa06                itoudec
                0x0000aa58                pad_zeros
                0x0000aa9c                printf
 *fill*         0x0000acbe        0x2 
 .text          0x0000acc0       0x36 ../../lib/libc68k.a(__mulsi3.o)
                0x0000acc0                __mulsi3
 *fill*         0x0000acf6        0x2 
 .text          0x0000acf8       0x2c ../../lib/libc68k.a(__umodsi3.o)
                0x0000acf8                __umodsi3
 .text          0x0000ad24       0x3a ../../lib/libc68k.a(__udivsi3.o)
                0x0000ad24                __udivsi3
 *fill*         0x0000ad5e        0x2 
 .text          0x0000ad60      0x148 ../../lib/libc68k.a(strtoul.o)
                0x0000ad60                strtoul
 .text          0x0000aea8        0xc ../../lib/libc68k.a(isspace.o)
                0x0000aea8                isspace
 .text          0x0000aeb4       0x16 ../../lib/libc68k.a(atoi.o)
                0x0000aeb4                atoi
 *fill*         0x0000aeca        0x2 
 .text          0x0000aecc       0x54 ../../lib/libc68k.a(strcasecmp.o)
                0x0000aecc                strcasecmp
 .text          0x0000af20       0x26 ../../lib/libc68k.a(puts.o)
                0x0000af20                puts
 *fill*         0x0000af46        0x2 
 .text          0x0000af48       0x32 ../../lib/libc68k.a(strtol.o)
                0x0000af48                strtol
 *(.rodata)
 .rodata        0x0000af7a      0x17c orion68.o
                0x0000afae                MsgOrionInit
 .rodata        0x0000b0f6       0x51 vectors.o
 .rodata        0x0000b147      0x2d6 ./dump/mem_dump.o
 .rodata        0x0000b41d        0x5 ./shell/io.o
 .rodata        0x0000b422      0x150 ./shell/picow.o
 .rodata        0x0000b572      0x2fa ./shell/printerro.o
 .rodata        0x0000b86c      0x803 ./shell/commands.o
 *fill*         0x0000c06f        0x1 
 .rodata        0x0000c070      0xba1 ./shell/decodecmd.o
                0x0000c070                g_elf_header_bytes
                0x0000c650                g_cmd_table
 .rodata        0x0000cc11      0x2cd ./kbd/drv_kbd.o
                0x0000cc11                OE_BASE_KEYMAP
                0x0000cc91                OE_SHIFT_KEYMAP
                0x0000cd11                OE_CTRL_KEYMAP
                0x0000cd91                OE_ALT_KEYMAP
                0x0000ce11                OE_ALTGR_KEYMAP
 .rodata        0x0000cede       0x48 ./rtc/rp5c01a.o
 .rodata        0x0000cf26       0x2d ./uarts/drv_uart0.o
 .rodata        0x0000cf53      0x1b2 ./ide/ata.o
 .rodata        0x0000d105       0x98 ./fatfs/ff.o
 .rodata        0x0000d19d       0x2d ./fatfs/diskio.o
 .rodata        0x0000d1ca      0x200 ./tst_fat/tstfat.o
 .rodata        0x0000d3ca       0x28 ../../lib/libc68k.a(printf.o)
                0x0000d3f2                        . = ALIGN (0x2)

.rodata         0x0000d3f2       0x20
                0x0000d3f2                        . = ALIGN (0x2)
 *(.rodata*)
 .rodata.str1.1
                0x0000d3f2       0x20 ../../lib/libc68k.a(sprintf.o)
                                  0xf (size before relaxing)
 .rodata.str1.1
                0x0000d412       0x20 ../../lib/libc68k.a(printf.o)
                0x0000d432                        . = ALIGN (0x2)

.data           0x00080004       0x60 load address 0x0000d412
                0x00080004                        . = ALIGN (0x2)
                0x00080004                        __data_start = .
 *(.data*)
 .data          0x00080004        0x0 ../../obj/orion68_startup.o
 .data          0x00080004        0x0 orion68.o
 .data          0x00080004        0x0 vectors.o
 .data          0x00080004        0x0 console.o
 .data          0x00080004        0x0 ./dump/mem_dump.o
 .data          0x00080004        0x0 ./shell/io.o
 .data          0x00080004        0x0 ./shell/picow.o
 .data          0x00080004        0x0 ./shell/elf_loader.o
 .data          0x00080004       0x50 ./shell/printerro.o
 .data          0x00080054        0x0 ./shell/commands.o
 .data          0x00080054        0x8 ./shell/decodecmd.o
 .data          0x0008005c        0x0 ./shell/crc32.o
 .data          0x0008005c        0x1 ./shell/cmd_repeat.o
 *fill*         0x0008005d        0x3 
 .data          0x00080060        0x0 ./kbd/drv_kbd.o
 .data          0x00080060        0x4 ./kbd/ringbuffer.o
 .data          0x00080064        0x0 ./rtc/rp5c01a.o
 .data          0x00080064        0x0 ./picoVga/drv_picoVga.o
 .data          0x00080064        0x0 ./uarts/drv_uart0.o
 .data          0x00080064        0x0 ./ide/ata.o
 .data          0x00080064        0x0 ./fatfs/ff.o
 .data          0x00080064        0x0 ./fatfs/ffsystem.o
 .data          0x00080064        0x0 ./fatfs/diskio.o
 .data          0x00080064        0x0 ./tst_fat/tstfat.o
 .data          0x00080064        0x0 timers.o
 .data          0x00080064        0x0 interrupt.o
 .data          0x00080064        0x0 ./xmodem/xmodem_asm.o
 .data          0x00080064        0x0 vectors_asm.o
 .data          0x00080064        0x0 ../../lib/libc68k.a(strchr.o)
 .data          0x00080064        0x0 ../../lib/libc68k.a(memcpy.o)
 .data          0x00080064        0x0 ../../lib/libc68k.a(malloc.o)
 .data          0x00080064        0x0 ../../lib/libc68k.a(memcmp.o)
 .data          0x00080064        0x0 ../../lib/libc68k.a(strlen.o)
 .data          0x00080064        0x0 ../../lib/libc68k.a(memset.o)
 .data          0x00080064        0x0 ../../lib/libc68k.a(strcat.o)
 .data          0x00080064        0x0 ../../lib/libc68k.a(strcpy.o)
 .data          0x00080064        0x0 ../../lib/libc68k.a(putchar.o)
 .data          0x00080064        0x0 ../../lib/libc68k.a(sprintf.o)
 .data          0x00080064        0x0 ../../lib/libc68k.a(printf.o)
 .data          0x00080064        0x0 ../../lib/libc68k.a(__mulsi3.o)
 .data          0x00080064        0x0 ../../lib/libc68k.a(__umodsi3.o)
 .data          0x00080064        0x0 ../../lib/libc68k.a(__udivsi3.o)
 .data          0x00080064        0x0 ../../lib/libc68k.a(strtoul.o)
 .data          0x00080064        0x0 ../../lib/libc68k.a(isspace.o)
 .data          0x00080064        0x0 ../../lib/libc68k.a(atoi.o)
 .data          0x00080064        0x0 ../../lib/libc68k.a(strcasecmp.o)
 .data          0x00080064        0x0 ../../lib/libc68k.a(puts.o)
 .data          0x00080064        0x0 ../../lib/libc68k.a(strtol.o)
                0x00080064                        . = ALIGN (0x2)
                0x00080064                        __data_end = .

.mram           0x00080064        0x8 load address 0x0000d472
 *(?.mram)
 .mram          0x00080064        0x8 orion68.o
                0x00080064                systemTick
                0x00080068                flg_system
                0x0000d412                        __data_load_start = LOADADDR (.data)

.bss            0x0008006c     0x1124 load address 0x0000d472
                0x0008006c                        . = ALIGN (0x2)
                0x0008006c                        __bss_start = .
 *(.bss*)
 .bss           0x0008006c        0x0 ../../obj/orion68_startup.o
 .bss           0x0008006c      0x3bc orion68.o
                0x0008006c                sys_flags
                0x0008006e                FatFs
                0x000802a8                g_cmd_buffer
                0x00080328                buffer
                0x000803a8                syspath
 .bss           0x00080428        0x0 vectors.o
 .bss           0x00080428        0x8 console.o
                0x00080428                cconin
                0x0008042c                cconout
 .bss           0x00080430        0x0 ./dump/mem_dump.o
 .bss           0x00080430        0x0 ./shell/io.o
 .bss           0x00080430        0x0 ./shell/picow.o
 .bss           0x00080430        0x0 ./shell/elf_loader.o
 .bss           0x00080430        0x0 ./shell/printerro.o
 .bss           0x00080430      0x22a ./shell/commands.o
                0x00080430                basic_running
 *fill*         0x0008065a        0x2 
 .bss           0x0008065c        0x4 ./shell/decodecmd.o
 .bss           0x00080660      0x400 ./shell/crc32.o
 .bss           0x00080a60      0x1a5 ./shell/cmd_repeat.o
 *fill*         0x00080c05        0x3 
 .bss           0x00080c08       0x3b ./kbd/drv_kbd.o
                0x00080c08                key_buffer
                0x00080c38                cmd
                0x00080c39                length
                0x00080c3a                type
                0x00080c3b                special_key_up
                0x00080c3c                special_key_down
                0x00080c3d                key_up
                0x00080c3e                key_down
                0x00080c3f                special_key_status
                0x00080c40                _CapsFlag
                0x00080c41                mod_caps
                0x00080c42                debug_pkt
 *fill*         0x00080c43        0x1 
 .bss           0x00080c44      0x106 ./kbd/ringbuffer.o
 *fill*         0x00080d4a        0x2 
 .bss           0x00080d4c        0x0 ./rtc/rp5c01a.o
 .bss           0x00080d4c        0x0 ./picoVga/drv_picoVga.o
 .bss           0x00080d4c        0x0 ./uarts/drv_uart0.o
 .bss           0x00080d4c       0x29 ./ide/ata.o
                0x00080d4c                drives
                0x00080d74                ide_bus_mode
 *fill*         0x00080d75        0x3 
 .bss           0x00080d78        0xd ./fatfs/ff.o
 *fill*         0x00080d85        0x3 
 .bss           0x00080d88        0x0 ./fatfs/ffsystem.o
 .bss           0x00080d88       0x64 ./fatfs/diskio.o
 .bss           0x00080dec      0x2f0 ./tst_fat/tstfat.o
                0x00080dec                Dir
                0x00080e1a                Fno
                0x00080e34                buffer_leitura
 .bss           0x000810dc       0x1c timers.o
                0x000810dc                g_timers
                0x000810f0                g_tick_count
 .bss           0x000810f8        0x0 interrupt.o
 .bss           0x000810f8       0x84 ./xmodem/xmodem_asm.o
 .bss           0x0008117c        0x0 vectors_asm.o
 .bss           0x0008117c        0x0 ../../lib/libc68k.a(strchr.o)
 .bss           0x0008117c        0x0 ../../lib/libc68k.a(memcpy.o)
 .bss           0x0008117c       0x14 ../../lib/libc68k.a(malloc.o)
 .bss           0x00081190        0x0 ../../lib/libc68k.a(memcmp.o)
 .bss           0x00081190        0x0 ../../lib/libc68k.a(strlen.o)
 .bss           0x00081190        0x0 ../../lib/libc68k.a(memset.o)
 .bss           0x00081190        0x0 ../../lib/libc68k.a(strcat.o)
 .bss           0x00081190        0x0 ../../lib/libc68k.a(strcpy.o)
 .bss           0x00081190        0x0 ../../lib/libc68k.a(putchar.o)
 .bss           0x00081190        0x0 ../../lib/libc68k.a(sprintf.o)
 .bss           0x00081190        0x0 ../../lib/libc68k.a(printf.o)
 .bss           0x00081190        0x0 ../../lib/libc68k.a(__mulsi3.o)
 .bss           0x00081190        0x0 ../../lib/libc68k.a(__umodsi3.o)
 .bss           0x00081190        0x0 ../../lib/libc68k.a(__udivsi3.o)
 .bss           0x00081190        0x0 ../../lib/libc68k.a(strtoul.o)
 .bss           0x00081190        0x0 ../../lib/libc68k.a(isspace.o)
 .bss           0x00081190        0x0 ../../lib/libc68k.a(atoi.o)
 .bss           0x00081190        0x0 ../../lib/libc68k.a(strcasecmp.o)
 .bss           0x00081190        0x0 ../../lib/libc68k.a(puts.o)
 .bss           0x00081190        0x0 ../../lib/libc68k.a(strtol.o)
 *(COMMON)
                0x00081190                        . = ALIGN (0x2)
                0x00081190                        __bss_end = .
                0x00100000                        _stack_end = 0x100000
                0x000fe000                        _stack_start = (_stack_end - 0x2000)

/DISCARD/
 *(.comment)
 *(.note*)
 *(.align*)
LOAD ../../obj/orion68_startup.o
LOAD orion68.o
LOAD vectors.o
LOAD console.o
LOAD ./dump/mem_dump.o
LOAD ./shell/io.o
LOAD ./shell/picow.o
LOAD ./shell/elf_loader.o
LOAD ./shell/printerro.o
LOAD ./shell/commands.o
LOAD ./shell/decodecmd.o
LOAD ./shell/crc32.o
LOAD ./shell/cmd_repeat.o
LOAD ./kbd/drv_kbd.o
LOAD ./kbd/ringbuffer.o
LOAD ./rtc/rp5c01a.o
LOAD ./picoVga/drv_picoVga.o
LOAD ./uarts/drv_uart0.o
LOAD ./ide/ata.o
LOAD ./fatfs/ff.o
LOAD ./fatfs/ffsystem.o
LOAD ./fatfs/diskio.o
LOAD ./tst_fat/tstfat.o
LOAD timers.o
LOAD interrupt.o
LOAD ./xmodem/xmodem_asm.o
LOAD vectors_asm.o
LOAD ../../lib/libc68k.a
OUTPUT(orion68.elf elf32-m68k)
