Archive member included to satisfy reference by file (symbol)

../../lib/libfileio.a(fileio.o)
                              vectors_asm.o (fopen)
../../lib/libfileio.a(ff.o)   trap12.o (f_mount)
../../lib/libc68k.a(strchr.o)
                              ../../lib/libfileio.a(ff.o) (strchr)
../../lib/libc68k.a(memcpy.o)
                              ./shell/elf_loader.o (memcpy)
../../lib/libc68k.a(malloc.o)
                              timers.o (free)
../../lib/libc68k.a(memcmp.o)
                              ./shell/decodecmd.o (memcmp)
../../lib/libc68k.a(strlen.o)
                              ./shell/commands.o (strlen)
../../lib/libc68k.a(memset.o)
                              timers.o (memset)
../../lib/libc68k.a(strcat.o)
                              ./shell/commands.o (strcat)
../../lib/libc68k.a(strcpy.o)
                              ./shell/commands.o (strcpy)
../../lib/libc68k.a(putchar.o)
                              ./shell/commands.o (putchar)
../../lib/libc68k.a(sprintf.o)
                              ./shell/commands.o (sprintf)
../../lib/libc68k.a(printf.o)
                              ../../lib/libc68k.a(sprintf.o) (itox)
../../lib/libc68k.a(__mulsi3.o)
                              ./shell/elf_loader.o (__mulsi3)
../../lib/libc68k.a(__umodsi3.o)
                              ./shell/commands.o (__umodsi3)
../../lib/libc68k.a(__udivsi3.o)
                              ./shell/commands.o (__udivsi3)
../../lib/libc68k.a(strtoul.o)
                              ./shell/commands.o (strtoul)
../../lib/libc68k.a(isspace.o)
                              ./shell/decodecmd.o (isspace)
../../lib/libc68k.a(atoi.o)   ./shell/commands.o (atoi)
../../lib/libc68k.a(strcasecmp.o)
                              ./shell/decodecmd.o (strcasecmp)
../../lib/libc68k.a(puts.o)   ../../lib/libc68k.a(printf.o) (puts)
../../lib/libc68k.a(strtol.o)
                              ../../lib/libc68k.a(atoi.o) (strtol)

Discarded input sections

 .comment       0x00000000       0x13 orion68.o
 .comment       0x00000000       0x13 vectors.o
 .comment       0x00000000       0x13 console.o
 .comment       0x00000000       0x13 trap12.o
 .comment       0x00000000       0x13 timers.o
 .comment       0x00000000       0x13 interrupt.o
 .comment       0x00000000       0x13 ./dump/mem_dump.o
 .comment       0x00000000       0x13 ./shell/io.o
 .comment       0x00000000       0x13 ./shell/picow.o
 .comment       0x00000000       0x13 ./shell/elf_loader.o
 .comment       0x00000000       0x13 ./shell/printerro.o
 .comment       0x00000000       0x13 ./shell/commands.o
 .comment       0x00000000       0x13 ./shell/decodecmd.o
 .comment       0x00000000       0x13 ./shell/crc32.o
 .comment       0x00000000       0x13 ./shell/cmd_repeat.o
 .comment       0x00000000       0x13 ./kbd/ringbuffer.o
 .comment       0x00000000       0x13 ./rtc/rp5c01a.o
 .comment       0x00000000       0x13 ./picoVga/drv_picoVga.o
 .comment       0x00000000       0x13 ./uarts/drv_uart0.o
 .comment       0x00000000       0x13 ./duart/duart.o
 .comment       0x00000000       0x13 ./ide/ata.o
 .comment       0x00000000       0x13 ./ide/diskio.o
 .comment       0x00000000       0x13 ../../lib/libfileio.a(fileio.o)
 .comment       0x00000000       0x13 ../../lib/libfileio.a(ff.o)
 .comment       0x00000000       0x13 ../../lib/libc68k.a(strchr.o)
 .comment       0x00000000       0x13 ../../lib/libc68k.a(memcpy.o)
 .comment       0x00000000       0x13 ../../lib/libc68k.a(malloc.o)
 .comment       0x00000000       0x13 ../../lib/libc68k.a(memcmp.o)
 .comment       0x00000000       0x13 ../../lib/libc68k.a(strlen.o)
 .comment       0x00000000       0x13 ../../lib/libc68k.a(memset.o)
 .comment       0x00000000       0x13 ../../lib/libc68k.a(strcat.o)
 .comment       0x00000000       0x13 ../../lib/libc68k.a(strcpy.o)
 .comment       0x00000000       0x13 ../../lib/libc68k.a(putchar.o)
 .comment       0x00000000       0x13 ../../lib/libc68k.a(sprintf.o)
 .comment       0x00000000       0x13 ../../lib/libc68k.a(printf.o)
 .comment       0x00000000       0x13 ../../lib/libc68k.a(__mulsi3.o)
 .comment       0x00000000       0x13 ../../lib/libc68k.a(__umodsi3.o)
 .comment       0x00000000       0x13 ../../lib/libc68k.a(__udivsi3.o)
 .comment       0x00000000       0x13 ../../lib/libc68k.a(strtoul.o)
 .comment       0x00000000       0x13 ../../lib/libc68k.a(isspace.o)
 .comment       0x00000000       0x13 ../../lib/libc68k.a(atoi.o)
 .comment       0x00000000       0x13 ../../lib/libc68k.a(strcasecmp.o)
 .comment       0x00000000       0x13 ../../lib/libc68k.a(puts.o)
 .comment       0x00000000       0x13 ../../lib/libc68k.a(strtol.o)

Memory Configuration

Name             Origin             Length             Attributes
ROM              0x00000000         0x00010000         xr
RAM              0x00080004         0x00080000         xrw
*default*        0x00000000         0xffffffff

Linker script and memory map

                0x00000000                        . = 0x0

.vectors        0x00000000        0x0
 *(.vectors)
                0x00000000                        . = ALIGN (0x400)

.text           0x00000000     0xb072
                0x00000000                        . = ALIGN (0x2)
 *(.text*)
 .text          0x00000000      0x2c4 ../../libc/obj/orion68_startup.o
                0x000000c0                _start
                0x000001a2                UartWriteCh
                0x000001a6                UartWrCh
                0x000001ce                uart0_initialize
                0x0000021a                printString
                0x0000024c                _delay_ms
 .text          0x000002c4      0x2b4 orion68.o
                0x000002c4                executar_xmodem
                0x000002e4                clr_flg_program_loaded
                0x000002fa                set_flg_program_loaded
                0x0000030e                get_flg_program_loaded
                0x0000031a                print_msg
                0x00000356                write_string
                0x00000388                display_prompt
                0x0000040c                main
 .text          0x00000578       0xec vectors.o
                0x00000590                TRAP14_Handler
                0x0000063a                get_system_tick
 .text          0x00000664       0x2c console.o
                0x00000664                set_console_output
                0x00000676                set_console_input
                0x00000688                enable_interrupts
 .text          0x00000690      0x244 trap12.o
                0x00000690                do_open
                0x000006c4                do_close
                0x000006d8                do_read
                0x00000714                do_write
                0x00000750                do_sync
                0x00000764                do_lseek
                0x00000784                do_tell
                0x00000790                do_size
                0x0000079c                do_eof
                0x000007c0                do_unlink
                0x000007d4                do_rename
                0x000007f2                do_stat
                0x00000810                do_opendir
                0x0000082e                do_readdir
                0x0000084c                do_closedir
                0x00000860                do_mkdir
                0x00000874                do_mount
                0x000008a8                do_unmount
 .text          0x000008d4      0x32a timers.o
                0x000008d4                delay10ms
                0x000008f6                cpu_delay
                0x00000912                init_timer
                0x00000932                get_tick_count
                0x0000093a                add_timer
                0x000009d2                delete_timer
                0x00000a1e                start_timer
                0x00000a9e                stop_timer
                0x00000ad2                reset_timer
                0x00000b20                set_interval
                0x00000b54                update_timers
 *fill*         0x00000bfe        0x2 
 .text          0x00000c00        0x0 interrupt.o
 .text          0x00000c00      0x27e ./dump/mem_dump.o
                0x00000c00                dump_memory
 *fill*         0x00000e7e        0x2 
 .text          0x00000e80       0x54 ./shell/io.o
                0x00000e80                get_key
                0x00000eaa                _putchar_hex
 .text          0x00000ed4      0x49a ./shell/picow.o
                0x00000ed4                receber_arquivo_do_pico
                0x0000110c                send_sector_low
                0x00001136                send_sector_high
                0x00001160                send_read_cmd
                0x00001186                read_sector
                0x000011e6                get_crc
                0x0000124e                receber_setor_do_pico
                0x00001352                pico_write_ch
 *fill*         0x0000136e        0x2 
 .text          0x00001370      0x322 ./shell/elf_loader.o
                0x00001370                carregar_elf32
                0x000014b0                carregar_elf32_fatfs
 *fill*         0x00001692        0x2 
 .text          0x00001694       0x44 ./shell/printerro.o
                0x00001694                printerro
 .text          0x000016d8     0x1898 ./shell/commands.o
                0x0000174c                do_help
                0x000017dc                do_binfile
                0x0000195c                do_binmem
                0x00001a68                do_copyfile
                0x00001c1c                do_cat
                0x00001d54                do_cd
                0x00001d7c                do_delete
                0x00001da8                do_dump
                0x00001dfa                do_exit
                0x00001e20                do_ideinit
                0x00001e64                do_idemode
                0x00001eb6                do_ls
                0x00002088                do_loadmem
                0x000021c6                do_mkdir_shel
                0x000022ae                do_notimplemented
                0x000022c0                do_rename_shel
                0x00002316                do_rmdir
                0x00002426                do_runelf_fromhd
                0x00002454                do_runelf
                0x00002490                do_run
                0x000024bc                do_save
                0x00002624                do_shst
                0x0000263e                do_save_basic
                0x000027ba                do_time
                0x000028a2                do_tstkbd
                0x00002abe                do_uptime
                0x00002b92                do_writemem
                0x00002dac                do_writemem1
                0x00002eb8                do_srecord
 .text          0x00002f70      0xbca ./shell/decodecmd.o
                0x00002f70                getline
                0x00003246                process_command_builtin
                0x000033ae                load_elf_executable
                0x000037a6                open_executable_file
                0x000038a6                process_command_executable
                0x000039da                process_command
                0x00003a1e                execute_cmd
 *fill*         0x00003b3a        0x2 
 .text          0x00003b3c       0xfc ./shell/crc32.o
                0x00003b3c                crc32_init
                0x00003bae                crc32_update
                0x00003c20                crc32_calculate
 .text          0x00003c38      0x4d4 ./shell/cmd_repeat.o
                0x00003c38                hist_add
                0x000040ba                keyboard_handler
 .text          0x0000410c      0x132 ./kbd/ringbuffer.o
                0x0000410c                ring_buf_init
                0x00004134                ring_buf_get
                0x00004170                ring_buf_put
                0x000041d0                ring_buf_is_empty
                0x000041ec                ring_buf_is_full
                0x00004216                ring_buf_get_char
 *fill*         0x0000423e        0x2 
 .text          0x00004240      0x556 ./rtc/rp5c01a.o
                0x00004274                get_fattime
                0x0000442c                set_rtc_time
                0x00004634                rtc_delay
                0x00004654                rtc_write_config_byte
                0x00004690                rtc_read_config_byte
                0x000046c6                ler_segundo
                0x000046fe                rtc_inicializar
 *fill*         0x00004796        0x2 
 .text          0x00004798      0x142 ./picoVga/drv_picoVga.o
                0x00004798                init_picoVga
                0x0000479c                run_cmd
                0x000047c4                picovga_putchar
                0x000047f0                picovga_gotoxy
                0x00004866                picovga_gohome
                0x00004874                picovga_set_color
                0x000048c0                clrscr
 *fill*         0x000048da        0x2 
 .text          0x000048dc      0x248 ./uarts/drv_uart0.o
                0x000048dc                uart0_debug_char
                0x0000490e                uart0_init
                0x0000494e                uart0_write
                0x0000498c                uart0_read
                0x000049c4                uart0_read_timeout
                0x00004a28                _inbyte
                0x00004aa8                _outbyte
                0x00004ae6                uart0_write_string
                0x00004b16                uart0_flush
 .text          0x00004b24      0x160 ./duart/duart.o
                0x00004b44                duart_init_canal_a
                0x00004bb6                duart_putc
                0x00004bec                duart_getc
                0x00004c0e                duart_opr_init
                0x00004c26                duart_led_op3_on
                0x00004c42                duart_led_op3_off
                0x00004c5e                duart_led_op3_toggle
 .text          0x00004c84      0x892 ./ide/ata.o
                0x00004c98                set_ide_bus_mode
                0x00004cd8                go_8bits_mode
                0x00004d4e                ata_detect
                0x00004e0c                ata_read_sector
                0x00004fc0                ata_write_sector
                0x00005174                read_partition_table
                0x0000525e                ata_init
                0x000052f0                ata_disk_status
                0x00005300                ata_disk_initialize
                0x00005310                ata_wait_not_busy
                0x00005352                ata_wait_for_data
                0x00005394                ata_read_identity
 *fill*         0x00005516        0x2 
 .text          0x00005518      0x220 ./ide/diskio.o
                0x00005518                disk_status
                0x00005530                disk_initialize
                0x00005546                disk_read
                0x000055c4                disk_write
                0x00005642                disk_ioctl
 .text          0x00005738      0x174 vectors_asm.o
                0x00005738                SvcBusError
                0x00005738                Svcaddress_err
                0x00005740                TrapFHandler
                0x00005740                SpuriousHandler
                0x00005740                SvcTrace
                0x00005740                TrapBHandler
                0x00005740                Int1Handler
                0x00005740                TrapAHandler
                0x00005740                SvcChkIns
                0x00005740                Trap4Handler
                0x00005740                Trap9Handler
                0x00005740                Int5Handler
                0x00005740                SvcDiv0_handler
                0x00005740                Int7Handler
                0x00005740                SvcIllegalIns
                0x00005740                SvcLineA
                0x00005740                SvcPrivViolation
                0x00005740                Trap8Handler
                0x00005740                Int6Handler
                0x00005740                Trap2Handler
                0x00005740                bad_exception
                0x00005740                Trap3Handler
                0x00005740                Trap7Handler
                0x00005740                Trap0Handler
                0x00005740                SvcLineF
                0x00005740                SvcTrapvIns
                0x00005740                Trap5Handler
                0x00005740                Trap6Handler
                0x00005742                TrapDHandler
                0x00005744                Int2Handler
                0x0000578a                Int3Handler
                0x000057aa                Int4Handler
                0x000057ac                Trap1Handler
                0x000057fc                TrapEHandler
                0x00005812                TrapCHandler
 .text          0x000058ac      0x1de trap12_asm.o
 *fill*         0x00005a8a        0x2 
 .text          0x00005a8c       0x90 cpm_bios.o
                0x00005a8c                bios_entry
                0x00005acc                bios_const
                0x00005ae2                bios_conin
                0x00005b00                bios_conout
                0x00005b16                bios_init
 .text          0x00005b1c       0xfc ../../lib/libfileio.a(fileio.o)
                0x00005b1c                fopen
                0x00005b30                fclose
                0x00005b3a                fread
                0x00005b54                fwrite
                0x00005b6e                fsync
                0x00005b78                funlink
                0x00005b82                flseek
                0x00005b90                ftell
                0x00005b9a                fsize
                0x00005ba4                feof
                0x00005bae                frename
                0x00005bbc                fstat
                0x00005bca                fopendir
                0x00005bd8                freaddir
                0x00005be6                fclosedir
                0x00005bf0                fmkdir
                0x00005bfa                fmount
                0x00005c0e                funmount
 .text          0x00005c18     0x27da ../../lib/libfileio.a(ff.o)
                0x00006e6c                f_mount
                0x00006eee                f_open
                0x00007192                f_read
                0x000073a0                f_write
                0x000075fe                f_sync
                0x00007700                f_close
                0x00007732                f_chdrive
                0x00007756                f_chdir
                0x000077d6                f_getcwd
                0x00007990                f_lseek
                0x00007bb8                f_opendir
                0x00007c54                f_closedir
                0x00007c74                f_readdir
                0x00007d00                f_stat
                0x00007d72                f_getfree
                0x00007e8a                f_truncate
                0x00007fa0                f_unlink
                0x000080ae                f_mkdir
                0x0000825a                f_rename
 *fill*         0x000083f2        0x2 
 .text          0x000083f4       0x1c ../../lib/libc68k.a(strchr.o)
                0x000083f4                strchr
 .text          0x00008410       0x1e ../../lib/libc68k.a(memcpy.o)
                0x00008410                memcpy
 *fill*         0x0000842e        0x2 
 .text          0x00008430      0x360 ../../lib/libc68k.a(malloc.o)
                0x000085e4                malloc_init
                0x0000865a                free
                0x000086a6                malloc
                0x000086ba                calloc
                0x0000871a                malloc_num_free
                0x00008734                malloc_num_used
                0x00008750                malloc_num_fresh
                0x0000876c                malloc_check
 .text          0x00008790       0x3c ../../lib/libc68k.a(memcmp.o)
                0x00008790                memcmp
 .text          0x000087cc       0x12 ../../lib/libc68k.a(strlen.o)
                0x000087cc                strlen
 *fill*         0x000087de        0x2 
 .text          0x000087e0       0x16 ../../lib/libc68k.a(memset.o)
                0x000087e0                memset
 *fill*         0x000087f6        0x2 
 .text          0x000087f8       0x26 ../../lib/libc68k.a(strcat.o)
                0x000087f8                strcat
 *fill*         0x0000881e        0x2 
 .text          0x00008820       0x18 ../../lib/libc68k.a(strcpy.o)
                0x00008820                strcpy
 .text          0x00008838       0x2a ../../lib/libc68k.a(putchar.o)
                0x00008838                kbd_getchar
                0x00008848                putchar
 *fill*         0x00008862        0x2 
 .text          0x00008864      0x206 ../../lib/libc68k.a(sprintf.o)
                0x00008864                sprintf
 *fill*         0x00008a6a        0x2 
 .text          0x00008a6c      0x3a6 ../../lib/libc68k.a(printf.o)
                0x00008a6c                itox
                0x00008ab6                itodec
                0x00008b14                itooct
                0x00008b5a                itoudec
                0x00008bac                pad_zeros
                0x00008bf0                printf
 *fill*         0x00008e12        0x2 
 .text          0x00008e14       0x36 ../../lib/libc68k.a(__mulsi3.o)
                0x00008e14                __mulsi3
 *fill*         0x00008e4a        0x2 
 .text          0x00008e4c       0x2c ../../lib/libc68k.a(__umodsi3.o)
                0x00008e4c                __umodsi3
 .text          0x00008e78       0x3a ../../lib/libc68k.a(__udivsi3.o)
                0x00008e78                __udivsi3
 *fill*         0x00008eb2        0x2 
 .text          0x00008eb4      0x148 ../../lib/libc68k.a(strtoul.o)
                0x00008eb4                strtoul
 .text          0x00008ffc        0xc ../../lib/libc68k.a(isspace.o)
                0x00008ffc                isspace
 .text          0x00009008       0x16 ../../lib/libc68k.a(atoi.o)
                0x00009008                atoi
 *fill*         0x0000901e        0x2 
 .text          0x00009020       0x54 ../../lib/libc68k.a(strcasecmp.o)
                0x00009020                strcasecmp
 .text          0x00009074       0x26 ../../lib/libc68k.a(puts.o)
                0x00009074                puts
 *fill*         0x0000909a        0x2 
 .text          0x0000909c       0x32 ../../lib/libc68k.a(strtol.o)
                0x0000909c                strtol
 *(.rodata)
 .rodata        0x000090ce      0x1ce orion68.o
                0x00009102                MsgOrionInit
 .rodata        0x0000929c       0x51 vectors.o
 .rodata        0x000092ed      0x1c5 ./dump/mem_dump.o
 .rodata        0x000094b2        0x5 ./shell/io.o
 .rodata        0x000094b7      0x150 ./shell/picow.o
 .rodata        0x00009607      0x2fa ./shell/printerro.o
 .rodata        0x00009901      0x960 ./shell/commands.o
 *fill*         0x0000a261        0x1 
 .rodata        0x0000a262      0xac9 ./shell/decodecmd.o
                0x0000a262                g_elf_header_bytes
                0x0000a816                g_cmd_table
 .rodata        0x0000ad2b       0x48 ./rtc/rp5c01a.o
 .rodata        0x0000ad73       0x2d ./uarts/drv_uart0.o
 .rodata        0x0000ada0       0x11 ./duart/duart.o
 .rodata        0x0000adb1      0x1ec ./ide/ata.o
 .rodata        0x0000af9d       0x2d ./ide/diskio.o
 .rodata        0x0000afca       0x80 ../../lib/libfileio.a(ff.o)
 .rodata        0x0000b04a       0x28 ../../lib/libc68k.a(printf.o)
                0x0000b072                        . = ALIGN (0x2)

.rodata         0x0000b072       0x38
                0x0000b072                        . = ALIGN (0x2)
 *(.rodata*)
 .rodata.str1.1
                0x0000b072       0x38 ../../lib/libfileio.a(ff.o)
                                 0x18 (size before relaxing)
 .rodata.str1.1
                0x0000b0aa        0xf ../../lib/libc68k.a(sprintf.o)
 .rodata.str1.1
                0x0000b0aa       0x20 ../../lib/libc68k.a(printf.o)
                0x0000b0ca                        . = ALIGN (0x2)

.data           0x00080004       0x60 load address 0x0000b0aa
                0x00080004                        . = ALIGN (0x2)
                0x00080004                        __data_start = .
 *(.data*)
 .data          0x00080004        0x0 ../../libc/obj/orion68_startup.o
 .data          0x00080004        0x0 orion68.o
 .data          0x00080004        0x0 vectors.o
 .data          0x00080004        0x0 console.o
 .data          0x00080004        0x0 trap12.o
 .data          0x00080004        0x0 timers.o
 .data          0x00080004        0x0 interrupt.o
 .data          0x00080004        0x0 ./dump/mem_dump.o
 .data          0x00080004        0x0 ./shell/io.o
 .data          0x00080004        0x0 ./shell/picow.o
 .data          0x00080004        0x0 ./shell/elf_loader.o
 .data          0x00080004       0x50 ./shell/printerro.o
 .data          0x00080054        0x0 ./shell/commands.o
 .data          0x00080054        0x8 ./shell/decodecmd.o
 .data          0x0008005c        0x0 ./shell/crc32.o
 .data          0x0008005c        0x1 ./shell/cmd_repeat.o
 *fill*         0x0008005d        0x3 
 .data          0x00080060        0x4 ./kbd/ringbuffer.o
 .data          0x00080064        0x0 ./rtc/rp5c01a.o
 .data          0x00080064        0x0 ./picoVga/drv_picoVga.o
 .data          0x00080064        0x0 ./uarts/drv_uart0.o
 .data          0x00080064        0x0 ./duart/duart.o
 .data          0x00080064        0x0 ./ide/ata.o
 .data          0x00080064        0x0 ./ide/diskio.o
 .data          0x00080064        0x0 vectors_asm.o
 .data          0x00080064        0x0 trap12_asm.o
 .data          0x00080064        0x0 cpm_bios.o
 .data          0x00080064        0x0 ../../lib/libfileio.a(fileio.o)
 .data          0x00080064        0x0 ../../lib/libfileio.a(ff.o)
 .data          0x00080064        0x0 ../../lib/libc68k.a(strchr.o)
 .data          0x00080064        0x0 ../../lib/libc68k.a(memcpy.o)
 .data          0x00080064        0x0 ../../lib/libc68k.a(malloc.o)
 .data          0x00080064        0x0 ../../lib/libc68k.a(memcmp.o)
 .data          0x00080064        0x0 ../../lib/libc68k.a(strlen.o)
 .data          0x00080064        0x0 ../../lib/libc68k.a(memset.o)
 .data          0x00080064        0x0 ../../lib/libc68k.a(strcat.o)
 .data          0x00080064        0x0 ../../lib/libc68k.a(strcpy.o)
 .data          0x00080064        0x0 ../../lib/libc68k.a(putchar.o)
 .data          0x00080064        0x0 ../../lib/libc68k.a(sprintf.o)
 .data          0x00080064        0x0 ../../lib/libc68k.a(printf.o)
 .data          0x00080064        0x0 ../../lib/libc68k.a(__mulsi3.o)
 .data          0x00080064        0x0 ../../lib/libc68k.a(__umodsi3.o)
 .data          0x00080064        0x0 ../../lib/libc68k.a(__udivsi3.o)
 .data          0x00080064        0x0 ../../lib/libc68k.a(strtoul.o)
 .data          0x00080064        0x0 ../../lib/libc68k.a(isspace.o)
 .data          0x00080064        0x0 ../../lib/libc68k.a(atoi.o)
 .data          0x00080064        0x0 ../../lib/libc68k.a(strcasecmp.o)
 .data          0x00080064        0x0 ../../lib/libc68k.a(puts.o)
 .data          0x00080064        0x0 ../../lib/libc68k.a(strtol.o)
                0x00080064                        . = ALIGN (0x2)
                0x00080064                        __data_end = .

.mram           0x00080064        0xc load address 0x0000b10a
 *(?.mram)
 .mram          0x00080064        0xc orion68.o
                0x00080064                systemTick
                0x00080068                tick_count
                0x0008006c                flg_system
                0x0000b0aa                        __data_load_start = LOADADDR (.data)

.bss            0x00080070      0xdbc load address 0x0000b10a
                0x00080070                        . = ALIGN (0x2)
                0x00080070                        __bss_start = .
 *(.bss*)
 .bss           0x00080070        0x0 ../../libc/obj/orion68_startup.o
 .bss           0x00080070      0x3bc orion68.o
                0x00080070                sys_flags
                0x00080072                FatFs
                0x000802ac                g_cmd_buffer
                0x0008032c                buffer
                0x000803ac                syspath
 .bss           0x0008042c        0x0 vectors.o
 .bss           0x0008042c        0x8 console.o
                0x0008042c                cconin
                0x00080430                cconout
 .bss           0x00080434        0x0 trap12.o
 .bss           0x00080434       0x1c timers.o
                0x00080434                g_timers
                0x00080448                g_tick_count
 .bss           0x00080450        0x0 interrupt.o
 .bss           0x00080450        0x0 ./dump/mem_dump.o
 .bss           0x00080450        0x0 ./shell/io.o
 .bss           0x00080450        0x0 ./shell/picow.o
 .bss           0x00080450        0x0 ./shell/elf_loader.o
 .bss           0x00080450        0x0 ./shell/printerro.o
 .bss           0x00080450      0x270 ./shell/commands.o
 .bss           0x000806c0        0x4 ./shell/decodecmd.o
 .bss           0x000806c4      0x400 ./shell/crc32.o
 .bss           0x00080ac4      0x1a5 ./shell/cmd_repeat.o
 *fill*         0x00080c69        0x3 
 .bss           0x00080c6c      0x106 ./kbd/ringbuffer.o
 *fill*         0x00080d72        0x2 
 .bss           0x00080d74        0x0 ./rtc/rp5c01a.o
 .bss           0x00080d74        0x0 ./picoVga/drv_picoVga.o
 .bss           0x00080d74        0x0 ./uarts/drv_uart0.o
 .bss           0x00080d74        0x1 ./duart/duart.o
 *fill*         0x00080d75        0x3 
 .bss           0x00080d78       0x29 ./ide/ata.o
                0x00080d78                drives
                0x00080da0                ide_bus_mode
 *fill*         0x00080da1        0x3 
 .bss           0x00080da4       0x64 ./ide/diskio.o
 .bss           0x00080e08        0x0 vectors_asm.o
 .bss           0x00080e08        0x0 trap12_asm.o
 .bss           0x00080e08        0x0 cpm_bios.o
 .bss           0x00080e08        0x0 ../../lib/libfileio.a(fileio.o)
 .bss           0x00080e08        0xe ../../lib/libfileio.a(ff.o)
 *fill*         0x00080e16        0x2 
 .bss           0x00080e18        0x0 ../../lib/libc68k.a(strchr.o)
 .bss           0x00080e18        0x0 ../../lib/libc68k.a(memcpy.o)
 .bss           0x00080e18       0x14 ../../lib/libc68k.a(malloc.o)
 .bss           0x00080e2c        0x0 ../../lib/libc68k.a(memcmp.o)
 .bss           0x00080e2c        0x0 ../../lib/libc68k.a(strlen.o)
 .bss           0x00080e2c        0x0 ../../lib/libc68k.a(memset.o)
 .bss           0x00080e2c        0x0 ../../lib/libc68k.a(strcat.o)
 .bss           0x00080e2c        0x0 ../../lib/libc68k.a(strcpy.o)
 .bss           0x00080e2c        0x0 ../../lib/libc68k.a(putchar.o)
 .bss           0x00080e2c        0x0 ../../lib/libc68k.a(sprintf.o)
 .bss           0x00080e2c        0x0 ../../lib/libc68k.a(printf.o)
 .bss           0x00080e2c        0x0 ../../lib/libc68k.a(__mulsi3.o)
 .bss           0x00080e2c        0x0 ../../lib/libc68k.a(__umodsi3.o)
 .bss           0x00080e2c        0x0 ../../lib/libc68k.a(__udivsi3.o)
 .bss           0x00080e2c        0x0 ../../lib/libc68k.a(strtoul.o)
 .bss           0x00080e2c        0x0 ../../lib/libc68k.a(isspace.o)
 .bss           0x00080e2c        0x0 ../../lib/libc68k.a(atoi.o)
 .bss           0x00080e2c        0x0 ../../lib/libc68k.a(strcasecmp.o)
 .bss           0x00080e2c        0x0 ../../lib/libc68k.a(puts.o)
 .bss           0x00080e2c        0x0 ../../lib/libc68k.a(strtol.o)
 *(COMMON)
                0x00080e2c                        . = ALIGN (0x2)
                0x00080e2c                        __bss_end = .
                0x00100000                        _stack_end = 0x100000
                0x000fe000                        _stack_start = (_stack_end - 0x2000)

/DISCARD/
 *(.comment)
 *(.note*)
 *(.align*)
LOAD ../../libc/obj/orion68_startup.o
LOAD orion68.o
LOAD vectors.o
LOAD console.o
LOAD trap12.o
LOAD timers.o
LOAD interrupt.o
LOAD ./dump/mem_dump.o
LOAD ./shell/io.o
LOAD ./shell/picow.o
LOAD ./shell/elf_loader.o
LOAD ./shell/printerro.o
LOAD ./shell/commands.o
LOAD ./shell/decodecmd.o
LOAD ./shell/crc32.o
LOAD ./shell/cmd_repeat.o
LOAD ./kbd/ringbuffer.o
LOAD ./rtc/rp5c01a.o
LOAD ./picoVga/drv_picoVga.o
LOAD ./uarts/drv_uart0.o
LOAD ./duart/duart.o
LOAD ./ide/ata.o
LOAD ./ide/diskio.o
LOAD vectors_asm.o
LOAD trap12_asm.o
LOAD cpm_bios.o
LOAD ../../lib/libfileio.a
LOAD ../../lib/libc68k.a
OUTPUT(orion68.elf elf32-m68k)
