Archive member included to satisfy reference by file (symbol)

../../lib/libfileio.a(ff.o)   trap12.o (f_mount)
../../lib/libc68k.a(strchr.o)
                              ../../lib/libfileio.a(ff.o) (strchr)
../../lib/libc68k.a(memcpy.o)
                              ./shell/elf_loader.o (memcpy)
../../lib/libc68k.a(malloc.o)
                              timers.o (free)
../../lib/libc68k.a(memcmp.o)
                              ./shell/decodecmd.o (memcmp)
../../lib/libc68k.a(strlen.o)
                              ./shell/commands.o (strlen)
../../lib/libc68k.a(memset.o)
                              timers.o (memset)
../../lib/libc68k.a(strcat.o)
                              ./shell/commands.o (strcat)
../../lib/libc68k.a(strcpy.o)
                              ./shell/commands.o (strcpy)
../../lib/libc68k.a(putchar.o)
                              orion68.o (putchar)
../../lib/libc68k.a(sprintf.o)
                              ./shell/commands.o (sprintf)
../../lib/libc68k.a(printf.o)
                              ../../lib/libc68k.a(sprintf.o) (itox)
../../lib/libc68k.a(__mulsi3.o)
                              ./shell/elf_loader.o (__mulsi3)
../../lib/libc68k.a(__umodsi3.o)
                              ./shell/commands.o (__umodsi3)
../../lib/libc68k.a(__udivsi3.o)
                              ./shell/commands.o (__udivsi3)
../../lib/libc68k.a(strtoul.o)
                              ./shell/commands.o (strtoul)
../../lib/libc68k.a(isspace.o)
                              ./shell/decodecmd.o (isspace)
../../lib/libc68k.a(atoi.o)   ./shell/commands.o (atoi)
../../lib/libc68k.a(strcasecmp.o)
                              ./shell/decodecmd.o (strcasecmp)
../../lib/libc68k.a(puts.o)   ../../lib/libc68k.a(printf.o) (puts)
../../lib/libc68k.a(strtol.o)
                              ../../lib/libc68k.a(atoi.o) (strtol)
../../lib/libvideo.a(vga_video.o)
                              orion68.o (gotoxy)

Discarded input sections

 .comment       0x00000000       0x13 orion68.o
 .comment       0x00000000       0x13 vectors.o
 .comment       0x00000000       0x13 console.o
 .comment       0x00000000       0x13 trap12.o
 .comment       0x00000000       0x13 timers.o
 .comment       0x00000000       0x13 interrupt.o
 .comment       0x00000000       0x13 ./dump/mem_dump.o
 .comment       0x00000000       0x13 ./shell/io.o
 .comment       0x00000000       0x13 ./shell/picow.o
 .comment       0x00000000       0x13 ./shell/elf_loader.o
 .comment       0x00000000       0x13 ./shell/printerro.o
 .comment       0x00000000       0x13 ./shell/commands.o
 .comment       0x00000000       0x13 ./shell/decodecmd.o
 .comment       0x00000000       0x13 ./shell/crc32.o
 .comment       0x00000000       0x13 ./shell/cmd_repeat.o
 .comment       0x00000000       0x13 ./kbd/ringbuffer.o
 .comment       0x00000000       0x13 ./uarts/drv_uart0.o
 .comment       0x00000000       0x13 ./duart/duart.o
 .comment       0x00000000       0x13 ./ide/ata.o
 .comment       0x00000000       0x13 ./ide/diskio.o
 .comment       0x00000000       0x13 ../../lib/libfileio.a(ff.o)
 .comment       0x00000000       0x13 ../../lib/libc68k.a(strchr.o)
 .comment       0x00000000       0x13 ../../lib/libc68k.a(memcpy.o)
 .comment       0x00000000       0x13 ../../lib/libc68k.a(malloc.o)
 .comment       0x00000000       0x13 ../../lib/libc68k.a(memcmp.o)
 .comment       0x00000000       0x13 ../../lib/libc68k.a(strlen.o)
 .comment       0x00000000       0x13 ../../lib/libc68k.a(memset.o)
 .comment       0x00000000       0x13 ../../lib/libc68k.a(strcat.o)
 .comment       0x00000000       0x13 ../../lib/libc68k.a(strcpy.o)
 .comment       0x00000000       0x13 ../../lib/libc68k.a(putchar.o)
 .comment       0x00000000       0x13 ../../lib/libc68k.a(sprintf.o)
 .comment       0x00000000       0x13 ../../lib/libc68k.a(printf.o)
 .comment       0x00000000       0x13 ../../lib/libc68k.a(__mulsi3.o)
 .comment       0x00000000       0x13 ../../lib/libc68k.a(__umodsi3.o)
 .comment       0x00000000       0x13 ../../lib/libc68k.a(__udivsi3.o)
 .comment       0x00000000       0x13 ../../lib/libc68k.a(strtoul.o)
 .comment       0x00000000       0x13 ../../lib/libc68k.a(isspace.o)
 .comment       0x00000000       0x13 ../../lib/libc68k.a(atoi.o)
 .comment       0x00000000       0x13 ../../lib/libc68k.a(strcasecmp.o)
 .comment       0x00000000       0x13 ../../lib/libc68k.a(puts.o)
 .comment       0x00000000       0x13 ../../lib/libc68k.a(strtol.o)
 .comment       0x00000000       0x13 ../../lib/libvideo.a(vga_video.o)

Memory Configuration

Name             Origin             Length             Attributes
ROM              0x00000000         0x00010000         xr
RAM              0x00080004         0x00080000         xrw
*default*        0x00000000         0xffffffff

Linker script and memory map

                0x00000000                        . = 0x0

.vectors        0x00000000        0x0
 *(.vectors)
                0x00000000                        . = ALIGN (0x400)

.text           0x00000000     0xadcc
                0x00000000                        . = ALIGN (0x2)
 *(.text*)
 .text          0x00000000      0x2c4 ../../libc/obj/orion68_startup.o
                0x000000c0                _start
                0x000001a2                UartWriteCh
                0x000001a6                UartWrCh
                0x000001ce                uart0_initialize
                0x0000021a                printString
                0x0000024c                _delay_ms
 .text          0x000002c4      0x2ac orion68.o
                0x000002c4                clr_flg_program_loaded
                0x000002da                set_flg_program_loaded
                0x000002ee                get_flg_program_loaded
                0x000002fa                print_msg
                0x00000336                write_string
                0x00000368                display_prompt
                0x000003ec                main
 .text          0x00000570       0xec vectors.o
                0x00000588                TRAP14_Handler
                0x00000632                get_system_tick
 .text          0x0000065c       0x2c console.o
                0x0000065c                set_console_output
                0x0000066e                set_console_input
                0x00000680                enable_interrupts
 .text          0x00000688      0x244 trap12.o
                0x00000688                do_open
                0x000006bc                do_close
                0x000006d0                do_read
                0x0000070c                do_write
                0x00000748                do_sync
                0x0000075c                do_lseek
                0x0000077c                do_tell
                0x00000788                do_size
                0x00000794                do_eof
                0x000007b8                do_unlink
                0x000007cc                do_rename
                0x000007ea                do_stat
                0x00000808                do_opendir
                0x00000826                do_readdir
                0x00000844                do_closedir
                0x00000858                do_mkdir
                0x0000086c                do_mount
                0x000008a0                do_unmount
 .text          0x000008cc      0x32a timers.o
                0x000008cc                delay10ms
                0x000008ee                cpu_delay
                0x0000090a                init_timer
                0x0000092a                get_tick_count
                0x00000932                add_timer
                0x000009ca                delete_timer
                0x00000a16                start_timer
                0x00000a96                stop_timer
                0x00000aca                reset_timer
                0x00000b18                set_interval
                0x00000b4c                update_timers
 *fill*         0x00000bf6        0x2 
 .text          0x00000bf8        0x0 interrupt.o
 .text          0x00000bf8      0x278 ./dump/mem_dump.o
                0x00000bf8                dump_memory
 .text          0x00000e70       0x54 ./shell/io.o
                0x00000e70                get_key
                0x00000e9a                _putchar_hex
 .text          0x00000ec4      0x5b4 ./shell/picow.o
                0x00000ec4                receber_arquivo_do_pico
                0x000010f6                noblk_receber_arquivo_do_pico
                0x00001216                send_sector_low
                0x00001240                send_sector_high
                0x0000126a                send_read_cmd
                0x00001290                read_sector
                0x000012f0                get_crc
                0x00001358                receber_setor_do_pico
                0x0000145c                pico_write_ch
 .text          0x00001478      0x322 ./shell/elf_loader.o
                0x00001478                carregar_elf32
                0x000015b8                carregar_elf32_fatfs
 *fill*         0x0000179a        0x2 
 .text          0x0000179c       0x44 ./shell/printerro.o
                0x0000179c                printerro
 .text          0x000017e0     0x1bc0 ./shell/commands.o
                0x00001854                do_help
                0x000018e4                do_binfile
                0x00001a64                do_binmem
                0x00001b70                do_copyfile
                0x00001d24                do_cat
                0x00001e5c                do_cd
                0x00001e84                do_delete
                0x00001eb0                do_dump
                0x00001f02                do_exit
                0x00001f28                do_ideinit
                0x00001f6c                do_idemode
                0x00001fbe                do_ls
                0x00002190                do_load_basic
                0x000022c6                do_loadmem
                0x00002404                do_mkdir_shel
                0x000024ec                do_notimplemented
                0x000024fe                do_rename_shel
                0x00002554                do_rmdir
                0x00002664                do_runelf_fromhd
                0x00002692                do_runelf
                0x000026ce                do_run
                0x000026fa                do_save
                0x00002862                do_save2
                0x00002a54                do_save_basic
                0x00002bd0                do_shst
                0x00002bea                do_time
                0x00002cd2                do_tstkbd
                0x00002eee                do_uptime
                0x00002fc2                do_writemem
                0x000031dc                do_writemem1
                0x000032e8                do_srecord
 .text          0x000033a0      0xade ./shell/decodecmd.o
                0x000033a0                getline
                0x00003676                process_command_builtin
                0x000037de                load_elf_executable
                0x00003b16                open_executable_file
                0x00003c16                process_command_executable
                0x00003d1e                process_command
                0x00003d62                execute_cmd
 *fill*         0x00003e7e        0x2 
 .text          0x00003e80       0xfc ./shell/crc32.o
                0x00003e80                crc32_init
                0x00003ef2                crc32_update
                0x00003f64                crc32_calculate
 .text          0x00003f7c      0x4d4 ./shell/cmd_repeat.o
                0x00003f7c                hist_add
                0x000043fe                keyboard_handler
 .text          0x00004450      0x132 ./kbd/ringbuffer.o
                0x00004450                ring_buf_init
                0x00004478                ring_buf_get
                0x000044b4                ring_buf_put
                0x00004514                ring_buf_is_empty
                0x00004530                ring_buf_is_full
                0x0000455a                ring_buf_get_char
 *fill*         0x00004582        0x2 
 .text          0x00004584      0x248 ./uarts/drv_uart0.o
                0x00004584                uart0_debug_char
                0x000045b6                uart0_init
                0x000045f6                uart0_write
                0x00004634                uart0_read
                0x0000466c                uart0_read_timeout
                0x000046d0                _inbyte
                0x00004750                _outbyte
                0x0000478e                uart0_write_string
                0x000047be                uart0_flush
 .text          0x000047cc      0x160 ./duart/duart.o
                0x000047ec                duart_init_canal_a
                0x0000485e                duart_putc
                0x00004894                duart_getc
                0x000048b6                duart_opr_init
                0x000048ce                duart_led_op3_on
                0x000048ea                duart_led_op3_off
                0x00004906                duart_led_op3_toggle
 .text          0x0000492c      0x892 ./ide/ata.o
                0x00004940                set_ide_bus_mode
                0x00004980                go_8bits_mode
                0x000049f6                ata_detect
                0x00004ab4                ata_read_sector
                0x00004c68                ata_write_sector
                0x00004e1c                read_partition_table
                0x00004f06                ata_init
                0x00004f98                ata_disk_status
                0x00004fa8                ata_disk_initialize
                0x00004fb8                ata_wait_not_busy
                0x00004ffa                ata_wait_for_data
                0x0000503c                ata_read_identity
 *fill*         0x000051be        0x2 
 .text          0x000051c0      0x220 ./ide/diskio.o
                0x000051c0                disk_status
                0x000051d8                disk_initialize
                0x000051ee                disk_read
                0x0000526c                disk_write
                0x000052ea                disk_ioctl
 .text          0x000053e0      0x256 vectors_asm.o
                0x000053e0                SvcBusError
                0x000053e0                Svcaddress_err
                0x000053e8                TrapFHandler
                0x000053e8                SpuriousHandler
                0x000053e8                SvcTrace
                0x000053e8                TrapBHandler
                0x000053e8                Int1Handler
                0x000053e8                TrapAHandler
                0x000053e8                SvcChkIns
                0x000053e8                Trap9Handler
                0x000053e8                Int5Handler
                0x000053e8                SvcDiv0_handler
                0x000053e8                Int7Handler
                0x000053e8                SvcIllegalIns
                0x000053e8                SvcLineA
                0x000053e8                SvcPrivViolation
                0x000053e8                Trap8Handler
                0x000053e8                Int6Handler
                0x000053e8                bad_exception
                0x000053e8                Trap3Handler
                0x000053e8                Trap7Handler
                0x000053e8                Trap0Handler
                0x000053e8                SvcLineF
                0x000053e8                SvcTrapvIns
                0x000053e8                Trap5Handler
                0x000053e8                Trap6Handler
                0x000053ea                TrapDHandler
                0x000053ec                Int2Handler
                0x00005448                Int3Handler
                0x00005468                Int4Handler
                0x0000546a                Trap1Handler
                0x000054ba                Trap2Handler
                0x00005544                Trap4Handler
                0x0000556e                TrapCHandler
                0x00005620                TrapEHandler
 *fill*         0x00005636        0x2 
 .text          0x00005638      0x2ea trap2_asm.o
                0x00005654                vid_writechar
                0x00005662                vid_gotoxy
                0x00005686                vid_clrscr
                0x00005696                vid_gohome
                0x000056a6                vid_setcolor
                0x000056b4                vid_drawVLine
                0x000056e6                vid_drawHLine
                0x00005718                vid_drawLine
                0x00005754                vid_drawCircle
                0x00005780                vid_drawCircleHelper
                0x000057b0                vid_fillCircle
                0x000057dc                vid_fillCircleHelper
                0x00005810                vid_drawRoundRect
                0x00005850                vid_fillRoundRect
                0x00005890                vid_fillRect
                0x000058cc                vid_fillTri
 *fill*         0x00005922        0x2 
 .text          0x00005924       0x38 trap4_asm.o
                0x00005924                rtc_ds3231_read_time
                0x0000592e                rtc_ds3231_set_time
                0x0000593c                rtc_eeprom_read_byte
                0x00005946                rtc_eeprom_write_byte
 .text          0x0000595c      0x252 trap12_asm.o
                0x0000595c                file_open
                0x0000597a                file_close
                0x00005994                file_read
                0x000059b4                file_write
                0x000059d4                file_sync
                0x000059ee                file_lseek
                0x00005a0a                file_unlink
                0x00005a24                file_tell
                0x00005a3e                file_size
                0x00005a58                file_eof
                0x00005a72                file_rename
                0x00005a8e                file_stat
                0x00005aaa                file_opendir
                0x00005ac6                file_readdir
                0x00005ae2                file_closedir
                0x00005afc                file_mkdir
                0x00005b16                file_mount
                0x00005b34                file_unmount
                0x00005b4e                file_list
                0x00005b68                file_save
                0x00005b88                file_load
 *fill*         0x00005bae        0x2 
 .text          0x00005bb0       0x90 cpm_bios.o
                0x00005bb0                bios_entry
                0x00005bf0                bios_const
                0x00005c06                bios_conin
                0x00005c24                bios_conout
                0x00005c3a                bios_init
 .text          0x00005c40     0x27da ../../lib/libfileio.a(ff.o)
                0x00006e94                f_mount
                0x00006f16                f_open
                0x000071ba                f_read
                0x000073c8                f_write
                0x00007626                f_sync
                0x00007728                f_close
                0x0000775a                f_chdrive
                0x0000777e                f_chdir
                0x000077fe                f_getcwd
                0x000079b8                f_lseek
                0x00007be0                f_opendir
                0x00007c7c                f_closedir
                0x00007c9c                f_readdir
                0x00007d28                f_stat
                0x00007d9a                f_getfree
                0x00007eb2                f_truncate
                0x00007fc8                f_unlink
                0x000080d6                f_mkdir
                0x00008282                f_rename
 *fill*         0x0000841a        0x2 
 .text          0x0000841c       0x1c ../../lib/libc68k.a(strchr.o)
                0x0000841c                strchr
 .text          0x00008438       0x1e ../../lib/libc68k.a(memcpy.o)
                0x00008438                memcpy
 *fill*         0x00008456        0x2 
 .text          0x00008458      0x360 ../../lib/libc68k.a(malloc.o)
                0x0000860c                malloc_init
                0x00008682                free
                0x000086ce                malloc
                0x000086e2                calloc
                0x00008742                malloc_num_free
                0x0000875c                malloc_num_used
                0x00008778                malloc_num_fresh
                0x00008794                malloc_check
 .text          0x000087b8       0x3c ../../lib/libc68k.a(memcmp.o)
                0x000087b8                memcmp
 .text          0x000087f4       0x12 ../../lib/libc68k.a(strlen.o)
                0x000087f4                strlen
 *fill*         0x00008806        0x2 
 .text          0x00008808       0x16 ../../lib/libc68k.a(memset.o)
                0x00008808                memset
 *fill*         0x0000881e        0x2 
 .text          0x00008820       0x26 ../../lib/libc68k.a(strcat.o)
                0x00008820                strcat
 *fill*         0x00008846        0x2 
 .text          0x00008848       0x18 ../../lib/libc68k.a(strcpy.o)
                0x00008848                strcpy
 .text          0x00008860       0x2a ../../lib/libc68k.a(putchar.o)
                0x00008860                kbd_getchar
                0x00008870                putchar
 *fill*         0x0000888a        0x2 
 .text          0x0000888c      0x206 ../../lib/libc68k.a(sprintf.o)
                0x0000888c                sprintf
 *fill*         0x00008a92        0x2 
 .text          0x00008a94      0x3a6 ../../lib/libc68k.a(printf.o)
                0x00008a94                itox
                0x00008ade                itodec
                0x00008b3c                itooct
                0x00008b82                itoudec
                0x00008bd4                pad_zeros
                0x00008c18                printf
 *fill*         0x00008e3a        0x2 
 .text          0x00008e3c       0x36 ../../lib/libc68k.a(__mulsi3.o)
                0x00008e3c                __mulsi3
 *fill*         0x00008e72        0x2 
 .text          0x00008e74       0x2c ../../lib/libc68k.a(__umodsi3.o)
                0x00008e74                __umodsi3
 .text          0x00008ea0       0x3a ../../lib/libc68k.a(__udivsi3.o)
                0x00008ea0                __udivsi3
 *fill*         0x00008eda        0x2 
 .text          0x00008edc      0x148 ../../lib/libc68k.a(strtoul.o)
                0x00008edc                strtoul
 .text          0x00009024        0xc ../../lib/libc68k.a(isspace.o)
                0x00009024                isspace
 .text          0x00009030       0x16 ../../lib/libc68k.a(atoi.o)
                0x00009030                atoi
 *fill*         0x00009046        0x2 
 .text          0x00009048       0x54 ../../lib/libc68k.a(strcasecmp.o)
                0x00009048                strcasecmp
 .text          0x0000909c       0x26 ../../lib/libc68k.a(puts.o)
                0x0000909c                puts
 *fill*         0x000090c2        0x2 
 .text          0x000090c4       0x32 ../../lib/libc68k.a(strtol.o)
                0x000090c4                strtol
 *fill*         0x000090f6        0x2 
 .text          0x000090f8       0x3c ../../lib/libvideo.a(vga_video.o)
                0x000090f8                run_cmd
                0x000090fa                gotoxy
                0x0000910c                gohome
                0x00009112                setcolor
                0x0000912e                clrscr
 *(.rodata)
 .rodata        0x00009134      0x1a2 orion68.o
                0x00009137                MsgOrionInit
 .rodata        0x000092d6       0x51 vectors.o
 .rodata        0x00009327      0x1c5 ./dump/mem_dump.o
 .rodata        0x000094ec        0x5 ./shell/io.o
 .rodata        0x000094f1      0x150 ./shell/picow.o
 .rodata        0x00009641      0x2fa ./shell/printerro.o
 .rodata        0x0000993b      0x9b7 ./shell/commands.o
 .rodata        0x0000a2f2      0x7da ./shell/decodecmd.o
                0x0000a2f2                g_elf_header_bytes
                0x0000a6b4                g_cmd_table
 .rodata        0x0000aacc       0x2d ./uarts/drv_uart0.o
 .rodata        0x0000aaf9       0x11 ./duart/duart.o
 .rodata        0x0000ab0a      0x1ec ./ide/ata.o
 .rodata        0x0000acf6       0x2d ./ide/diskio.o
 .rodata        0x0000ad23       0x80 ../../lib/libfileio.a(ff.o)
 *fill*         0x0000ada3        0x1 
 .rodata        0x0000ada4       0x28 ../../lib/libc68k.a(printf.o)
                0x0000adcc                        . = ALIGN (0x2)

.rodata         0x0000adcc       0x38
                0x0000adcc                        . = ALIGN (0x2)
 *(.rodata*)
 .rodata.str1.1
                0x0000adcc       0x38 ../../lib/libfileio.a(ff.o)
                                 0x18 (size before relaxing)
 .rodata.str1.1
                0x0000ae04        0xf ../../lib/libc68k.a(sprintf.o)
 .rodata.str1.1
                0x0000ae04       0x20 ../../lib/libc68k.a(printf.o)
                0x0000ae24                        . = ALIGN (0x2)

.data           0x00080004       0x60 load address 0x0000ae04
                0x00080004                        . = ALIGN (0x2)
                0x00080004                        __data_start = .
 *(.data*)
 .data          0x00080004        0x0 ../../libc/obj/orion68_startup.o
 .data          0x00080004        0x0 orion68.o
 .data          0x00080004        0x0 vectors.o
 .data          0x00080004        0x0 console.o
 .data          0x00080004        0x0 trap12.o
 .data          0x00080004        0x0 timers.o
 .data          0x00080004        0x0 interrupt.o
 .data          0x00080004        0x0 ./dump/mem_dump.o
 .data          0x00080004        0x0 ./shell/io.o
 .data          0x00080004        0x0 ./shell/picow.o
 .data          0x00080004        0x0 ./shell/elf_loader.o
 .data          0x00080004       0x50 ./shell/printerro.o
 .data          0x00080054        0x0 ./shell/commands.o
 .data          0x00080054        0x8 ./shell/decodecmd.o
 .data          0x0008005c        0x0 ./shell/crc32.o
 .data          0x0008005c        0x1 ./shell/cmd_repeat.o
 *fill*         0x0008005d        0x3 
 .data          0x00080060        0x4 ./kbd/ringbuffer.o
 .data          0x00080064        0x0 ./uarts/drv_uart0.o
 .data          0x00080064        0x0 ./duart/duart.o
 .data          0x00080064        0x0 ./ide/ata.o
 .data          0x00080064        0x0 ./ide/diskio.o
 .data          0x00080064        0x0 vectors_asm.o
 .data          0x00080064        0x0 trap2_asm.o
 .data          0x00080064        0x0 trap4_asm.o
 .data          0x00080064        0x0 trap12_asm.o
 .data          0x00080064        0x0 cpm_bios.o
 .data          0x00080064        0x0 ../../lib/libfileio.a(ff.o)
 .data          0x00080064        0x0 ../../lib/libc68k.a(strchr.o)
 .data          0x00080064        0x0 ../../lib/libc68k.a(memcpy.o)
 .data          0x00080064        0x0 ../../lib/libc68k.a(malloc.o)
 .data          0x00080064        0x0 ../../lib/libc68k.a(memcmp.o)
 .data          0x00080064        0x0 ../../lib/libc68k.a(strlen.o)
 .data          0x00080064        0x0 ../../lib/libc68k.a(memset.o)
 .data          0x00080064        0x0 ../../lib/libc68k.a(strcat.o)
 .data          0x00080064        0x0 ../../lib/libc68k.a(strcpy.o)
 .data          0x00080064        0x0 ../../lib/libc68k.a(putchar.o)
 .data          0x00080064        0x0 ../../lib/libc68k.a(sprintf.o)
 .data          0x00080064        0x0 ../../lib/libc68k.a(printf.o)
 .data          0x00080064        0x0 ../../lib/libc68k.a(__mulsi3.o)
 .data          0x00080064        0x0 ../../lib/libc68k.a(__umodsi3.o)
 .data          0x00080064        0x0 ../../lib/libc68k.a(__udivsi3.o)
 .data          0x00080064        0x0 ../../lib/libc68k.a(strtoul.o)
 .data          0x00080064        0x0 ../../lib/libc68k.a(isspace.o)
 .data          0x00080064        0x0 ../../lib/libc68k.a(atoi.o)
 .data          0x00080064        0x0 ../../lib/libc68k.a(strcasecmp.o)
 .data          0x00080064        0x0 ../../lib/libc68k.a(puts.o)
 .data          0x00080064        0x0 ../../lib/libc68k.a(strtol.o)
 .data          0x00080064        0x0 ../../lib/libvideo.a(vga_video.o)
                0x00080064                        . = ALIGN (0x2)
                0x00080064                        __data_end = .

.mram           0x00080064        0xc load address 0x0000ae64
 *(?.mram)
 .mram          0x00080064        0xc orion68.o
                0x00080064                systemTick
                0x00080068                tick_count
                0x0008006c                flg_system
                0x0000ae04                        __data_load_start = LOADADDR (.data)

.bss            0x00080070      0xdbc load address 0x0000ae64
                0x00080070                        . = ALIGN (0x2)
                0x00080070                        __bss_start = .
 *(.bss*)
 .bss           0x00080070        0x0 ../../libc/obj/orion68_startup.o
 .bss           0x00080070      0x3bc orion68.o
                0x00080070                sys_flags
                0x00080072                FatFs
                0x000802ac                g_cmd_buffer
                0x0008032c                buffer
                0x000803ac                syspath
 .bss           0x0008042c        0x0 vectors.o
 .bss           0x0008042c        0x8 console.o
                0x0008042c                cconin
                0x00080430                cconout
 .bss           0x00080434        0x0 trap12.o
 .bss           0x00080434       0x1c timers.o
                0x00080434                g_timers
                0x00080448                g_tick_count
 .bss           0x00080450        0x0 interrupt.o
 .bss           0x00080450        0x0 ./dump/mem_dump.o
 .bss           0x00080450        0x0 ./shell/io.o
 .bss           0x00080450        0x0 ./shell/picow.o
 .bss           0x00080450        0x0 ./shell/elf_loader.o
 .bss           0x00080450        0x0 ./shell/printerro.o
 .bss           0x00080450      0x270 ./shell/commands.o
 .bss           0x000806c0        0x4 ./shell/decodecmd.o
 .bss           0x000806c4      0x400 ./shell/crc32.o
 .bss           0x00080ac4      0x1a5 ./shell/cmd_repeat.o
 *fill*         0x00080c69        0x3 
 .bss           0x00080c6c      0x106 ./kbd/ringbuffer.o
 *fill*         0x00080d72        0x2 
 .bss           0x00080d74        0x0 ./uarts/drv_uart0.o
 .bss           0x00080d74        0x1 ./duart/duart.o
 *fill*         0x00080d75        0x3 
 .bss           0x00080d78       0x29 ./ide/ata.o
                0x00080d78                drives
                0x00080da0                ide_bus_mode
 *fill*         0x00080da1        0x3 
 .bss           0x00080da4       0x64 ./ide/diskio.o
 .bss           0x00080e08        0x0 vectors_asm.o
 .bss           0x00080e08        0x0 trap2_asm.o
 .bss           0x00080e08        0x0 trap4_asm.o
 .bss           0x00080e08        0x0 trap12_asm.o
 .bss           0x00080e08        0x0 cpm_bios.o
 .bss           0x00080e08        0xe ../../lib/libfileio.a(ff.o)
 *fill*         0x00080e16        0x2 
 .bss           0x00080e18        0x0 ../../lib/libc68k.a(strchr.o)
 .bss           0x00080e18        0x0 ../../lib/libc68k.a(memcpy.o)
 .bss           0x00080e18       0x14 ../../lib/libc68k.a(malloc.o)
 .bss           0x00080e2c        0x0 ../../lib/libc68k.a(memcmp.o)
 .bss           0x00080e2c        0x0 ../../lib/libc68k.a(strlen.o)
 .bss           0x00080e2c        0x0 ../../lib/libc68k.a(memset.o)
 .bss           0x00080e2c        0x0 ../../lib/libc68k.a(strcat.o)
 .bss           0x00080e2c        0x0 ../../lib/libc68k.a(strcpy.o)
 .bss           0x00080e2c        0x0 ../../lib/libc68k.a(putchar.o)
 .bss           0x00080e2c        0x0 ../../lib/libc68k.a(sprintf.o)
 .bss           0x00080e2c        0x0 ../../lib/libc68k.a(printf.o)
 .bss           0x00080e2c        0x0 ../../lib/libc68k.a(__mulsi3.o)
 .bss           0x00080e2c        0x0 ../../lib/libc68k.a(__umodsi3.o)
 .bss           0x00080e2c        0x0 ../../lib/libc68k.a(__udivsi3.o)
 .bss           0x00080e2c        0x0 ../../lib/libc68k.a(strtoul.o)
 .bss           0x00080e2c        0x0 ../../lib/libc68k.a(isspace.o)
 .bss           0x00080e2c        0x0 ../../lib/libc68k.a(atoi.o)
 .bss           0x00080e2c        0x0 ../../lib/libc68k.a(strcasecmp.o)
 .bss           0x00080e2c        0x0 ../../lib/libc68k.a(puts.o)
 .bss           0x00080e2c        0x0 ../../lib/libc68k.a(strtol.o)
 .bss           0x00080e2c        0x0 ../../lib/libvideo.a(vga_video.o)
 *(COMMON)
                0x00080e2c                        . = ALIGN (0x2)
                0x00080e2c                        __bss_end = .
                0x00100000                        _stack_end = 0x100000
                0x000fe000                        _stack_start = (_stack_end - 0x2000)

/DISCARD/
 *(.comment)
 *(.note*)
 *(.align*)
LOAD ../../libc/obj/orion68_startup.o
LOAD orion68.o
LOAD vectors.o
LOAD console.o
LOAD trap12.o
LOAD timers.o
LOAD interrupt.o
LOAD ./dump/mem_dump.o
LOAD ./shell/io.o
LOAD ./shell/picow.o
LOAD ./shell/elf_loader.o
LOAD ./shell/printerro.o
LOAD ./shell/commands.o
LOAD ./shell/decodecmd.o
LOAD ./shell/crc32.o
LOAD ./shell/cmd_repeat.o
LOAD ./kbd/ringbuffer.o
LOAD ./uarts/drv_uart0.o
LOAD ./duart/duart.o
LOAD ./ide/ata.o
LOAD ./ide/diskio.o
LOAD vectors_asm.o
LOAD trap2_asm.o
LOAD trap4_asm.o
LOAD trap12_asm.o
LOAD cpm_bios.o
LOAD ../../lib/libfileio.a
LOAD ../../lib/libc68k.a
LOAD ../../lib/libvideo.a
OUTPUT(orion68.elf elf32-m68k)
