Archive member included to satisfy reference by file (symbol)

../../lib/libfileio.a(ff.o)   trap12.o (f_mount)
../../lib/libc68k.a(strchr.o)
                              ../../lib/libfileio.a(ff.o) (strchr)
../../lib/libc68k.a(memcpy.o)
                              ./shell/elf_loader.o (memcpy)
../../lib/libc68k.a(malloc.o)
                              timers.o (free)
../../lib/libc68k.a(memcmp.o)
                              ./shell/decodecmd.o (memcmp)
../../lib/libc68k.a(strlen.o)
                              ./shell/commands.o (strlen)
../../lib/libc68k.a(memset.o)
                              timers.o (memset)
../../lib/libc68k.a(strcat.o)
                              ./shell/commands.o (strcat)
../../lib/libc68k.a(strcpy.o)
                              ./shell/commands.o (strcpy)
../../lib/libc68k.a(putchar.o)
                              orion68.o (putchar)
../../lib/libc68k.a(sprintf.o)
                              ./shell/commands.o (sprintf)
../../lib/libc68k.a(printf.o)
                              ../../lib/libc68k.a(sprintf.o) (itox)
../../lib/libc68k.a(__mulsi3.o)
                              ./shell/elf_loader.o (__mulsi3)
../../lib/libc68k.a(__umodsi3.o)
                              ./shell/commands.o (__umodsi3)
../../lib/libc68k.a(__udivsi3.o)
                              ./shell/commands.o (__udivsi3)
../../lib/libc68k.a(strtoul.o)
                              ./shell/commands.o (strtoul)
../../lib/libc68k.a(isspace.o)
                              ./shell/decodecmd.o (isspace)
../../lib/libc68k.a(atoi.o)   ./shell/commands.o (atoi)
../../lib/libc68k.a(strcasecmp.o)
                              ./shell/decodecmd.o (strcasecmp)
../../lib/libc68k.a(puts.o)   ../../lib/libc68k.a(printf.o) (puts)
../../lib/libc68k.a(strtol.o)
                              ../../lib/libc68k.a(atoi.o) (strtol)
../../lib/libvideo.a(vga_video.o)
                              orion68.o (gotoxy)

Discarded input sections

 .comment       0x00000000       0x13 orion68.o
 .comment       0x00000000       0x13 vectors.o
 .comment       0x00000000       0x13 console.o
 .comment       0x00000000       0x13 trap12.o
 .comment       0x00000000       0x13 timers.o
 .comment       0x00000000       0x13 interrupt.o
 .comment       0x00000000       0x13 ./dump/mem_dump.o
 .comment       0x00000000       0x13 ./shell/io.o
 .comment       0x00000000       0x13 ./shell/picow.o
 .comment       0x00000000       0x13 ./shell/elf_loader.o
 .comment       0x00000000       0x13 ./shell/printerro.o
 .comment       0x00000000       0x13 ./shell/commands.o
 .comment       0x00000000       0x13 ./shell/decodecmd.o
 .comment       0x00000000       0x13 ./shell/crc32.o
 .comment       0x00000000       0x13 ./shell/cmd_repeat.o
 .comment       0x00000000       0x13 ./kbd/ringbuffer.o
 .comment       0x00000000       0x13 ./rtc/rp5c01a.o
 .comment       0x00000000       0x13 ./rtc/i2cbb.o
 .comment       0x00000000       0x13 ./uarts/drv_uart0.o
 .comment       0x00000000       0x13 ./duart/duart.o
 .comment       0x00000000       0x13 ./ide/ata.o
 .comment       0x00000000       0x13 ./ide/diskio.o
 .comment       0x00000000       0x13 ../../lib/libfileio.a(ff.o)
 .comment       0x00000000       0x13 ../../lib/libc68k.a(strchr.o)
 .comment       0x00000000       0x13 ../../lib/libc68k.a(memcpy.o)
 .comment       0x00000000       0x13 ../../lib/libc68k.a(malloc.o)
 .comment       0x00000000       0x13 ../../lib/libc68k.a(memcmp.o)
 .comment       0x00000000       0x13 ../../lib/libc68k.a(strlen.o)
 .comment       0x00000000       0x13 ../../lib/libc68k.a(memset.o)
 .comment       0x00000000       0x13 ../../lib/libc68k.a(strcat.o)
 .comment       0x00000000       0x13 ../../lib/libc68k.a(strcpy.o)
 .comment       0x00000000       0x13 ../../lib/libc68k.a(putchar.o)
 .comment       0x00000000       0x13 ../../lib/libc68k.a(sprintf.o)
 .comment       0x00000000       0x13 ../../lib/libc68k.a(printf.o)
 .comment       0x00000000       0x13 ../../lib/libc68k.a(__mulsi3.o)
 .comment       0x00000000       0x13 ../../lib/libc68k.a(__umodsi3.o)
 .comment       0x00000000       0x13 ../../lib/libc68k.a(__udivsi3.o)
 .comment       0x00000000       0x13 ../../lib/libc68k.a(strtoul.o)
 .comment       0x00000000       0x13 ../../lib/libc68k.a(isspace.o)
 .comment       0x00000000       0x13 ../../lib/libc68k.a(atoi.o)
 .comment       0x00000000       0x13 ../../lib/libc68k.a(strcasecmp.o)
 .comment       0x00000000       0x13 ../../lib/libc68k.a(puts.o)
 .comment       0x00000000       0x13 ../../lib/libc68k.a(strtol.o)
 .comment       0x00000000       0x13 ../../lib/libvideo.a(vga_video.o)

Memory Configuration

Name             Origin             Length             Attributes
ROM              0x00000000         0x00010000         xr
RAM              0x00080004         0x00080000         xrw
*default*        0x00000000         0xffffffff

Linker script and memory map

                0x00000000                        . = 0x0

.vectors        0x00000000        0x0
 *(.vectors)
                0x00000000                        . = ALIGN (0x400)

.text           0x00000000     0xb8de
                0x00000000                        . = ALIGN (0x2)
 *(.text*)
 .text          0x00000000      0x2c4 ../../libc/obj/orion68_startup.o
                0x000000c0                _start
                0x000001a2                UartWriteCh
                0x000001a6                UartWrCh
                0x000001ce                uart0_initialize
                0x0000021a                printString
                0x0000024c                _delay_ms
 .text          0x000002c4      0x2e0 orion68.o
                0x000002c4                executar_xmodem
                0x000002e4                clr_flg_program_loaded
                0x000002fa                set_flg_program_loaded
                0x0000030e                get_flg_program_loaded
                0x0000031a                print_msg
                0x00000356                write_string
                0x00000388                display_prompt
                0x0000040c                main
 .text          0x000005a4       0xec vectors.o
                0x000005bc                TRAP14_Handler
                0x00000666                get_system_tick
 .text          0x00000690       0x2c console.o
                0x00000690                set_console_output
                0x000006a2                set_console_input
                0x000006b4                enable_interrupts
 .text          0x000006bc      0x244 trap12.o
                0x000006bc                do_open
                0x000006f0                do_close
                0x00000704                do_read
                0x00000740                do_write
                0x0000077c                do_sync
                0x00000790                do_lseek
                0x000007b0                do_tell
                0x000007bc                do_size
                0x000007c8                do_eof
                0x000007ec                do_unlink
                0x00000800                do_rename
                0x0000081e                do_stat
                0x0000083c                do_opendir
                0x0000085a                do_readdir
                0x00000878                do_closedir
                0x0000088c                do_mkdir
                0x000008a0                do_mount
                0x000008d4                do_unmount
 .text          0x00000900      0x32a timers.o
                0x00000900                delay10ms
                0x00000922                cpu_delay
                0x0000093e                init_timer
                0x0000095e                get_tick_count
                0x00000966                add_timer
                0x000009fe                delete_timer
                0x00000a4a                start_timer
                0x00000aca                stop_timer
                0x00000afe                reset_timer
                0x00000b4c                set_interval
                0x00000b80                update_timers
 *fill*         0x00000c2a        0x2 
 .text          0x00000c2c        0x0 interrupt.o
 .text          0x00000c2c      0x278 ./dump/mem_dump.o
                0x00000c2c                dump_memory
 .text          0x00000ea4       0x54 ./shell/io.o
                0x00000ea4                get_key
                0x00000ece                _putchar_hex
 .text          0x00000ef8      0x5b4 ./shell/picow.o
                0x00000ef8                receber_arquivo_do_pico
                0x0000112a                noblk_receber_arquivo_do_pico
                0x0000124a                send_sector_low
                0x00001274                send_sector_high
                0x0000129e                send_read_cmd
                0x000012c4                read_sector
                0x00001324                get_crc
                0x0000138c                receber_setor_do_pico
                0x00001490                pico_write_ch
 .text          0x000014ac      0x322 ./shell/elf_loader.o
                0x000014ac                carregar_elf32
                0x000015ec                carregar_elf32_fatfs
 *fill*         0x000017ce        0x2 
 .text          0x000017d0       0x44 ./shell/printerro.o
                0x000017d0                printerro
 .text          0x00001814     0x1bc0 ./shell/commands.o
                0x00001888                do_help
                0x00001918                do_binfile
                0x00001a98                do_binmem
                0x00001ba4                do_copyfile
                0x00001d58                do_cat
                0x00001e90                do_cd
                0x00001eb8                do_delete
                0x00001ee4                do_dump
                0x00001f36                do_exit
                0x00001f5c                do_ideinit
                0x00001fa0                do_idemode
                0x00001ff2                do_ls
                0x000021c4                do_load_basic
                0x000022fa                do_loadmem
                0x00002438                do_mkdir_shel
                0x00002520                do_notimplemented
                0x00002532                do_rename_shel
                0x00002588                do_rmdir
                0x00002698                do_runelf_fromhd
                0x000026c6                do_runelf
                0x00002702                do_run
                0x0000272e                do_save
                0x00002896                do_save2
                0x00002a88                do_save_basic
                0x00002c04                do_shst
                0x00002c1e                do_time
                0x00002d06                do_tstkbd
                0x00002f22                do_uptime
                0x00002ff6                do_writemem
                0x00003210                do_writemem1
                0x0000331c                do_srecord
 .text          0x000033d4      0xade ./shell/decodecmd.o
                0x000033d4                getline
                0x000036aa                process_command_builtin
                0x00003812                load_elf_executable
                0x00003b4a                open_executable_file
                0x00003c4a                process_command_executable
                0x00003d52                process_command
                0x00003d96                execute_cmd
 *fill*         0x00003eb2        0x2 
 .text          0x00003eb4       0xfc ./shell/crc32.o
                0x00003eb4                crc32_init
                0x00003f26                crc32_update
                0x00003f98                crc32_calculate
 .text          0x00003fb0      0x4d4 ./shell/cmd_repeat.o
                0x00003fb0                hist_add
                0x00004432                keyboard_handler
 .text          0x00004484      0x132 ./kbd/ringbuffer.o
                0x00004484                ring_buf_init
                0x000044ac                ring_buf_get
                0x000044e8                ring_buf_put
                0x00004548                ring_buf_is_empty
                0x00004564                ring_buf_is_full
                0x0000458e                ring_buf_get_char
 *fill*         0x000045b6        0x2 
 .text          0x000045b8      0x556 ./rtc/rp5c01a.o
                0x000045ec                get_fattime
                0x000047a4                set_rtc_time
                0x000049ac                rtc_delay
                0x000049cc                rtc_write_config_byte
                0x00004a08                rtc_read_config_byte
                0x00004a3e                ler_segundo
                0x00004a76                rtc_inicializar
 *fill*         0x00004b0e        0x2 
 .text          0x00004b10      0x500 ./rtc/i2cbb.o
                0x00004b82                i2c_start
                0x00004ba2                i2c_stop
                0x00004bba                i2c_write_byte
                0x00004c1e                i2c_read_byte
                0x00004d16                ds3231_read_time
                0x00004e24                ds3231_set_time
                0x00004f42                eeprom_write_byte
                0x00004fa6                eeprom_read_byte
 .text          0x00005010      0x248 ./uarts/drv_uart0.o
                0x00005010                uart0_debug_char
                0x00005042                uart0_init
                0x00005082                uart0_write
                0x000050c0                uart0_read
                0x000050f8                uart0_read_timeout
                0x0000515c                _inbyte
                0x000051dc                _outbyte
                0x0000521a                uart0_write_string
                0x0000524a                uart0_flush
 .text          0x00005258      0x160 ./duart/duart.o
                0x00005278                duart_init_canal_a
                0x000052ea                duart_putc
                0x00005320                duart_getc
                0x00005342                duart_opr_init
                0x0000535a                duart_led_op3_on
                0x00005376                duart_led_op3_off
                0x00005392                duart_led_op3_toggle
 .text          0x000053b8      0x892 ./ide/ata.o
                0x000053cc                set_ide_bus_mode
                0x0000540c                go_8bits_mode
                0x00005482                ata_detect
                0x00005540                ata_read_sector
                0x000056f4                ata_write_sector
                0x000058a8                read_partition_table
                0x00005992                ata_init
                0x00005a24                ata_disk_status
                0x00005a34                ata_disk_initialize
                0x00005a44                ata_wait_not_busy
                0x00005a86                ata_wait_for_data
                0x00005ac8                ata_read_identity
 *fill*         0x00005c4a        0x2 
 .text          0x00005c4c      0x220 ./ide/diskio.o
                0x00005c4c                disk_status
                0x00005c64                disk_initialize
                0x00005c7a                disk_read
                0x00005cf8                disk_write
                0x00005d76                disk_ioctl
 .text          0x00005e6c      0x24e vectors_asm.o
                0x00005e6c                SvcBusError
                0x00005e6c                Svcaddress_err
                0x00005e74                TrapFHandler
                0x00005e74                SpuriousHandler
                0x00005e74                SvcTrace
                0x00005e74                TrapBHandler
                0x00005e74                Int1Handler
                0x00005e74                TrapAHandler
                0x00005e74                SvcChkIns
                0x00005e74                Trap9Handler
                0x00005e74                Int5Handler
                0x00005e74                SvcDiv0_handler
                0x00005e74                Int7Handler
                0x00005e74                SvcIllegalIns
                0x00005e74                SvcLineA
                0x00005e74                SvcPrivViolation
                0x00005e74                Trap8Handler
                0x00005e74                Int6Handler
                0x00005e74                bad_exception
                0x00005e74                Trap3Handler
                0x00005e74                Trap7Handler
                0x00005e74                Trap0Handler
                0x00005e74                SvcLineF
                0x00005e74                SvcTrapvIns
                0x00005e74                Trap5Handler
                0x00005e74                Trap6Handler
                0x00005e76                TrapDHandler
                0x00005e78                Int2Handler
                0x00005ecc                Int3Handler
                0x00005eec                Int4Handler
                0x00005eee                Trap1Handler
                0x00005f3e                Trap2Handler
                0x00005fc8                Trap4Handler
                0x00005ff2                TrapCHandler
                0x000060a4                TrapEHandler
 *fill*         0x000060ba        0x2 
 .text          0x000060bc      0x2ea trap2_asm.o
                0x000060d8                vid_writechar
                0x000060e6                vid_gotoxy
                0x0000610a                vid_clrscr
                0x0000611a                vid_gohome
                0x0000612a                vid_setcolor
                0x00006138                vid_drawVLine
                0x0000616a                vid_drawHLine
                0x0000619c                vid_drawLine
                0x000061d8                vid_drawCircle
                0x00006204                vid_drawCircleHelper
                0x00006234                vid_fillCircle
                0x00006260                vid_fillCircleHelper
                0x00006294                vid_drawRoundRect
                0x000062d4                vid_fillRoundRect
                0x00006314                vid_fillRect
                0x00006350                vid_fillTri
 *fill*         0x000063a6        0x2 
 .text          0x000063a8       0x38 trap4_asm.o
                0x000063a8                rtc_ds3231_read_time
                0x000063b2                rtc_ds3231_set_time
                0x000063c0                rtc_eeprom_read_byte
                0x000063ca                rtc_eeprom_write_byte
 .text          0x000063e0      0x252 trap12_asm.o
                0x000063e0                file_open
                0x000063fe                file_close
                0x00006418                file_read
                0x00006438                file_write
                0x00006458                file_sync
                0x00006472                file_lseek
                0x0000648e                file_unlink
                0x000064a8                file_tell
                0x000064c2                file_size
                0x000064dc                file_eof
                0x000064f6                file_rename
                0x00006512                file_stat
                0x0000652e                file_opendir
                0x0000654a                file_readdir
                0x00006566                file_closedir
                0x00006580                file_mkdir
                0x0000659a                file_mount
                0x000065b8                file_unmount
                0x000065d2                file_list
                0x000065ec                file_save
                0x0000660c                file_load
 *fill*         0x00006632        0x2 
 .text          0x00006634       0x90 cpm_bios.o
                0x00006634                bios_entry
                0x00006674                bios_const
                0x0000668a                bios_conin
                0x000066a8                bios_conout
                0x000066be                bios_init
 .text          0x000066c4     0x27da ../../lib/libfileio.a(ff.o)
                0x00007918                f_mount
                0x0000799a                f_open
                0x00007c3e                f_read
                0x00007e4c                f_write
                0x000080aa                f_sync
                0x000081ac                f_close
                0x000081de                f_chdrive
                0x00008202                f_chdir
                0x00008282                f_getcwd
                0x0000843c                f_lseek
                0x00008664                f_opendir
                0x00008700                f_closedir
                0x00008720                f_readdir
                0x000087ac                f_stat
                0x0000881e                f_getfree
                0x00008936                f_truncate
                0x00008a4c                f_unlink
                0x00008b5a                f_mkdir
                0x00008d06                f_rename
 *fill*         0x00008e9e        0x2 
 .text          0x00008ea0       0x1c ../../lib/libc68k.a(strchr.o)
                0x00008ea0                strchr
 .text          0x00008ebc       0x1e ../../lib/libc68k.a(memcpy.o)
                0x00008ebc                memcpy
 *fill*         0x00008eda        0x2 
 .text          0x00008edc      0x360 ../../lib/libc68k.a(malloc.o)
                0x00009090                malloc_init
                0x00009106                free
                0x00009152                malloc
                0x00009166                calloc
                0x000091c6                malloc_num_free
                0x000091e0                malloc_num_used
                0x000091fc                malloc_num_fresh
                0x00009218                malloc_check
 .text          0x0000923c       0x3c ../../lib/libc68k.a(memcmp.o)
                0x0000923c                memcmp
 .text          0x00009278       0x12 ../../lib/libc68k.a(strlen.o)
                0x00009278                strlen
 *fill*         0x0000928a        0x2 
 .text          0x0000928c       0x16 ../../lib/libc68k.a(memset.o)
                0x0000928c                memset
 *fill*         0x000092a2        0x2 
 .text          0x000092a4       0x26 ../../lib/libc68k.a(strcat.o)
                0x000092a4                strcat
 *fill*         0x000092ca        0x2 
 .text          0x000092cc       0x18 ../../lib/libc68k.a(strcpy.o)
                0x000092cc                strcpy
 .text          0x000092e4       0x2a ../../lib/libc68k.a(putchar.o)
                0x000092e4                kbd_getchar
                0x000092f4                putchar
 *fill*         0x0000930e        0x2 
 .text          0x00009310      0x206 ../../lib/libc68k.a(sprintf.o)
                0x00009310                sprintf
 *fill*         0x00009516        0x2 
 .text          0x00009518      0x3a6 ../../lib/libc68k.a(printf.o)
                0x00009518                itox
                0x00009562                itodec
                0x000095c0                itooct
                0x00009606                itoudec
                0x00009658                pad_zeros
                0x0000969c                printf
 *fill*         0x000098be        0x2 
 .text          0x000098c0       0x36 ../../lib/libc68k.a(__mulsi3.o)
                0x000098c0                __mulsi3
 *fill*         0x000098f6        0x2 
 .text          0x000098f8       0x2c ../../lib/libc68k.a(__umodsi3.o)
                0x000098f8                __umodsi3
 .text          0x00009924       0x3a ../../lib/libc68k.a(__udivsi3.o)
                0x00009924                __udivsi3
 *fill*         0x0000995e        0x2 
 .text          0x00009960      0x148 ../../lib/libc68k.a(strtoul.o)
                0x00009960                strtoul
 .text          0x00009aa8        0xc ../../lib/libc68k.a(isspace.o)
                0x00009aa8                isspace
 .text          0x00009ab4       0x16 ../../lib/libc68k.a(atoi.o)
                0x00009ab4                atoi
 *fill*         0x00009aca        0x2 
 .text          0x00009acc       0x54 ../../lib/libc68k.a(strcasecmp.o)
                0x00009acc                strcasecmp
 .text          0x00009b20       0x26 ../../lib/libc68k.a(puts.o)
                0x00009b20                puts
 *fill*         0x00009b46        0x2 
 .text          0x00009b48       0x32 ../../lib/libc68k.a(strtol.o)
                0x00009b48                strtol
 *fill*         0x00009b7a        0x2 
 .text          0x00009b7c       0x3c ../../lib/libvideo.a(vga_video.o)
                0x00009b7c                run_cmd
                0x00009b7e                gotoxy
                0x00009b90                gohome
                0x00009b96                setcolor
                0x00009bb2                clrscr
 *(.rodata)
 .rodata        0x00009bb8      0x1e8 orion68.o
                0x00009bec                MsgOrionInit
 .rodata        0x00009da0       0x51 vectors.o
 .rodata        0x00009df1      0x1c5 ./dump/mem_dump.o
 .rodata        0x00009fb6        0x5 ./shell/io.o
 .rodata        0x00009fbb      0x150 ./shell/picow.o
 .rodata        0x0000a10b      0x2fa ./shell/printerro.o
 .rodata        0x0000a405      0x9b7 ./shell/commands.o
 .rodata        0x0000adbc      0x7da ./shell/decodecmd.o
                0x0000adbc                g_elf_header_bytes
                0x0000b17e                g_cmd_table
 .rodata        0x0000b596       0x48 ./rtc/rp5c01a.o
 .rodata        0x0000b5de       0x2d ./uarts/drv_uart0.o
 .rodata        0x0000b60b       0x11 ./duart/duart.o
 .rodata        0x0000b61c      0x1ec ./ide/ata.o
 .rodata        0x0000b808       0x2d ./ide/diskio.o
 .rodata        0x0000b835       0x80 ../../lib/libfileio.a(ff.o)
 *fill*         0x0000b8b5        0x1 
 .rodata        0x0000b8b6       0x28 ../../lib/libc68k.a(printf.o)
                0x0000b8de                        . = ALIGN (0x2)

.rodata         0x0000b8de       0x38
                0x0000b8de                        . = ALIGN (0x2)
 *(.rodata*)
 .rodata.str1.1
                0x0000b8de       0x38 ../../lib/libfileio.a(ff.o)
                                 0x18 (size before relaxing)
 .rodata.str1.1
                0x0000b916        0xf ../../lib/libc68k.a(sprintf.o)
 .rodata.str1.1
                0x0000b916       0x20 ../../lib/libc68k.a(printf.o)
                0x0000b936                        . = ALIGN (0x2)

.data           0x00080004       0x60 load address 0x0000b916
                0x00080004                        . = ALIGN (0x2)
                0x00080004                        __data_start = .
 *(.data*)
 .data          0x00080004        0x0 ../../libc/obj/orion68_startup.o
 .data          0x00080004        0x0 orion68.o
 .data          0x00080004        0x0 vectors.o
 .data          0x00080004        0x0 console.o
 .data          0x00080004        0x0 trap12.o
 .data          0x00080004        0x0 timers.o
 .data          0x00080004        0x0 interrupt.o
 .data          0x00080004        0x0 ./dump/mem_dump.o
 .data          0x00080004        0x0 ./shell/io.o
 .data          0x00080004        0x0 ./shell/picow.o
 .data          0x00080004        0x0 ./shell/elf_loader.o
 .data          0x00080004       0x50 ./shell/printerro.o
 .data          0x00080054        0x0 ./shell/commands.o
 .data          0x00080054        0x8 ./shell/decodecmd.o
 .data          0x0008005c        0x0 ./shell/crc32.o
 .data          0x0008005c        0x1 ./shell/cmd_repeat.o
 *fill*         0x0008005d        0x3 
 .data          0x00080060        0x4 ./kbd/ringbuffer.o
 .data          0x00080064        0x0 ./rtc/rp5c01a.o
 .data          0x00080064        0x0 ./rtc/i2cbb.o
 .data          0x00080064        0x0 ./uarts/drv_uart0.o
 .data          0x00080064        0x0 ./duart/duart.o
 .data          0x00080064        0x0 ./ide/ata.o
 .data          0x00080064        0x0 ./ide/diskio.o
 .data          0x00080064        0x0 vectors_asm.o
 .data          0x00080064        0x0 trap2_asm.o
 .data          0x00080064        0x0 trap4_asm.o
 .data          0x00080064        0x0 trap12_asm.o
 .data          0x00080064        0x0 cpm_bios.o
 .data          0x00080064        0x0 ../../lib/libfileio.a(ff.o)
 .data          0x00080064        0x0 ../../lib/libc68k.a(strchr.o)
 .data          0x00080064        0x0 ../../lib/libc68k.a(memcpy.o)
 .data          0x00080064        0x0 ../../lib/libc68k.a(malloc.o)
 .data          0x00080064        0x0 ../../lib/libc68k.a(memcmp.o)
 .data          0x00080064        0x0 ../../lib/libc68k.a(strlen.o)
 .data          0x00080064        0x0 ../../lib/libc68k.a(memset.o)
 .data          0x00080064        0x0 ../../lib/libc68k.a(strcat.o)
 .data          0x00080064        0x0 ../../lib/libc68k.a(strcpy.o)
 .data          0x00080064        0x0 ../../lib/libc68k.a(putchar.o)
 .data          0x00080064        0x0 ../../lib/libc68k.a(sprintf.o)
 .data          0x00080064        0x0 ../../lib/libc68k.a(printf.o)
 .data          0x00080064        0x0 ../../lib/libc68k.a(__mulsi3.o)
 .data          0x00080064        0x0 ../../lib/libc68k.a(__umodsi3.o)
 .data          0x00080064        0x0 ../../lib/libc68k.a(__udivsi3.o)
 .data          0x00080064        0x0 ../../lib/libc68k.a(strtoul.o)
 .data          0x00080064        0x0 ../../lib/libc68k.a(isspace.o)
 .data          0x00080064        0x0 ../../lib/libc68k.a(atoi.o)
 .data          0x00080064        0x0 ../../lib/libc68k.a(strcasecmp.o)
 .data          0x00080064        0x0 ../../lib/libc68k.a(puts.o)
 .data          0x00080064        0x0 ../../lib/libc68k.a(strtol.o)
 .data          0x00080064        0x0 ../../lib/libvideo.a(vga_video.o)
                0x00080064                        . = ALIGN (0x2)
                0x00080064                        __data_end = .

.mram           0x00080064        0xc load address 0x0000b976
 *(?.mram)
 .mram          0x00080064        0xc orion68.o
                0x00080064                systemTick
                0x00080068                tick_count
                0x0008006c                flg_system
                0x0000b916                        __data_load_start = LOADADDR (.data)

.bss            0x00080070      0xdc4 load address 0x0000b976
                0x00080070                        . = ALIGN (0x2)
                0x00080070                        __bss_start = .
 *(.bss*)
 .bss           0x00080070        0x0 ../../libc/obj/orion68_startup.o
 .bss           0x00080070      0x3bc orion68.o
                0x00080070                sys_flags
                0x00080072                FatFs
                0x000802ac                g_cmd_buffer
                0x0008032c                buffer
                0x000803ac                syspath
 .bss           0x0008042c        0x0 vectors.o
 .bss           0x0008042c        0x8 console.o
                0x0008042c                cconin
                0x00080430                cconout
 .bss           0x00080434        0x0 trap12.o
 .bss           0x00080434       0x1c timers.o
                0x00080434                g_timers
                0x00080448                g_tick_count
 .bss           0x00080450        0x0 interrupt.o
 .bss           0x00080450        0x0 ./dump/mem_dump.o
 .bss           0x00080450        0x0 ./shell/io.o
 .bss           0x00080450        0x0 ./shell/picow.o
 .bss           0x00080450        0x0 ./shell/elf_loader.o
 .bss           0x00080450        0x0 ./shell/printerro.o
 .bss           0x00080450      0x270 ./shell/commands.o
 .bss           0x000806c0        0x4 ./shell/decodecmd.o
 .bss           0x000806c4      0x400 ./shell/crc32.o
 .bss           0x00080ac4      0x1a5 ./shell/cmd_repeat.o
 *fill*         0x00080c69        0x3 
 .bss           0x00080c6c      0x106 ./kbd/ringbuffer.o
 *fill*         0x00080d72        0x2 
 .bss           0x00080d74        0x0 ./rtc/rp5c01a.o
 .bss           0x00080d74        0x7 ./rtc/i2cbb.o
                0x00080d74                t
                0x00080d7a                data
 *fill*         0x00080d7b        0x1 
 .bss           0x00080d7c        0x0 ./uarts/drv_uart0.o
 .bss           0x00080d7c        0x1 ./duart/duart.o
 *fill*         0x00080d7d        0x3 
 .bss           0x00080d80       0x29 ./ide/ata.o
                0x00080d80                drives
                0x00080da8                ide_bus_mode
 *fill*         0x00080da9        0x3 
 .bss           0x00080dac       0x64 ./ide/diskio.o
 .bss           0x00080e10        0x0 vectors_asm.o
 .bss           0x00080e10        0x0 trap2_asm.o
 .bss           0x00080e10        0x0 trap4_asm.o
 .bss           0x00080e10        0x0 trap12_asm.o
 .bss           0x00080e10        0x0 cpm_bios.o
 .bss           0x00080e10        0xe ../../lib/libfileio.a(ff.o)
 *fill*         0x00080e1e        0x2 
 .bss           0x00080e20        0x0 ../../lib/libc68k.a(strchr.o)
 .bss           0x00080e20        0x0 ../../lib/libc68k.a(memcpy.o)
 .bss           0x00080e20       0x14 ../../lib/libc68k.a(malloc.o)
 .bss           0x00080e34        0x0 ../../lib/libc68k.a(memcmp.o)
 .bss           0x00080e34        0x0 ../../lib/libc68k.a(strlen.o)
 .bss           0x00080e34        0x0 ../../lib/libc68k.a(memset.o)
 .bss           0x00080e34        0x0 ../../lib/libc68k.a(strcat.o)
 .bss           0x00080e34        0x0 ../../lib/libc68k.a(strcpy.o)
 .bss           0x00080e34        0x0 ../../lib/libc68k.a(putchar.o)
 .bss           0x00080e34        0x0 ../../lib/libc68k.a(sprintf.o)
 .bss           0x00080e34        0x0 ../../lib/libc68k.a(printf.o)
 .bss           0x00080e34        0x0 ../../lib/libc68k.a(__mulsi3.o)
 .bss           0x00080e34        0x0 ../../lib/libc68k.a(__umodsi3.o)
 .bss           0x00080e34        0x0 ../../lib/libc68k.a(__udivsi3.o)
 .bss           0x00080e34        0x0 ../../lib/libc68k.a(strtoul.o)
 .bss           0x00080e34        0x0 ../../lib/libc68k.a(isspace.o)
 .bss           0x00080e34        0x0 ../../lib/libc68k.a(atoi.o)
 .bss           0x00080e34        0x0 ../../lib/libc68k.a(strcasecmp.o)
 .bss           0x00080e34        0x0 ../../lib/libc68k.a(puts.o)
 .bss           0x00080e34        0x0 ../../lib/libc68k.a(strtol.o)
 .bss           0x00080e34        0x0 ../../lib/libvideo.a(vga_video.o)
 *(COMMON)
                0x00080e34                        . = ALIGN (0x2)
                0x00080e34                        __bss_end = .
                0x00100000                        _stack_end = 0x100000
                0x000fe000                        _stack_start = (_stack_end - 0x2000)

/DISCARD/
 *(.comment)
 *(.note*)
 *(.align*)
LOAD ../../libc/obj/orion68_startup.o
LOAD orion68.o
LOAD vectors.o
LOAD console.o
LOAD trap12.o
LOAD timers.o
LOAD interrupt.o
LOAD ./dump/mem_dump.o
LOAD ./shell/io.o
LOAD ./shell/picow.o
LOAD ./shell/elf_loader.o
LOAD ./shell/printerro.o
LOAD ./shell/commands.o
LOAD ./shell/decodecmd.o
LOAD ./shell/crc32.o
LOAD ./shell/cmd_repeat.o
LOAD ./kbd/ringbuffer.o
LOAD ./rtc/rp5c01a.o
LOAD ./rtc/i2cbb.o
LOAD ./uarts/drv_uart0.o
LOAD ./duart/duart.o
LOAD ./ide/ata.o
LOAD ./ide/diskio.o
LOAD vectors_asm.o
LOAD trap2_asm.o
LOAD trap4_asm.o
LOAD trap12_asm.o
LOAD cpm_bios.o
LOAD ../../lib/libfileio.a
LOAD ../../lib/libc68k.a
LOAD ../../lib/libvideo.a
OUTPUT(orion68.elf elf32-m68k)
