Archive member included to satisfy reference by file (symbol)

../../lib/libc68k.a(strchr.o)
                              ./fatfs/ff.o (strchr)
../../lib/libc68k.a(memcpy.o)
                              ./shell/elf_loader.o (memcpy)
../../lib/libc68k.a(malloc.o)
                              ./shell/commands.o (free)
../../lib/libc68k.a(memcmp.o)
                              ./shell/decodecmd.o (memcmp)
../../lib/libc68k.a(strlen.o)
                              ./shell/commands.o (strlen)
../../lib/libc68k.a(memset.o)
                              ./shell/elf_loader.o (memset)
../../lib/libc68k.a(strcat.o)
                              ./shell/commands.o (strcat)
../../lib/libc68k.a(strcpy.o)
                              ./shell/commands.o (strcpy)
../../lib/libc68k.a(putchar.o)
                              ./shell/commands.o (putchar)
../../lib/libc68k.a(sprintf.o)
                              ./shell/commands.o (sprintf)
../../lib/libc68k.a(printf.o)
                              ../../lib/libc68k.a(sprintf.o) (itox)
../../lib/libc68k.a(__mulsi3.o)
                              ./shell/elf_loader.o (__mulsi3)
../../lib/libc68k.a(__umodsi3.o)
                              ./shell/commands.o (__umodsi3)
../../lib/libc68k.a(__udivsi3.o)
                              ./shell/commands.o (__udivsi3)
../../lib/libc68k.a(strtoul.o)
                              ./shell/commands.o (strtoul)
../../lib/libc68k.a(isspace.o)
                              ./shell/decodecmd.o (isspace)
../../lib/libc68k.a(atoi.o)   ./shell/commands.o (atoi)
../../lib/libc68k.a(strcasecmp.o)
                              ./shell/decodecmd.o (strcasecmp)
../../lib/libc68k.a(puts.o)   ../../lib/libc68k.a(printf.o) (puts)
../../lib/libc68k.a(strtol.o)
                              ../../lib/libc68k.a(atoi.o) (strtol)

Discarded input sections

 .comment       0x00000000       0x13 orion68.o
 .comment       0x00000000       0x13 vectors.o
 .comment       0x00000000       0x13 console.o
 .comment       0x00000000       0x13 ./dump/mem_dump.o
 .comment       0x00000000       0x13 ./shell/io.o
 .comment       0x00000000       0x13 ./shell/picow.o
 .comment       0x00000000       0x13 ./shell/elf_loader.o
 .comment       0x00000000       0x13 ./shell/printerro.o
 .comment       0x00000000       0x13 ./shell/commands.o
 .comment       0x00000000       0x13 ./shell/decodecmd.o
 .comment       0x00000000       0x13 ./shell/crc32.o
 .comment       0x00000000       0x13 ./shell/cmd_repeat.o
 .comment       0x00000000       0x13 ./kbd/drv_kbd.o
 .comment       0x00000000       0x13 ./kbd/ringbuffer.o
 .comment       0x00000000       0x13 ./rtc/rp5c01a.o
 .comment       0x00000000       0x13 ./picoVga/drv_picoVga.o
 .comment       0x00000000       0x13 ./uarts/drv_uart0.o
 .comment       0x00000000       0x13 ./ide/ata.o
 .comment       0x00000000       0x13 ./fatfs/ff.o
 .comment       0x00000000       0x13 ./fatfs/ffsystem.o
 .comment       0x00000000       0x13 ./fatfs/diskio.o
 .comment       0x00000000       0x13 ./tst_fat/tstfat.o
 .comment       0x00000000       0x13 timers.o
 .comment       0x00000000       0x13 interrupt.o
 .comment       0x00000000       0x13 ../../lib/libc68k.a(strchr.o)
 .comment       0x00000000       0x13 ../../lib/libc68k.a(memcpy.o)
 .comment       0x00000000       0x13 ../../lib/libc68k.a(malloc.o)
 .comment       0x00000000       0x13 ../../lib/libc68k.a(memcmp.o)
 .comment       0x00000000       0x13 ../../lib/libc68k.a(strlen.o)
 .comment       0x00000000       0x13 ../../lib/libc68k.a(memset.o)
 .comment       0x00000000       0x13 ../../lib/libc68k.a(strcat.o)
 .comment       0x00000000       0x13 ../../lib/libc68k.a(strcpy.o)
 .comment       0x00000000       0x13 ../../lib/libc68k.a(putchar.o)
 .comment       0x00000000       0x13 ../../lib/libc68k.a(sprintf.o)
 .comment       0x00000000       0x13 ../../lib/libc68k.a(printf.o)
 .comment       0x00000000       0x13 ../../lib/libc68k.a(__mulsi3.o)
 .comment       0x00000000       0x13 ../../lib/libc68k.a(__umodsi3.o)
 .comment       0x00000000       0x13 ../../lib/libc68k.a(__udivsi3.o)
 .comment       0x00000000       0x13 ../../lib/libc68k.a(strtoul.o)
 .comment       0x00000000       0x13 ../../lib/libc68k.a(isspace.o)
 .comment       0x00000000       0x13 ../../lib/libc68k.a(atoi.o)
 .comment       0x00000000       0x13 ../../lib/libc68k.a(strcasecmp.o)
 .comment       0x00000000       0x13 ../../lib/libc68k.a(puts.o)
 .comment       0x00000000       0x13 ../../lib/libc68k.a(strtol.o)

Memory Configuration

Name             Origin             Length             Attributes
ROM              0x00000000         0x00010000         xr
RAM              0x00080004         0x00080000         xrw
*default*        0x00000000         0xffffffff

Linker script and memory map

                0x00000000                        . = 0x0

.vectors        0x00000000        0x0
 *(.vectors)
                0x00000000                        . = ALIGN (0x400)

.text           0x00000000     0xd062
                0x00000000                        . = ALIGN (0x2)
 *(.text*)
 .text          0x00000000      0x252 ../../obj/orion68_startup.o
                0x000000c0                _start
                0x0000015e                UartWrCh
                0x00000186                uart0_initialize
                0x00000200                _delay_ms
 *fill*         0x00000252        0x2 
 .text          0x00000254      0x220 orion68.o
                0x00000254                executar_xmodem
                0x00000274                clr_flg_program_loaded
                0x0000028a                set_flg_program_loaded
                0x0000029e                get_flg_program_loaded
                0x000002aa                print_msg
                0x000002e6                write_string
                0x00000318                display_prompt
                0x0000039c                main
 .text          0x00000474       0xec vectors.o
                0x0000048c                TRAP14_Handler
                0x00000536                get_system_tick
 .text          0x00000560       0x2c console.o
                0x00000560                set_console_output
                0x00000572                set_console_input
                0x00000584                enable_interrupts
 .text          0x0000058c      0x66a ./dump/mem_dump.o
                0x0000058c                dump_memory
                0x0000080a                dump_memory2
                0x00000a8e                dump_memory_by_addr
 *fill*         0x00000bf6        0x2 
 .text          0x00000bf8       0x54 ./shell/io.o
                0x00000bf8                get_key
                0x00000c22                _putchar_hex
 .text          0x00000c4c      0x412 ./shell/picow.o
                0x00000c4c                receber_arquivo_do_pico
                0x00000ebc                send_sector_low
                0x00000ee6                send_sector_high
                0x00000f10                send_read_cmd
                0x00000f36                read_sector
                0x00000f96                receber_setor_do_pico
 *fill*         0x0000105e        0x2 
 .text          0x00001060      0x322 ./shell/elf_loader.o
                0x00001060                carregar_elf32
                0x000011a0                carregar_elf32_fatfs
 *fill*         0x00001382        0x2 
 .text          0x00001384       0x44 ./shell/printerro.o
                0x00001384                printerro
 .text          0x000013c8     0x1564 ./shell/commands.o
                0x00001438                do_help
                0x000014c8                do_notimplemented
                0x000014da                do_runelf_fromhd
                0x00001508                do_runelf
                0x00001544                do_dump
                0x00001596                serial_has_char
                0x0000159a                do_srecord
                0x00001652                do_binfile
                0x000017d2                do_binmem
                0x000018de                do_ideinit
                0x00001922                do_idemode
                0x00001974                do_run
                0x000019a0                do_writemem
                0x00001bba                do_ls
                0x00001dea                do_delete
                0x00001e16                do_exit
                0x00001e3c                do_mkdir
                0x00001f24                do_rmdir
                0x00002034                do_rename
                0x0000208a                do_cd
                0x000020b2                do_dir
                0x000020bc                do_shst
                0x000020d6                do_loadmem
                0x00002214                do_copyfile
                0x000023c8                do_cat
                0x00002500                do_time
                0x000025e8                do_tstkbd
                0x000026e0                do_uptime
                0x000027b4                do_ehbasic
                0x000027b8                do_readsect
                0x000027ec                do_writesect
                0x00002820                do_writemem1
 .text          0x0000292c      0xc3e ./shell/decodecmd.o
                0x0000292c                getline
                0x00002c02                process_command_builtin
                0x00002d6a                load_elf_executable
                0x00003162                open_executable_file
                0x00003286                process_command_executable
                0x0000340a                process_command
                0x0000344e                execute_cmd
 *fill*         0x0000356a        0x2 
 .text          0x0000356c       0xfc ./shell/crc32.o
                0x0000356c                crc32_init
                0x000035de                crc32_update
                0x00003650                crc32_calculate
 .text          0x00003668      0x4d4 ./shell/cmd_repeat.o
                0x00003668                hist_add
                0x00003aea                keyboard_handler
 .text          0x00003b3c      0x78c ./kbd/drv_kbd.o
                0x00003b9a                liga_debug
                0x00003bb2                init_kbd
                0x00003e50                get_packet
                0x000040ae                get_kbd_key
                0x000041d0                ch9350_shut_up
                0x000041de                get_char
                0x000042a6                print_capslock
 .text          0x000042c8      0x10a ./kbd/ringbuffer.o
                0x000042c8                ring_buf_init
                0x000042f0                ring_buf_get
                0x0000432c                ring_buf_put
                0x0000438c                ring_buf_is_empty
                0x000043a8                ring_buf_is_full
 *fill*         0x000043d2        0x2 
 .text          0x000043d4      0x556 ./rtc/rp5c01a.o
                0x00004408                get_fattime
                0x000045c0                set_rtc_time
                0x000047c8                rtc_delay
                0x000047e8                rtc_write_config_byte
                0x00004824                rtc_read_config_byte
                0x0000485a                ler_segundo
                0x00004892                rtc_inicializar
 *fill*         0x0000492a        0x2 
 .text          0x0000492c      0x15a ./picoVga/drv_picoVga.o
                0x0000492c                init_picoVga
                0x00004930                run_cmd
                0x00004958                picovga_putchar
                0x0000499c                picovga_gotoxy
                0x00004a12                picovga_gohome
                0x00004a20                picovga_set_color
                0x00004a6c                clrscr
 *fill*         0x00004a86        0x2 
 .text          0x00004a88      0x248 ./uarts/drv_uart0.o
                0x00004a88                uart0_debug_char
                0x00004aba                uart0_init
                0x00004afa                uart0_write
                0x00004b38                uart0_read
                0x00004b70                uart0_read_timeout
                0x00004bd4                _inbyte
                0x00004c54                _outbyte
                0x00004c92                uart0_write_string
                0x00004cc2                uart0_flush
 .text          0x00004cd0      0x6e6 ./ide/ata.o
                0x00004ce4                set_ide_bus_mode
                0x00004d24                go_8bits_mode
                0x00004d9a                ata_detect
                0x00004e58                ata_read_sector
                0x0000500c                ata_write_sector
                0x00005014                read_partition_table
                0x000050fe                ata_init
                0x00005190                ata_disk_status
                0x000051a0                ata_disk_initialize
                0x000051b0                ata_wait_not_busy
                0x000051f2                ata_wait_for_data
                0x00005234                ata_read_identity
 *fill*         0x000053b6        0x2 
 .text          0x000053b8     0x412e ./fatfs/ff.o
                0x00007520                f_mount
                0x000075de                f_open
                0x000079be                f_read
                0x00007d42                f_write
                0x00008160                f_sync
                0x000082b8                f_close
                0x000082ee                f_chdrive
                0x00008312                f_chdir
                0x000083b6                f_getcwd
                0x00008604                f_lseek
                0x00008988                f_opendir
                0x00008a5c                f_closedir
                0x00008a82                f_readdir
                0x00008b22                f_stat
                0x00008b9c                f_getfree
                0x00008d44                f_truncate
                0x00008ef2                f_unlink
                0x00009050                f_mkdir
                0x00009292                f_rename
 *fill*         0x000094e6        0x2 
 .text          0x000094e8        0x0 ./fatfs/ffsystem.o
 .text          0x000094e8      0x220 ./fatfs/diskio.o
                0x000094e8                disk_status
                0x00009500                disk_initialize
                0x00009516                disk_read
                0x00009594                disk_write
                0x00009612                disk_ioctl
 .text          0x00009708      0x44e ./tst_fat/tstfat.o
                0x00009708                listar_diretorio_raiz
                0x000098c4                open_dir
                0x0000997e                ler_e_exibir_joblog
                0x00009b0c                le_setor
                0x00009b3a                wr_setor
 *fill*         0x00009b56        0x2 
 .text          0x00009b58      0x32a timers.o
                0x00009b58                delay10ms
                0x00009b7a                cpu_delay
                0x00009b96                init_timer
                0x00009bb6                get_tick_count
                0x00009bbe                add_timer
                0x00009c56                delete_timer
                0x00009ca2                start_timer
                0x00009d22                stop_timer
                0x00009d56                reset_timer
                0x00009da4                set_interval
                0x00009dd8                update_timers
 *fill*         0x00009e82        0x2 
 .text          0x00009e84        0x0 interrupt.o
 .text          0x00009e84      0x168 ./xmodem/xmodem_asm.o
                0x00009ec2                xmodem_receive
 .text          0x00009fec       0x9c vectors_asm.o
                0x00009fec                SvcBusError
                0x00009fec                TrapFHandler
                0x00009fec                SpuriousHandler
                0x00009fec                Int4Handler
                0x00009fec                SvcTrace
                0x00009fec                TrapBHandler
                0x00009fec                Int1Handler
                0x00009fec                TrapAHandler
                0x00009fec                SvcChkIns
                0x00009fec                Trap4Handler
                0x00009fec                Trap9Handler
                0x00009fec                Int5Handler
                0x00009fec                SvcDiv0_handler
                0x00009fec                Int7Handler
                0x00009fec                SvcIllegalIns
                0x00009fec                SvcLineA
                0x00009fec                SvcPrivViolation
                0x00009fec                Trap8Handler
                0x00009fec                Int6Handler
                0x00009fec                Trap2Handler
                0x00009fec                bad_exception
                0x00009fec                Trap3Handler
                0x00009fec                Svcaddress_err
                0x00009fec                Trap7Handler
                0x00009fec                Trap0Handler
                0x00009fec                SvcLineF
                0x00009fec                TrapCHandler
                0x00009fec                SvcTrapvIns
                0x00009fec                Trap5Handler
                0x00009fec                Trap6Handler
                0x00009fee                TrapDHandler
                0x00009ff0                Int2Handler
                0x0000a002                Int3Handler
                0x0000a022                Trap1Handler
                0x0000a072                TrapEHandler
 .text          0x0000a088       0x1c ../../lib/libc68k.a(strchr.o)
                0x0000a088                strchr
 .text          0x0000a0a4       0x1e ../../lib/libc68k.a(memcpy.o)
                0x0000a0a4                memcpy
 *fill*         0x0000a0c2        0x2 
 .text          0x0000a0c4      0x360 ../../lib/libc68k.a(malloc.o)
                0x0000a278                malloc_init
                0x0000a2ee                free
                0x0000a33a                malloc
                0x0000a34e                calloc
                0x0000a3ae                malloc_num_free
                0x0000a3c8                malloc_num_used
                0x0000a3e4                malloc_num_fresh
                0x0000a400                malloc_check
 .text          0x0000a424       0x3c ../../lib/libc68k.a(memcmp.o)
                0x0000a424                memcmp
 .text          0x0000a460       0x12 ../../lib/libc68k.a(strlen.o)
                0x0000a460                strlen
 *fill*         0x0000a472        0x2 
 .text          0x0000a474       0x16 ../../lib/libc68k.a(memset.o)
                0x0000a474                memset
 *fill*         0x0000a48a        0x2 
 .text          0x0000a48c       0x26 ../../lib/libc68k.a(strcat.o)
                0x0000a48c                strcat
 *fill*         0x0000a4b2        0x2 
 .text          0x0000a4b4       0x18 ../../lib/libc68k.a(strcpy.o)
                0x0000a4b4                strcpy
 .text          0x0000a4cc       0x1a ../../lib/libc68k.a(putchar.o)
                0x0000a4cc                putchar
 *fill*         0x0000a4e6        0x2 
 .text          0x0000a4e8      0x206 ../../lib/libc68k.a(sprintf.o)
                0x0000a4e8                sprintf
 *fill*         0x0000a6ee        0x2 
 .text          0x0000a6f0      0x3a6 ../../lib/libc68k.a(printf.o)
                0x0000a6f0                itox
                0x0000a73a                itodec
                0x0000a798                itooct
                0x0000a7de                itoudec
                0x0000a830                pad_zeros
                0x0000a874                printf
 *fill*         0x0000aa96        0x2 
 .text          0x0000aa98       0x36 ../../lib/libc68k.a(__mulsi3.o)
                0x0000aa98                __mulsi3
 *fill*         0x0000aace        0x2 
 .text          0x0000aad0       0x2c ../../lib/libc68k.a(__umodsi3.o)
                0x0000aad0                __umodsi3
 .text          0x0000aafc       0x3a ../../lib/libc68k.a(__udivsi3.o)
                0x0000aafc                __udivsi3
 *fill*         0x0000ab36        0x2 
 .text          0x0000ab38      0x148 ../../lib/libc68k.a(strtoul.o)
                0x0000ab38                strtoul
 .text          0x0000ac80        0xc ../../lib/libc68k.a(isspace.o)
                0x0000ac80                isspace
 .text          0x0000ac8c       0x16 ../../lib/libc68k.a(atoi.o)
                0x0000ac8c                atoi
 *fill*         0x0000aca2        0x2 
 .text          0x0000aca4       0x54 ../../lib/libc68k.a(strcasecmp.o)
                0x0000aca4                strcasecmp
 .text          0x0000acf8       0x26 ../../lib/libc68k.a(puts.o)
                0x0000acf8                puts
 *fill*         0x0000ad1e        0x2 
 .text          0x0000ad20       0x32 ../../lib/libc68k.a(strtol.o)
                0x0000ad20                strtol
 *(.rodata)
 .rodata        0x0000ad52      0x11f orion68.o
                0x0000ad86                MsgOrionInit
 .rodata        0x0000ae71       0x51 vectors.o
 .rodata        0x0000aec2      0x2d6 ./dump/mem_dump.o
 .rodata        0x0000b198        0x5 ./shell/io.o
 .rodata        0x0000b19d      0x1a4 ./shell/picow.o
 .rodata        0x0000b341      0x2fa ./shell/printerro.o
 .rodata        0x0000b63b      0x787 ./shell/commands.o
 .rodata        0x0000bdc2      0xabf ./shell/decodecmd.o
                0x0000bdc2                g_elf_header_bytes
                0x0000c2c0                g_cmd_table
 .rodata        0x0000c881      0x2cd ./kbd/drv_kbd.o
                0x0000c881                OE_BASE_KEYMAP
                0x0000c901                OE_SHIFT_KEYMAP
                0x0000c981                OE_CTRL_KEYMAP
                0x0000ca01                OE_ALT_KEYMAP
                0x0000ca81                OE_ALTGR_KEYMAP
 .rodata        0x0000cb4e       0x48 ./rtc/rp5c01a.o
 .rodata        0x0000cb96       0x2d ./uarts/drv_uart0.o
 .rodata        0x0000cbc3      0x1b2 ./ide/ata.o
 .rodata        0x0000cd75       0x98 ./fatfs/ff.o
 .rodata        0x0000ce0d       0x2d ./fatfs/diskio.o
 .rodata        0x0000ce3a      0x200 ./tst_fat/tstfat.o
 .rodata        0x0000d03a       0x28 ../../lib/libc68k.a(printf.o)
                0x0000d062                        . = ALIGN (0x2)

.rodata         0x0000d062       0x20
                0x0000d062                        . = ALIGN (0x2)
 *(.rodata*)
 .rodata.str1.1
                0x0000d062       0x20 ../../lib/libc68k.a(sprintf.o)
                                  0xf (size before relaxing)
 .rodata.str1.1
                0x0000d082       0x20 ../../lib/libc68k.a(printf.o)
                0x0000d0a2                        . = ALIGN (0x2)

.data           0x00080004       0x60 load address 0x0000d082
                0x00080004                        . = ALIGN (0x2)
                0x00080004                        __data_start = .
 *(.data*)
 .data          0x00080004        0x0 ../../obj/orion68_startup.o
 .data          0x00080004        0x0 orion68.o
 .data          0x00080004        0x0 vectors.o
 .data          0x00080004        0x0 console.o
 .data          0x00080004        0x0 ./dump/mem_dump.o
 .data          0x00080004        0x0 ./shell/io.o
 .data          0x00080004        0x0 ./shell/picow.o
 .data          0x00080004        0x0 ./shell/elf_loader.o
 .data          0x00080004       0x50 ./shell/printerro.o
 .data          0x00080054        0x0 ./shell/commands.o
 .data          0x00080054        0x8 ./shell/decodecmd.o
 .data          0x0008005c        0x0 ./shell/crc32.o
 .data          0x0008005c        0x1 ./shell/cmd_repeat.o
 *fill*         0x0008005d        0x3 
 .data          0x00080060        0x0 ./kbd/drv_kbd.o
 .data          0x00080060        0x4 ./kbd/ringbuffer.o
 .data          0x00080064        0x0 ./rtc/rp5c01a.o
 .data          0x00080064        0x0 ./picoVga/drv_picoVga.o
 .data          0x00080064        0x0 ./uarts/drv_uart0.o
 .data          0x00080064        0x0 ./ide/ata.o
 .data          0x00080064        0x0 ./fatfs/ff.o
 .data          0x00080064        0x0 ./fatfs/ffsystem.o
 .data          0x00080064        0x0 ./fatfs/diskio.o
 .data          0x00080064        0x0 ./tst_fat/tstfat.o
 .data          0x00080064        0x0 timers.o
 .data          0x00080064        0x0 interrupt.o
 .data          0x00080064        0x0 ./xmodem/xmodem_asm.o
 .data          0x00080064        0x0 vectors_asm.o
 .data          0x00080064        0x0 ../../lib/libc68k.a(strchr.o)
 .data          0x00080064        0x0 ../../lib/libc68k.a(memcpy.o)
 .data          0x00080064        0x0 ../../lib/libc68k.a(malloc.o)
 .data          0x00080064        0x0 ../../lib/libc68k.a(memcmp.o)
 .data          0x00080064        0x0 ../../lib/libc68k.a(strlen.o)
 .data          0x00080064        0x0 ../../lib/libc68k.a(memset.o)
 .data          0x00080064        0x0 ../../lib/libc68k.a(strcat.o)
 .data          0x00080064        0x0 ../../lib/libc68k.a(strcpy.o)
 .data          0x00080064        0x0 ../../lib/libc68k.a(putchar.o)
 .data          0x00080064        0x0 ../../lib/libc68k.a(sprintf.o)
 .data          0x00080064        0x0 ../../lib/libc68k.a(printf.o)
 .data          0x00080064        0x0 ../../lib/libc68k.a(__mulsi3.o)
 .data          0x00080064        0x0 ../../lib/libc68k.a(__umodsi3.o)
 .data          0x00080064        0x0 ../../lib/libc68k.a(__udivsi3.o)
 .data          0x00080064        0x0 ../../lib/libc68k.a(strtoul.o)
 .data          0x00080064        0x0 ../../lib/libc68k.a(isspace.o)
 .data          0x00080064        0x0 ../../lib/libc68k.a(atoi.o)
 .data          0x00080064        0x0 ../../lib/libc68k.a(strcasecmp.o)
 .data          0x00080064        0x0 ../../lib/libc68k.a(puts.o)
 .data          0x00080064        0x0 ../../lib/libc68k.a(strtol.o)
                0x00080064                        . = ALIGN (0x2)
                0x00080064                        __data_end = .

.mram           0x00080064        0x8 load address 0x0000d0e2
 *(?.mram)
 .mram          0x00080064        0x8 orion68.o
                0x00080064                systemTick
                0x00080068                flg_system
                0x0000d082                        __data_load_start = LOADADDR (.data)

.bss            0x0008006c     0x1124 load address 0x0000d0e2
                0x0008006c                        . = ALIGN (0x2)
                0x0008006c                        __bss_start = .
 *(.bss*)
 .bss           0x0008006c        0x0 ../../obj/orion68_startup.o
 .bss           0x0008006c      0x3bc orion68.o
                0x0008006c                sys_flags
                0x0008006e                FatFs
                0x000802a8                g_cmd_buffer
                0x00080328                buffer
                0x000803a8                syspath
 .bss           0x00080428        0x0 vectors.o
 .bss           0x00080428        0x8 console.o
                0x00080428                cconin
                0x0008042c                cconout
 .bss           0x00080430        0x0 ./dump/mem_dump.o
 .bss           0x00080430        0x0 ./shell/io.o
 .bss           0x00080430        0x0 ./shell/picow.o
 .bss           0x00080430        0x0 ./shell/elf_loader.o
 .bss           0x00080430        0x0 ./shell/printerro.o
 .bss           0x00080430      0x22a ./shell/commands.o
                0x00080430                basic_running
 *fill*         0x0008065a        0x2 
 .bss           0x0008065c        0x4 ./shell/decodecmd.o
 .bss           0x00080660      0x400 ./shell/crc32.o
 .bss           0x00080a60      0x1a5 ./shell/cmd_repeat.o
 *fill*         0x00080c05        0x3 
 .bss           0x00080c08       0x3b ./kbd/drv_kbd.o
                0x00080c08                key_buffer
                0x00080c38                cmd
                0x00080c39                length
                0x00080c3a                type
                0x00080c3b                special_key_up
                0x00080c3c                special_key_down
                0x00080c3d                key_up
                0x00080c3e                key_down
                0x00080c3f                special_key_status
                0x00080c40                _CapsFlag
                0x00080c41                mod_caps
                0x00080c42                debug_pkt
 *fill*         0x00080c43        0x1 
 .bss           0x00080c44      0x106 ./kbd/ringbuffer.o
 *fill*         0x00080d4a        0x2 
 .bss           0x00080d4c        0x0 ./rtc/rp5c01a.o
 .bss           0x00080d4c        0x0 ./picoVga/drv_picoVga.o
 .bss           0x00080d4c        0x0 ./uarts/drv_uart0.o
 .bss           0x00080d4c       0x29 ./ide/ata.o
                0x00080d4c                drives
                0x00080d74                ide_bus_mode
 *fill*         0x00080d75        0x3 
 .bss           0x00080d78        0xd ./fatfs/ff.o
 *fill*         0x00080d85        0x3 
 .bss           0x00080d88        0x0 ./fatfs/ffsystem.o
 .bss           0x00080d88       0x64 ./fatfs/diskio.o
 .bss           0x00080dec      0x2f0 ./tst_fat/tstfat.o
                0x00080dec                Dir
                0x00080e1a                Fno
                0x00080e34                buffer_leitura
 .bss           0x000810dc       0x1c timers.o
                0x000810dc                g_timers
                0x000810f0                g_tick_count
 .bss           0x000810f8        0x0 interrupt.o
 .bss           0x000810f8       0x84 ./xmodem/xmodem_asm.o
 .bss           0x0008117c        0x0 vectors_asm.o
 .bss           0x0008117c        0x0 ../../lib/libc68k.a(strchr.o)
 .bss           0x0008117c        0x0 ../../lib/libc68k.a(memcpy.o)
 .bss           0x0008117c       0x14 ../../lib/libc68k.a(malloc.o)
 .bss           0x00081190        0x0 ../../lib/libc68k.a(memcmp.o)
 .bss           0x00081190        0x0 ../../lib/libc68k.a(strlen.o)
 .bss           0x00081190        0x0 ../../lib/libc68k.a(memset.o)
 .bss           0x00081190        0x0 ../../lib/libc68k.a(strcat.o)
 .bss           0x00081190        0x0 ../../lib/libc68k.a(strcpy.o)
 .bss           0x00081190        0x0 ../../lib/libc68k.a(putchar.o)
 .bss           0x00081190        0x0 ../../lib/libc68k.a(sprintf.o)
 .bss           0x00081190        0x0 ../../lib/libc68k.a(printf.o)
 .bss           0x00081190        0x0 ../../lib/libc68k.a(__mulsi3.o)
 .bss           0x00081190        0x0 ../../lib/libc68k.a(__umodsi3.o)
 .bss           0x00081190        0x0 ../../lib/libc68k.a(__udivsi3.o)
 .bss           0x00081190        0x0 ../../lib/libc68k.a(strtoul.o)
 .bss           0x00081190        0x0 ../../lib/libc68k.a(isspace.o)
 .bss           0x00081190        0x0 ../../lib/libc68k.a(atoi.o)
 .bss           0x00081190        0x0 ../../lib/libc68k.a(strcasecmp.o)
 .bss           0x00081190        0x0 ../../lib/libc68k.a(puts.o)
 .bss           0x00081190        0x0 ../../lib/libc68k.a(strtol.o)
 *(COMMON)
                0x00081190                        . = ALIGN (0x2)
                0x00081190                        __bss_end = .
                0x00100000                        _stack_end = 0x100000
                0x000fe000                        _stack_start = (_stack_end - 0x2000)

/DISCARD/
 *(.comment)
 *(.note*)
 *(.align*)
LOAD ../../obj/orion68_startup.o
LOAD orion68.o
LOAD vectors.o
LOAD console.o
LOAD ./dump/mem_dump.o
LOAD ./shell/io.o
LOAD ./shell/picow.o
LOAD ./shell/elf_loader.o
LOAD ./shell/printerro.o
LOAD ./shell/commands.o
LOAD ./shell/decodecmd.o
LOAD ./shell/crc32.o
LOAD ./shell/cmd_repeat.o
LOAD ./kbd/drv_kbd.o
LOAD ./kbd/ringbuffer.o
LOAD ./rtc/rp5c01a.o
LOAD ./picoVga/drv_picoVga.o
LOAD ./uarts/drv_uart0.o
LOAD ./ide/ata.o
LOAD ./fatfs/ff.o
LOAD ./fatfs/ffsystem.o
LOAD ./fatfs/diskio.o
LOAD ./tst_fat/tstfat.o
LOAD timers.o
LOAD interrupt.o
LOAD ./xmodem/xmodem_asm.o
LOAD vectors_asm.o
LOAD ../../lib/libc68k.a
OUTPUT(orion68.elf elf32-m68k)
