Archive member included to satisfy reference by file (symbol)

../../lib/libc68k.a(strchr.o)
                              ./fatfs/ff.o (strchr)
../../lib/libc68k.a(memcpy.o)
                              ./shell/elf_loader.o (memcpy)
../../lib/libc68k.a(malloc.o)
                              ./shell/commands.o (free)
../../lib/libc68k.a(memcmp.o)
                              ./shell/decodecmd.o (memcmp)
../../lib/libc68k.a(strlen.o)
                              ./shell/commands.o (strlen)
../../lib/libc68k.a(memset.o)
                              ./shell/elf_loader.o (memset)
../../lib/libc68k.a(strcat.o)
                              ./shell/commands.o (strcat)
../../lib/libc68k.a(strcpy.o)
                              ./shell/commands.o (strcpy)
../../lib/libc68k.a(putchar.o)
                              ./shell/commands.o (putchar)
../../lib/libc68k.a(sprintf.o)
                              ./shell/commands.o (sprintf)
../../lib/libc68k.a(printf.o)
                              ../../lib/libc68k.a(sprintf.o) (itox)
../../lib/libc68k.a(__mulsi3.o)
                              ./shell/elf_loader.o (__mulsi3)
../../lib/libc68k.a(__umodsi3.o)
                              ./shell/commands.o (__umodsi3)
../../lib/libc68k.a(__udivsi3.o)
                              ./shell/commands.o (__udivsi3)
../../lib/libc68k.a(strtoul.o)
                              ./shell/commands.o (strtoul)
../../lib/libc68k.a(isspace.o)
                              ./shell/decodecmd.o (isspace)
../../lib/libc68k.a(atoi.o)   ./shell/commands.o (atoi)
../../lib/libc68k.a(strcasecmp.o)
                              ./shell/decodecmd.o (strcasecmp)
../../lib/libc68k.a(puts.o)   ../../lib/libc68k.a(printf.o) (puts)
../../lib/libc68k.a(strtol.o)
                              ../../lib/libc68k.a(atoi.o) (strtol)

Discarded input sections

 .comment       0x00000000       0x13 orion68.o
 .comment       0x00000000       0x13 vectors.o
 .comment       0x00000000       0x13 console.o
 .comment       0x00000000       0x13 ./dump/mem_dump.o
 .comment       0x00000000       0x13 ./shell/io.o
 .comment       0x00000000       0x13 ./shell/picow.o
 .comment       0x00000000       0x13 ./shell/elf_loader.o
 .comment       0x00000000       0x13 ./shell/printerro.o
 .comment       0x00000000       0x13 ./shell/commands.o
 .comment       0x00000000       0x13 ./shell/decodecmd.o
 .comment       0x00000000       0x13 ./shell/crc32.o
 .comment       0x00000000       0x13 ./shell/cmd_repeat.o
 .comment       0x00000000       0x13 ./kbd/drv_kbd.o
 .comment       0x00000000       0x13 ./kbd/ringbuffer.o
 .comment       0x00000000       0x13 ./rtc/rp5c01a.o
 .comment       0x00000000       0x13 ./picoVga/drv_picoVga.o
 .comment       0x00000000       0x13 ./uarts/drv_uart0.o
 .comment       0x00000000       0x13 ./ide/ata.o
 .comment       0x00000000       0x13 ./fatfs/ff.o
 .comment       0x00000000       0x13 ./fatfs/ffsystem.o
 .comment       0x00000000       0x13 ./fatfs/diskio.o
 .comment       0x00000000       0x13 ./tst_fat/tstfat.o
 .comment       0x00000000       0x13 timers.o
 .comment       0x00000000       0x13 interrupt.o
 .comment       0x00000000       0x13 ../../lib/libc68k.a(strchr.o)
 .comment       0x00000000       0x13 ../../lib/libc68k.a(memcpy.o)
 .comment       0x00000000       0x13 ../../lib/libc68k.a(malloc.o)
 .comment       0x00000000       0x13 ../../lib/libc68k.a(memcmp.o)
 .comment       0x00000000       0x13 ../../lib/libc68k.a(strlen.o)
 .comment       0x00000000       0x13 ../../lib/libc68k.a(memset.o)
 .comment       0x00000000       0x13 ../../lib/libc68k.a(strcat.o)
 .comment       0x00000000       0x13 ../../lib/libc68k.a(strcpy.o)
 .comment       0x00000000       0x13 ../../lib/libc68k.a(putchar.o)
 .comment       0x00000000       0x13 ../../lib/libc68k.a(sprintf.o)
 .comment       0x00000000       0x13 ../../lib/libc68k.a(printf.o)
 .comment       0x00000000       0x13 ../../lib/libc68k.a(__mulsi3.o)
 .comment       0x00000000       0x13 ../../lib/libc68k.a(__umodsi3.o)
 .comment       0x00000000       0x13 ../../lib/libc68k.a(__udivsi3.o)
 .comment       0x00000000       0x13 ../../lib/libc68k.a(strtoul.o)
 .comment       0x00000000       0x13 ../../lib/libc68k.a(isspace.o)
 .comment       0x00000000       0x13 ../../lib/libc68k.a(atoi.o)
 .comment       0x00000000       0x13 ../../lib/libc68k.a(strcasecmp.o)
 .comment       0x00000000       0x13 ../../lib/libc68k.a(puts.o)
 .comment       0x00000000       0x13 ../../lib/libc68k.a(strtol.o)

Memory Configuration

Name             Origin             Length             Attributes
ROM              0x00000000         0x00010000         xr
RAM              0x00080004         0x00080000         xrw
*default*        0x00000000         0xffffffff

Linker script and memory map

                0x00000000                        . = 0x0

.vectors        0x00000000        0x0
 *(.vectors)
                0x00000000                        . = ALIGN (0x400)

.text           0x00000000     0xd1e6
                0x00000000                        . = ALIGN (0x2)
 *(.text*)
 .text          0x00000000      0x252 ../../obj/orion68_startup.o
                0x000000c0                _start
                0x0000015e                UartWrCh
                0x00000186                uart0_initialize
                0x00000200                _delay_ms
 *fill*         0x00000252        0x2 
 .text          0x00000254      0x220 orion68.o
                0x00000254                executar_xmodem
                0x00000274                clr_flg_program_loaded
                0x0000028a                set_flg_program_loaded
                0x0000029e                get_flg_program_loaded
                0x000002aa                print_msg
                0x000002e6                write_string
                0x00000318                display_prompt
                0x0000039c                main
 .text          0x00000474       0xec vectors.o
                0x0000048c                TRAP14_Handler
                0x00000536                get_system_tick
 .text          0x00000560       0x2c console.o
                0x00000560                set_console_output
                0x00000572                set_console_input
                0x00000584                enable_interrupts
 .text          0x0000058c      0x66a ./dump/mem_dump.o
                0x0000058c                dump_memory
                0x0000080a                dump_memory2
                0x00000a8e                dump_memory_by_addr
 *fill*         0x00000bf6        0x2 
 .text          0x00000bf8       0x54 ./shell/io.o
                0x00000bf8                get_key
                0x00000c22                _putchar_hex
 .text          0x00000c4c      0x4fe ./shell/picow.o
                0x00000c4c                receber_arquivo_do_pico
                0x00000ebc                send_sector_low
                0x00000ee6                send_sector_high
                0x00000f10                send_read_cmd
                0x00000f36                read_sector
                0x00000f96                get_crc
                0x0000103e                receber_setor_do_pico
 *fill*         0x0000114a        0x2 
 .text          0x0000114c      0x322 ./shell/elf_loader.o
                0x0000114c                carregar_elf32
                0x0000128c                carregar_elf32_fatfs
 *fill*         0x0000146e        0x2 
 .text          0x00001470       0x44 ./shell/printerro.o
                0x00001470                printerro
 .text          0x000014b4     0x15a8 ./shell/commands.o
                0x00001524                do_help
                0x000015b4                do_notimplemented
                0x000015c6                do_runelf_fromhd
                0x000015f4                do_runelf
                0x00001630                do_dump
                0x00001682                serial_has_char
                0x00001686                do_srecord
                0x0000173e                do_binfile
                0x000018be                do_binmem
                0x000019ca                do_ideinit
                0x00001a0e                do_idemode
                0x00001a60                do_run
                0x00001a8c                do_writemem
                0x00001ca6                do_ls
                0x00001ed6                do_delete
                0x00001f02                do_exit
                0x00001f28                do_mkdir
                0x00002010                do_rmdir
                0x00002120                do_rename
                0x00002176                do_cd
                0x0000219e                do_dir
                0x000021a8                do_shst
                0x000021c2                do_loadmem
                0x00002300                do_copyfile
                0x000024b4                do_cat
                0x000025ec                do_time
                0x000026d4                do_tstkbd
                0x00002810                do_uptime
                0x000028e4                do_ehbasic
                0x000028e8                do_readsect
                0x0000291c                do_writesect
                0x00002950                do_writemem1
 .text          0x00002a5c      0xc3e ./shell/decodecmd.o
                0x00002a5c                getline
                0x00002d32                process_command_builtin
                0x00002e9a                load_elf_executable
                0x00003292                open_executable_file
                0x000033b6                process_command_executable
                0x0000353a                process_command
                0x0000357e                execute_cmd
 *fill*         0x0000369a        0x2 
 .text          0x0000369c       0xfc ./shell/crc32.o
                0x0000369c                crc32_init
                0x0000370e                crc32_update
                0x00003780                crc32_calculate
 .text          0x00003798      0x4d4 ./shell/cmd_repeat.o
                0x00003798                hist_add
                0x00003c1a                keyboard_handler
 .text          0x00003c6c      0x78c ./kbd/drv_kbd.o
                0x00003cca                liga_debug
                0x00003ce2                init_kbd
                0x00003f80                get_packet
                0x000041de                get_kbd_key
                0x00004300                ch9350_shut_up
                0x0000430e                get_char
                0x000043d6                print_capslock
 .text          0x000043f8      0x10a ./kbd/ringbuffer.o
                0x000043f8                ring_buf_init
                0x00004420                ring_buf_get
                0x0000445c                ring_buf_put
                0x000044bc                ring_buf_is_empty
                0x000044d8                ring_buf_is_full
 *fill*         0x00004502        0x2 
 .text          0x00004504      0x556 ./rtc/rp5c01a.o
                0x00004538                get_fattime
                0x000046f0                set_rtc_time
                0x000048f8                rtc_delay
                0x00004918                rtc_write_config_byte
                0x00004954                rtc_read_config_byte
                0x0000498a                ler_segundo
                0x000049c2                rtc_inicializar
 *fill*         0x00004a5a        0x2 
 .text          0x00004a5c      0x15a ./picoVga/drv_picoVga.o
                0x00004a5c                init_picoVga
                0x00004a60                run_cmd
                0x00004a88                picovga_putchar
                0x00004acc                picovga_gotoxy
                0x00004b42                picovga_gohome
                0x00004b50                picovga_set_color
                0x00004b9c                clrscr
 *fill*         0x00004bb6        0x2 
 .text          0x00004bb8      0x248 ./uarts/drv_uart0.o
                0x00004bb8                uart0_debug_char
                0x00004bea                uart0_init
                0x00004c2a                uart0_write
                0x00004c68                uart0_read
                0x00004ca0                uart0_read_timeout
                0x00004d04                _inbyte
                0x00004d84                _outbyte
                0x00004dc2                uart0_write_string
                0x00004df2                uart0_flush
 .text          0x00004e00      0x6e6 ./ide/ata.o
                0x00004e14                set_ide_bus_mode
                0x00004e54                go_8bits_mode
                0x00004eca                ata_detect
                0x00004f88                ata_read_sector
                0x0000513c                ata_write_sector
                0x00005144                read_partition_table
                0x0000522e                ata_init
                0x000052c0                ata_disk_status
                0x000052d0                ata_disk_initialize
                0x000052e0                ata_wait_not_busy
                0x00005322                ata_wait_for_data
                0x00005364                ata_read_identity
 *fill*         0x000054e6        0x2 
 .text          0x000054e8     0x412e ./fatfs/ff.o
                0x00007650                f_mount
                0x0000770e                f_open
                0x00007aee                f_read
                0x00007e72                f_write
                0x00008290                f_sync
                0x000083e8                f_close
                0x0000841e                f_chdrive
                0x00008442                f_chdir
                0x000084e6                f_getcwd
                0x00008734                f_lseek
                0x00008ab8                f_opendir
                0x00008b8c                f_closedir
                0x00008bb2                f_readdir
                0x00008c52                f_stat
                0x00008ccc                f_getfree
                0x00008e74                f_truncate
                0x00009022                f_unlink
                0x00009180                f_mkdir
                0x000093c2                f_rename
 *fill*         0x00009616        0x2 
 .text          0x00009618        0x0 ./fatfs/ffsystem.o
 .text          0x00009618      0x220 ./fatfs/diskio.o
                0x00009618                disk_status
                0x00009630                disk_initialize
                0x00009646                disk_read
                0x000096c4                disk_write
                0x00009742                disk_ioctl
 .text          0x00009838      0x44e ./tst_fat/tstfat.o
                0x00009838                listar_diretorio_raiz
                0x000099f4                open_dir
                0x00009aae                ler_e_exibir_joblog
                0x00009c3c                le_setor
                0x00009c6a                wr_setor
 *fill*         0x00009c86        0x2 
 .text          0x00009c88      0x32a timers.o
                0x00009c88                delay10ms
                0x00009caa                cpu_delay
                0x00009cc6                init_timer
                0x00009ce6                get_tick_count
                0x00009cee                add_timer
                0x00009d86                delete_timer
                0x00009dd2                start_timer
                0x00009e52                stop_timer
                0x00009e86                reset_timer
                0x00009ed4                set_interval
                0x00009f08                update_timers
 *fill*         0x00009fb2        0x2 
 .text          0x00009fb4        0x0 interrupt.o
 .text          0x00009fb4      0x168 ./xmodem/xmodem_asm.o
                0x00009ff2                xmodem_receive
 .text          0x0000a11c       0x9c vectors_asm.o
                0x0000a11c                SvcBusError
                0x0000a11c                TrapFHandler
                0x0000a11c                SpuriousHandler
                0x0000a11c                Int4Handler
                0x0000a11c                SvcTrace
                0x0000a11c                TrapBHandler
                0x0000a11c                Int1Handler
                0x0000a11c                TrapAHandler
                0x0000a11c                SvcChkIns
                0x0000a11c                Trap4Handler
                0x0000a11c                Trap9Handler
                0x0000a11c                Int5Handler
                0x0000a11c                SvcDiv0_handler
                0x0000a11c                Int7Handler
                0x0000a11c                SvcIllegalIns
                0x0000a11c                SvcLineA
                0x0000a11c                SvcPrivViolation
                0x0000a11c                Trap8Handler
                0x0000a11c                Int6Handler
                0x0000a11c                Trap2Handler
                0x0000a11c                bad_exception
                0x0000a11c                Trap3Handler
                0x0000a11c                Svcaddress_err
                0x0000a11c                Trap7Handler
                0x0000a11c                Trap0Handler
                0x0000a11c                SvcLineF
                0x0000a11c                TrapCHandler
                0x0000a11c                SvcTrapvIns
                0x0000a11c                Trap5Handler
                0x0000a11c                Trap6Handler
                0x0000a11e                TrapDHandler
                0x0000a120                Int2Handler
                0x0000a132                Int3Handler
                0x0000a152                Trap1Handler
                0x0000a1a2                TrapEHandler
 .text          0x0000a1b8       0x1c ../../lib/libc68k.a(strchr.o)
                0x0000a1b8                strchr
 .text          0x0000a1d4       0x1e ../../lib/libc68k.a(memcpy.o)
                0x0000a1d4                memcpy
 *fill*         0x0000a1f2        0x2 
 .text          0x0000a1f4      0x360 ../../lib/libc68k.a(malloc.o)
                0x0000a3a8                malloc_init
                0x0000a41e                free
                0x0000a46a                malloc
                0x0000a47e                calloc
                0x0000a4de                malloc_num_free
                0x0000a4f8                malloc_num_used
                0x0000a514                malloc_num_fresh
                0x0000a530                malloc_check
 .text          0x0000a554       0x3c ../../lib/libc68k.a(memcmp.o)
                0x0000a554                memcmp
 .text          0x0000a590       0x12 ../../lib/libc68k.a(strlen.o)
                0x0000a590                strlen
 *fill*         0x0000a5a2        0x2 
 .text          0x0000a5a4       0x16 ../../lib/libc68k.a(memset.o)
                0x0000a5a4                memset
 *fill*         0x0000a5ba        0x2 
 .text          0x0000a5bc       0x26 ../../lib/libc68k.a(strcat.o)
                0x0000a5bc                strcat
 *fill*         0x0000a5e2        0x2 
 .text          0x0000a5e4       0x18 ../../lib/libc68k.a(strcpy.o)
                0x0000a5e4                strcpy
 .text          0x0000a5fc       0x1a ../../lib/libc68k.a(putchar.o)
                0x0000a5fc                putchar
 *fill*         0x0000a616        0x2 
 .text          0x0000a618      0x206 ../../lib/libc68k.a(sprintf.o)
                0x0000a618                sprintf
 *fill*         0x0000a81e        0x2 
 .text          0x0000a820      0x3a6 ../../lib/libc68k.a(printf.o)
                0x0000a820                itox
                0x0000a86a                itodec
                0x0000a8c8                itooct
                0x0000a90e                itoudec
                0x0000a960                pad_zeros
                0x0000a9a4                printf
 *fill*         0x0000abc6        0x2 
 .text          0x0000abc8       0x36 ../../lib/libc68k.a(__mulsi3.o)
                0x0000abc8                __mulsi3
 *fill*         0x0000abfe        0x2 
 .text          0x0000ac00       0x2c ../../lib/libc68k.a(__umodsi3.o)
                0x0000ac00                __umodsi3
 .text          0x0000ac2c       0x3a ../../lib/libc68k.a(__udivsi3.o)
                0x0000ac2c                __udivsi3
 *fill*         0x0000ac66        0x2 
 .text          0x0000ac68      0x148 ../../lib/libc68k.a(strtoul.o)
                0x0000ac68                strtoul
 .text          0x0000adb0        0xc ../../lib/libc68k.a(isspace.o)
                0x0000adb0                isspace
 .text          0x0000adbc       0x16 ../../lib/libc68k.a(atoi.o)
                0x0000adbc                atoi
 *fill*         0x0000add2        0x2 
 .text          0x0000add4       0x54 ../../lib/libc68k.a(strcasecmp.o)
                0x0000add4                strcasecmp
 .text          0x0000ae28       0x26 ../../lib/libc68k.a(puts.o)
                0x0000ae28                puts
 *fill*         0x0000ae4e        0x2 
 .text          0x0000ae50       0x32 ../../lib/libc68k.a(strtol.o)
                0x0000ae50                strtol
 *(.rodata)
 .rodata        0x0000ae82      0x11f orion68.o
                0x0000aeb6                MsgOrionInit
 .rodata        0x0000afa1       0x51 vectors.o
 .rodata        0x0000aff2      0x2d6 ./dump/mem_dump.o
 .rodata        0x0000b2c8        0x5 ./shell/io.o
 .rodata        0x0000b2cd      0x1a4 ./shell/picow.o
 .rodata        0x0000b471      0x2fa ./shell/printerro.o
 .rodata        0x0000b76b      0x7ad ./shell/commands.o
 .rodata        0x0000bf18      0xaed ./shell/decodecmd.o
                0x0000bf18                g_elf_header_bytes
                0x0000c444                g_cmd_table
 .rodata        0x0000ca05      0x2cd ./kbd/drv_kbd.o
                0x0000ca05                OE_BASE_KEYMAP
                0x0000ca85                OE_SHIFT_KEYMAP
                0x0000cb05                OE_CTRL_KEYMAP
                0x0000cb85                OE_ALT_KEYMAP
                0x0000cc05                OE_ALTGR_KEYMAP
 .rodata        0x0000ccd2       0x48 ./rtc/rp5c01a.o
 .rodata        0x0000cd1a       0x2d ./uarts/drv_uart0.o
 .rodata        0x0000cd47      0x1b2 ./ide/ata.o
 .rodata        0x0000cef9       0x98 ./fatfs/ff.o
 .rodata        0x0000cf91       0x2d ./fatfs/diskio.o
 .rodata        0x0000cfbe      0x200 ./tst_fat/tstfat.o
 .rodata        0x0000d1be       0x28 ../../lib/libc68k.a(printf.o)
                0x0000d1e6                        . = ALIGN (0x2)

.rodata         0x0000d1e6       0x20
                0x0000d1e6                        . = ALIGN (0x2)
 *(.rodata*)
 .rodata.str1.1
                0x0000d1e6       0x20 ../../lib/libc68k.a(sprintf.o)
                                  0xf (size before relaxing)
 .rodata.str1.1
                0x0000d206       0x20 ../../lib/libc68k.a(printf.o)
                0x0000d226                        . = ALIGN (0x2)

.data           0x00080004       0x60 load address 0x0000d206
                0x00080004                        . = ALIGN (0x2)
                0x00080004                        __data_start = .
 *(.data*)
 .data          0x00080004        0x0 ../../obj/orion68_startup.o
 .data          0x00080004        0x0 orion68.o
 .data          0x00080004        0x0 vectors.o
 .data          0x00080004        0x0 console.o
 .data          0x00080004        0x0 ./dump/mem_dump.o
 .data          0x00080004        0x0 ./shell/io.o
 .data          0x00080004        0x0 ./shell/picow.o
 .data          0x00080004        0x0 ./shell/elf_loader.o
 .data          0x00080004       0x50 ./shell/printerro.o
 .data          0x00080054        0x0 ./shell/commands.o
 .data          0x00080054        0x8 ./shell/decodecmd.o
 .data          0x0008005c        0x0 ./shell/crc32.o
 .data          0x0008005c        0x1 ./shell/cmd_repeat.o
 *fill*         0x0008005d        0x3 
 .data          0x00080060        0x0 ./kbd/drv_kbd.o
 .data          0x00080060        0x4 ./kbd/ringbuffer.o
 .data          0x00080064        0x0 ./rtc/rp5c01a.o
 .data          0x00080064        0x0 ./picoVga/drv_picoVga.o
 .data          0x00080064        0x0 ./uarts/drv_uart0.o
 .data          0x00080064        0x0 ./ide/ata.o
 .data          0x00080064        0x0 ./fatfs/ff.o
 .data          0x00080064        0x0 ./fatfs/ffsystem.o
 .data          0x00080064        0x0 ./fatfs/diskio.o
 .data          0x00080064        0x0 ./tst_fat/tstfat.o
 .data          0x00080064        0x0 timers.o
 .data          0x00080064        0x0 interrupt.o
 .data          0x00080064        0x0 ./xmodem/xmodem_asm.o
 .data          0x00080064        0x0 vectors_asm.o
 .data          0x00080064        0x0 ../../lib/libc68k.a(strchr.o)
 .data          0x00080064        0x0 ../../lib/libc68k.a(memcpy.o)
 .data          0x00080064        0x0 ../../lib/libc68k.a(malloc.o)
 .data          0x00080064        0x0 ../../lib/libc68k.a(memcmp.o)
 .data          0x00080064        0x0 ../../lib/libc68k.a(strlen.o)
 .data          0x00080064        0x0 ../../lib/libc68k.a(memset.o)
 .data          0x00080064        0x0 ../../lib/libc68k.a(strcat.o)
 .data          0x00080064        0x0 ../../lib/libc68k.a(strcpy.o)
 .data          0x00080064        0x0 ../../lib/libc68k.a(putchar.o)
 .data          0x00080064        0x0 ../../lib/libc68k.a(sprintf.o)
 .data          0x00080064        0x0 ../../lib/libc68k.a(printf.o)
 .data          0x00080064        0x0 ../../lib/libc68k.a(__mulsi3.o)
 .data          0x00080064        0x0 ../../lib/libc68k.a(__umodsi3.o)
 .data          0x00080064        0x0 ../../lib/libc68k.a(__udivsi3.o)
 .data          0x00080064        0x0 ../../lib/libc68k.a(strtoul.o)
 .data          0x00080064        0x0 ../../lib/libc68k.a(isspace.o)
 .data          0x00080064        0x0 ../../lib/libc68k.a(atoi.o)
 .data          0x00080064        0x0 ../../lib/libc68k.a(strcasecmp.o)
 .data          0x00080064        0x0 ../../lib/libc68k.a(puts.o)
 .data          0x00080064        0x0 ../../lib/libc68k.a(strtol.o)
                0x00080064                        . = ALIGN (0x2)
                0x00080064                        __data_end = .

.mram           0x00080064        0x8 load address 0x0000d266
 *(?.mram)
 .mram          0x00080064        0x8 orion68.o
                0x00080064                systemTick
                0x00080068                flg_system
                0x0000d206                        __data_load_start = LOADADDR (.data)

.bss            0x0008006c     0x1124 load address 0x0000d266
                0x0008006c                        . = ALIGN (0x2)
                0x0008006c                        __bss_start = .
 *(.bss*)
 .bss           0x0008006c        0x0 ../../obj/orion68_startup.o
 .bss           0x0008006c      0x3bc orion68.o
                0x0008006c                sys_flags
                0x0008006e                FatFs
                0x000802a8                g_cmd_buffer
                0x00080328                buffer
                0x000803a8                syspath
 .bss           0x00080428        0x0 vectors.o
 .bss           0x00080428        0x8 console.o
                0x00080428                cconin
                0x0008042c                cconout
 .bss           0x00080430        0x0 ./dump/mem_dump.o
 .bss           0x00080430        0x0 ./shell/io.o
 .bss           0x00080430        0x0 ./shell/picow.o
 .bss           0x00080430        0x0 ./shell/elf_loader.o
 .bss           0x00080430        0x0 ./shell/printerro.o
 .bss           0x00080430      0x22a ./shell/commands.o
                0x00080430                basic_running
 *fill*         0x0008065a        0x2 
 .bss           0x0008065c        0x4 ./shell/decodecmd.o
 .bss           0x00080660      0x400 ./shell/crc32.o
 .bss           0x00080a60      0x1a5 ./shell/cmd_repeat.o
 *fill*         0x00080c05        0x3 
 .bss           0x00080c08       0x3b ./kbd/drv_kbd.o
                0x00080c08                key_buffer
                0x00080c38                cmd
                0x00080c39                length
                0x00080c3a                type
                0x00080c3b                special_key_up
                0x00080c3c                special_key_down
                0x00080c3d                key_up
                0x00080c3e                key_down
                0x00080c3f                special_key_status
                0x00080c40                _CapsFlag
                0x00080c41                mod_caps
                0x00080c42                debug_pkt
 *fill*         0x00080c43        0x1 
 .bss           0x00080c44      0x106 ./kbd/ringbuffer.o
 *fill*         0x00080d4a        0x2 
 .bss           0x00080d4c        0x0 ./rtc/rp5c01a.o
 .bss           0x00080d4c        0x0 ./picoVga/drv_picoVga.o
 .bss           0x00080d4c        0x0 ./uarts/drv_uart0.o
 .bss           0x00080d4c       0x29 ./ide/ata.o
                0x00080d4c                drives
                0x00080d74                ide_bus_mode
 *fill*         0x00080d75        0x3 
 .bss           0x00080d78        0xd ./fatfs/ff.o
 *fill*         0x00080d85        0x3 
 .bss           0x00080d88        0x0 ./fatfs/ffsystem.o
 .bss           0x00080d88       0x64 ./fatfs/diskio.o
 .bss           0x00080dec      0x2f0 ./tst_fat/tstfat.o
                0x00080dec                Dir
                0x00080e1a                Fno
                0x00080e34                buffer_leitura
 .bss           0x000810dc       0x1c timers.o
                0x000810dc                g_timers
                0x000810f0                g_tick_count
 .bss           0x000810f8        0x0 interrupt.o
 .bss           0x000810f8       0x84 ./xmodem/xmodem_asm.o
 .bss           0x0008117c        0x0 vectors_asm.o
 .bss           0x0008117c        0x0 ../../lib/libc68k.a(strchr.o)
 .bss           0x0008117c        0x0 ../../lib/libc68k.a(memcpy.o)
 .bss           0x0008117c       0x14 ../../lib/libc68k.a(malloc.o)
 .bss           0x00081190        0x0 ../../lib/libc68k.a(memcmp.o)
 .bss           0x00081190        0x0 ../../lib/libc68k.a(strlen.o)
 .bss           0x00081190        0x0 ../../lib/libc68k.a(memset.o)
 .bss           0x00081190        0x0 ../../lib/libc68k.a(strcat.o)
 .bss           0x00081190        0x0 ../../lib/libc68k.a(strcpy.o)
 .bss           0x00081190        0x0 ../../lib/libc68k.a(putchar.o)
 .bss           0x00081190        0x0 ../../lib/libc68k.a(sprintf.o)
 .bss           0x00081190        0x0 ../../lib/libc68k.a(printf.o)
 .bss           0x00081190        0x0 ../../lib/libc68k.a(__mulsi3.o)
 .bss           0x00081190        0x0 ../../lib/libc68k.a(__umodsi3.o)
 .bss           0x00081190        0x0 ../../lib/libc68k.a(__udivsi3.o)
 .bss           0x00081190        0x0 ../../lib/libc68k.a(strtoul.o)
 .bss           0x00081190        0x0 ../../lib/libc68k.a(isspace.o)
 .bss           0x00081190        0x0 ../../lib/libc68k.a(atoi.o)
 .bss           0x00081190        0x0 ../../lib/libc68k.a(strcasecmp.o)
 .bss           0x00081190        0x0 ../../lib/libc68k.a(puts.o)
 .bss           0x00081190        0x0 ../../lib/libc68k.a(strtol.o)
 *(COMMON)
                0x00081190                        . = ALIGN (0x2)
                0x00081190                        __bss_end = .
                0x00100000                        _stack_end = 0x100000
                0x000fe000                        _stack_start = (_stack_end - 0x2000)

/DISCARD/
 *(.comment)
 *(.note*)
 *(.align*)
LOAD ../../obj/orion68_startup.o
LOAD orion68.o
LOAD vectors.o
LOAD console.o
LOAD ./dump/mem_dump.o
LOAD ./shell/io.o
LOAD ./shell/picow.o
LOAD ./shell/elf_loader.o
LOAD ./shell/printerro.o
LOAD ./shell/commands.o
LOAD ./shell/decodecmd.o
LOAD ./shell/crc32.o
LOAD ./shell/cmd_repeat.o
LOAD ./kbd/drv_kbd.o
LOAD ./kbd/ringbuffer.o
LOAD ./rtc/rp5c01a.o
LOAD ./picoVga/drv_picoVga.o
LOAD ./uarts/drv_uart0.o
LOAD ./ide/ata.o
LOAD ./fatfs/ff.o
LOAD ./fatfs/ffsystem.o
LOAD ./fatfs/diskio.o
LOAD ./tst_fat/tstfat.o
LOAD timers.o
LOAD interrupt.o
LOAD ./xmodem/xmodem_asm.o
LOAD vectors_asm.o
LOAD ../../lib/libc68k.a
OUTPUT(orion68.elf elf32-m68k)
