Archive member included to satisfy reference by file (symbol)

../../lib/libc68k.a(strchr.o)
                              ./fatfs/ff.o (strchr)
../../lib/libc68k.a(memcpy.o)
                              ./shell/elf_loader.o (memcpy)
../../lib/libc68k.a(malloc.o)
                              ./shell/commands.o (free)
../../lib/libc68k.a(memcmp.o)
                              ./shell/decodecmd.o (memcmp)
../../lib/libc68k.a(strlen.o)
                              ./shell/commands.o (strlen)
../../lib/libc68k.a(memset.o)
                              ./shell/elf_loader.o (memset)
../../lib/libc68k.a(strcat.o)
                              ./shell/commands.o (strcat)
../../lib/libc68k.a(strcpy.o)
                              ./shell/commands.o (strcpy)
../../lib/libc68k.a(putchar.o)
                              ./shell/commands.o (putchar)
../../lib/libc68k.a(sprintf.o)
                              ./shell/commands.o (sprintf)
../../lib/libc68k.a(printf.o)
                              ../../lib/libc68k.a(sprintf.o) (itox)
../../lib/libc68k.a(__mulsi3.o)
                              ./shell/elf_loader.o (__mulsi3)
../../lib/libc68k.a(__umodsi3.o)
                              ./shell/commands.o (__umodsi3)
../../lib/libc68k.a(__udivsi3.o)
                              ./shell/commands.o (__udivsi3)
../../lib/libc68k.a(strtoul.o)
                              ./shell/commands.o (strtoul)
../../lib/libc68k.a(isspace.o)
                              ./shell/decodecmd.o (isspace)
../../lib/libc68k.a(atoi.o)   ./shell/commands.o (atoi)
../../lib/libc68k.a(strcasecmp.o)
                              ./shell/decodecmd.o (strcasecmp)
../../lib/libc68k.a(puts.o)   ../../lib/libc68k.a(printf.o) (puts)
../../lib/libc68k.a(strtol.o)
                              ../../lib/libc68k.a(atoi.o) (strtol)

Discarded input sections

 .comment       0x00000000       0x13 orion68.o
 .comment       0x00000000       0x13 vectors.o
 .comment       0x00000000       0x13 console.o
 .comment       0x00000000       0x13 ./dump/mem_dump.o
 .comment       0x00000000       0x13 ./shell/io.o
 .comment       0x00000000       0x13 ./shell/picow.o
 .comment       0x00000000       0x13 ./shell/elf_loader.o
 .comment       0x00000000       0x13 ./shell/printerro.o
 .comment       0x00000000       0x13 ./shell/commands.o
 .comment       0x00000000       0x13 ./shell/decodecmd.o
 .comment       0x00000000       0x13 ./shell/crc32.o
 .comment       0x00000000       0x13 ./shell/ringbuffer.o
 .comment       0x00000000       0x13 ./kbd/drv_kbd.o
 .comment       0x00000000       0x13 ./kbd/keycodes_ps2.o
 .comment       0x00000000       0x13 ./kbd/kbdps2.o
 .comment       0x00000000       0x13 ./kbd/ringbuffer.o
 .comment       0x00000000       0x13 ./rtc/rp5c01a.o
 .comment       0x00000000       0x13 ./picoVga/drv_picoVga.o
 .comment       0x00000000       0x13 ./uarts/drv_uart0.o
 .comment       0x00000000       0x13 ./ide/ata.o
 .comment       0x00000000       0x13 ./fatfs/ff.o
 .comment       0x00000000       0x13 ./fatfs/ffsystem.o
 .comment       0x00000000       0x13 ./fatfs/diskio.o
 .comment       0x00000000       0x13 ./tst_fat/tstfat.o
 .comment       0x00000000       0x13 timers.o
 .comment       0x00000000       0x13 interrupt.o
 .comment       0x00000000       0x13 ../../lib/libc68k.a(strchr.o)
 .comment       0x00000000       0x13 ../../lib/libc68k.a(memcpy.o)
 .comment       0x00000000       0x13 ../../lib/libc68k.a(malloc.o)
 .comment       0x00000000       0x13 ../../lib/libc68k.a(memcmp.o)
 .comment       0x00000000       0x13 ../../lib/libc68k.a(strlen.o)
 .comment       0x00000000       0x13 ../../lib/libc68k.a(memset.o)
 .comment       0x00000000       0x13 ../../lib/libc68k.a(strcat.o)
 .comment       0x00000000       0x13 ../../lib/libc68k.a(strcpy.o)
 .comment       0x00000000       0x13 ../../lib/libc68k.a(putchar.o)
 .comment       0x00000000       0x13 ../../lib/libc68k.a(sprintf.o)
 .comment       0x00000000       0x13 ../../lib/libc68k.a(printf.o)
 .comment       0x00000000       0x13 ../../lib/libc68k.a(__mulsi3.o)
 .comment       0x00000000       0x13 ../../lib/libc68k.a(__umodsi3.o)
 .comment       0x00000000       0x13 ../../lib/libc68k.a(__udivsi3.o)
 .comment       0x00000000       0x13 ../../lib/libc68k.a(strtoul.o)
 .comment       0x00000000       0x13 ../../lib/libc68k.a(isspace.o)
 .comment       0x00000000       0x13 ../../lib/libc68k.a(atoi.o)
 .comment       0x00000000       0x13 ../../lib/libc68k.a(strcasecmp.o)
 .comment       0x00000000       0x13 ../../lib/libc68k.a(puts.o)
 .comment       0x00000000       0x13 ../../lib/libc68k.a(strtol.o)

Memory Configuration

Name             Origin             Length             Attributes
ROM              0x00000000         0x00010000         xr
RAM              0x00080004         0x00080000         xrw
*default*        0x00000000         0xffffffff

Linker script and memory map

                0x00000000                        . = 0x0

.vectors        0x00000000        0x0
 *(.vectors)
                0x00000000                        . = ALIGN (0x400)

.text           0x00000000     0xca3e
                0x00000000                        . = ALIGN (0x2)
 *(.text*)
 .text          0x00000000      0x252 ../../obj/orion68_startup.o
                0x000000c0                _start
                0x0000015e                UartWrCh
                0x00000186                uart0_initialize
                0x00000200                _delay_ms
 *fill*         0x00000252        0x2 
 .text          0x00000254      0x228 orion68.o
                0x00000254                executar_xmodem
                0x00000274                clr_flg_program_loaded
                0x0000028a                set_flg_program_loaded
                0x0000029e                get_flg_program_loaded
                0x000002aa                print_msg
                0x000002e6                write_string
                0x00000318                display_prompt
                0x0000039c                main
 .text          0x0000047c      0x130 vectors.o
                0x00000494                TRAP14_Handler
                0x0000053e                get_system_tick
                0x00000568                trata_int3_handler
 .text          0x000005ac       0x2c console.o
                0x000005ac                set_console_output
                0x000005be                set_console_input
                0x000005d0                enable_interrupts
 .text          0x000005d8      0x66a ./dump/mem_dump.o
                0x000005d8                dump_memory
                0x00000856                dump_memory2
                0x00000ada                dump_memory_by_addr
 *fill*         0x00000c42        0x2 
 .text          0x00000c44       0x54 ./shell/io.o
                0x00000c44                get_key
                0x00000c6e                _putchar_hex
 .text          0x00000c98      0x270 ./shell/picow.o
                0x00000c98                receber_arquivo_do_pico
 .text          0x00000f08      0x322 ./shell/elf_loader.o
                0x00000f08                carregar_elf32
                0x00001048                carregar_elf32_fatfs
 *fill*         0x0000122a        0x2 
 .text          0x0000122c       0x44 ./shell/printerro.o
                0x0000122c                printerro
 .text          0x00001270     0x14bc ./shell/commands.o
                0x000012e0                do_help
                0x00001370                do_notimplemented
                0x00001382                do_runelf_fromhd
                0x000013b0                do_runelf
                0x000013ec                do_dump
                0x0000143e                serial_has_char
                0x00001442                do_srecord
                0x000014fa                do_binfile
                0x0000167a                do_binmem
                0x00001786                do_ideinit
                0x000017ca                do_idemode
                0x0000181c                do_run
                0x00001848                do_writemem
                0x00001a62                do_ls
                0x00001c92                do_delete
                0x00001cbe                do_exit
                0x00001ce4                do_mkdir
                0x00001dcc                do_rmdir
                0x00001edc                do_rename
                0x00001f32                do_cd
                0x00001f5a                do_dir
                0x00001f64                do_shst
                0x00001f7e                do_loadmem
                0x000020bc                do_copyfile
                0x00002270                do_cat
                0x000023a8                do_time
                0x00002490                do_tstkbd
                0x000024e0                do_uptime
                0x000025b4                do_ehbasic
                0x000025b8                do_readsect
                0x000025ec                do_writesect
                0x00002620                do_writemem1
 .text          0x0000272c      0xbfa ./shell/decodecmd.o
                0x0000272c                getline
                0x000029be                process_command_builtin
                0x00002b26                load_elf_executable
                0x00002f1e                open_executable_file
                0x00003042                process_command_executable
                0x000031c6                process_command
                0x0000320a                execute_cmd
 *fill*         0x00003326        0x2 
 .text          0x00003328       0xfc ./shell/crc32.o
                0x00003328                crc32_init
                0x0000339a                crc32_update
                0x0000340c                crc32_calculate
 .text          0x00003424       0xba ./shell/ringbuffer.o
                0x00003424                kb_init
                0x00003438                kb_put
                0x00003486                kb_get
                0x000034ca                kb_available
 *fill*         0x000034de        0x2 
 .text          0x000034e0      0x78c ./kbd/drv_kbd.o
                0x0000353e                liga_debug
                0x00003556                init_kbd
                0x000037f4                get_packet
                0x00003a52                get_kbd_key
                0x00003b74                ch9350_shut_up
                0x00003b82                get_char
                0x00003c4a                print_capslock
 .text          0x00003c6c        0x0 ./kbd/keycodes_ps2.o
 .text          0x00003c6c       0xa8 ./kbd/kbdps2.o
                0x00003c8e                init_keyboard
                0x00003cb6                keyboard_get_key
                0x00003cca                keyboard_has_key
                0x00003cde                enable_keyboard_interrupt
                0x00003ce2                disable_keyboard_interrupt
                0x00003ce6                keyboard_flush
                0x00003cea                process_keyboard
 .text          0x00003d14      0x114 ./kbd/ringbuffer.o
                0x00003d14                ring_buf_init
                0x00003d3e                ring_buf_get
                0x00003d92                ring_buf_put
 .text          0x00003e28      0x556 ./rtc/rp5c01a.o
                0x00003e5c                get_fattime
                0x00004014                set_rtc_time
                0x0000421c                rtc_delay
                0x0000423c                rtc_write_config_byte
                0x00004278                rtc_read_config_byte
                0x000042ae                ler_segundo
                0x000042e6                rtc_inicializar
 *fill*         0x0000437e        0x2 
 .text          0x00004380      0x15a ./picoVga/drv_picoVga.o
                0x00004380                init_picoVga
                0x00004384                run_cmd
                0x000043ac                picovga_putchar
                0x000043f0                picovga_gotoxy
                0x00004466                picovga_gohome
                0x00004474                picovga_set_color
                0x000044c0                clrscr
 *fill*         0x000044da        0x2 
 .text          0x000044dc      0x248 ./uarts/drv_uart0.o
                0x000044dc                uart0_debug_char
                0x0000450e                uart0_init
                0x0000454e                uart0_write
                0x0000458c                uart0_read
                0x000045c4                uart0_read_timeout
                0x00004628                _inbyte
                0x000046a8                _outbyte
                0x000046e6                uart0_write_string
                0x00004716                uart0_flush
 .text          0x00004724      0x6e6 ./ide/ata.o
                0x00004738                set_ide_bus_mode
                0x00004778                go_8bits_mode
                0x000047ee                ata_detect
                0x000048ac                ata_read_sector
                0x00004a60                ata_write_sector
                0x00004a68                read_partition_table
                0x00004b52                ata_init
                0x00004be4                ata_disk_status
                0x00004bf4                ata_disk_initialize
                0x00004c04                ata_wait_not_busy
                0x00004c46                ata_wait_for_data
                0x00004c88                ata_read_identity
 *fill*         0x00004e0a        0x2 
 .text          0x00004e0c     0x412e ./fatfs/ff.o
                0x00006f74                f_mount
                0x00007032                f_open
                0x00007412                f_read
                0x00007796                f_write
                0x00007bb4                f_sync
                0x00007d0c                f_close
                0x00007d42                f_chdrive
                0x00007d66                f_chdir
                0x00007e0a                f_getcwd
                0x00008058                f_lseek
                0x000083dc                f_opendir
                0x000084b0                f_closedir
                0x000084d6                f_readdir
                0x00008576                f_stat
                0x000085f0                f_getfree
                0x00008798                f_truncate
                0x00008946                f_unlink
                0x00008aa4                f_mkdir
                0x00008ce6                f_rename
 *fill*         0x00008f3a        0x2 
 .text          0x00008f3c        0x0 ./fatfs/ffsystem.o
 .text          0x00008f3c      0x220 ./fatfs/diskio.o
                0x00008f3c                disk_status
                0x00008f54                disk_initialize
                0x00008f6a                disk_read
                0x00008fe8                disk_write
                0x00009066                disk_ioctl
 .text          0x0000915c      0x44e ./tst_fat/tstfat.o
                0x0000915c                listar_diretorio_raiz
                0x00009318                open_dir
                0x000093d2                ler_e_exibir_joblog
                0x00009560                le_setor
                0x0000958e                wr_setor
 *fill*         0x000095aa        0x2 
 .text          0x000095ac      0x32a timers.o
                0x000095ac                delay10ms
                0x000095ce                cpu_delay
                0x000095ea                init_timer
                0x0000960a                get_tick_count
                0x00009612                add_timer
                0x000096aa                delete_timer
                0x000096f6                start_timer
                0x00009776                stop_timer
                0x000097aa                reset_timer
                0x000097f8                set_interval
                0x0000982c                update_timers
 *fill*         0x000098d6        0x2 
 .text          0x000098d8        0x0 interrupt.o
 .text          0x000098d8      0x168 ./xmodem/xmodem_asm.o
                0x00009916                xmodem_receive
 .text          0x00009a40       0x9c vectors_asm.o
                0x00009a40                SvcBusError
                0x00009a40                TrapFHandler
                0x00009a40                SpuriousHandler
                0x00009a40                Int4Handler
                0x00009a40                SvcTrace
                0x00009a40                TrapBHandler
                0x00009a40                Int1Handler
                0x00009a40                TrapAHandler
                0x00009a40                SvcChkIns
                0x00009a40                Trap4Handler
                0x00009a40                Trap9Handler
                0x00009a40                Int5Handler
                0x00009a40                SvcDiv0_handler
                0x00009a40                Int7Handler
                0x00009a40                SvcIllegalIns
                0x00009a40                SvcLineA
                0x00009a40                SvcPrivViolation
                0x00009a40                Trap8Handler
                0x00009a40                Int6Handler
                0x00009a40                Trap2Handler
                0x00009a40                bad_exception
                0x00009a40                Trap3Handler
                0x00009a40                Svcaddress_err
                0x00009a40                Trap7Handler
                0x00009a40                Trap0Handler
                0x00009a40                SvcLineF
                0x00009a40                TrapCHandler
                0x00009a40                SvcTrapvIns
                0x00009a40                Trap5Handler
                0x00009a40                Trap6Handler
                0x00009a42                TrapDHandler
                0x00009a44                Int2Handler
                0x00009a56                Int3Handler
                0x00009a76                Trap1Handler
                0x00009ac6                TrapEHandler
 .text          0x00009adc       0x1c ../../lib/libc68k.a(strchr.o)
                0x00009adc                strchr
 .text          0x00009af8       0x1e ../../lib/libc68k.a(memcpy.o)
                0x00009af8                memcpy
 *fill*         0x00009b16        0x2 
 .text          0x00009b18      0x360 ../../lib/libc68k.a(malloc.o)
                0x00009ccc                malloc_init
                0x00009d42                free
                0x00009d8e                malloc
                0x00009da2                calloc
                0x00009e02                malloc_num_free
                0x00009e1c                malloc_num_used
                0x00009e38                malloc_num_fresh
                0x00009e54                malloc_check
 .text          0x00009e78       0x3c ../../lib/libc68k.a(memcmp.o)
                0x00009e78                memcmp
 .text          0x00009eb4       0x12 ../../lib/libc68k.a(strlen.o)
                0x00009eb4                strlen
 *fill*         0x00009ec6        0x2 
 .text          0x00009ec8       0x16 ../../lib/libc68k.a(memset.o)
                0x00009ec8                memset
 *fill*         0x00009ede        0x2 
 .text          0x00009ee0       0x26 ../../lib/libc68k.a(strcat.o)
                0x00009ee0                strcat
 *fill*         0x00009f06        0x2 
 .text          0x00009f08       0x18 ../../lib/libc68k.a(strcpy.o)
                0x00009f08                strcpy
 .text          0x00009f20       0x1a ../../lib/libc68k.a(putchar.o)
                0x00009f20                putchar
 *fill*         0x00009f3a        0x2 
 .text          0x00009f3c      0x206 ../../lib/libc68k.a(sprintf.o)
                0x00009f3c                sprintf
 *fill*         0x0000a142        0x2 
 .text          0x0000a144      0x3a6 ../../lib/libc68k.a(printf.o)
                0x0000a144                itox
                0x0000a18e                itodec
                0x0000a1ec                itooct
                0x0000a232                itoudec
                0x0000a284                pad_zeros
                0x0000a2c8                printf
 *fill*         0x0000a4ea        0x2 
 .text          0x0000a4ec       0x36 ../../lib/libc68k.a(__mulsi3.o)
                0x0000a4ec                __mulsi3
 *fill*         0x0000a522        0x2 
 .text          0x0000a524       0x2c ../../lib/libc68k.a(__umodsi3.o)
                0x0000a524                __umodsi3
 .text          0x0000a550       0x3a ../../lib/libc68k.a(__udivsi3.o)
                0x0000a550                __udivsi3
 *fill*         0x0000a58a        0x2 
 .text          0x0000a58c      0x148 ../../lib/libc68k.a(strtoul.o)
                0x0000a58c                strtoul
 .text          0x0000a6d4        0xc ../../lib/libc68k.a(isspace.o)
                0x0000a6d4                isspace
 .text          0x0000a6e0       0x16 ../../lib/libc68k.a(atoi.o)
                0x0000a6e0                atoi
 *fill*         0x0000a6f6        0x2 
 .text          0x0000a6f8       0x54 ../../lib/libc68k.a(strcasecmp.o)
                0x0000a6f8                strcasecmp
 .text          0x0000a74c       0x26 ../../lib/libc68k.a(puts.o)
                0x0000a74c                puts
 *fill*         0x0000a772        0x2 
 .text          0x0000a774       0x32 ../../lib/libc68k.a(strtol.o)
                0x0000a774                strtol
 *(.rodata)
 .rodata        0x0000a7a6      0x11f orion68.o
                0x0000a7da                MsgOrionInit
 .rodata        0x0000a8c5       0x56 vectors.o
 .rodata        0x0000a91b      0x2d6 ./dump/mem_dump.o
 .rodata        0x0000abf1        0x5 ./shell/io.o
 .rodata        0x0000abf6      0x126 ./shell/picow.o
 .rodata        0x0000ad1c      0x2fa ./shell/printerro.o
 .rodata        0x0000b016      0x787 ./shell/commands.o
 *fill*         0x0000b79d        0x1 
 .rodata        0x0000b79e      0x9b7 ./shell/decodecmd.o
                0x0000b79e                g_elf_header_bytes
                0x0000bb94                g_cmd_table
 .rodata        0x0000c155      0x2cd ./kbd/drv_kbd.o
                0x0000c155                OE_BASE_KEYMAP
                0x0000c1d5                OE_SHIFT_KEYMAP
                0x0000c255                OE_CTRL_KEYMAP
                0x0000c2d5                OE_ALT_KEYMAP
                0x0000c355                OE_ALTGR_KEYMAP
 .rodata        0x0000c422      0x108 ./kbd/keycodes_ps2.o
                0x0000c422                g_ps2_keymap
                0x0000c4a6                g_ps2_keymap_shift
 .rodata        0x0000c52a       0x48 ./rtc/rp5c01a.o
 .rodata        0x0000c572       0x2d ./uarts/drv_uart0.o
 .rodata        0x0000c59f      0x1b2 ./ide/ata.o
 .rodata        0x0000c751       0x98 ./fatfs/ff.o
 .rodata        0x0000c7e9       0x2d ./fatfs/diskio.o
 .rodata        0x0000c816      0x200 ./tst_fat/tstfat.o
 .rodata        0x0000ca16       0x28 ../../lib/libc68k.a(printf.o)
                0x0000ca3e                        . = ALIGN (0x2)

.rodata         0x0000ca3e       0x20
                0x0000ca3e                        . = ALIGN (0x2)
 *(.rodata*)
 .rodata.str1.1
                0x0000ca3e       0x20 ../../lib/libc68k.a(sprintf.o)
                                  0xf (size before relaxing)
 .rodata.str1.1
                0x0000ca5e       0x20 ../../lib/libc68k.a(printf.o)
                0x0000ca7e                        . = ALIGN (0x2)

.data           0x00080004       0x58 load address 0x0000ca5e
                0x00080004                        . = ALIGN (0x2)
                0x00080004                        __data_start = .
 *(.data*)
 .data          0x00080004        0x0 ../../obj/orion68_startup.o
 .data          0x00080004        0x0 orion68.o
 .data          0x00080004        0x0 vectors.o
 .data          0x00080004        0x0 console.o
 .data          0x00080004        0x0 ./dump/mem_dump.o
 .data          0x00080004        0x0 ./shell/io.o
 .data          0x00080004        0x0 ./shell/picow.o
 .data          0x00080004        0x0 ./shell/elf_loader.o
 .data          0x00080004       0x50 ./shell/printerro.o
 .data          0x00080054        0x0 ./shell/commands.o
 .data          0x00080054        0x8 ./shell/decodecmd.o
 .data          0x0008005c        0x0 ./shell/crc32.o
 .data          0x0008005c        0x0 ./shell/ringbuffer.o
 .data          0x0008005c        0x0 ./kbd/drv_kbd.o
 .data          0x0008005c        0x0 ./kbd/keycodes_ps2.o
 .data          0x0008005c        0x0 ./kbd/kbdps2.o
 .data          0x0008005c        0x0 ./kbd/ringbuffer.o
 .data          0x0008005c        0x0 ./rtc/rp5c01a.o
 .data          0x0008005c        0x0 ./picoVga/drv_picoVga.o
 .data          0x0008005c        0x0 ./uarts/drv_uart0.o
 .data          0x0008005c        0x0 ./ide/ata.o
 .data          0x0008005c        0x0 ./fatfs/ff.o
 .data          0x0008005c        0x0 ./fatfs/ffsystem.o
 .data          0x0008005c        0x0 ./fatfs/diskio.o
 .data          0x0008005c        0x0 ./tst_fat/tstfat.o
 .data          0x0008005c        0x0 timers.o
 .data          0x0008005c        0x0 interrupt.o
 .data          0x0008005c        0x0 ./xmodem/xmodem_asm.o
 .data          0x0008005c        0x0 vectors_asm.o
 .data          0x0008005c        0x0 ../../lib/libc68k.a(strchr.o)
 .data          0x0008005c        0x0 ../../lib/libc68k.a(memcpy.o)
 .data          0x0008005c        0x0 ../../lib/libc68k.a(malloc.o)
 .data          0x0008005c        0x0 ../../lib/libc68k.a(memcmp.o)
 .data          0x0008005c        0x0 ../../lib/libc68k.a(strlen.o)
 .data          0x0008005c        0x0 ../../lib/libc68k.a(memset.o)
 .data          0x0008005c        0x0 ../../lib/libc68k.a(strcat.o)
 .data          0x0008005c        0x0 ../../lib/libc68k.a(strcpy.o)
 .data          0x0008005c        0x0 ../../lib/libc68k.a(putchar.o)
 .data          0x0008005c        0x0 ../../lib/libc68k.a(sprintf.o)
 .data          0x0008005c        0x0 ../../lib/libc68k.a(printf.o)
 .data          0x0008005c        0x0 ../../lib/libc68k.a(__mulsi3.o)
 .data          0x0008005c        0x0 ../../lib/libc68k.a(__umodsi3.o)
 .data          0x0008005c        0x0 ../../lib/libc68k.a(__udivsi3.o)
 .data          0x0008005c        0x0 ../../lib/libc68k.a(strtoul.o)
 .data          0x0008005c        0x0 ../../lib/libc68k.a(isspace.o)
 .data          0x0008005c        0x0 ../../lib/libc68k.a(atoi.o)
 .data          0x0008005c        0x0 ../../lib/libc68k.a(strcasecmp.o)
 .data          0x0008005c        0x0 ../../lib/libc68k.a(puts.o)
 .data          0x0008005c        0x0 ../../lib/libc68k.a(strtol.o)
                0x0008005c                        . = ALIGN (0x2)
                0x0008005c                        __data_end = .

.mram           0x0008005c        0x8 load address 0x0000cab6
 *(?.mram)
 .mram          0x0008005c        0x8 orion68.o
                0x0008005c                systemTick
                0x00080060                flg_system
                0x0000ca5e                        __data_load_start = LOADADDR (.data)

.bss            0x00080064      0xf9c load address 0x0000cab6
                0x00080064                        . = ALIGN (0x2)
                0x00080064                        __bss_start = .
 *(.bss*)
 .bss           0x00080064        0x0 ../../obj/orion68_startup.o
 .bss           0x00080064      0x3bc orion68.o
                0x00080064                sys_flags
                0x00080066                FatFs
                0x000802a0                g_cmd_buffer
                0x00080320                buffer
                0x000803a0                syspath
 .bss           0x00080420        0x0 vectors.o
 .bss           0x00080420        0x8 console.o
                0x00080420                cconin
                0x00080424                cconout
 .bss           0x00080428        0x0 ./dump/mem_dump.o
 .bss           0x00080428        0x0 ./shell/io.o
 .bss           0x00080428        0x0 ./shell/picow.o
 .bss           0x00080428        0x0 ./shell/elf_loader.o
 .bss           0x00080428        0x0 ./shell/printerro.o
 .bss           0x00080428      0x22a ./shell/commands.o
                0x00080428                basic_running
 *fill*         0x00080652        0x2 
 .bss           0x00080654        0x4 ./shell/decodecmd.o
 .bss           0x00080658      0x400 ./shell/crc32.o
 .bss           0x00080a58      0x102 ./shell/ringbuffer.o
 *fill*         0x00080b5a        0x2 
 .bss           0x00080b5c       0x3b ./kbd/drv_kbd.o
                0x00080b5c                key_buffer
                0x00080b8c                cmd
                0x00080b8d                length
                0x00080b8e                type
                0x00080b8f                special_key_up
                0x00080b90                special_key_down
                0x00080b91                key_up
                0x00080b92                key_down
                0x00080b93                special_key_status
                0x00080b94                _CapsFlag
                0x00080b95                mod_caps
                0x00080b96                debug_pkt
 *fill*         0x00080b97        0x1 
 .bss           0x00080b98        0x0 ./kbd/keycodes_ps2.o
 .bss           0x00080b98       0x22 ./kbd/kbdps2.o
                0x00080b98                g_has_keyboard
                0x00080b9a                g_buf_scancode
                0x00080baa                g_buf_keypress
 *fill*         0x00080bba        0x2 
 .bss           0x00080bbc        0x0 ./kbd/ringbuffer.o
 .bss           0x00080bbc        0x0 ./rtc/rp5c01a.o
 .bss           0x00080bbc        0x0 ./picoVga/drv_picoVga.o
 .bss           0x00080bbc        0x0 ./uarts/drv_uart0.o
 .bss           0x00080bbc       0x29 ./ide/ata.o
                0x00080bbc                drives
                0x00080be4                ide_bus_mode
 *fill*         0x00080be5        0x3 
 .bss           0x00080be8        0xd ./fatfs/ff.o
 *fill*         0x00080bf5        0x3 
 .bss           0x00080bf8        0x0 ./fatfs/ffsystem.o
 .bss           0x00080bf8       0x64 ./fatfs/diskio.o
 .bss           0x00080c5c      0x2f0 ./tst_fat/tstfat.o
                0x00080c5c                Dir
                0x00080c8a                Fno
                0x00080ca4                buffer_leitura
 .bss           0x00080f4c       0x1c timers.o
                0x00080f4c                g_timers
                0x00080f60                g_tick_count
 .bss           0x00080f68        0x0 interrupt.o
 .bss           0x00080f68       0x84 ./xmodem/xmodem_asm.o
 .bss           0x00080fec        0x0 vectors_asm.o
 .bss           0x00080fec        0x0 ../../lib/libc68k.a(strchr.o)
 .bss           0x00080fec        0x0 ../../lib/libc68k.a(memcpy.o)
 .bss           0x00080fec       0x14 ../../lib/libc68k.a(malloc.o)
 .bss           0x00081000        0x0 ../../lib/libc68k.a(memcmp.o)
 .bss           0x00081000        0x0 ../../lib/libc68k.a(strlen.o)
 .bss           0x00081000        0x0 ../../lib/libc68k.a(memset.o)
 .bss           0x00081000        0x0 ../../lib/libc68k.a(strcat.o)
 .bss           0x00081000        0x0 ../../lib/libc68k.a(strcpy.o)
 .bss           0x00081000        0x0 ../../lib/libc68k.a(putchar.o)
 .bss           0x00081000        0x0 ../../lib/libc68k.a(sprintf.o)
 .bss           0x00081000        0x0 ../../lib/libc68k.a(printf.o)
 .bss           0x00081000        0x0 ../../lib/libc68k.a(__mulsi3.o)
 .bss           0x00081000        0x0 ../../lib/libc68k.a(__umodsi3.o)
 .bss           0x00081000        0x0 ../../lib/libc68k.a(__udivsi3.o)
 .bss           0x00081000        0x0 ../../lib/libc68k.a(strtoul.o)
 .bss           0x00081000        0x0 ../../lib/libc68k.a(isspace.o)
 .bss           0x00081000        0x0 ../../lib/libc68k.a(atoi.o)
 .bss           0x00081000        0x0 ../../lib/libc68k.a(strcasecmp.o)
 .bss           0x00081000        0x0 ../../lib/libc68k.a(puts.o)
 .bss           0x00081000        0x0 ../../lib/libc68k.a(strtol.o)
 *(COMMON)
                0x00081000                        . = ALIGN (0x2)
                0x00081000                        __bss_end = .
                0x00100000                        _stack_end = 0x100000
                0x000fe000                        _stack_start = (_stack_end - 0x2000)

/DISCARD/
 *(.comment)
 *(.note*)
 *(.align*)
LOAD ../../obj/orion68_startup.o
LOAD orion68.o
LOAD vectors.o
LOAD console.o
LOAD ./dump/mem_dump.o
LOAD ./shell/io.o
LOAD ./shell/picow.o
LOAD ./shell/elf_loader.o
LOAD ./shell/printerro.o
LOAD ./shell/commands.o
LOAD ./shell/decodecmd.o
LOAD ./shell/crc32.o
LOAD ./shell/ringbuffer.o
LOAD ./kbd/drv_kbd.o
LOAD ./kbd/keycodes_ps2.o
LOAD ./kbd/kbdps2.o
LOAD ./kbd/ringbuffer.o
LOAD ./rtc/rp5c01a.o
LOAD ./picoVga/drv_picoVga.o
LOAD ./uarts/drv_uart0.o
LOAD ./ide/ata.o
LOAD ./fatfs/ff.o
LOAD ./fatfs/ffsystem.o
LOAD ./fatfs/diskio.o
LOAD ./tst_fat/tstfat.o
LOAD timers.o
LOAD interrupt.o
LOAD ./xmodem/xmodem_asm.o
LOAD vectors_asm.o
LOAD ../../lib/libc68k.a
OUTPUT(orion68.elf elf32-m68k)
