Archive member included to satisfy reference by file (symbol)

../../lib/libc68k.a(strchr.o)
                              ./fatfs/ff.o (strchr)
../../lib/libc68k.a(memcpy.o)
                              ./shell/elf_loader.o (memcpy)
../../lib/libc68k.a(malloc.o)
                              ./shell/commands.o (free)
../../lib/libc68k.a(memcmp.o)
                              ./shell/decodecmd.o (memcmp)
../../lib/libc68k.a(strlen.o)
                              ./shell/commands.o (strlen)
../../lib/libc68k.a(memset.o)
                              ./shell/elf_loader.o (memset)
../../lib/libc68k.a(strcat.o)
                              ./shell/commands.o (strcat)
../../lib/libc68k.a(strcpy.o)
                              ./shell/commands.o (strcpy)
../../lib/libc68k.a(putchar.o)
                              ./shell/commands.o (putchar)
../../lib/libc68k.a(sprintf.o)
                              ./shell/commands.o (sprintf)
../../lib/libc68k.a(printf.o)
                              ../../lib/libc68k.a(sprintf.o) (itox)
../../lib/libc68k.a(__mulsi3.o)
                              ./shell/elf_loader.o (__mulsi3)
../../lib/libc68k.a(__umodsi3.o)
                              ./shell/commands.o (__umodsi3)
../../lib/libc68k.a(__udivsi3.o)
                              ./shell/commands.o (__udivsi3)
../../lib/libc68k.a(strtoul.o)
                              ./shell/commands.o (strtoul)
../../lib/libc68k.a(isspace.o)
                              ./shell/decodecmd.o (isspace)
../../lib/libc68k.a(atoi.o)   ./shell/commands.o (atoi)
../../lib/libc68k.a(strcasecmp.o)
                              ./shell/decodecmd.o (strcasecmp)
../../lib/libc68k.a(puts.o)   ../../lib/libc68k.a(printf.o) (puts)
../../lib/libc68k.a(strtol.o)
                              ../../lib/libc68k.a(atoi.o) (strtol)

Discarded input sections

 .comment       0x00000000       0x13 orion68.o
 .comment       0x00000000       0x13 vectors.o
 .comment       0x00000000       0x13 console.o
 .comment       0x00000000       0x13 ./dump/mem_dump.o
 .comment       0x00000000       0x13 ./shell/io.o
 .comment       0x00000000       0x13 ./shell/picow.o
 .comment       0x00000000       0x13 ./shell/elf_loader.o
 .comment       0x00000000       0x13 ./shell/printerro.o
 .comment       0x00000000       0x13 ./shell/commands.o
 .comment       0x00000000       0x13 ./shell/decodecmd.o
 .comment       0x00000000       0x13 ./shell/crc32.o
 .comment       0x00000000       0x13 ./shell/cmd_repeat.o
 .comment       0x00000000       0x13 ./kbd/drv_kbd.o
 .comment       0x00000000       0x13 ./kbd/ringbuffer.o
 .comment       0x00000000       0x13 ./rtc/rp5c01a.o
 .comment       0x00000000       0x13 ./picoVga/drv_picoVga.o
 .comment       0x00000000       0x13 ./uarts/drv_uart0.o
 .comment       0x00000000       0x13 ./ide/ata.o
 .comment       0x00000000       0x13 ./fatfs/ff.o
 .comment       0x00000000       0x13 ./fatfs/ffsystem.o
 .comment       0x00000000       0x13 ./fatfs/diskio.o
 .comment       0x00000000       0x13 ./tst_fat/tstfat.o
 .comment       0x00000000       0x13 timers.o
 .comment       0x00000000       0x13 interrupt.o
 .comment       0x00000000       0x13 ../../lib/libc68k.a(strchr.o)
 .comment       0x00000000       0x13 ../../lib/libc68k.a(memcpy.o)
 .comment       0x00000000       0x13 ../../lib/libc68k.a(malloc.o)
 .comment       0x00000000       0x13 ../../lib/libc68k.a(memcmp.o)
 .comment       0x00000000       0x13 ../../lib/libc68k.a(strlen.o)
 .comment       0x00000000       0x13 ../../lib/libc68k.a(memset.o)
 .comment       0x00000000       0x13 ../../lib/libc68k.a(strcat.o)
 .comment       0x00000000       0x13 ../../lib/libc68k.a(strcpy.o)
 .comment       0x00000000       0x13 ../../lib/libc68k.a(putchar.o)
 .comment       0x00000000       0x13 ../../lib/libc68k.a(sprintf.o)
 .comment       0x00000000       0x13 ../../lib/libc68k.a(printf.o)
 .comment       0x00000000       0x13 ../../lib/libc68k.a(__mulsi3.o)
 .comment       0x00000000       0x13 ../../lib/libc68k.a(__umodsi3.o)
 .comment       0x00000000       0x13 ../../lib/libc68k.a(__udivsi3.o)
 .comment       0x00000000       0x13 ../../lib/libc68k.a(strtoul.o)
 .comment       0x00000000       0x13 ../../lib/libc68k.a(isspace.o)
 .comment       0x00000000       0x13 ../../lib/libc68k.a(atoi.o)
 .comment       0x00000000       0x13 ../../lib/libc68k.a(strcasecmp.o)
 .comment       0x00000000       0x13 ../../lib/libc68k.a(puts.o)
 .comment       0x00000000       0x13 ../../lib/libc68k.a(strtol.o)

Memory Configuration

Name             Origin             Length             Attributes
ROM              0x00000000         0x00010000         xr
RAM              0x00080004         0x00080000         xrw
*default*        0x00000000         0xffffffff

Linker script and memory map

                0x00000000                        . = 0x0

.vectors        0x00000000        0x0
 *(.vectors)
                0x00000000                        . = ALIGN (0x400)

.text           0x00000000     0xd3e2
                0x00000000                        . = ALIGN (0x2)
 *(.text*)
 .text          0x00000000      0x2c4 ../../obj/orion68_startup.o
                0x000000c0                _start
                0x000001a2                UartWriteCh
                0x000001a6                UartWrCh
                0x000001ce                uart0_initialize
                0x0000021a                printString
                0x0000024c                _delay_ms
 .text          0x000002c4      0x24e orion68.o
                0x000002c4                executar_xmodem
                0x000002e4                clr_flg_program_loaded
                0x000002fa                set_flg_program_loaded
                0x0000030e                get_flg_program_loaded
                0x0000031a                print_msg
                0x00000356                write_string
                0x00000388                display_prompt
                0x0000040c                main
 *fill*         0x00000512        0x2 
 .text          0x00000514       0xec vectors.o
                0x0000052c                TRAP14_Handler
                0x000005d6                get_system_tick
 .text          0x00000600       0x2c console.o
                0x00000600                set_console_output
                0x00000612                set_console_input
                0x00000624                enable_interrupts
 .text          0x0000062c      0x66a ./dump/mem_dump.o
                0x0000062c                dump_memory
                0x000008aa                dump_memory2
                0x00000b2e                dump_memory_by_addr
 *fill*         0x00000c96        0x2 
 .text          0x00000c98       0x54 ./shell/io.o
                0x00000c98                get_key
                0x00000cc2                _putchar_hex
 .text          0x00000cec      0x492 ./shell/picow.o
                0x00000cec                receber_arquivo_do_pico
                0x00000f1c                send_sector_low
                0x00000f46                send_sector_high
                0x00000f70                send_read_cmd
                0x00000f96                read_sector
                0x00000ff6                get_crc
                0x0000105e                receber_setor_do_pico
                0x00001162                pico_write_ch
 *fill*         0x0000117e        0x2 
 .text          0x00001180      0x322 ./shell/elf_loader.o
                0x00001180                carregar_elf32
                0x000012c0                carregar_elf32_fatfs
 *fill*         0x000014a2        0x2 
 .text          0x000014a4       0x44 ./shell/printerro.o
                0x000014a4                printerro
 .text          0x000014e8     0x165a ./shell/commands.o
                0x00001558                do_help
                0x000015e8                do_notimplemented
                0x000015fa                do_runelf_fromhd
                0x00001628                do_runelf
                0x00001664                do_dump
                0x000016b6                serial_has_char
                0x000016ba                do_srecord
                0x00001772                do_binfile
                0x000018f2                do_binmem
                0x000019fe                do_ideinit
                0x00001a42                do_idemode
                0x00001a94                do_run
                0x00001ac0                do_writemem
                0x00001cda                do_ls
                0x00001f0a                do_delete
                0x00001f36                do_exit
                0x00001f5c                do_mkdir
                0x00002044                do_rmdir
                0x00002154                do_rename
                0x000021aa                do_cd
                0x000021d2                do_dir
                0x000021dc                do_shst
                0x000021f6                do_loadmem
                0x00002334                do_copyfile
                0x000024e8                do_cat
                0x00002620                do_time
                0x00002708                do_tstkbd
                0x000028f6                do_uptime
                0x000029ca                do_ehbasic
                0x000029ce                do_readsect
                0x00002a02                do_writesect
                0x00002a36                do_writemem1
 *fill*         0x00002b42        0x2 
 .text          0x00002b44      0xc3e ./shell/decodecmd.o
                0x00002b44                getline
                0x00002e1a                process_command_builtin
                0x00002f82                load_elf_executable
                0x0000337a                open_executable_file
                0x0000349e                process_command_executable
                0x00003622                process_command
                0x00003666                execute_cmd
 *fill*         0x00003782        0x2 
 .text          0x00003784       0xfc ./shell/crc32.o
                0x00003784                crc32_init
                0x000037f6                crc32_update
                0x00003868                crc32_calculate
 .text          0x00003880      0x4d4 ./shell/cmd_repeat.o
                0x00003880                hist_add
                0x00003d02                keyboard_handler
 .text          0x00003d54      0x78c ./kbd/drv_kbd.o
                0x00003db2                liga_debug
                0x00003dca                init_kbd
                0x00004068                get_packet
                0x000042c6                get_kbd_key
                0x000043e8                ch9350_shut_up
                0x000043f6                get_char
                0x000044be                print_capslock
 .text          0x000044e0      0x10a ./kbd/ringbuffer.o
                0x000044e0                ring_buf_init
                0x00004508                ring_buf_get
                0x00004544                ring_buf_put
                0x000045a4                ring_buf_is_empty
                0x000045c0                ring_buf_is_full
 *fill*         0x000045ea        0x2 
 .text          0x000045ec      0x556 ./rtc/rp5c01a.o
                0x00004620                get_fattime
                0x000047d8                set_rtc_time
                0x000049e0                rtc_delay
                0x00004a00                rtc_write_config_byte
                0x00004a3c                rtc_read_config_byte
                0x00004a72                ler_segundo
                0x00004aaa                rtc_inicializar
 *fill*         0x00004b42        0x2 
 .text          0x00004b44      0x17e ./picoVga/drv_picoVga.o
                0x00004b44                init_picoVga
                0x00004b48                run_cmd
                0x00004b70                write_str
                0x00004bb6                picovga_putchar
                0x00004bd8                picovga_gotoxy
                0x00004c4e                picovga_gohome
                0x00004c5c                picovga_set_color
                0x00004ca8                clrscr
 *fill*         0x00004cc2        0x2 
 .text          0x00004cc4      0x248 ./uarts/drv_uart0.o
                0x00004cc4                uart0_debug_char
                0x00004cf6                uart0_init
                0x00004d36                uart0_write
                0x00004d74                uart0_read
                0x00004dac                uart0_read_timeout
                0x00004e10                _inbyte
                0x00004e90                _outbyte
                0x00004ece                uart0_write_string
                0x00004efe                uart0_flush
 .text          0x00004f0c      0x6e6 ./ide/ata.o
                0x00004f20                set_ide_bus_mode
                0x00004f60                go_8bits_mode
                0x00004fd6                ata_detect
                0x00005094                ata_read_sector
                0x00005248                ata_write_sector
                0x00005250                read_partition_table
                0x0000533a                ata_init
                0x000053cc                ata_disk_status
                0x000053dc                ata_disk_initialize
                0x000053ec                ata_wait_not_busy
                0x0000542e                ata_wait_for_data
                0x00005470                ata_read_identity
 *fill*         0x000055f2        0x2 
 .text          0x000055f4     0x412e ./fatfs/ff.o
                0x0000775c                f_mount
                0x0000781a                f_open
                0x00007bfa                f_read
                0x00007f7e                f_write
                0x0000839c                f_sync
                0x000084f4                f_close
                0x0000852a                f_chdrive
                0x0000854e                f_chdir
                0x000085f2                f_getcwd
                0x00008840                f_lseek
                0x00008bc4                f_opendir
                0x00008c98                f_closedir
                0x00008cbe                f_readdir
                0x00008d5e                f_stat
                0x00008dd8                f_getfree
                0x00008f80                f_truncate
                0x0000912e                f_unlink
                0x0000928c                f_mkdir
                0x000094ce                f_rename
 *fill*         0x00009722        0x2 
 .text          0x00009724        0x0 ./fatfs/ffsystem.o
 .text          0x00009724      0x220 ./fatfs/diskio.o
                0x00009724                disk_status
                0x0000973c                disk_initialize
                0x00009752                disk_read
                0x000097d0                disk_write
                0x0000984e                disk_ioctl
 .text          0x00009944      0x44e ./tst_fat/tstfat.o
                0x00009944                listar_diretorio_raiz
                0x00009b00                open_dir
                0x00009bba                ler_e_exibir_joblog
                0x00009d48                le_setor
                0x00009d76                wr_setor
 *fill*         0x00009d92        0x2 
 .text          0x00009d94      0x32a timers.o
                0x00009d94                delay10ms
                0x00009db6                cpu_delay
                0x00009dd2                init_timer
                0x00009df2                get_tick_count
                0x00009dfa                add_timer
                0x00009e92                delete_timer
                0x00009ede                start_timer
                0x00009f5e                stop_timer
                0x00009f92                reset_timer
                0x00009fe0                set_interval
                0x0000a014                update_timers
 *fill*         0x0000a0be        0x2 
 .text          0x0000a0c0        0x0 interrupt.o
 .text          0x0000a0c0      0x168 ./xmodem/xmodem_asm.o
                0x0000a0fe                xmodem_receive
 .text          0x0000a228       0xa4 vectors_asm.o
                0x0000a228                SvcBusError
                0x0000a228                Svcaddress_err
                0x0000a230                TrapFHandler
                0x0000a230                SpuriousHandler
                0x0000a230                Int4Handler
                0x0000a230                SvcTrace
                0x0000a230                TrapBHandler
                0x0000a230                Int1Handler
                0x0000a230                TrapAHandler
                0x0000a230                SvcChkIns
                0x0000a230                Trap4Handler
                0x0000a230                Trap9Handler
                0x0000a230                Int5Handler
                0x0000a230                SvcDiv0_handler
                0x0000a230                Int7Handler
                0x0000a230                SvcIllegalIns
                0x0000a230                SvcLineA
                0x0000a230                SvcPrivViolation
                0x0000a230                Trap8Handler
                0x0000a230                Int6Handler
                0x0000a230                Trap2Handler
                0x0000a230                bad_exception
                0x0000a230                Trap3Handler
                0x0000a230                Trap7Handler
                0x0000a230                Trap0Handler
                0x0000a230                SvcLineF
                0x0000a230                TrapCHandler
                0x0000a230                SvcTrapvIns
                0x0000a230                Trap5Handler
                0x0000a230                Trap6Handler
                0x0000a232                TrapDHandler
                0x0000a234                Int2Handler
                0x0000a246                Int3Handler
                0x0000a266                Trap1Handler
                0x0000a2b6                TrapEHandler
 .text          0x0000a2cc       0x1c ../../lib/libc68k.a(strchr.o)
                0x0000a2cc                strchr
 .text          0x0000a2e8       0x1e ../../lib/libc68k.a(memcpy.o)
                0x0000a2e8                memcpy
 *fill*         0x0000a306        0x2 
 .text          0x0000a308      0x360 ../../lib/libc68k.a(malloc.o)
                0x0000a4bc                malloc_init
                0x0000a532                free
                0x0000a57e                malloc
                0x0000a592                calloc
                0x0000a5f2                malloc_num_free
                0x0000a60c                malloc_num_used
                0x0000a628                malloc_num_fresh
                0x0000a644                malloc_check
 .text          0x0000a668       0x3c ../../lib/libc68k.a(memcmp.o)
                0x0000a668                memcmp
 .text          0x0000a6a4       0x12 ../../lib/libc68k.a(strlen.o)
                0x0000a6a4                strlen
 *fill*         0x0000a6b6        0x2 
 .text          0x0000a6b8       0x16 ../../lib/libc68k.a(memset.o)
                0x0000a6b8                memset
 *fill*         0x0000a6ce        0x2 
 .text          0x0000a6d0       0x26 ../../lib/libc68k.a(strcat.o)
                0x0000a6d0                strcat
 *fill*         0x0000a6f6        0x2 
 .text          0x0000a6f8       0x18 ../../lib/libc68k.a(strcpy.o)
                0x0000a6f8                strcpy
 .text          0x0000a710       0x1a ../../lib/libc68k.a(putchar.o)
                0x0000a710                putchar
 *fill*         0x0000a72a        0x2 
 .text          0x0000a72c      0x206 ../../lib/libc68k.a(sprintf.o)
                0x0000a72c                sprintf
 *fill*         0x0000a932        0x2 
 .text          0x0000a934      0x3a6 ../../lib/libc68k.a(printf.o)
                0x0000a934                itox
                0x0000a97e                itodec
                0x0000a9dc                itooct
                0x0000aa22                itoudec
                0x0000aa74                pad_zeros
                0x0000aab8                printf
 *fill*         0x0000acda        0x2 
 .text          0x0000acdc       0x36 ../../lib/libc68k.a(__mulsi3.o)
                0x0000acdc                __mulsi3
 *fill*         0x0000ad12        0x2 
 .text          0x0000ad14       0x2c ../../lib/libc68k.a(__umodsi3.o)
                0x0000ad14                __umodsi3
 .text          0x0000ad40       0x3a ../../lib/libc68k.a(__udivsi3.o)
                0x0000ad40                __udivsi3
 *fill*         0x0000ad7a        0x2 
 .text          0x0000ad7c      0x148 ../../lib/libc68k.a(strtoul.o)
                0x0000ad7c                strtoul
 .text          0x0000aec4        0xc ../../lib/libc68k.a(isspace.o)
                0x0000aec4                isspace
 .text          0x0000aed0       0x16 ../../lib/libc68k.a(atoi.o)
                0x0000aed0                atoi
 *fill*         0x0000aee6        0x2 
 .text          0x0000aee8       0x54 ../../lib/libc68k.a(strcasecmp.o)
                0x0000aee8                strcasecmp
 .text          0x0000af3c       0x26 ../../lib/libc68k.a(puts.o)
                0x0000af3c                puts
 *fill*         0x0000af62        0x2 
 .text          0x0000af64       0x32 ../../lib/libc68k.a(strtol.o)
                0x0000af64                strtol
 *(.rodata)
 .rodata        0x0000af96      0x13d orion68.o
                0x0000afca                MsgOrionInit
 .rodata        0x0000b0d3       0x51 vectors.o
 .rodata        0x0000b124      0x2d6 ./dump/mem_dump.o
 .rodata        0x0000b3fa        0x5 ./shell/io.o
 .rodata        0x0000b3ff      0x150 ./shell/picow.o
 .rodata        0x0000b54f      0x2fa ./shell/printerro.o
 .rodata        0x0000b849      0x803 ./shell/commands.o
 .rodata        0x0000c04c      0xba1 ./shell/decodecmd.o
                0x0000c04c                g_elf_header_bytes
                0x0000c62c                g_cmd_table
 .rodata        0x0000cbed      0x2cd ./kbd/drv_kbd.o
                0x0000cbed                OE_BASE_KEYMAP
                0x0000cc6d                OE_SHIFT_KEYMAP
                0x0000cced                OE_CTRL_KEYMAP
                0x0000cd6d                OE_ALT_KEYMAP
                0x0000cded                OE_ALTGR_KEYMAP
 .rodata        0x0000ceba       0x48 ./rtc/rp5c01a.o
 .rodata        0x0000cf02       0x13 ./picoVga/drv_picoVga.o
 .rodata        0x0000cf15       0x2d ./uarts/drv_uart0.o
 .rodata        0x0000cf42      0x1b2 ./ide/ata.o
 .rodata        0x0000d0f4       0x98 ./fatfs/ff.o
 .rodata        0x0000d18c       0x2d ./fatfs/diskio.o
 .rodata        0x0000d1b9      0x200 ./tst_fat/tstfat.o
 *fill*         0x0000d3b9        0x1 
 .rodata        0x0000d3ba       0x28 ../../lib/libc68k.a(printf.o)
                0x0000d3e2                        . = ALIGN (0x2)

.rodata         0x0000d3e2       0x20
                0x0000d3e2                        . = ALIGN (0x2)
 *(.rodata*)
 .rodata.str1.1
                0x0000d3e2       0x20 ../../lib/libc68k.a(sprintf.o)
                                  0xf (size before relaxing)
 .rodata.str1.1
                0x0000d402       0x20 ../../lib/libc68k.a(printf.o)
                0x0000d422                        . = ALIGN (0x2)

.data           0x00080004       0x60 load address 0x0000d402
                0x00080004                        . = ALIGN (0x2)
                0x00080004                        __data_start = .
 *(.data*)
 .data          0x00080004        0x0 ../../obj/orion68_startup.o
 .data          0x00080004        0x0 orion68.o
 .data          0x00080004        0x0 vectors.o
 .data          0x00080004        0x0 console.o
 .data          0x00080004        0x0 ./dump/mem_dump.o
 .data          0x00080004        0x0 ./shell/io.o
 .data          0x00080004        0x0 ./shell/picow.o
 .data          0x00080004        0x0 ./shell/elf_loader.o
 .data          0x00080004       0x50 ./shell/printerro.o
 .data          0x00080054        0x0 ./shell/commands.o
 .data          0x00080054        0x8 ./shell/decodecmd.o
 .data          0x0008005c        0x0 ./shell/crc32.o
 .data          0x0008005c        0x1 ./shell/cmd_repeat.o
 *fill*         0x0008005d        0x3 
 .data          0x00080060        0x0 ./kbd/drv_kbd.o
 .data          0x00080060        0x4 ./kbd/ringbuffer.o
 .data          0x00080064        0x0 ./rtc/rp5c01a.o
 .data          0x00080064        0x0 ./picoVga/drv_picoVga.o
 .data          0x00080064        0x0 ./uarts/drv_uart0.o
 .data          0x00080064        0x0 ./ide/ata.o
 .data          0x00080064        0x0 ./fatfs/ff.o
 .data          0x00080064        0x0 ./fatfs/ffsystem.o
 .data          0x00080064        0x0 ./fatfs/diskio.o
 .data          0x00080064        0x0 ./tst_fat/tstfat.o
 .data          0x00080064        0x0 timers.o
 .data          0x00080064        0x0 interrupt.o
 .data          0x00080064        0x0 ./xmodem/xmodem_asm.o
 .data          0x00080064        0x0 vectors_asm.o
 .data          0x00080064        0x0 ../../lib/libc68k.a(strchr.o)
 .data          0x00080064        0x0 ../../lib/libc68k.a(memcpy.o)
 .data          0x00080064        0x0 ../../lib/libc68k.a(malloc.o)
 .data          0x00080064        0x0 ../../lib/libc68k.a(memcmp.o)
 .data          0x00080064        0x0 ../../lib/libc68k.a(strlen.o)
 .data          0x00080064        0x0 ../../lib/libc68k.a(memset.o)
 .data          0x00080064        0x0 ../../lib/libc68k.a(strcat.o)
 .data          0x00080064        0x0 ../../lib/libc68k.a(strcpy.o)
 .data          0x00080064        0x0 ../../lib/libc68k.a(putchar.o)
 .data          0x00080064        0x0 ../../lib/libc68k.a(sprintf.o)
 .data          0x00080064        0x0 ../../lib/libc68k.a(printf.o)
 .data          0x00080064        0x0 ../../lib/libc68k.a(__mulsi3.o)
 .data          0x00080064        0x0 ../../lib/libc68k.a(__umodsi3.o)
 .data          0x00080064        0x0 ../../lib/libc68k.a(__udivsi3.o)
 .data          0x00080064        0x0 ../../lib/libc68k.a(strtoul.o)
 .data          0x00080064        0x0 ../../lib/libc68k.a(isspace.o)
 .data          0x00080064        0x0 ../../lib/libc68k.a(atoi.o)
 .data          0x00080064        0x0 ../../lib/libc68k.a(strcasecmp.o)
 .data          0x00080064        0x0 ../../lib/libc68k.a(puts.o)
 .data          0x00080064        0x0 ../../lib/libc68k.a(strtol.o)
                0x00080064                        . = ALIGN (0x2)
                0x00080064                        __data_end = .

.mram           0x00080064        0x8 load address 0x0000d462
 *(?.mram)
 .mram          0x00080064        0x8 orion68.o
                0x00080064                systemTick
                0x00080068                flg_system
                0x0000d402                        __data_load_start = LOADADDR (.data)

.bss            0x0008006c     0x1124 load address 0x0000d462
                0x0008006c                        . = ALIGN (0x2)
                0x0008006c                        __bss_start = .
 *(.bss*)
 .bss           0x0008006c        0x0 ../../obj/orion68_startup.o
 .bss           0x0008006c      0x3bc orion68.o
                0x0008006c                sys_flags
                0x0008006e                FatFs
                0x000802a8                g_cmd_buffer
                0x00080328                buffer
                0x000803a8                syspath
 .bss           0x00080428        0x0 vectors.o
 .bss           0x00080428        0x8 console.o
                0x00080428                cconin
                0x0008042c                cconout
 .bss           0x00080430        0x0 ./dump/mem_dump.o
 .bss           0x00080430        0x0 ./shell/io.o
 .bss           0x00080430        0x0 ./shell/picow.o
 .bss           0x00080430        0x0 ./shell/elf_loader.o
 .bss           0x00080430        0x0 ./shell/printerro.o
 .bss           0x00080430      0x22a ./shell/commands.o
                0x00080430                basic_running
 *fill*         0x0008065a        0x2 
 .bss           0x0008065c        0x4 ./shell/decodecmd.o
 .bss           0x00080660      0x400 ./shell/crc32.o
 .bss           0x00080a60      0x1a5 ./shell/cmd_repeat.o
 *fill*         0x00080c05        0x3 
 .bss           0x00080c08       0x3b ./kbd/drv_kbd.o
                0x00080c08                key_buffer
                0x00080c38                cmd
                0x00080c39                length
                0x00080c3a                type
                0x00080c3b                special_key_up
                0x00080c3c                special_key_down
                0x00080c3d                key_up
                0x00080c3e                key_down
                0x00080c3f                special_key_status
                0x00080c40                _CapsFlag
                0x00080c41                mod_caps
                0x00080c42                debug_pkt
 *fill*         0x00080c43        0x1 
 .bss           0x00080c44      0x106 ./kbd/ringbuffer.o
 *fill*         0x00080d4a        0x2 
 .bss           0x00080d4c        0x0 ./rtc/rp5c01a.o
 .bss           0x00080d4c        0x0 ./picoVga/drv_picoVga.o
 .bss           0x00080d4c        0x0 ./uarts/drv_uart0.o
 .bss           0x00080d4c       0x29 ./ide/ata.o
                0x00080d4c                drives
                0x00080d74                ide_bus_mode
 *fill*         0x00080d75        0x3 
 .bss           0x00080d78        0xd ./fatfs/ff.o
 *fill*         0x00080d85        0x3 
 .bss           0x00080d88        0x0 ./fatfs/ffsystem.o
 .bss           0x00080d88       0x64 ./fatfs/diskio.o
 .bss           0x00080dec      0x2f0 ./tst_fat/tstfat.o
                0x00080dec                Dir
                0x00080e1a                Fno
                0x00080e34                buffer_leitura
 .bss           0x000810dc       0x1c timers.o
                0x000810dc                g_timers
                0x000810f0                g_tick_count
 .bss           0x000810f8        0x0 interrupt.o
 .bss           0x000810f8       0x84 ./xmodem/xmodem_asm.o
 .bss           0x0008117c        0x0 vectors_asm.o
 .bss           0x0008117c        0x0 ../../lib/libc68k.a(strchr.o)
 .bss           0x0008117c        0x0 ../../lib/libc68k.a(memcpy.o)
 .bss           0x0008117c       0x14 ../../lib/libc68k.a(malloc.o)
 .bss           0x00081190        0x0 ../../lib/libc68k.a(memcmp.o)
 .bss           0x00081190        0x0 ../../lib/libc68k.a(strlen.o)
 .bss           0x00081190        0x0 ../../lib/libc68k.a(memset.o)
 .bss           0x00081190        0x0 ../../lib/libc68k.a(strcat.o)
 .bss           0x00081190        0x0 ../../lib/libc68k.a(strcpy.o)
 .bss           0x00081190        0x0 ../../lib/libc68k.a(putchar.o)
 .bss           0x00081190        0x0 ../../lib/libc68k.a(sprintf.o)
 .bss           0x00081190        0x0 ../../lib/libc68k.a(printf.o)
 .bss           0x00081190        0x0 ../../lib/libc68k.a(__mulsi3.o)
 .bss           0x00081190        0x0 ../../lib/libc68k.a(__umodsi3.o)
 .bss           0x00081190        0x0 ../../lib/libc68k.a(__udivsi3.o)
 .bss           0x00081190        0x0 ../../lib/libc68k.a(strtoul.o)
 .bss           0x00081190        0x0 ../../lib/libc68k.a(isspace.o)
 .bss           0x00081190        0x0 ../../lib/libc68k.a(atoi.o)
 .bss           0x00081190        0x0 ../../lib/libc68k.a(strcasecmp.o)
 .bss           0x00081190        0x0 ../../lib/libc68k.a(puts.o)
 .bss           0x00081190        0x0 ../../lib/libc68k.a(strtol.o)
 *(COMMON)
                0x00081190                        . = ALIGN (0x2)
                0x00081190                        __bss_end = .
                0x00100000                        _stack_end = 0x100000
                0x000fe000                        _stack_start = (_stack_end - 0x2000)

/DISCARD/
 *(.comment)
 *(.note*)
 *(.align*)
LOAD ../../obj/orion68_startup.o
LOAD orion68.o
LOAD vectors.o
LOAD console.o
LOAD ./dump/mem_dump.o
LOAD ./shell/io.o
LOAD ./shell/picow.o
LOAD ./shell/elf_loader.o
LOAD ./shell/printerro.o
LOAD ./shell/commands.o
LOAD ./shell/decodecmd.o
LOAD ./shell/crc32.o
LOAD ./shell/cmd_repeat.o
LOAD ./kbd/drv_kbd.o
LOAD ./kbd/ringbuffer.o
LOAD ./rtc/rp5c01a.o
LOAD ./picoVga/drv_picoVga.o
LOAD ./uarts/drv_uart0.o
LOAD ./ide/ata.o
LOAD ./fatfs/ff.o
LOAD ./fatfs/ffsystem.o
LOAD ./fatfs/diskio.o
LOAD ./tst_fat/tstfat.o
LOAD timers.o
LOAD interrupt.o
LOAD ./xmodem/xmodem_asm.o
LOAD vectors_asm.o
LOAD ../../lib/libc68k.a
OUTPUT(orion68.elf elf32-m68k)
