Archive member included to satisfy reference by file (symbol)

../../lib/libfileio.a(ff.o)   trap12.o (f_mount)
../../lib/libc68k.a(strchr.o)
                              ../../lib/libfileio.a(ff.o) (strchr)
../../lib/libc68k.a(memcpy.o)
                              ./shell/elf_loader.o (memcpy)
../../lib/libc68k.a(malloc.o)
                              timers.o (free)
../../lib/libc68k.a(memcmp.o)
                              ./shell/decodecmd.o (memcmp)
../../lib/libc68k.a(strlen.o)
                              ./shell/commands.o (strlen)
../../lib/libc68k.a(memset.o)
                              timers.o (memset)
../../lib/libc68k.a(strcat.o)
                              ./shell/commands.o (strcat)
../../lib/libc68k.a(strcpy.o)
                              ./shell/commands.o (strcpy)
../../lib/libc68k.a(putchar.o)
                              orion68.o (putchar)
../../lib/libc68k.a(sprintf.o)
                              ./shell/commands.o (sprintf)
../../lib/libc68k.a(printf.o)
                              ../../lib/libc68k.a(sprintf.o) (itox)
../../lib/libc68k.a(__mulsi3.o)
                              ./shell/elf_loader.o (__mulsi3)
../../lib/libc68k.a(__umodsi3.o)
                              ./shell/commands.o (__umodsi3)
../../lib/libc68k.a(__udivsi3.o)
                              ./shell/commands.o (__udivsi3)
../../lib/libc68k.a(strtoul.o)
                              ./shell/commands.o (strtoul)
../../lib/libc68k.a(isspace.o)
                              ./shell/decodecmd.o (isspace)
../../lib/libc68k.a(atoi.o)   ./shell/commands.o (atoi)
../../lib/libc68k.a(strcasecmp.o)
                              ./shell/decodecmd.o (strcasecmp)
../../lib/libc68k.a(puts.o)   ../../lib/libc68k.a(printf.o) (puts)
../../lib/libc68k.a(strtol.o)
                              ../../lib/libc68k.a(atoi.o) (strtol)
../../lib/libvideo.a(vga_video.o)
                              orion68.o (gotoxy)

Discarded input sections

 .comment       0x00000000       0x13 orion68.o
 .comment       0x00000000       0x13 vectors.o
 .comment       0x00000000       0x13 console.o
 .comment       0x00000000       0x13 trap12.o
 .comment       0x00000000       0x13 timers.o
 .comment       0x00000000       0x13 interrupt.o
 .comment       0x00000000       0x13 ./dump/mem_dump.o
 .comment       0x00000000       0x13 ./shell/io.o
 .comment       0x00000000       0x13 ./shell/picow.o
 .comment       0x00000000       0x13 ./shell/elf_loader.o
 .comment       0x00000000       0x13 ./shell/printerro.o
 .comment       0x00000000       0x13 ./shell/commands.o
 .comment       0x00000000       0x13 ./shell/decodecmd.o
 .comment       0x00000000       0x13 ./shell/crc32.o
 .comment       0x00000000       0x13 ./shell/cmd_repeat.o
 .comment       0x00000000       0x13 ./kbd/ringbuffer.o
 .comment       0x00000000       0x13 ./rtc/i2cbb.o
 .comment       0x00000000       0x13 ./uarts/drv_uart0.o
 .comment       0x00000000       0x13 ./duart/duart.o
 .comment       0x00000000       0x13 ./ide/ata.o
 .comment       0x00000000       0x13 ./ide/diskio.o
 .comment       0x00000000       0x13 ../../lib/libfileio.a(ff.o)
 .comment       0x00000000       0x13 ../../lib/libc68k.a(strchr.o)
 .comment       0x00000000       0x13 ../../lib/libc68k.a(memcpy.o)
 .comment       0x00000000       0x13 ../../lib/libc68k.a(malloc.o)
 .comment       0x00000000       0x13 ../../lib/libc68k.a(memcmp.o)
 .comment       0x00000000       0x13 ../../lib/libc68k.a(strlen.o)
 .comment       0x00000000       0x13 ../../lib/libc68k.a(memset.o)
 .comment       0x00000000       0x13 ../../lib/libc68k.a(strcat.o)
 .comment       0x00000000       0x13 ../../lib/libc68k.a(strcpy.o)
 .comment       0x00000000       0x13 ../../lib/libc68k.a(putchar.o)
 .comment       0x00000000       0x13 ../../lib/libc68k.a(sprintf.o)
 .comment       0x00000000       0x13 ../../lib/libc68k.a(printf.o)
 .comment       0x00000000       0x13 ../../lib/libc68k.a(__mulsi3.o)
 .comment       0x00000000       0x13 ../../lib/libc68k.a(__umodsi3.o)
 .comment       0x00000000       0x13 ../../lib/libc68k.a(__udivsi3.o)
 .comment       0x00000000       0x13 ../../lib/libc68k.a(strtoul.o)
 .comment       0x00000000       0x13 ../../lib/libc68k.a(isspace.o)
 .comment       0x00000000       0x13 ../../lib/libc68k.a(atoi.o)
 .comment       0x00000000       0x13 ../../lib/libc68k.a(strcasecmp.o)
 .comment       0x00000000       0x13 ../../lib/libc68k.a(puts.o)
 .comment       0x00000000       0x13 ../../lib/libc68k.a(strtol.o)
 .comment       0x00000000       0x13 ../../lib/libvideo.a(vga_video.o)

Memory Configuration

Name             Origin             Length             Attributes
ROM              0x00000000         0x00010000         xr
RAM              0x00080004         0x00080000         xrw
*default*        0x00000000         0xffffffff

Linker script and memory map

                0x00000000                        . = 0x0

.vectors        0x00000000        0x0
 *(.vectors)
                0x00000000                        . = ALIGN (0x400)

.text           0x00000000     0xb3d4
                0x00000000                        . = ALIGN (0x2)
 *(.text*)
 .text          0x00000000      0x2c4 ../../libc/obj/orion68_startup.o
                0x000000c0                _start
                0x000001a2                UartWriteCh
                0x000001a6                UartWrCh
                0x000001ce                uart0_initialize
                0x0000021a                printString
                0x0000024c                _delay_ms
 .text          0x000002c4      0x2e8 orion68.o
                0x000002c4                clr_flg_program_loaded
                0x000002da                set_flg_program_loaded
                0x000002ee                get_flg_program_loaded
                0x000002fa                print_msg
                0x00000336                write_string
                0x00000368                display_prompt
                0x000003ec                main
 .text          0x000005ac       0xec vectors.o
                0x000005c4                TRAP14_Handler
                0x0000066e                get_system_tick
 .text          0x00000698       0x2c console.o
                0x00000698                set_console_output
                0x000006aa                set_console_input
                0x000006bc                enable_interrupts
 .text          0x000006c4      0x244 trap12.o
                0x000006c4                do_open
                0x000006f8                do_close
                0x0000070c                do_read
                0x00000748                do_write
                0x00000784                do_sync
                0x00000798                do_lseek
                0x000007b8                do_tell
                0x000007c4                do_size
                0x000007d0                do_eof
                0x000007f4                do_unlink
                0x00000808                do_rename
                0x00000826                do_stat
                0x00000844                do_opendir
                0x00000862                do_readdir
                0x00000880                do_closedir
                0x00000894                do_mkdir
                0x000008a8                do_mount
                0x000008dc                do_unmount
 .text          0x00000908      0x32a timers.o
                0x00000908                delay10ms
                0x0000092a                cpu_delay
                0x00000946                init_timer
                0x00000966                get_tick_count
                0x0000096e                add_timer
                0x00000a06                delete_timer
                0x00000a52                start_timer
                0x00000ad2                stop_timer
                0x00000b06                reset_timer
                0x00000b54                set_interval
                0x00000b88                update_timers
 *fill*         0x00000c32        0x2 
 .text          0x00000c34        0x0 interrupt.o
 .text          0x00000c34      0x278 ./dump/mem_dump.o
                0x00000c34                dump_memory
 .text          0x00000eac       0x54 ./shell/io.o
                0x00000eac                get_key
                0x00000ed6                _putchar_hex
 .text          0x00000f00      0x5b4 ./shell/picow.o
                0x00000f00                receber_arquivo_do_pico
                0x00001132                noblk_receber_arquivo_do_pico
                0x00001252                send_sector_low
                0x0000127c                send_sector_high
                0x000012a6                send_read_cmd
                0x000012cc                read_sector
                0x0000132c                get_crc
                0x00001394                receber_setor_do_pico
                0x00001498                pico_write_ch
 .text          0x000014b4      0x322 ./shell/elf_loader.o
                0x000014b4                carregar_elf32
                0x000015f4                carregar_elf32_fatfs
 *fill*         0x000017d6        0x2 
 .text          0x000017d8       0x44 ./shell/printerro.o
                0x000017d8                printerro
 .text          0x0000181c     0x1bc0 ./shell/commands.o
                0x00001890                do_help
                0x00001920                do_binfile
                0x00001aa0                do_binmem
                0x00001bac                do_copyfile
                0x00001d60                do_cat
                0x00001e98                do_cd
                0x00001ec0                do_delete
                0x00001eec                do_dump
                0x00001f3e                do_exit
                0x00001f64                do_ideinit
                0x00001fa8                do_idemode
                0x00001ffa                do_ls
                0x000021cc                do_load_basic
                0x00002302                do_loadmem
                0x00002440                do_mkdir_shel
                0x00002528                do_notimplemented
                0x0000253a                do_rename_shel
                0x00002590                do_rmdir
                0x000026a0                do_runelf_fromhd
                0x000026ce                do_runelf
                0x0000270a                do_run
                0x00002736                do_save
                0x0000289e                do_save2
                0x00002a90                do_save_basic
                0x00002c0c                do_shst
                0x00002c26                do_time
                0x00002d0e                do_tstkbd
                0x00002f2a                do_uptime
                0x00002ffe                do_writemem
                0x00003218                do_writemem1
                0x00003324                do_srecord
 .text          0x000033dc      0xade ./shell/decodecmd.o
                0x000033dc                getline
                0x000036b2                process_command_builtin
                0x0000381a                load_elf_executable
                0x00003b52                open_executable_file
                0x00003c52                process_command_executable
                0x00003d5a                process_command
                0x00003d9e                execute_cmd
 *fill*         0x00003eba        0x2 
 .text          0x00003ebc       0xfc ./shell/crc32.o
                0x00003ebc                crc32_init
                0x00003f2e                crc32_update
                0x00003fa0                crc32_calculate
 .text          0x00003fb8      0x4d4 ./shell/cmd_repeat.o
                0x00003fb8                hist_add
                0x0000443a                keyboard_handler
 .text          0x0000448c      0x132 ./kbd/ringbuffer.o
                0x0000448c                ring_buf_init
                0x000044b4                ring_buf_get
                0x000044f0                ring_buf_put
                0x00004550                ring_buf_is_empty
                0x0000456c                ring_buf_is_full
                0x00004596                ring_buf_get_char
 *fill*         0x000045be        0x2 
 .text          0x000045c0      0x596 ./rtc/i2cbb.o
                0x00004632                i2c_start
                0x00004652                i2c_stop
                0x0000466a                i2c_write_byte
                0x000046ce                i2c_read_byte
                0x000047c6                ds3231_read_time
                0x000048ea                ds3231_set_time
                0x00004a16                eeprom_write_byte
                0x00004a7c                eeprom_read_byte
                0x00004aee                ds3231_probe
                0x00004b12                rtc_init
 *fill*         0x00004b56        0x2 
 .text          0x00004b58      0x248 ./uarts/drv_uart0.o
                0x00004b58                uart0_debug_char
                0x00004b8a                uart0_init
                0x00004bca                uart0_write
                0x00004c08                uart0_read
                0x00004c40                uart0_read_timeout
                0x00004ca4                _inbyte
                0x00004d24                _outbyte
                0x00004d62                uart0_write_string
                0x00004d92                uart0_flush
 .text          0x00004da0      0x160 ./duart/duart.o
                0x00004dc0                duart_init_canal_a
                0x00004e32                duart_putc
                0x00004e68                duart_getc
                0x00004e8a                duart_opr_init
                0x00004ea2                duart_led_op3_on
                0x00004ebe                duart_led_op3_off
                0x00004eda                duart_led_op3_toggle
 .text          0x00004f00      0x892 ./ide/ata.o
                0x00004f14                set_ide_bus_mode
                0x00004f54                go_8bits_mode
                0x00004fca                ata_detect
                0x00005088                ata_read_sector
                0x0000523c                ata_write_sector
                0x000053f0                read_partition_table
                0x000054da                ata_init
                0x0000556c                ata_disk_status
                0x0000557c                ata_disk_initialize
                0x0000558c                ata_wait_not_busy
                0x000055ce                ata_wait_for_data
                0x00005610                ata_read_identity
 *fill*         0x00005792        0x2 
 .text          0x00005794      0x220 ./ide/diskio.o
                0x00005794                disk_status
                0x000057ac                disk_initialize
                0x000057c2                disk_read
                0x00005840                disk_write
                0x000058be                disk_ioctl
 .text          0x000059b4      0x256 vectors_asm.o
                0x000059b4                SvcBusError
                0x000059b4                Svcaddress_err
                0x000059bc                TrapFHandler
                0x000059bc                SpuriousHandler
                0x000059bc                SvcTrace
                0x000059bc                TrapBHandler
                0x000059bc                Int1Handler
                0x000059bc                TrapAHandler
                0x000059bc                SvcChkIns
                0x000059bc                Trap9Handler
                0x000059bc                Int5Handler
                0x000059bc                SvcDiv0_handler
                0x000059bc                Int7Handler
                0x000059bc                SvcIllegalIns
                0x000059bc                SvcLineA
                0x000059bc                SvcPrivViolation
                0x000059bc                Trap8Handler
                0x000059bc                Int6Handler
                0x000059bc                bad_exception
                0x000059bc                Trap3Handler
                0x000059bc                Trap7Handler
                0x000059bc                Trap0Handler
                0x000059bc                SvcLineF
                0x000059bc                SvcTrapvIns
                0x000059bc                Trap5Handler
                0x000059bc                Trap6Handler
                0x000059be                TrapDHandler
                0x000059c0                Int2Handler
                0x00005a1c                Int3Handler
                0x00005a3c                Int4Handler
                0x00005a3e                Trap1Handler
                0x00005a8e                Trap2Handler
                0x00005b18                Trap4Handler
                0x00005b42                TrapCHandler
                0x00005bf4                TrapEHandler
 *fill*         0x00005c0a        0x2 
 .text          0x00005c0c      0x2ea trap2_asm.o
                0x00005c28                vid_writechar
                0x00005c36                vid_gotoxy
                0x00005c5a                vid_clrscr
                0x00005c6a                vid_gohome
                0x00005c7a                vid_setcolor
                0x00005c88                vid_drawVLine
                0x00005cba                vid_drawHLine
                0x00005cec                vid_drawLine
                0x00005d28                vid_drawCircle
                0x00005d54                vid_drawCircleHelper
                0x00005d84                vid_fillCircle
                0x00005db0                vid_fillCircleHelper
                0x00005de4                vid_drawRoundRect
                0x00005e24                vid_fillRoundRect
                0x00005e64                vid_fillRect
                0x00005ea0                vid_fillTri
 *fill*         0x00005ef6        0x2 
 .text          0x00005ef8       0x38 trap4_asm.o
                0x00005ef8                rtc_ds3231_read_time
                0x00005f02                rtc_ds3231_set_time
                0x00005f10                rtc_eeprom_read_byte
                0x00005f1a                rtc_eeprom_write_byte
 .text          0x00005f30      0x252 trap12_asm.o
                0x00005f30                file_open
                0x00005f4e                file_close
                0x00005f68                file_read
                0x00005f88                file_write
                0x00005fa8                file_sync
                0x00005fc2                file_lseek
                0x00005fde                file_unlink
                0x00005ff8                file_tell
                0x00006012                file_size
                0x0000602c                file_eof
                0x00006046                file_rename
                0x00006062                file_stat
                0x0000607e                file_opendir
                0x0000609a                file_readdir
                0x000060b6                file_closedir
                0x000060d0                file_mkdir
                0x000060ea                file_mount
                0x00006108                file_unmount
                0x00006122                file_list
                0x0000613c                file_save
                0x0000615c                file_load
 *fill*         0x00006182        0x2 
 .text          0x00006184       0x90 cpm_bios.o
                0x00006184                bios_entry
                0x000061c4                bios_const
                0x000061da                bios_conin
                0x000061f8                bios_conout
                0x0000620e                bios_init
 .text          0x00006214     0x27da ../../lib/libfileio.a(ff.o)
                0x00007468                f_mount
                0x000074ea                f_open
                0x0000778e                f_read
                0x0000799c                f_write
                0x00007bfa                f_sync
                0x00007cfc                f_close
                0x00007d2e                f_chdrive
                0x00007d52                f_chdir
                0x00007dd2                f_getcwd
                0x00007f8c                f_lseek
                0x000081b4                f_opendir
                0x00008250                f_closedir
                0x00008270                f_readdir
                0x000082fc                f_stat
                0x0000836e                f_getfree
                0x00008486                f_truncate
                0x0000859c                f_unlink
                0x000086aa                f_mkdir
                0x00008856                f_rename
 *fill*         0x000089ee        0x2 
 .text          0x000089f0       0x1c ../../lib/libc68k.a(strchr.o)
                0x000089f0                strchr
 .text          0x00008a0c       0x1e ../../lib/libc68k.a(memcpy.o)
                0x00008a0c                memcpy
 *fill*         0x00008a2a        0x2 
 .text          0x00008a2c      0x360 ../../lib/libc68k.a(malloc.o)
                0x00008be0                malloc_init
                0x00008c56                free
                0x00008ca2                malloc
                0x00008cb6                calloc
                0x00008d16                malloc_num_free
                0x00008d30                malloc_num_used
                0x00008d4c                malloc_num_fresh
                0x00008d68                malloc_check
 .text          0x00008d8c       0x3c ../../lib/libc68k.a(memcmp.o)
                0x00008d8c                memcmp
 .text          0x00008dc8       0x12 ../../lib/libc68k.a(strlen.o)
                0x00008dc8                strlen
 *fill*         0x00008dda        0x2 
 .text          0x00008ddc       0x16 ../../lib/libc68k.a(memset.o)
                0x00008ddc                memset
 *fill*         0x00008df2        0x2 
 .text          0x00008df4       0x26 ../../lib/libc68k.a(strcat.o)
                0x00008df4                strcat
 *fill*         0x00008e1a        0x2 
 .text          0x00008e1c       0x18 ../../lib/libc68k.a(strcpy.o)
                0x00008e1c                strcpy
 .text          0x00008e34       0x2a ../../lib/libc68k.a(putchar.o)
                0x00008e34                kbd_getchar
                0x00008e44                putchar
 *fill*         0x00008e5e        0x2 
 .text          0x00008e60      0x206 ../../lib/libc68k.a(sprintf.o)
                0x00008e60                sprintf
 *fill*         0x00009066        0x2 
 .text          0x00009068      0x3a6 ../../lib/libc68k.a(printf.o)
                0x00009068                itox
                0x000090b2                itodec
                0x00009110                itooct
                0x00009156                itoudec
                0x000091a8                pad_zeros
                0x000091ec                printf
 *fill*         0x0000940e        0x2 
 .text          0x00009410       0x36 ../../lib/libc68k.a(__mulsi3.o)
                0x00009410                __mulsi3
 *fill*         0x00009446        0x2 
 .text          0x00009448       0x2c ../../lib/libc68k.a(__umodsi3.o)
                0x00009448                __umodsi3
 .text          0x00009474       0x3a ../../lib/libc68k.a(__udivsi3.o)
                0x00009474                __udivsi3
 *fill*         0x000094ae        0x2 
 .text          0x000094b0      0x148 ../../lib/libc68k.a(strtoul.o)
                0x000094b0                strtoul
 .text          0x000095f8        0xc ../../lib/libc68k.a(isspace.o)
                0x000095f8                isspace
 .text          0x00009604       0x16 ../../lib/libc68k.a(atoi.o)
                0x00009604                atoi
 *fill*         0x0000961a        0x2 
 .text          0x0000961c       0x54 ../../lib/libc68k.a(strcasecmp.o)
                0x0000961c                strcasecmp
 .text          0x00009670       0x26 ../../lib/libc68k.a(puts.o)
                0x00009670                puts
 *fill*         0x00009696        0x2 
 .text          0x00009698       0x32 ../../lib/libc68k.a(strtol.o)
                0x00009698                strtol
 *fill*         0x000096ca        0x2 
 .text          0x000096cc       0x3c ../../lib/libvideo.a(vga_video.o)
                0x000096cc                run_cmd
                0x000096ce                gotoxy
                0x000096e0                gohome
                0x000096e6                setcolor
                0x00009702                clrscr
 *(.rodata)
 .rodata        0x00009708      0x1d5 orion68.o
                0x0000970b                MsgOrionInit
 .rodata        0x000098dd       0x51 vectors.o
 .rodata        0x0000992e      0x1c5 ./dump/mem_dump.o
 .rodata        0x00009af3        0x5 ./shell/io.o
 .rodata        0x00009af8      0x150 ./shell/picow.o
 .rodata        0x00009c48      0x2fa ./shell/printerro.o
 .rodata        0x00009f42      0x9b7 ./shell/commands.o
 *fill*         0x0000a8f9        0x1 
 .rodata        0x0000a8fa      0x7da ./shell/decodecmd.o
                0x0000a8fa                g_elf_header_bytes
                0x0000acbc                g_cmd_table
 .rodata        0x0000b0d4       0x2d ./uarts/drv_uart0.o
 .rodata        0x0000b101       0x11 ./duart/duart.o
 .rodata        0x0000b112      0x1ec ./ide/ata.o
 .rodata        0x0000b2fe       0x2d ./ide/diskio.o
 .rodata        0x0000b32b       0x80 ../../lib/libfileio.a(ff.o)
 *fill*         0x0000b3ab        0x1 
 .rodata        0x0000b3ac       0x28 ../../lib/libc68k.a(printf.o)
                0x0000b3d4                        . = ALIGN (0x2)

.rodata         0x0000b3d4       0x38
                0x0000b3d4                        . = ALIGN (0x2)
 *(.rodata*)
 .rodata.str1.1
                0x0000b3d4       0x38 ../../lib/libfileio.a(ff.o)
                                 0x18 (size before relaxing)
 .rodata.str1.1
                0x0000b40c        0xf ../../lib/libc68k.a(sprintf.o)
 .rodata.str1.1
                0x0000b40c       0x20 ../../lib/libc68k.a(printf.o)
                0x0000b42c                        . = ALIGN (0x2)

.data           0x00080004       0x60 load address 0x0000b40c
                0x00080004                        . = ALIGN (0x2)
                0x00080004                        __data_start = .
 *(.data*)
 .data          0x00080004        0x0 ../../libc/obj/orion68_startup.o
 .data          0x00080004        0x0 orion68.o
 .data          0x00080004        0x0 vectors.o
 .data          0x00080004        0x0 console.o
 .data          0x00080004        0x0 trap12.o
 .data          0x00080004        0x0 timers.o
 .data          0x00080004        0x0 interrupt.o
 .data          0x00080004        0x0 ./dump/mem_dump.o
 .data          0x00080004        0x0 ./shell/io.o
 .data          0x00080004        0x0 ./shell/picow.o
 .data          0x00080004        0x0 ./shell/elf_loader.o
 .data          0x00080004       0x50 ./shell/printerro.o
 .data          0x00080054        0x0 ./shell/commands.o
 .data          0x00080054        0x8 ./shell/decodecmd.o
 .data          0x0008005c        0x0 ./shell/crc32.o
 .data          0x0008005c        0x1 ./shell/cmd_repeat.o
 *fill*         0x0008005d        0x3 
 .data          0x00080060        0x4 ./kbd/ringbuffer.o
 .data          0x00080064        0x0 ./rtc/i2cbb.o
 .data          0x00080064        0x0 ./uarts/drv_uart0.o
 .data          0x00080064        0x0 ./duart/duart.o
 .data          0x00080064        0x0 ./ide/ata.o
 .data          0x00080064        0x0 ./ide/diskio.o
 .data          0x00080064        0x0 vectors_asm.o
 .data          0x00080064        0x0 trap2_asm.o
 .data          0x00080064        0x0 trap4_asm.o
 .data          0x00080064        0x0 trap12_asm.o
 .data          0x00080064        0x0 cpm_bios.o
 .data          0x00080064        0x0 ../../lib/libfileio.a(ff.o)
 .data          0x00080064        0x0 ../../lib/libc68k.a(strchr.o)
 .data          0x00080064        0x0 ../../lib/libc68k.a(memcpy.o)
 .data          0x00080064        0x0 ../../lib/libc68k.a(malloc.o)
 .data          0x00080064        0x0 ../../lib/libc68k.a(memcmp.o)
 .data          0x00080064        0x0 ../../lib/libc68k.a(strlen.o)
 .data          0x00080064        0x0 ../../lib/libc68k.a(memset.o)
 .data          0x00080064        0x0 ../../lib/libc68k.a(strcat.o)
 .data          0x00080064        0x0 ../../lib/libc68k.a(strcpy.o)
 .data          0x00080064        0x0 ../../lib/libc68k.a(putchar.o)
 .data          0x00080064        0x0 ../../lib/libc68k.a(sprintf.o)
 .data          0x00080064        0x0 ../../lib/libc68k.a(printf.o)
 .data          0x00080064        0x0 ../../lib/libc68k.a(__mulsi3.o)
 .data          0x00080064        0x0 ../../lib/libc68k.a(__umodsi3.o)
 .data          0x00080064        0x0 ../../lib/libc68k.a(__udivsi3.o)
 .data          0x00080064        0x0 ../../lib/libc68k.a(strtoul.o)
 .data          0x00080064        0x0 ../../lib/libc68k.a(isspace.o)
 .data          0x00080064        0x0 ../../lib/libc68k.a(atoi.o)
 .data          0x00080064        0x0 ../../lib/libc68k.a(strcasecmp.o)
 .data          0x00080064        0x0 ../../lib/libc68k.a(puts.o)
 .data          0x00080064        0x0 ../../lib/libc68k.a(strtol.o)
 .data          0x00080064        0x0 ../../lib/libvideo.a(vga_video.o)
                0x00080064                        . = ALIGN (0x2)
                0x00080064                        __data_end = .

.mram           0x00080064        0xc load address 0x0000b46c
 *(?.mram)
 .mram          0x00080064        0xc orion68.o
                0x00080064                systemTick
                0x00080068                tick_count
                0x0008006c                flg_system
                0x0000b40c                        __data_load_start = LOADADDR (.data)

.bss            0x00080070      0xdbc load address 0x0000b46c
                0x00080070                        . = ALIGN (0x2)
                0x00080070                        __bss_start = .
 *(.bss*)
 .bss           0x00080070        0x0 ../../libc/obj/orion68_startup.o
 .bss           0x00080070      0x3bc orion68.o
                0x00080070                sys_flags
                0x00080072                FatFs
                0x000802ac                g_cmd_buffer
                0x0008032c                buffer
                0x000803ac                syspath
 .bss           0x0008042c        0x0 vectors.o
 .bss           0x0008042c        0x8 console.o
                0x0008042c                cconin
                0x00080430                cconout
 .bss           0x00080434        0x0 trap12.o
 .bss           0x00080434       0x1c timers.o
                0x00080434                g_timers
                0x00080448                g_tick_count
 .bss           0x00080450        0x0 interrupt.o
 .bss           0x00080450        0x0 ./dump/mem_dump.o
 .bss           0x00080450        0x0 ./shell/io.o
 .bss           0x00080450        0x0 ./shell/picow.o
 .bss           0x00080450        0x0 ./shell/elf_loader.o
 .bss           0x00080450        0x0 ./shell/printerro.o
 .bss           0x00080450      0x270 ./shell/commands.o
 .bss           0x000806c0        0x4 ./shell/decodecmd.o
 .bss           0x000806c4      0x400 ./shell/crc32.o
 .bss           0x00080ac4      0x1a5 ./shell/cmd_repeat.o
 *fill*         0x00080c69        0x3 
 .bss           0x00080c6c      0x106 ./kbd/ringbuffer.o
 *fill*         0x00080d72        0x2 
 .bss           0x00080d74        0x0 ./rtc/i2cbb.o
 .bss           0x00080d74        0x0 ./uarts/drv_uart0.o
 .bss           0x00080d74        0x1 ./duart/duart.o
 *fill*         0x00080d75        0x3 
 .bss           0x00080d78       0x29 ./ide/ata.o
                0x00080d78                drives
                0x00080da0                ide_bus_mode
 *fill*         0x00080da1        0x3 
 .bss           0x00080da4       0x64 ./ide/diskio.o
 .bss           0x00080e08        0x0 vectors_asm.o
 .bss           0x00080e08        0x0 trap2_asm.o
 .bss           0x00080e08        0x0 trap4_asm.o
 .bss           0x00080e08        0x0 trap12_asm.o
 .bss           0x00080e08        0x0 cpm_bios.o
 .bss           0x00080e08        0xe ../../lib/libfileio.a(ff.o)
 *fill*         0x00080e16        0x2 
 .bss           0x00080e18        0x0 ../../lib/libc68k.a(strchr.o)
 .bss           0x00080e18        0x0 ../../lib/libc68k.a(memcpy.o)
 .bss           0x00080e18       0x14 ../../lib/libc68k.a(malloc.o)
 .bss           0x00080e2c        0x0 ../../lib/libc68k.a(memcmp.o)
 .bss           0x00080e2c        0x0 ../../lib/libc68k.a(strlen.o)
 .bss           0x00080e2c        0x0 ../../lib/libc68k.a(memset.o)
 .bss           0x00080e2c        0x0 ../../lib/libc68k.a(strcat.o)
 .bss           0x00080e2c        0x0 ../../lib/libc68k.a(strcpy.o)
 .bss           0x00080e2c        0x0 ../../lib/libc68k.a(putchar.o)
 .bss           0x00080e2c        0x0 ../../lib/libc68k.a(sprintf.o)
 .bss           0x00080e2c        0x0 ../../lib/libc68k.a(printf.o)
 .bss           0x00080e2c        0x0 ../../lib/libc68k.a(__mulsi3.o)
 .bss           0x00080e2c        0x0 ../../lib/libc68k.a(__umodsi3.o)
 .bss           0x00080e2c        0x0 ../../lib/libc68k.a(__udivsi3.o)
 .bss           0x00080e2c        0x0 ../../lib/libc68k.a(strtoul.o)
 .bss           0x00080e2c        0x0 ../../lib/libc68k.a(isspace.o)
 .bss           0x00080e2c        0x0 ../../lib/libc68k.a(atoi.o)
 .bss           0x00080e2c        0x0 ../../lib/libc68k.a(strcasecmp.o)
 .bss           0x00080e2c        0x0 ../../lib/libc68k.a(puts.o)
 .bss           0x00080e2c        0x0 ../../lib/libc68k.a(strtol.o)
 .bss           0x00080e2c        0x0 ../../lib/libvideo.a(vga_video.o)
 *(COMMON)
                0x00080e2c                        . = ALIGN (0x2)
                0x00080e2c                        __bss_end = .
                0x00100000                        _stack_end = 0x100000
                0x000fe000                        _stack_start = (_stack_end - 0x2000)

/DISCARD/
 *(.comment)
 *(.note*)
 *(.align*)
LOAD ../../libc/obj/orion68_startup.o
LOAD orion68.o
LOAD vectors.o
LOAD console.o
LOAD trap12.o
LOAD timers.o
LOAD interrupt.o
LOAD ./dump/mem_dump.o
LOAD ./shell/io.o
LOAD ./shell/picow.o
LOAD ./shell/elf_loader.o
LOAD ./shell/printerro.o
LOAD ./shell/commands.o
LOAD ./shell/decodecmd.o
LOAD ./shell/crc32.o
LOAD ./shell/cmd_repeat.o
LOAD ./kbd/ringbuffer.o
LOAD ./rtc/i2cbb.o
LOAD ./uarts/drv_uart0.o
LOAD ./duart/duart.o
LOAD ./ide/ata.o
LOAD ./ide/diskio.o
LOAD vectors_asm.o
LOAD trap2_asm.o
LOAD trap4_asm.o
LOAD trap12_asm.o
LOAD cpm_bios.o
LOAD ../../lib/libfileio.a
LOAD ../../lib/libc68k.a
LOAD ../../lib/libvideo.a
OUTPUT(orion68.elf elf32-m68k)
