Archive member included to satisfy reference by file (symbol)

../../lib/libc68k.a(strchr.o)
                              ./fatfs/ff.o (strchr)
../../lib/libc68k.a(memcpy.o)
                              ./shell/elf_loader.o (memcpy)
../../lib/libc68k.a(malloc.o)
                              ./shell/commands.o (free)
../../lib/libc68k.a(memcmp.o)
                              ./shell/decodecmd.o (memcmp)
../../lib/libc68k.a(strlen.o)
                              ./shell/commands.o (strlen)
../../lib/libc68k.a(memset.o)
                              ./shell/elf_loader.o (memset)
../../lib/libc68k.a(strcat.o)
                              ./shell/commands.o (strcat)
../../lib/libc68k.a(strcpy.o)
                              ./shell/commands.o (strcpy)
../../lib/libc68k.a(putchar.o)
                              ./shell/commands.o (putchar)
../../lib/libc68k.a(sprintf.o)
                              ./shell/commands.o (sprintf)
../../lib/libc68k.a(printf.o)
                              ../../lib/libc68k.a(sprintf.o) (itox)
../../lib/libc68k.a(__mulsi3.o)
                              ./shell/elf_loader.o (__mulsi3)
../../lib/libc68k.a(__umodsi3.o)
                              ./shell/commands.o (__umodsi3)
../../lib/libc68k.a(__udivsi3.o)
                              ./shell/commands.o (__udivsi3)
../../lib/libc68k.a(strtoul.o)
                              ./shell/commands.o (strtoul)
../../lib/libc68k.a(isspace.o)
                              ./shell/decodecmd.o (isspace)
../../lib/libc68k.a(atoi.o)   ./shell/commands.o (atoi)
../../lib/libc68k.a(strcasecmp.o)
                              ./shell/decodecmd.o (strcasecmp)
../../lib/libc68k.a(puts.o)   ../../lib/libc68k.a(printf.o) (puts)
../../lib/libc68k.a(strtol.o)
                              ../../lib/libc68k.a(atoi.o) (strtol)

Discarded input sections

 .comment       0x00000000       0x13 orion68.o
 .comment       0x00000000       0x13 vectors.o
 .comment       0x00000000       0x13 console.o
 .comment       0x00000000       0x13 ./dump/mem_dump.o
 .comment       0x00000000       0x13 ./shell/io.o
 .comment       0x00000000       0x13 ./shell/picow.o
 .comment       0x00000000       0x13 ./shell/elf_loader.o
 .comment       0x00000000       0x13 ./shell/printerro.o
 .comment       0x00000000       0x13 ./shell/commands.o
 .comment       0x00000000       0x13 ./shell/decodecmd.o
 .comment       0x00000000       0x13 ./shell/crc32.o
 .comment       0x00000000       0x13 ./shell/cmd_repeat.o
 .comment       0x00000000       0x13 ./kbd/ringbuffer.o
 .comment       0x00000000       0x13 ./rtc/rp5c01a.o
 .comment       0x00000000       0x13 ./picoVga/drv_picoVga.o
 .comment       0x00000000       0x13 ./uarts/drv_uart0.o
 .comment       0x00000000       0x13 ./duart/duart.o
 .comment       0x00000000       0x13 ./ide/ata.o
 .comment       0x00000000       0x13 ./fatfs/ff.o
 .comment       0x00000000       0x13 ./fatfs/ffsystem.o
 .comment       0x00000000       0x13 ./fatfs/diskio.o
 .comment       0x00000000       0x13 ./tst_fat/tstfat.o
 .comment       0x00000000       0x13 timers.o
 .comment       0x00000000       0x13 interrupt.o
 .comment       0x00000000       0x13 ../../lib/libc68k.a(strchr.o)
 .comment       0x00000000       0x13 ../../lib/libc68k.a(memcpy.o)
 .comment       0x00000000       0x13 ../../lib/libc68k.a(malloc.o)
 .comment       0x00000000       0x13 ../../lib/libc68k.a(memcmp.o)
 .comment       0x00000000       0x13 ../../lib/libc68k.a(strlen.o)
 .comment       0x00000000       0x13 ../../lib/libc68k.a(memset.o)
 .comment       0x00000000       0x13 ../../lib/libc68k.a(strcat.o)
 .comment       0x00000000       0x13 ../../lib/libc68k.a(strcpy.o)
 .comment       0x00000000       0x13 ../../lib/libc68k.a(putchar.o)
 .comment       0x00000000       0x13 ../../lib/libc68k.a(sprintf.o)
 .comment       0x00000000       0x13 ../../lib/libc68k.a(printf.o)
 .comment       0x00000000       0x13 ../../lib/libc68k.a(__mulsi3.o)
 .comment       0x00000000       0x13 ../../lib/libc68k.a(__umodsi3.o)
 .comment       0x00000000       0x13 ../../lib/libc68k.a(__udivsi3.o)
 .comment       0x00000000       0x13 ../../lib/libc68k.a(strtoul.o)
 .comment       0x00000000       0x13 ../../lib/libc68k.a(isspace.o)
 .comment       0x00000000       0x13 ../../lib/libc68k.a(atoi.o)
 .comment       0x00000000       0x13 ../../lib/libc68k.a(strcasecmp.o)
 .comment       0x00000000       0x13 ../../lib/libc68k.a(puts.o)
 .comment       0x00000000       0x13 ../../lib/libc68k.a(strtol.o)

Memory Configuration

Name             Origin             Length             Attributes
ROM              0x00000000         0x00010000         xr
RAM              0x00080004         0x00080000         xrw
*default*        0x00000000         0xffffffff

Linker script and memory map

                0x00000000                        . = 0x0

.vectors        0x00000000        0x0
 *(.vectors)
                0x00000000                        . = ALIGN (0x400)

.text           0x00000000     0xcef8
                0x00000000                        . = ALIGN (0x2)
 *(.text*)
 .text          0x00000000      0x2c4 ../../obj/orion68_startup.o
                0x000000c0                _start
                0x000001a2                UartWriteCh
                0x000001a6                UartWrCh
                0x000001ce                uart0_initialize
                0x0000021a                printString
                0x0000024c                _delay_ms
 .text          0x000002c4      0x280 orion68.o
                0x000002c4                executar_xmodem
                0x000002e4                clr_flg_program_loaded
                0x000002fa                set_flg_program_loaded
                0x0000030e                get_flg_program_loaded
                0x0000031a                print_msg
                0x00000356                write_string
                0x00000388                display_prompt
                0x0000040c                main
 .text          0x00000544       0xec vectors.o
                0x0000055c                TRAP14_Handler
                0x00000606                get_system_tick
 .text          0x00000630       0x2c console.o
                0x00000630                set_console_output
                0x00000642                set_console_input
                0x00000654                enable_interrupts
 .text          0x0000065c      0x27e ./dump/mem_dump.o
                0x0000065c                dump_memory
 *fill*         0x000008da        0x2 
 .text          0x000008dc       0x54 ./shell/io.o
                0x000008dc                get_key
                0x00000906                _putchar_hex
 .text          0x00000930      0x49a ./shell/picow.o
                0x00000930                receber_arquivo_do_pico
                0x00000b68                send_sector_low
                0x00000b92                send_sector_high
                0x00000bbc                send_read_cmd
                0x00000be2                read_sector
                0x00000c42                get_crc
                0x00000caa                receber_setor_do_pico
                0x00000dae                pico_write_ch
 *fill*         0x00000dca        0x2 
 .text          0x00000dcc      0x322 ./shell/elf_loader.o
                0x00000dcc                carregar_elf32
                0x00000f0c                carregar_elf32_fatfs
 *fill*         0x000010ee        0x2 
 .text          0x000010f0       0x44 ./shell/printerro.o
                0x000010f0                printerro
 .text          0x00001134     0x1aa2 ./shell/commands.o
                0x000011a4                do_help
                0x00001234                do_notimplemented
                0x00001246                do_runelf_fromhd
                0x00001274                do_runelf
                0x000012b0                do_dump
                0x00001302                serial_has_char
                0x00001306                do_srecord
                0x000013be                do_binfile
                0x0000153e                do_binmem
                0x0000164a                do_ideinit
                0x0000168e                do_idemode
                0x000016e0                do_run
                0x0000170c                do_writemem
                0x00001926                do_ls
                0x00001b56                do_delete
                0x00001b82                do_exit
                0x00001ba8                do_mkdir
                0x00001c90                do_rmdir
                0x00001da0                do_rename
                0x00001df6                do_cd
                0x00001e1e                do_dir
                0x00001e28                do_shst
                0x00001e42                do_loadmem
                0x00001f80                do_copyfile
                0x00002134                do_cat
                0x0000226c                do_time
                0x00002354                do_tstkbd
                0x00002570                do_uptime
                0x00002644                do_ehbasic
                0x00002648                do_readsect
                0x0000267c                do_writesect
                0x000026b0                do_writemem1
                0x000027bc                do_save
                0x00002924                do_save_basic
                0x00002aa0                do_load_basic
 *fill*         0x00002bd6        0x2 
 .text          0x00002bd8      0xbca ./shell/decodecmd.o
                0x00002bd8                getline
                0x00002eae                process_command_builtin
                0x00003016                load_elf_executable
                0x0000340e                open_executable_file
                0x0000350e                process_command_executable
                0x00003642                process_command
                0x00003686                execute_cmd
 *fill*         0x000037a2        0x2 
 .text          0x000037a4       0xfc ./shell/crc32.o
                0x000037a4                crc32_init
                0x00003816                crc32_update
                0x00003888                crc32_calculate
 .text          0x000038a0      0x4d4 ./shell/cmd_repeat.o
                0x000038a0                hist_add
                0x00003d22                keyboard_handler
 .text          0x00003d74      0x132 ./kbd/ringbuffer.o
                0x00003d74                ring_buf_init
                0x00003d9c                ring_buf_get
                0x00003dd8                ring_buf_put
                0x00003e38                ring_buf_is_empty
                0x00003e54                ring_buf_is_full
                0x00003e7e                ring_buf_get_char
 *fill*         0x00003ea6        0x2 
 .text          0x00003ea8      0x556 ./rtc/rp5c01a.o
                0x00003edc                get_fattime
                0x00004094                set_rtc_time
                0x0000429c                rtc_delay
                0x000042bc                rtc_write_config_byte
                0x000042f8                rtc_read_config_byte
                0x0000432e                ler_segundo
                0x00004366                rtc_inicializar
 *fill*         0x000043fe        0x2 
 .text          0x00004400      0x142 ./picoVga/drv_picoVga.o
                0x00004400                init_picoVga
                0x00004404                run_cmd
                0x0000442c                picovga_putchar
                0x00004458                picovga_gotoxy
                0x000044ce                picovga_gohome
                0x000044dc                picovga_set_color
                0x00004528                clrscr
 *fill*         0x00004542        0x2 
 .text          0x00004544      0x248 ./uarts/drv_uart0.o
                0x00004544                uart0_debug_char
                0x00004576                uart0_init
                0x000045b6                uart0_write
                0x000045f4                uart0_read
                0x0000462c                uart0_read_timeout
                0x00004690                _inbyte
                0x00004710                _outbyte
                0x0000474e                uart0_write_string
                0x0000477e                uart0_flush
 .text          0x0000478c      0x1fe ./duart/duart.o
                0x0000478c                duart_clock_115200_setup
                0x000047b6                duart_uartA_init
                0x0000481e                duart_uartB_init
                0x00004868                duart_uartA_putc
                0x0000489c                duart_uartA_getc
                0x000048be                duart_uartB_putc
                0x000048f2                duart_uartB_getc
                0x00004914                duart_opr_init
                0x0000492c                duart_led_op3_on
                0x00004948                duart_led_op3_off
                0x00004964                duart_led_op3_toggle
 *fill*         0x0000498a        0x2 
 .text          0x0000498c      0x892 ./ide/ata.o
                0x000049a0                set_ide_bus_mode
                0x000049e0                go_8bits_mode
                0x00004a56                ata_detect
                0x00004b14                ata_read_sector
                0x00004cc8                ata_write_sector
                0x00004e7c                read_partition_table
                0x00004f66                ata_init
                0x00004ff8                ata_disk_status
                0x00005008                ata_disk_initialize
                0x00005018                ata_wait_not_busy
                0x0000505a                ata_wait_for_data
                0x0000509c                ata_read_identity
 *fill*         0x0000521e        0x2 
 .text          0x00005220     0x412e ./fatfs/ff.o
                0x00007388                f_mount
                0x00007446                f_open
                0x00007826                f_read
                0x00007baa                f_write
                0x00007fc8                f_sync
                0x00008120                f_close
                0x00008156                f_chdrive
                0x0000817a                f_chdir
                0x0000821e                f_getcwd
                0x0000846c                f_lseek
                0x000087f0                f_opendir
                0x000088c4                f_closedir
                0x000088ea                f_readdir
                0x0000898a                f_stat
                0x00008a04                f_getfree
                0x00008bac                f_truncate
                0x00008d5a                f_unlink
                0x00008eb8                f_mkdir
                0x000090fa                f_rename
 *fill*         0x0000934e        0x2 
 .text          0x00009350        0x0 ./fatfs/ffsystem.o
 .text          0x00009350      0x220 ./fatfs/diskio.o
                0x00009350                disk_status
                0x00009368                disk_initialize
                0x0000937e                disk_read
                0x000093fc                disk_write
                0x0000947a                disk_ioctl
 .text          0x00009570      0x464 ./tst_fat/tstfat.o
                0x00009570                listar_diretorio_raiz
                0x00009742                open_dir
                0x000097fc                ler_e_exibir_joblog
                0x0000998a                le_setor
                0x000099b8                wr_setor
 .text          0x000099d4      0x32a timers.o
                0x000099d4                delay10ms
                0x000099f6                cpu_delay
                0x00009a12                init_timer
                0x00009a32                get_tick_count
                0x00009a3a                add_timer
                0x00009ad2                delete_timer
                0x00009b1e                start_timer
                0x00009b9e                stop_timer
                0x00009bd2                reset_timer
                0x00009c20                set_interval
                0x00009c54                update_timers
 *fill*         0x00009cfe        0x2 
 .text          0x00009d00        0x0 interrupt.o
 .text          0x00009d00      0x168 ./xmodem/xmodem_asm.o
                0x00009d3e                xmodem_receive
 .text          0x00009e68       0xfc vectors_asm.o
                0x00009e68                SvcBusError
                0x00009e68                Svcaddress_err
                0x00009e70                TrapFHandler
                0x00009e70                SpuriousHandler
                0x00009e70                SvcTrace
                0x00009e70                TrapBHandler
                0x00009e70                Int1Handler
                0x00009e70                TrapAHandler
                0x00009e70                SvcChkIns
                0x00009e70                Trap4Handler
                0x00009e70                Trap9Handler
                0x00009e70                Int5Handler
                0x00009e70                SvcDiv0_handler
                0x00009e70                Int7Handler
                0x00009e70                SvcIllegalIns
                0x00009e70                SvcLineA
                0x00009e70                SvcPrivViolation
                0x00009e70                Trap8Handler
                0x00009e70                Int6Handler
                0x00009e70                Trap2Handler
                0x00009e70                bad_exception
                0x00009e70                Trap3Handler
                0x00009e70                Trap7Handler
                0x00009e70                Trap0Handler
                0x00009e70                SvcLineF
                0x00009e70                SvcTrapvIns
                0x00009e70                Trap5Handler
                0x00009e70                Trap6Handler
                0x00009e72                TrapDHandler
                0x00009e74                Int2Handler
                0x00009e82                Int3Handler
                0x00009ea2                Int4Handler
                0x00009ea4                Trap1Handler
                0x00009ef4                TrapEHandler
                0x00009f0a                TrapCHandler
 .text          0x00009f64       0x1c ../../lib/libc68k.a(strchr.o)
                0x00009f64                strchr
 .text          0x00009f80       0x1e ../../lib/libc68k.a(memcpy.o)
                0x00009f80                memcpy
 *fill*         0x00009f9e        0x2 
 .text          0x00009fa0      0x360 ../../lib/libc68k.a(malloc.o)
                0x0000a154                malloc_init
                0x0000a1ca                free
                0x0000a216                malloc
                0x0000a22a                calloc
                0x0000a28a                malloc_num_free
                0x0000a2a4                malloc_num_used
                0x0000a2c0                malloc_num_fresh
                0x0000a2dc                malloc_check
 .text          0x0000a300       0x3c ../../lib/libc68k.a(memcmp.o)
                0x0000a300                memcmp
 .text          0x0000a33c       0x12 ../../lib/libc68k.a(strlen.o)
                0x0000a33c                strlen
 *fill*         0x0000a34e        0x2 
 .text          0x0000a350       0x16 ../../lib/libc68k.a(memset.o)
                0x0000a350                memset
 *fill*         0x0000a366        0x2 
 .text          0x0000a368       0x26 ../../lib/libc68k.a(strcat.o)
                0x0000a368                strcat
 *fill*         0x0000a38e        0x2 
 .text          0x0000a390       0x18 ../../lib/libc68k.a(strcpy.o)
                0x0000a390                strcpy
 .text          0x0000a3a8       0x2a ../../lib/libc68k.a(putchar.o)
                0x0000a3a8                kbd_getchar
                0x0000a3b8                putchar
 *fill*         0x0000a3d2        0x2 
 .text          0x0000a3d4      0x206 ../../lib/libc68k.a(sprintf.o)
                0x0000a3d4                sprintf
 *fill*         0x0000a5da        0x2 
 .text          0x0000a5dc      0x3a6 ../../lib/libc68k.a(printf.o)
                0x0000a5dc                itox
                0x0000a626                itodec
                0x0000a684                itooct
                0x0000a6ca                itoudec
                0x0000a71c                pad_zeros
                0x0000a760                printf
 *fill*         0x0000a982        0x2 
 .text          0x0000a984       0x36 ../../lib/libc68k.a(__mulsi3.o)
                0x0000a984                __mulsi3
 *fill*         0x0000a9ba        0x2 
 .text          0x0000a9bc       0x2c ../../lib/libc68k.a(__umodsi3.o)
                0x0000a9bc                __umodsi3
 .text          0x0000a9e8       0x3a ../../lib/libc68k.a(__udivsi3.o)
                0x0000a9e8                __udivsi3
 *fill*         0x0000aa22        0x2 
 .text          0x0000aa24      0x148 ../../lib/libc68k.a(strtoul.o)
                0x0000aa24                strtoul
 .text          0x0000ab6c        0xc ../../lib/libc68k.a(isspace.o)
                0x0000ab6c                isspace
 .text          0x0000ab78       0x16 ../../lib/libc68k.a(atoi.o)
                0x0000ab78                atoi
 *fill*         0x0000ab8e        0x2 
 .text          0x0000ab90       0x54 ../../lib/libc68k.a(strcasecmp.o)
                0x0000ab90                strcasecmp
 .text          0x0000abe4       0x26 ../../lib/libc68k.a(puts.o)
                0x0000abe4                puts
 *fill*         0x0000ac0a        0x2 
 .text          0x0000ac0c       0x32 ../../lib/libc68k.a(strtol.o)
                0x0000ac0c                strtol
 *(.rodata)
 .rodata        0x0000ac3e      0x192 orion68.o
                0x0000ac72                MsgOrionInit
 .rodata        0x0000add0       0x51 vectors.o
 .rodata        0x0000ae21      0x1c5 ./dump/mem_dump.o
 .rodata        0x0000afe6        0x5 ./shell/io.o
 .rodata        0x0000afeb      0x150 ./shell/picow.o
 .rodata        0x0000b13b      0x2fa ./shell/printerro.o
 .rodata        0x0000b435      0x9b0 ./shell/commands.o
 *fill*         0x0000bde5        0x1 
 .rodata        0x0000bde6      0xbb3 ./shell/decodecmd.o
                0x0000bde6                g_elf_header_bytes
                0x0000c420                g_cmd_table
 .rodata        0x0000c999       0x48 ./rtc/rp5c01a.o
 .rodata        0x0000c9e1       0x2d ./uarts/drv_uart0.o
 .rodata        0x0000ca0e       0x11 ./duart/duart.o
 .rodata        0x0000ca1f      0x1ec ./ide/ata.o
 .rodata        0x0000cc0b       0x98 ./fatfs/ff.o
 .rodata        0x0000cca3       0x2d ./fatfs/diskio.o
 .rodata        0x0000ccd0      0x200 ./tst_fat/tstfat.o
 .rodata        0x0000ced0       0x28 ../../lib/libc68k.a(printf.o)
                0x0000cef8                        . = ALIGN (0x2)

.rodata         0x0000cef8       0x20
                0x0000cef8                        . = ALIGN (0x2)
 *(.rodata*)
 .rodata.str1.1
                0x0000cef8       0x20 ../../lib/libc68k.a(sprintf.o)
                                  0xf (size before relaxing)
 .rodata.str1.1
                0x0000cf18       0x20 ../../lib/libc68k.a(printf.o)
                0x0000cf38                        . = ALIGN (0x2)

.data           0x00080004       0x60 load address 0x0000cf18
                0x00080004                        . = ALIGN (0x2)
                0x00080004                        __data_start = .
 *(.data*)
 .data          0x00080004        0x0 ../../obj/orion68_startup.o
 .data          0x00080004        0x0 orion68.o
 .data          0x00080004        0x0 vectors.o
 .data          0x00080004        0x0 console.o
 .data          0x00080004        0x0 ./dump/mem_dump.o
 .data          0x00080004        0x0 ./shell/io.o
 .data          0x00080004        0x0 ./shell/picow.o
 .data          0x00080004        0x0 ./shell/elf_loader.o
 .data          0x00080004       0x50 ./shell/printerro.o
 .data          0x00080054        0x0 ./shell/commands.o
 .data          0x00080054        0x8 ./shell/decodecmd.o
 .data          0x0008005c        0x0 ./shell/crc32.o
 .data          0x0008005c        0x1 ./shell/cmd_repeat.o
 *fill*         0x0008005d        0x3 
 .data          0x00080060        0x4 ./kbd/ringbuffer.o
 .data          0x00080064        0x0 ./rtc/rp5c01a.o
 .data          0x00080064        0x0 ./picoVga/drv_picoVga.o
 .data          0x00080064        0x0 ./uarts/drv_uart0.o
 .data          0x00080064        0x0 ./duart/duart.o
 .data          0x00080064        0x0 ./ide/ata.o
 .data          0x00080064        0x0 ./fatfs/ff.o
 .data          0x00080064        0x0 ./fatfs/ffsystem.o
 .data          0x00080064        0x0 ./fatfs/diskio.o
 .data          0x00080064        0x0 ./tst_fat/tstfat.o
 .data          0x00080064        0x0 timers.o
 .data          0x00080064        0x0 interrupt.o
 .data          0x00080064        0x0 ./xmodem/xmodem_asm.o
 .data          0x00080064        0x0 vectors_asm.o
 .data          0x00080064        0x0 ../../lib/libc68k.a(strchr.o)
 .data          0x00080064        0x0 ../../lib/libc68k.a(memcpy.o)
 .data          0x00080064        0x0 ../../lib/libc68k.a(malloc.o)
 .data          0x00080064        0x0 ../../lib/libc68k.a(memcmp.o)
 .data          0x00080064        0x0 ../../lib/libc68k.a(strlen.o)
 .data          0x00080064        0x0 ../../lib/libc68k.a(memset.o)
 .data          0x00080064        0x0 ../../lib/libc68k.a(strcat.o)
 .data          0x00080064        0x0 ../../lib/libc68k.a(strcpy.o)
 .data          0x00080064        0x0 ../../lib/libc68k.a(putchar.o)
 .data          0x00080064        0x0 ../../lib/libc68k.a(sprintf.o)
 .data          0x00080064        0x0 ../../lib/libc68k.a(printf.o)
 .data          0x00080064        0x0 ../../lib/libc68k.a(__mulsi3.o)
 .data          0x00080064        0x0 ../../lib/libc68k.a(__umodsi3.o)
 .data          0x00080064        0x0 ../../lib/libc68k.a(__udivsi3.o)
 .data          0x00080064        0x0 ../../lib/libc68k.a(strtoul.o)
 .data          0x00080064        0x0 ../../lib/libc68k.a(isspace.o)
 .data          0x00080064        0x0 ../../lib/libc68k.a(atoi.o)
 .data          0x00080064        0x0 ../../lib/libc68k.a(strcasecmp.o)
 .data          0x00080064        0x0 ../../lib/libc68k.a(puts.o)
 .data          0x00080064        0x0 ../../lib/libc68k.a(strtol.o)
                0x00080064                        . = ALIGN (0x2)
                0x00080064                        __data_end = .

.mram           0x00080064        0xc load address 0x0000cf78
 *(?.mram)
 .mram          0x00080064        0xc orion68.o
                0x00080064                systemTick
                0x00080068                tick_count
                0x0008006c                flg_system
                0x0000cf18                        __data_load_start = LOADADDR (.data)

.bss            0x00080070     0x10ec load address 0x0000cf78
                0x00080070                        . = ALIGN (0x2)
                0x00080070                        __bss_start = .
 *(.bss*)
 .bss           0x00080070        0x0 ../../obj/orion68_startup.o
 .bss           0x00080070      0x3bc orion68.o
                0x00080070                sys_flags
                0x00080072                FatFs
                0x000802ac                g_cmd_buffer
                0x0008032c                buffer
                0x000803ac                syspath
 .bss           0x0008042c        0x0 vectors.o
 .bss           0x0008042c        0x8 console.o
                0x0008042c                cconin
                0x00080430                cconout
 .bss           0x00080434        0x0 ./dump/mem_dump.o
 .bss           0x00080434        0x0 ./shell/io.o
 .bss           0x00080434        0x0 ./shell/picow.o
 .bss           0x00080434        0x0 ./shell/elf_loader.o
 .bss           0x00080434        0x0 ./shell/printerro.o
 .bss           0x00080434      0x22a ./shell/commands.o
                0x00080434                basic_running
 *fill*         0x0008065e        0x2 
 .bss           0x00080660        0x4 ./shell/decodecmd.o
 .bss           0x00080664      0x400 ./shell/crc32.o
 .bss           0x00080a64      0x1a5 ./shell/cmd_repeat.o
 *fill*         0x00080c09        0x3 
 .bss           0x00080c0c      0x106 ./kbd/ringbuffer.o
 *fill*         0x00080d12        0x2 
 .bss           0x00080d14        0x0 ./rtc/rp5c01a.o
 .bss           0x00080d14        0x0 ./picoVga/drv_picoVga.o
 .bss           0x00080d14        0x0 ./uarts/drv_uart0.o
 .bss           0x00080d14        0x1 ./duart/duart.o
 *fill*         0x00080d15        0x3 
 .bss           0x00080d18       0x29 ./ide/ata.o
                0x00080d18                drives
                0x00080d40                ide_bus_mode
 *fill*         0x00080d41        0x3 
 .bss           0x00080d44        0xd ./fatfs/ff.o
 *fill*         0x00080d51        0x3 
 .bss           0x00080d54        0x0 ./fatfs/ffsystem.o
 .bss           0x00080d54       0x64 ./fatfs/diskio.o
 .bss           0x00080db8      0x2f0 ./tst_fat/tstfat.o
                0x00080db8                Dir
                0x00080de6                Fno
                0x00080e00                buffer_leitura
 .bss           0x000810a8       0x1c timers.o
                0x000810a8                g_timers
                0x000810bc                g_tick_count
 .bss           0x000810c4        0x0 interrupt.o
 .bss           0x000810c4       0x84 ./xmodem/xmodem_asm.o
 .bss           0x00081148        0x0 vectors_asm.o
 .bss           0x00081148        0x0 ../../lib/libc68k.a(strchr.o)
 .bss           0x00081148        0x0 ../../lib/libc68k.a(memcpy.o)
 .bss           0x00081148       0x14 ../../lib/libc68k.a(malloc.o)
 .bss           0x0008115c        0x0 ../../lib/libc68k.a(memcmp.o)
 .bss           0x0008115c        0x0 ../../lib/libc68k.a(strlen.o)
 .bss           0x0008115c        0x0 ../../lib/libc68k.a(memset.o)
 .bss           0x0008115c        0x0 ../../lib/libc68k.a(strcat.o)
 .bss           0x0008115c        0x0 ../../lib/libc68k.a(strcpy.o)
 .bss           0x0008115c        0x0 ../../lib/libc68k.a(putchar.o)
 .bss           0x0008115c        0x0 ../../lib/libc68k.a(sprintf.o)
 .bss           0x0008115c        0x0 ../../lib/libc68k.a(printf.o)
 .bss           0x0008115c        0x0 ../../lib/libc68k.a(__mulsi3.o)
 .bss           0x0008115c        0x0 ../../lib/libc68k.a(__umodsi3.o)
 .bss           0x0008115c        0x0 ../../lib/libc68k.a(__udivsi3.o)
 .bss           0x0008115c        0x0 ../../lib/libc68k.a(strtoul.o)
 .bss           0x0008115c        0x0 ../../lib/libc68k.a(isspace.o)
 .bss           0x0008115c        0x0 ../../lib/libc68k.a(atoi.o)
 .bss           0x0008115c        0x0 ../../lib/libc68k.a(strcasecmp.o)
 .bss           0x0008115c        0x0 ../../lib/libc68k.a(puts.o)
 .bss           0x0008115c        0x0 ../../lib/libc68k.a(strtol.o)
 *(COMMON)
                0x0008115c                        . = ALIGN (0x2)
                0x0008115c                        __bss_end = .
                0x00100000                        _stack_end = 0x100000
                0x000fe000                        _stack_start = (_stack_end - 0x2000)

/DISCARD/
 *(.comment)
 *(.note*)
 *(.align*)
LOAD ../../obj/orion68_startup.o
LOAD orion68.o
LOAD vectors.o
LOAD console.o
LOAD ./dump/mem_dump.o
LOAD ./shell/io.o
LOAD ./shell/picow.o
LOAD ./shell/elf_loader.o
LOAD ./shell/printerro.o
LOAD ./shell/commands.o
LOAD ./shell/decodecmd.o
LOAD ./shell/crc32.o
LOAD ./shell/cmd_repeat.o
LOAD ./kbd/ringbuffer.o
LOAD ./rtc/rp5c01a.o
LOAD ./picoVga/drv_picoVga.o
LOAD ./uarts/drv_uart0.o
LOAD ./duart/duart.o
LOAD ./ide/ata.o
LOAD ./fatfs/ff.o
LOAD ./fatfs/ffsystem.o
LOAD ./fatfs/diskio.o
LOAD ./tst_fat/tstfat.o
LOAD timers.o
LOAD interrupt.o
LOAD ./xmodem/xmodem_asm.o
LOAD vectors_asm.o
LOAD ../../lib/libc68k.a
OUTPUT(orion68.elf elf32-m68k)
