Archive member included to satisfy reference by file (symbol)

../../lib/libc68k.a(strchr.o)
                              ./fatfs/ff.o (strchr)
../../lib/libc68k.a(memcpy.o)
                              ./shell/elf_loader.o (memcpy)
../../lib/libc68k.a(malloc.o)
                              ./shell/commands.o (free)
../../lib/libc68k.a(memcmp.o)
                              ./shell/decodecmd.o (memcmp)
../../lib/libc68k.a(strlen.o)
                              ./shell/commands.o (strlen)
../../lib/libc68k.a(memset.o)
                              ./shell/elf_loader.o (memset)
../../lib/libc68k.a(strcat.o)
                              ./shell/commands.o (strcat)
../../lib/libc68k.a(strcpy.o)
                              ./shell/commands.o (strcpy)
../../lib/libc68k.a(putchar.o)
                              ./shell/commands.o (putchar)
../../lib/libc68k.a(sprintf.o)
                              ./shell/commands.o (sprintf)
../../lib/libc68k.a(printf.o)
                              ../../lib/libc68k.a(sprintf.o) (itox)
../../lib/libc68k.a(__mulsi3.o)
                              ./shell/elf_loader.o (__mulsi3)
../../lib/libc68k.a(__umodsi3.o)
                              ./shell/commands.o (__umodsi3)
../../lib/libc68k.a(__udivsi3.o)
                              ./shell/commands.o (__udivsi3)
../../lib/libc68k.a(strtoul.o)
                              ./shell/commands.o (strtoul)
../../lib/libc68k.a(isspace.o)
                              ./shell/decodecmd.o (isspace)
../../lib/libc68k.a(atoi.o)   ./shell/commands.o (atoi)
../../lib/libc68k.a(strcasecmp.o)
                              ./shell/decodecmd.o (strcasecmp)
../../lib/libc68k.a(puts.o)   ../../lib/libc68k.a(printf.o) (puts)
../../lib/libc68k.a(strtol.o)
                              ../../lib/libc68k.a(atoi.o) (strtol)

Discarded input sections

 .comment       0x00000000       0x13 orion68.o
 .comment       0x00000000       0x13 vectors.o
 .comment       0x00000000       0x13 console.o
 .comment       0x00000000       0x13 ./dump/mem_dump.o
 .comment       0x00000000       0x13 ./shell/io.o
 .comment       0x00000000       0x13 ./shell/picow.o
 .comment       0x00000000       0x13 ./shell/elf_loader.o
 .comment       0x00000000       0x13 ./shell/printerro.o
 .comment       0x00000000       0x13 ./shell/commands.o
 .comment       0x00000000       0x13 ./shell/decodecmd.o
 .comment       0x00000000       0x13 ./shell/crc32.o
 .comment       0x00000000       0x13 ./shell/cmd_repeat.o
 .comment       0x00000000       0x13 ./kbd/drv_kbd.o
 .comment       0x00000000       0x13 ./kbd/ringbuffer.o
 .comment       0x00000000       0x13 ./rtc/rp5c01a.o
 .comment       0x00000000       0x13 ./picoVga/drv_picoVga.o
 .comment       0x00000000       0x13 ./uarts/drv_uart0.o
 .comment       0x00000000       0x13 ./ide/ata.o
 .comment       0x00000000       0x13 ./fatfs/ff.o
 .comment       0x00000000       0x13 ./fatfs/ffsystem.o
 .comment       0x00000000       0x13 ./fatfs/diskio.o
 .comment       0x00000000       0x13 ./tst_fat/tstfat.o
 .comment       0x00000000       0x13 timers.o
 .comment       0x00000000       0x13 interrupt.o
 .comment       0x00000000       0x13 ../../lib/libc68k.a(strchr.o)
 .comment       0x00000000       0x13 ../../lib/libc68k.a(memcpy.o)
 .comment       0x00000000       0x13 ../../lib/libc68k.a(malloc.o)
 .comment       0x00000000       0x13 ../../lib/libc68k.a(memcmp.o)
 .comment       0x00000000       0x13 ../../lib/libc68k.a(strlen.o)
 .comment       0x00000000       0x13 ../../lib/libc68k.a(memset.o)
 .comment       0x00000000       0x13 ../../lib/libc68k.a(strcat.o)
 .comment       0x00000000       0x13 ../../lib/libc68k.a(strcpy.o)
 .comment       0x00000000       0x13 ../../lib/libc68k.a(putchar.o)
 .comment       0x00000000       0x13 ../../lib/libc68k.a(sprintf.o)
 .comment       0x00000000       0x13 ../../lib/libc68k.a(printf.o)
 .comment       0x00000000       0x13 ../../lib/libc68k.a(__mulsi3.o)
 .comment       0x00000000       0x13 ../../lib/libc68k.a(__umodsi3.o)
 .comment       0x00000000       0x13 ../../lib/libc68k.a(__udivsi3.o)
 .comment       0x00000000       0x13 ../../lib/libc68k.a(strtoul.o)
 .comment       0x00000000       0x13 ../../lib/libc68k.a(isspace.o)
 .comment       0x00000000       0x13 ../../lib/libc68k.a(atoi.o)
 .comment       0x00000000       0x13 ../../lib/libc68k.a(strcasecmp.o)
 .comment       0x00000000       0x13 ../../lib/libc68k.a(puts.o)
 .comment       0x00000000       0x13 ../../lib/libc68k.a(strtol.o)

Memory Configuration

Name             Origin             Length             Attributes
ROM              0x00000000         0x00010000         xr
RAM              0x00080004         0x00080000         xrw
*default*        0x00000000         0xffffffff

Linker script and memory map

                0x00000000                        . = 0x0

.vectors        0x00000000        0x0
 *(.vectors)
                0x00000000                        . = ALIGN (0x400)

.text           0x00000000     0xd972
                0x00000000                        . = ALIGN (0x2)
 *(.text*)
 .text          0x00000000      0x2c4 ../../obj/orion68_startup.o
                0x000000c0                _start
                0x000001a2                UartWriteCh
                0x000001a6                UartWrCh
                0x000001ce                uart0_initialize
                0x0000021a                printString
                0x0000024c                _delay_ms
 .text          0x000002c4      0x280 orion68.o
                0x000002c4                executar_xmodem
                0x000002e4                clr_flg_program_loaded
                0x000002fa                set_flg_program_loaded
                0x0000030e                get_flg_program_loaded
                0x0000031a                print_msg
                0x00000356                write_string
                0x00000388                display_prompt
                0x0000040c                main
 .text          0x00000544       0xec vectors.o
                0x0000055c                TRAP14_Handler
                0x00000606                get_system_tick
 .text          0x00000630       0x2c console.o
                0x00000630                set_console_output
                0x00000642                set_console_input
                0x00000654                enable_interrupts
 .text          0x0000065c      0x66a ./dump/mem_dump.o
                0x0000065c                dump_memory
                0x000008da                dump_memory2
                0x00000b5e                dump_memory_by_addr
 *fill*         0x00000cc6        0x2 
 .text          0x00000cc8       0x54 ./shell/io.o
                0x00000cc8                get_key
                0x00000cf2                _putchar_hex
 .text          0x00000d1c      0x49a ./shell/picow.o
                0x00000d1c                receber_arquivo_do_pico
                0x00000f54                send_sector_low
                0x00000f7e                send_sector_high
                0x00000fa8                send_read_cmd
                0x00000fce                read_sector
                0x0000102e                get_crc
                0x00001096                receber_setor_do_pico
                0x0000119a                pico_write_ch
 *fill*         0x000011b6        0x2 
 .text          0x000011b8      0x322 ./shell/elf_loader.o
                0x000011b8                carregar_elf32
                0x000012f8                carregar_elf32_fatfs
 *fill*         0x000014da        0x2 
 .text          0x000014dc       0x44 ./shell/printerro.o
                0x000014dc                printerro
 .text          0x00001520     0x17be ./shell/commands.o
                0x00001590                do_help
                0x00001620                do_notimplemented
                0x00001632                do_runelf_fromhd
                0x00001660                do_runelf
                0x0000169c                do_dump
                0x000016ee                serial_has_char
                0x000016f2                do_srecord
                0x000017aa                do_binfile
                0x0000192a                do_binmem
                0x00001a36                do_ideinit
                0x00001a7a                do_idemode
                0x00001acc                do_run
                0x00001af8                do_writemem
                0x00001d12                do_ls
                0x00001f42                do_delete
                0x00001f6e                do_exit
                0x00001f94                do_mkdir
                0x0000207c                do_rmdir
                0x0000218c                do_rename
                0x000021e2                do_cd
                0x0000220a                do_dir
                0x00002214                do_shst
                0x0000222e                do_loadmem
                0x0000236c                do_copyfile
                0x00002520                do_cat
                0x00002658                do_time
                0x00002740                do_tstkbd
                0x0000292a                do_uptime
                0x000029fe                do_ehbasic
                0x00002a02                do_readsect
                0x00002a36                do_writesect
                0x00002a6a                do_writemem1
                0x00002b76                do_save
 *fill*         0x00002cde        0x2 
 .text          0x00002ce0      0xc3e ./shell/decodecmd.o
                0x00002ce0                getline
                0x00002fb6                process_command_builtin
                0x0000311e                load_elf_executable
                0x00003516                open_executable_file
                0x0000363a                process_command_executable
                0x000037be                process_command
                0x00003802                execute_cmd
 *fill*         0x0000391e        0x2 
 .text          0x00003920       0xfc ./shell/crc32.o
                0x00003920                crc32_init
                0x00003992                crc32_update
                0x00003a04                crc32_calculate
 .text          0x00003a1c      0x4d4 ./shell/cmd_repeat.o
                0x00003a1c                hist_add
                0x00003e9e                keyboard_handler
 .text          0x00003ef0      0x78c ./kbd/drv_kbd.o
                0x00003f4e                liga_debug
                0x00003f66                init_kbd
                0x00004204                get_packet
                0x00004462                get_kbd_key
                0x00004584                ch9350_shut_up
                0x00004592                get_char
                0x0000465a                print_capslock
 .text          0x0000467c      0x132 ./kbd/ringbuffer.o
                0x0000467c                ring_buf_init
                0x000046a4                ring_buf_get
                0x000046e0                ring_buf_put
                0x00004740                ring_buf_is_empty
                0x0000475c                ring_buf_is_full
                0x00004786                ring_buf_get_char
 *fill*         0x000047ae        0x2 
 .text          0x000047b0      0x556 ./rtc/rp5c01a.o
                0x000047e4                get_fattime
                0x0000499c                set_rtc_time
                0x00004ba4                rtc_delay
                0x00004bc4                rtc_write_config_byte
                0x00004c00                rtc_read_config_byte
                0x00004c36                ler_segundo
                0x00004c6e                rtc_inicializar
 *fill*         0x00004d06        0x2 
 .text          0x00004d08      0x142 ./picoVga/drv_picoVga.o
                0x00004d08                init_picoVga
                0x00004d0c                run_cmd
                0x00004d34                picovga_putchar
                0x00004d60                picovga_gotoxy
                0x00004dd6                picovga_gohome
                0x00004de4                picovga_set_color
                0x00004e30                clrscr
 *fill*         0x00004e4a        0x2 
 .text          0x00004e4c      0x248 ./uarts/drv_uart0.o
                0x00004e4c                uart0_debug_char
                0x00004e7e                uart0_init
                0x00004ebe                uart0_write
                0x00004efc                uart0_read
                0x00004f34                uart0_read_timeout
                0x00004f98                _inbyte
                0x00005018                _outbyte
                0x00005056                uart0_write_string
                0x00005086                uart0_flush
 .text          0x00005094      0x892 ./ide/ata.o
                0x000050a8                set_ide_bus_mode
                0x000050e8                go_8bits_mode
                0x0000515e                ata_detect
                0x0000521c                ata_read_sector
                0x000053d0                ata_write_sector
                0x00005584                read_partition_table
                0x0000566e                ata_init
                0x00005700                ata_disk_status
                0x00005710                ata_disk_initialize
                0x00005720                ata_wait_not_busy
                0x00005762                ata_wait_for_data
                0x000057a4                ata_read_identity
 *fill*         0x00005926        0x2 
 .text          0x00005928     0x412e ./fatfs/ff.o
                0x00007a90                f_mount
                0x00007b4e                f_open
                0x00007f2e                f_read
                0x000082b2                f_write
                0x000086d0                f_sync
                0x00008828                f_close
                0x0000885e                f_chdrive
                0x00008882                f_chdir
                0x00008926                f_getcwd
                0x00008b74                f_lseek
                0x00008ef8                f_opendir
                0x00008fcc                f_closedir
                0x00008ff2                f_readdir
                0x00009092                f_stat
                0x0000910c                f_getfree
                0x000092b4                f_truncate
                0x00009462                f_unlink
                0x000095c0                f_mkdir
                0x00009802                f_rename
 *fill*         0x00009a56        0x2 
 .text          0x00009a58        0x0 ./fatfs/ffsystem.o
 .text          0x00009a58      0x220 ./fatfs/diskio.o
                0x00009a58                disk_status
                0x00009a70                disk_initialize
                0x00009a86                disk_read
                0x00009b04                disk_write
                0x00009b82                disk_ioctl
 .text          0x00009c78      0x44e ./tst_fat/tstfat.o
                0x00009c78                listar_diretorio_raiz
                0x00009e34                open_dir
                0x00009eee                ler_e_exibir_joblog
                0x0000a07c                le_setor
                0x0000a0aa                wr_setor
 *fill*         0x0000a0c6        0x2 
 .text          0x0000a0c8      0x32a timers.o
                0x0000a0c8                delay10ms
                0x0000a0ea                cpu_delay
                0x0000a106                init_timer
                0x0000a126                get_tick_count
                0x0000a12e                add_timer
                0x0000a1c6                delete_timer
                0x0000a212                start_timer
                0x0000a292                stop_timer
                0x0000a2c6                reset_timer
                0x0000a314                set_interval
                0x0000a348                update_timers
 *fill*         0x0000a3f2        0x2 
 .text          0x0000a3f4        0x0 interrupt.o
 .text          0x0000a3f4      0x168 ./xmodem/xmodem_asm.o
                0x0000a432                xmodem_receive
 .text          0x0000a55c       0xa4 vectors_asm.o
                0x0000a55c                SvcBusError
                0x0000a55c                Svcaddress_err
                0x0000a564                TrapFHandler
                0x0000a564                SpuriousHandler
                0x0000a564                Int4Handler
                0x0000a564                SvcTrace
                0x0000a564                TrapBHandler
                0x0000a564                Int1Handler
                0x0000a564                TrapAHandler
                0x0000a564                SvcChkIns
                0x0000a564                Trap4Handler
                0x0000a564                Trap9Handler
                0x0000a564                Int5Handler
                0x0000a564                SvcDiv0_handler
                0x0000a564                Int7Handler
                0x0000a564                SvcIllegalIns
                0x0000a564                SvcLineA
                0x0000a564                SvcPrivViolation
                0x0000a564                Trap8Handler
                0x0000a564                Int6Handler
                0x0000a564                Trap2Handler
                0x0000a564                bad_exception
                0x0000a564                Trap3Handler
                0x0000a564                Trap7Handler
                0x0000a564                Trap0Handler
                0x0000a564                SvcLineF
                0x0000a564                TrapCHandler
                0x0000a564                SvcTrapvIns
                0x0000a564                Trap5Handler
                0x0000a564                Trap6Handler
                0x0000a566                TrapDHandler
                0x0000a568                Int2Handler
                0x0000a57a                Int3Handler
                0x0000a59a                Trap1Handler
                0x0000a5ea                TrapEHandler
 .text          0x0000a600       0x1c ../../lib/libc68k.a(strchr.o)
                0x0000a600                strchr
 .text          0x0000a61c       0x1e ../../lib/libc68k.a(memcpy.o)
                0x0000a61c                memcpy
 *fill*         0x0000a63a        0x2 
 .text          0x0000a63c      0x360 ../../lib/libc68k.a(malloc.o)
                0x0000a7f0                malloc_init
                0x0000a866                free
                0x0000a8b2                malloc
                0x0000a8c6                calloc
                0x0000a926                malloc_num_free
                0x0000a940                malloc_num_used
                0x0000a95c                malloc_num_fresh
                0x0000a978                malloc_check
 .text          0x0000a99c       0x3c ../../lib/libc68k.a(memcmp.o)
                0x0000a99c                memcmp
 .text          0x0000a9d8       0x12 ../../lib/libc68k.a(strlen.o)
                0x0000a9d8                strlen
 *fill*         0x0000a9ea        0x2 
 .text          0x0000a9ec       0x16 ../../lib/libc68k.a(memset.o)
                0x0000a9ec                memset
 *fill*         0x0000aa02        0x2 
 .text          0x0000aa04       0x26 ../../lib/libc68k.a(strcat.o)
                0x0000aa04                strcat
 *fill*         0x0000aa2a        0x2 
 .text          0x0000aa2c       0x18 ../../lib/libc68k.a(strcpy.o)
                0x0000aa2c                strcpy
 .text          0x0000aa44       0x2a ../../lib/libc68k.a(putchar.o)
                0x0000aa44                kbd_getchar
                0x0000aa54                putchar
 *fill*         0x0000aa6e        0x2 
 .text          0x0000aa70      0x206 ../../lib/libc68k.a(sprintf.o)
                0x0000aa70                sprintf
 *fill*         0x0000ac76        0x2 
 .text          0x0000ac78      0x3a6 ../../lib/libc68k.a(printf.o)
                0x0000ac78                itox
                0x0000acc2                itodec
                0x0000ad20                itooct
                0x0000ad66                itoudec
                0x0000adb8                pad_zeros
                0x0000adfc                printf
 *fill*         0x0000b01e        0x2 
 .text          0x0000b020       0x36 ../../lib/libc68k.a(__mulsi3.o)
                0x0000b020                __mulsi3
 *fill*         0x0000b056        0x2 
 .text          0x0000b058       0x2c ../../lib/libc68k.a(__umodsi3.o)
                0x0000b058                __umodsi3
 .text          0x0000b084       0x3a ../../lib/libc68k.a(__udivsi3.o)
                0x0000b084                __udivsi3
 *fill*         0x0000b0be        0x2 
 .text          0x0000b0c0      0x148 ../../lib/libc68k.a(strtoul.o)
                0x0000b0c0                strtoul
 .text          0x0000b208        0xc ../../lib/libc68k.a(isspace.o)
                0x0000b208                isspace
 .text          0x0000b214       0x16 ../../lib/libc68k.a(atoi.o)
                0x0000b214                atoi
 *fill*         0x0000b22a        0x2 
 .text          0x0000b22c       0x54 ../../lib/libc68k.a(strcasecmp.o)
                0x0000b22c                strcasecmp
 .text          0x0000b280       0x26 ../../lib/libc68k.a(puts.o)
                0x0000b280                puts
 *fill*         0x0000b2a6        0x2 
 .text          0x0000b2a8       0x32 ../../lib/libc68k.a(strtol.o)
                0x0000b2a8                strtol
 *(.rodata)
 .rodata        0x0000b2da      0x192 orion68.o
                0x0000b30e                MsgOrionInit
 .rodata        0x0000b46c       0x51 vectors.o
 .rodata        0x0000b4bd      0x2d6 ./dump/mem_dump.o
 .rodata        0x0000b793        0x5 ./shell/io.o
 .rodata        0x0000b798      0x150 ./shell/picow.o
 .rodata        0x0000b8e8      0x2fa ./shell/printerro.o
 .rodata        0x0000bbe2      0x981 ./shell/commands.o
 *fill*         0x0000c563        0x1 
 .rodata        0x0000c564      0xbf3 ./shell/decodecmd.o
                0x0000c564                g_elf_header_bytes
                0x0000cb82                g_cmd_table
 .rodata        0x0000d157      0x2cd ./kbd/drv_kbd.o
                0x0000d157                OE_BASE_KEYMAP
                0x0000d1d7                OE_SHIFT_KEYMAP
                0x0000d257                OE_CTRL_KEYMAP
                0x0000d2d7                OE_ALT_KEYMAP
                0x0000d357                OE_ALTGR_KEYMAP
 .rodata        0x0000d424       0x48 ./rtc/rp5c01a.o
 .rodata        0x0000d46c       0x2d ./uarts/drv_uart0.o
 .rodata        0x0000d499      0x1ec ./ide/ata.o
 .rodata        0x0000d685       0x98 ./fatfs/ff.o
 .rodata        0x0000d71d       0x2d ./fatfs/diskio.o
 .rodata        0x0000d74a      0x200 ./tst_fat/tstfat.o
 .rodata        0x0000d94a       0x28 ../../lib/libc68k.a(printf.o)
                0x0000d972                        . = ALIGN (0x2)

.rodata         0x0000d972       0x20
                0x0000d972                        . = ALIGN (0x2)
 *(.rodata*)
 .rodata.str1.1
                0x0000d972       0x20 ../../lib/libc68k.a(sprintf.o)
                                  0xf (size before relaxing)
 .rodata.str1.1
                0x0000d992       0x20 ../../lib/libc68k.a(printf.o)
                0x0000d9b2                        . = ALIGN (0x2)

.data           0x00080004       0x60 load address 0x0000d992
                0x00080004                        . = ALIGN (0x2)
                0x00080004                        __data_start = .
 *(.data*)
 .data          0x00080004        0x0 ../../obj/orion68_startup.o
 .data          0x00080004        0x0 orion68.o
 .data          0x00080004        0x0 vectors.o
 .data          0x00080004        0x0 console.o
 .data          0x00080004        0x0 ./dump/mem_dump.o
 .data          0x00080004        0x0 ./shell/io.o
 .data          0x00080004        0x0 ./shell/picow.o
 .data          0x00080004        0x0 ./shell/elf_loader.o
 .data          0x00080004       0x50 ./shell/printerro.o
 .data          0x00080054        0x0 ./shell/commands.o
 .data          0x00080054        0x8 ./shell/decodecmd.o
 .data          0x0008005c        0x0 ./shell/crc32.o
 .data          0x0008005c        0x1 ./shell/cmd_repeat.o
 *fill*         0x0008005d        0x3 
 .data          0x00080060        0x0 ./kbd/drv_kbd.o
 .data          0x00080060        0x4 ./kbd/ringbuffer.o
 .data          0x00080064        0x0 ./rtc/rp5c01a.o
 .data          0x00080064        0x0 ./picoVga/drv_picoVga.o
 .data          0x00080064        0x0 ./uarts/drv_uart0.o
 .data          0x00080064        0x0 ./ide/ata.o
 .data          0x00080064        0x0 ./fatfs/ff.o
 .data          0x00080064        0x0 ./fatfs/ffsystem.o
 .data          0x00080064        0x0 ./fatfs/diskio.o
 .data          0x00080064        0x0 ./tst_fat/tstfat.o
 .data          0x00080064        0x0 timers.o
 .data          0x00080064        0x0 interrupt.o
 .data          0x00080064        0x0 ./xmodem/xmodem_asm.o
 .data          0x00080064        0x0 vectors_asm.o
 .data          0x00080064        0x0 ../../lib/libc68k.a(strchr.o)
 .data          0x00080064        0x0 ../../lib/libc68k.a(memcpy.o)
 .data          0x00080064        0x0 ../../lib/libc68k.a(malloc.o)
 .data          0x00080064        0x0 ../../lib/libc68k.a(memcmp.o)
 .data          0x00080064        0x0 ../../lib/libc68k.a(strlen.o)
 .data          0x00080064        0x0 ../../lib/libc68k.a(memset.o)
 .data          0x00080064        0x0 ../../lib/libc68k.a(strcat.o)
 .data          0x00080064        0x0 ../../lib/libc68k.a(strcpy.o)
 .data          0x00080064        0x0 ../../lib/libc68k.a(putchar.o)
 .data          0x00080064        0x0 ../../lib/libc68k.a(sprintf.o)
 .data          0x00080064        0x0 ../../lib/libc68k.a(printf.o)
 .data          0x00080064        0x0 ../../lib/libc68k.a(__mulsi3.o)
 .data          0x00080064        0x0 ../../lib/libc68k.a(__umodsi3.o)
 .data          0x00080064        0x0 ../../lib/libc68k.a(__udivsi3.o)
 .data          0x00080064        0x0 ../../lib/libc68k.a(strtoul.o)
 .data          0x00080064        0x0 ../../lib/libc68k.a(isspace.o)
 .data          0x00080064        0x0 ../../lib/libc68k.a(atoi.o)
 .data          0x00080064        0x0 ../../lib/libc68k.a(strcasecmp.o)
 .data          0x00080064        0x0 ../../lib/libc68k.a(puts.o)
 .data          0x00080064        0x0 ../../lib/libc68k.a(strtol.o)
                0x00080064                        . = ALIGN (0x2)
                0x00080064                        __data_end = .

.mram           0x00080064        0x8 load address 0x0000d9f2
 *(?.mram)
 .mram          0x00080064        0x8 orion68.o
                0x00080064                systemTick
                0x00080068                flg_system
                0x0000d992                        __data_load_start = LOADADDR (.data)

.bss            0x0008006c     0x1124 load address 0x0000d9f2
                0x0008006c                        . = ALIGN (0x2)
                0x0008006c                        __bss_start = .
 *(.bss*)
 .bss           0x0008006c        0x0 ../../obj/orion68_startup.o
 .bss           0x0008006c      0x3bc orion68.o
                0x0008006c                sys_flags
                0x0008006e                FatFs
                0x000802a8                g_cmd_buffer
                0x00080328                buffer
                0x000803a8                syspath
 .bss           0x00080428        0x0 vectors.o
 .bss           0x00080428        0x8 console.o
                0x00080428                cconin
                0x0008042c                cconout
 .bss           0x00080430        0x0 ./dump/mem_dump.o
 .bss           0x00080430        0x0 ./shell/io.o
 .bss           0x00080430        0x0 ./shell/picow.o
 .bss           0x00080430        0x0 ./shell/elf_loader.o
 .bss           0x00080430        0x0 ./shell/printerro.o
 .bss           0x00080430      0x22a ./shell/commands.o
                0x00080430                basic_running
 *fill*         0x0008065a        0x2 
 .bss           0x0008065c        0x4 ./shell/decodecmd.o
 .bss           0x00080660      0x400 ./shell/crc32.o
 .bss           0x00080a60      0x1a5 ./shell/cmd_repeat.o
 *fill*         0x00080c05        0x3 
 .bss           0x00080c08       0x3b ./kbd/drv_kbd.o
                0x00080c08                key_buffer
                0x00080c38                cmd
                0x00080c39                length
                0x00080c3a                type
                0x00080c3b                special_key_up
                0x00080c3c                special_key_down
                0x00080c3d                key_up
                0x00080c3e                key_down
                0x00080c3f                special_key_status
                0x00080c40                _CapsFlag
                0x00080c41                mod_caps
                0x00080c42                debug_pkt
 *fill*         0x00080c43        0x1 
 .bss           0x00080c44      0x106 ./kbd/ringbuffer.o
 *fill*         0x00080d4a        0x2 
 .bss           0x00080d4c        0x0 ./rtc/rp5c01a.o
 .bss           0x00080d4c        0x0 ./picoVga/drv_picoVga.o
 .bss           0x00080d4c        0x0 ./uarts/drv_uart0.o
 .bss           0x00080d4c       0x29 ./ide/ata.o
                0x00080d4c                drives
                0x00080d74                ide_bus_mode
 *fill*         0x00080d75        0x3 
 .bss           0x00080d78        0xd ./fatfs/ff.o
 *fill*         0x00080d85        0x3 
 .bss           0x00080d88        0x0 ./fatfs/ffsystem.o
 .bss           0x00080d88       0x64 ./fatfs/diskio.o
 .bss           0x00080dec      0x2f0 ./tst_fat/tstfat.o
                0x00080dec                Dir
                0x00080e1a                Fno
                0x00080e34                buffer_leitura
 .bss           0x000810dc       0x1c timers.o
                0x000810dc                g_timers
                0x000810f0                g_tick_count
 .bss           0x000810f8        0x0 interrupt.o
 .bss           0x000810f8       0x84 ./xmodem/xmodem_asm.o
 .bss           0x0008117c        0x0 vectors_asm.o
 .bss           0x0008117c        0x0 ../../lib/libc68k.a(strchr.o)
 .bss           0x0008117c        0x0 ../../lib/libc68k.a(memcpy.o)
 .bss           0x0008117c       0x14 ../../lib/libc68k.a(malloc.o)
 .bss           0x00081190        0x0 ../../lib/libc68k.a(memcmp.o)
 .bss           0x00081190        0x0 ../../lib/libc68k.a(strlen.o)
 .bss           0x00081190        0x0 ../../lib/libc68k.a(memset.o)
 .bss           0x00081190        0x0 ../../lib/libc68k.a(strcat.o)
 .bss           0x00081190        0x0 ../../lib/libc68k.a(strcpy.o)
 .bss           0x00081190        0x0 ../../lib/libc68k.a(putchar.o)
 .bss           0x00081190        0x0 ../../lib/libc68k.a(sprintf.o)
 .bss           0x00081190        0x0 ../../lib/libc68k.a(printf.o)
 .bss           0x00081190        0x0 ../../lib/libc68k.a(__mulsi3.o)
 .bss           0x00081190        0x0 ../../lib/libc68k.a(__umodsi3.o)
 .bss           0x00081190        0x0 ../../lib/libc68k.a(__udivsi3.o)
 .bss           0x00081190        0x0 ../../lib/libc68k.a(strtoul.o)
 .bss           0x00081190        0x0 ../../lib/libc68k.a(isspace.o)
 .bss           0x00081190        0x0 ../../lib/libc68k.a(atoi.o)
 .bss           0x00081190        0x0 ../../lib/libc68k.a(strcasecmp.o)
 .bss           0x00081190        0x0 ../../lib/libc68k.a(puts.o)
 .bss           0x00081190        0x0 ../../lib/libc68k.a(strtol.o)
 *(COMMON)
                0x00081190                        . = ALIGN (0x2)
                0x00081190                        __bss_end = .
                0x00100000                        _stack_end = 0x100000
                0x000fe000                        _stack_start = (_stack_end - 0x2000)

/DISCARD/
 *(.comment)
 *(.note*)
 *(.align*)
LOAD ../../obj/orion68_startup.o
LOAD orion68.o
LOAD vectors.o
LOAD console.o
LOAD ./dump/mem_dump.o
LOAD ./shell/io.o
LOAD ./shell/picow.o
LOAD ./shell/elf_loader.o
LOAD ./shell/printerro.o
LOAD ./shell/commands.o
LOAD ./shell/decodecmd.o
LOAD ./shell/crc32.o
LOAD ./shell/cmd_repeat.o
LOAD ./kbd/drv_kbd.o
LOAD ./kbd/ringbuffer.o
LOAD ./rtc/rp5c01a.o
LOAD ./picoVga/drv_picoVga.o
LOAD ./uarts/drv_uart0.o
LOAD ./ide/ata.o
LOAD ./fatfs/ff.o
LOAD ./fatfs/ffsystem.o
LOAD ./fatfs/diskio.o
LOAD ./tst_fat/tstfat.o
LOAD timers.o
LOAD interrupt.o
LOAD ./xmodem/xmodem_asm.o
LOAD vectors_asm.o
LOAD ../../lib/libc68k.a
OUTPUT(orion68.elf elf32-m68k)
