Archive member included to satisfy reference by file (symbol)

/home/pdsilva/.pico-sdk/toolchain/14_2_Rel1/bin/../lib/gcc/arm-none-eabi/14.2.1/../../../../arm-none-eabi/lib/thumb/v8-m.main+fp/softfp/libm.a(libm_a-wf_sqrt.o)
                              CMakeFiles/pds200Pico2.dir/home/pdsilva/.pico-sdk/sdk/2.2.0/src/rp2_common/pico_float/float_math.c.o (sqrtf)
/home/pdsilva/.pico-sdk/toolchain/14_2_Rel1/bin/../lib/gcc/arm-none-eabi/14.2.1/../../../../arm-none-eabi/lib/thumb/v8-m.main+fp/softfp/libm.a(libm_a-ef_sqrt.o)
                              /home/pdsilva/.pico-sdk/toolchain/14_2_Rel1/bin/../lib/gcc/arm-none-eabi/14.2.1/../../../../arm-none-eabi/lib/thumb/v8-m.main+fp/softfp/libm.a(libm_a-wf_sqrt.o) (__ieee754_sqrtf)
/home/pdsilva/.pico-sdk/toolchain/14_2_Rel1/bin/../lib/gcc/arm-none-eabi/14.2.1/thumb/v8-m.main+fp/softfp/libgcc.a(_arm_addsubdf3.o)
                              CMakeFiles/pds200Pico2.dir/home/pdsilva/.pico-sdk/sdk/2.2.0/src/rp2_common/pico_float/float_math.c.o (__aeabi_f2d)
/home/pdsilva/.pico-sdk/toolchain/14_2_Rel1/bin/../lib/gcc/arm-none-eabi/14.2.1/thumb/v8-m.main+fp/softfp/libgcc.a(_aeabi_ldivmod.o)
                              CMakeFiles/pds200Pico2.dir/home/pdsilva/.pico-sdk/sdk/2.2.0/src/common/pico_time/time.c.o (__aeabi_ldivmod)
/home/pdsilva/.pico-sdk/toolchain/14_2_Rel1/bin/../lib/gcc/arm-none-eabi/14.2.1/thumb/v8-m.main+fp/softfp/libgcc.a(_aeabi_uldivmod.o)
                              CMakeFiles/pds200Pico2.dir/home/pdsilva/.pico-sdk/sdk/2.2.0/src/rp2_common/hardware_clocks/clocks.c.o (__aeabi_uldivmod)
/home/pdsilva/.pico-sdk/toolchain/14_2_Rel1/bin/../lib/gcc/arm-none-eabi/14.2.1/thumb/v8-m.main+fp/softfp/libgcc.a(_udivmoddi4.o)
                              /home/pdsilva/.pico-sdk/toolchain/14_2_Rel1/bin/../lib/gcc/arm-none-eabi/14.2.1/thumb/v8-m.main+fp/softfp/libgcc.a(_aeabi_ldivmod.o) (__udivmoddi4)
/home/pdsilva/.pico-sdk/toolchain/14_2_Rel1/bin/../lib/gcc/arm-none-eabi/14.2.1/thumb/v8-m.main+fp/softfp/libgcc.a(_dvmd_tls.o)
                              /home/pdsilva/.pico-sdk/toolchain/14_2_Rel1/bin/../lib/gcc/arm-none-eabi/14.2.1/thumb/v8-m.main+fp/softfp/libgcc.a(_aeabi_ldivmod.o) (__aeabi_ldiv0)
/home/pdsilva/.pico-sdk/toolchain/14_2_Rel1/bin/../lib/gcc/arm-none-eabi/14.2.1/../../../../arm-none-eabi/lib/thumb/v8-m.main+fp/softfp/libg.a(libc_a-atoi.o)
                              CMakeFiles/pds200Pico2.dir/home/pdsilva/.pico-sdk/sdk/2.2.0/lib/lwip/src/core/netif.c.o (atoi)
/home/pdsilva/.pico-sdk/toolchain/14_2_Rel1/bin/../lib/gcc/arm-none-eabi/14.2.1/../../../../arm-none-eabi/lib/thumb/v8-m.main+fp/softfp/libg.a(libc_a-calloc.o)
                              CMakeFiles/pds200Pico2.dir/home/pdsilva/.pico-sdk/sdk/2.2.0/src/rp2_common/pico_malloc/malloc.c.o (calloc)
/home/pdsilva/.pico-sdk/toolchain/14_2_Rel1/bin/../lib/gcc/arm-none-eabi/14.2.1/../../../../arm-none-eabi/lib/thumb/v8-m.main+fp/softfp/libg.a(libc_a-callocr.o)
                              /home/pdsilva/.pico-sdk/toolchain/14_2_Rel1/bin/../lib/gcc/arm-none-eabi/14.2.1/../../../../arm-none-eabi/lib/thumb/v8-m.main+fp/softfp/libg.a(libc_a-calloc.o) (_calloc_r)
/home/pdsilva/.pico-sdk/toolchain/14_2_Rel1/bin/../lib/gcc/arm-none-eabi/14.2.1/../../../../arm-none-eabi/lib/thumb/v8-m.main+fp/softfp/libg.a(libc_a-malloc.o)
                              CMakeFiles/pds200Pico2.dir/home/pdsilva/.pico-sdk/sdk/2.2.0/src/rp2_common/pico_malloc/malloc.c.o (malloc)
/home/pdsilva/.pico-sdk/toolchain/14_2_Rel1/bin/../lib/gcc/arm-none-eabi/14.2.1/../../../../arm-none-eabi/lib/thumb/v8-m.main+fp/softfp/libg.a(libc_a-mallocr.o)
                              /home/pdsilva/.pico-sdk/toolchain/14_2_Rel1/bin/../lib/gcc/arm-none-eabi/14.2.1/../../../../arm-none-eabi/lib/thumb/v8-m.main+fp/softfp/libg.a(libc_a-callocr.o) (_malloc_r)
/home/pdsilva/.pico-sdk/toolchain/14_2_Rel1/bin/../lib/gcc/arm-none-eabi/14.2.1/../../../../arm-none-eabi/lib/thumb/v8-m.main+fp/softfp/libg.a(libc_a-mlock.o)
                              /home/pdsilva/.pico-sdk/toolchain/14_2_Rel1/bin/../lib/gcc/arm-none-eabi/14.2.1/../../../../arm-none-eabi/lib/thumb/v8-m.main+fp/softfp/libg.a(libc_a-mallocr.o) (__malloc_lock)
/home/pdsilva/.pico-sdk/toolchain/14_2_Rel1/bin/../lib/gcc/arm-none-eabi/14.2.1/../../../../arm-none-eabi/lib/thumb/v8-m.main+fp/softfp/libg.a(libc_a-realloc.o)
                              CMakeFiles/pds200Pico2.dir/home/pdsilva/.pico-sdk/sdk/2.2.0/src/rp2_common/pico_malloc/malloc.c.o (realloc)
/home/pdsilva/.pico-sdk/toolchain/14_2_Rel1/bin/../lib/gcc/arm-none-eabi/14.2.1/../../../../arm-none-eabi/lib/thumb/v8-m.main+fp/softfp/libg.a(libc_a-reallocr.o)
                              /home/pdsilva/.pico-sdk/toolchain/14_2_Rel1/bin/../lib/gcc/arm-none-eabi/14.2.1/../../../../arm-none-eabi/lib/thumb/v8-m.main+fp/softfp/libg.a(libc_a-realloc.o) (_realloc_r)
/home/pdsilva/.pico-sdk/toolchain/14_2_Rel1/bin/../lib/gcc/arm-none-eabi/14.2.1/../../../../arm-none-eabi/lib/thumb/v8-m.main+fp/softfp/libg.a(libc_a-strtol.o)
[...]
Memory Configuration

Name             Origin             Length             Attributes
FLASH            0x10000000         0x00400000         xr
RAM              0x20000000         0x00080000         xrw
SCRATCH_X        0x20080000         0x00001000         xrw
SCRATCH_Y        0x20081000         0x00001000         xrw
*default*        0x00000000         0xffffffff

Linker script and memory map

LOAD /home/pdsilva/.pico-sdk/toolchain/14_2_Rel1/bin/../lib/gcc/arm-none-eabi/14.2.1/thumb/v8-m.main+fp/softfp/crti.o
LOAD /home/pdsilva/.pico-sdk/toolchain/14_2_Rel1/bin/../lib/gcc/arm-none-eabi/14.2.1/thumb/v8-m.main+fp/softfp/crtbegin.o
LOAD /home/pdsilva/.pico-sdk/toolchain/14_2_Rel1/bin/../lib/gcc/arm-none-eabi/14.2.1/../../../../arm-none-eabi/lib/thumb/v8-m.main+fp/softfp/crt0.o

.flash_begin    0x10000000        0x0
                0x10000000                        __flash_binary_start = .

.text           0x10000000    0x183e0
                0x10000000                        __logical_binary_start = .
 *(.vectors)
 .vectors       0x10000000      0x124 CMakeFiles/pds200Pico2.dir/home/pdsilva/.pico-sdk/sdk/2.2.0/src/rp2_common/pico_crt0/crt0.S.o
                0x10000000                __vectors
                0x10000000                __VECTOR_TABLE
                0x10000110                isr_securefault
                0x10000110                isr_irq30
                0x10000110                __unhandled_user_irq
                0x10000110                isr_irq49
                0x10000110                isr_irq13
                0x10000110                isr_irq43
                0x10000110                isr_irq45
                0x10000110                isr_irq27
                0x10000110                isr_irq32
                0x10000110                isr_irq31
                0x10000110                isr_irq5
                0x10000110                isr_irq11
                0x10000110                isr_irq23
                0x10000110                isr_usagefault
                0x10000110                isr_irq48
                0x10000110                isr_irq35
                0x10000110                isr_irq18
                0x10000110                isr_irq50
                0x10000110                isr_irq40
                0x10000110                isr_irq28
                0x10000110                isr_irq19
                0x10000110                isr_irq36
                0x10000110                isr_irq41
                0x10000110                isr_irq0
                0x10000110                isr_irq6
                0x10000110                isr_memmanage
                0x10000110                isr_irq37
                0x10000110                isr_irq42
                0x10000110                isr_irq22
                0x10000110                isr_irq17
                0x10000110                isr_irq38
                0x10000110                isr_irq14
                0x10000110                __vectors_end
                0x10000110                __default_isrs_start
                0x10000110                isr_irq2
                0x10000110                isr_irq10
                0x10000110                isr_irq8
                0x10000110                isr_debugmonitor
                0x10000110                isr_irq24
                0x10000110                isr_irq46
                0x10000110                isr_irq1
                0x10000110                isr_irq47
                0x10000110                isr_irq51
                0x10000110                isr_irq7
                0x10000110                isr_irq21
                0x10000110                isr_irq39
                0x10000110                isr_irq20
                0x10000110                isr_irq15
                0x10000110                isr_irq25
                0x10000110                isr_irq34
                0x10000110                isr_irq4
                0x10000110                isr_busfault
                0x10000110                isr_irq16
                0x10000110                isr_irq44
                0x10000110                isr_irq29
                0x10000110                isr_irq26
                0x10000110                isr_irq33
                0x10000110                isr_irq3
                0x10000110                isr_irq12
                0x10000110                isr_irq9
                0x10000116                unhandled_user_irq_num_in_r0
                0x10000118                isr_invalid
                0x1000011a                isr_nmi
                0x1000011c                isr_hardfault
                0x1000011e                isr_svcall
                0x10000120                isr_pendsv
                0x10000122                isr_systick
                0x10000124                __default_isrs_end
 *(.binary_info_header)
 .binary_info_header
                0x10000124       0x14 CMakeFiles/pds200Pico2.dir/home/pdsilva/.pico-sdk/sdk/2.2.0/src/rp2_common/pico_crt0/crt0.S.o
                0x10000138                        __binary_info_header_end = .
 *(.embedded_block)
 .embedded_block
                0x10000138       0x14 CMakeFiles/pds200Pico2.dir/home/pdsilva/.pico-sdk/sdk/2.2.0/src/rp2_common/pico_crt0/crt0.S.o
                0x1000014c                        __embedded_block_end = .
 *(.reset)
 .reset         0x1000014c       0x98 CMakeFiles/pds200Pico2.dir/home/pdsilva/.pico-sdk/sdk/2.2.0/src/rp2_common/pico_crt0/crt0.S.o
                0x1000014c                _entry_point
 *(.init)
 .init          0x100001e4        0x4 /home/pdsilva/.pico-sdk/toolchain/14_2_Rel1/bin/../lib/gcc/arm-none-eabi/14.2.1/thumb/v8-m.main+fp/softfp/crti.o
                0x100001e4                _init
 *libgcc.a:cmse_nonsecure_call.o()
 *(EXCLUDE_FILE(*libm.a: *libc.a:*lib_a-mem*.o *libgcc.a:) .text*)
 .text.register_tm_clones
                0x100001e8       0x28 /home/pdsilva/.pico-sdk/toolchain/14_2_Rel1/bin/../lib/gcc/arm-none-eabi/14.2.1/thumb/v8-m.main+fp/softfp/crtbegin.o
 .text.frame_dummy
                0x10000210       0x24 /home/pdsilva/.pico-sdk/toolchain/14_2_Rel1/bin/../lib/gcc/arm-none-eabi/14.2.1/thumb/v8-m.main+fp/softfp/crtbegin.o
 .text.startup.main
                0x10000234      0x1a8 CMakeFiles/pds200Pico2.dir/pds200.c.o
                0x10000234                main
 .text.tcp_server_accept
                0x100003dc       0x48 CMakeFiles/pds200Pico2.dir/pds200_1.c.o
 .text.tcp_server_recv
                0x10000424      0x194 CMakeFiles/pds200Pico2.dir/pds200_1.c.o
 .text.start_tcp_server
                0x100005b8       0x70 CMakeFiles/pds200Pico2.dir/pds200_1.c.o
                0x100005b8                start_tcp_server
 .text.core1_entry
                0x10000628       0xec CMakeFiles/pds200Pico2.dir/pds200_1.c.o
                0x10000628                core1_entry
 .text.ps2_ihandler
                0x10000714      0x110 CMakeFiles/pds200Pico2.dir/ps2_keyboard.c.o
 .text.initPS2  0x10000824      0x284 CMakeFiles/pds200Pico2.dir/ps2_keyboard.c.o
                0x10000824                initPS2
 .text.kbd_int_off
                0x10000aa8       0x18 CMakeFiles/pds200Pico2.dir/ps2_keyboard.c.o
                0x10000aa8                kbd_int_off
 .text.kb_init  0x10000ac0       0x14 CMakeFiles/pds200Pico2.dir/ringbuffer.c.o
                0x10000ac0                kb_init
 .text.sd_get_num
                0x10000ad4        0x4 CMakeFiles/pds200Pico2.dir/hw_config.c.o
                0x10000ad4                sd_get_num
 .text.sd_get_by_num
                0x10000ad8       0x18 CMakeFiles/pds200Pico2.dir/hw_config.c.o
                0x10000ad8                sd_get_by_num
 .text.spi_get_num
                0x10000af0        0x4 CMakeFiles/pds200Pico2.dir/hw_config.c.o
                0x10000af0                spi_get_num
 .text.spi_get_by_num
                0x10000af4       0x18 CMakeFiles/pds200Pico2.dir/hw_config.c.o
                0x10000af4                spi_get_by_num
 .text.init_sdcard
                0x10000b0c       0x44 CMakeFiles/pds200Pico2.dir/sd.c.o
                0x10000b0c                init_sdcard
 .text.get_sdcard_instance
                0x10000b50       0x48 CMakeFiles/pds200Pico2.dir/sd.c.o
                0x10000b50                get_sdcard_instance
 .text.gpio_set_function
                0x10000b98       0x3c CMakeFiles/pds200Pico2.dir/home/pdsilva/.pico-sdk/sdk/2.2.0/src/rp2_common/hardware_gpio/gpio.c.o
                0x10000b98                gpio_set_function
 .text.gpio_set_pulls
                0x10000bd4       0x28 CMakeFiles/pds200Pico2.dir/home/pdsilva/.pico-sdk/sdk/2.2.0/src/rp2_common/hardware_gpio/gpio.c.o
                0x10000bd4                gpio_set_pulls
 .text.gpio_set_input_hysteresis_enabled
                0x10000bfc       0x20 CMakeFiles/pds200Pico2.dir/home/pdsilva/.pico-sdk/sdk/2.2.0/src/rp2_common/hardware_gpio/gpio.c.o
                0x10000bfc                gpio_set_input_hysteresis_enabled
 .text.gpio_set_drive_strength
                0x10000c1c       0x20 CMakeFiles/pds200Pico2.dir/home/pdsilva/.pico-sdk/sdk/2.2.0/src/rp2_common/hardware_gpio/gpio.c.o
                0x10000c1c                gpio_set_drive_strength
 .text.gpio_set_irq_enabled
                0x10000c3c       0x48 CMakeFiles/pds200Pico2.dir/home/pdsilva/.pico-sdk/sdk/2.2.0/src/rp2_common/hardware_gpio/gpio.c.o
                0x10000c3c                gpio_set_irq_enabled
 .text.gpio_add_raw_irq_handler_with_order_priority_masked
                0x10000c84       0x44 CMakeFiles/pds200Pico2.dir/home/pdsilva/.pico-sdk/sdk/2.2.0/src/rp2_common/hardware_gpio/gpio.c.o
                0x10000c84                gpio_add_raw_irq_handler_with_order_priority_masked
 .text.gpio_remove_raw_irq_handler_masked
                0x10000cc8       0x24 CMakeFiles/pds200Pico2.dir/home/pdsilva/.pico-sdk/sdk/2.2.0/src/rp2_common/hardware_gpio/gpio.c.o
                0x10000cc8                gpio_remove_raw_irq_handler_masked
 .text.gpio_init
                0x10000cec       0x48 CMakeFiles/pds200Pico2.dir/home/pdsilva/.pico-sdk/sdk/2.2.0/src/rp2_common/hardware_gpio/gpio.c.o
                0x10000cec                gpio_init
 .text.panic    0x10000d34       0x30 CMakeFiles/pds200Pico2.dir/home/pdsilva/.pico-sdk/sdk/2.2.0/src/rp2_common/pico_platform_panic/panic.c.o
                0x10000d34                panic
 .text.hw_claim_lock
                0x10000d64       0x24 CMakeFiles/pds200Pico2.dir/home/pdsilva/.pico-sdk/sdk/2.2.0/src/common/hardware_claim/claim.c.o
                0x10000d64                hw_claim_lock
 .text.hw_claim_unlock
                0x10000d88       0x14 CMakeFiles/pds200Pico2.dir/home/pdsilva/.pico-sdk/sdk/2.2.0/src/common/hardware_claim/claim.c.o
                0x10000d88                hw_claim_unlock
 .text.hw_claim_or_assert
                0x10000d9c       0x58 CMakeFiles/pds200Pico2.dir/home/pdsilva/.pico-sdk/sdk/2.2.0/src/common/hardware_claim/claim.c.o
                0x10000d9c                hw_claim_or_assert
 .text.hw_claim_unused_from_range
                0x10000df4       0x80 CMakeFiles/pds200Pico2.dir/home/pdsilva/.pico-sdk/sdk/2.2.0/src/common/hardware_claim/claim.c.o
                0x10000df4                hw_claim_unused_from_range
 .text.hw_claim_clear
                0x10000e74       0x50 CMakeFiles/pds200Pico2.dir/home/pdsilva/.pico-sdk/sdk/2.2.0/src/common/hardware_claim/claim.c.o
                0x10000e74                hw_claim_clear
 .text.next_striped_spin_lock_num
                0x10000ec4       0x18 CMakeFiles/pds200Pico2.dir/home/pdsilva/.pico-sdk/sdk/2.2.0/src/rp2_common/hardware_sync/sync.c.o
                0x10000ec4                next_striped_spin_lock_num
 .text.spin_lock_claim_unused
                0x10000edc       0x20 CMakeFiles/pds200Pico2.dir/home/pdsilva/.pico-sdk/sdk/2.2.0/src/rp2_common/hardware_sync/sync.c.o
                0x10000edc                spin_lock_claim_unused
 .text.spinlock_set_extexclall
                0x10000efc       0x10 CMakeFiles/pds200Pico2.dir/home/pdsilva/.pico-sdk/sdk/2.2.0/src/rp2_common/hardware_sync_spin_lock/sync_spin_lock.c.o
 .text.spin_locks_reset
                0x10000f0c       0x18 CMakeFiles/pds200Pico2.dir/home/pdsilva/.pico-sdk/sdk/2.2.0/src/rp2_common/hardware_sync_spin_lock/sync_spin_lock.c.o
                0x10000f0c                spin_locks_reset
 .text.runtime_init_per_core_irq_priorities
                0x10000f24       0x40 CMakeFiles/pds200Pico2.dir/home/pdsilva/.pico-sdk/sdk/2.2.0/src/rp2_common/hardware_irq/irq.c.o
                0x10000f24                runtime_init_per_core_irq_priorities
 .text.irq_set_enabled
                0x10000f64       0x2c CMakeFiles/pds200Pico2.dir/home/pdsilva/.pico-sdk/sdk/2.2.0/src/rp2_common/hardware_irq/irq.c.o
                0x10000f64                irq_set_enabled
 .text.irq_is_enabled
                0x10000f90       0x20 CMakeFiles/pds200Pico2.dir/home/pdsilva/.pico-sdk/sdk/2.2.0/src/rp2_common/hardware_irq/irq.c.o
                0x10000f90                irq_is_enabled
 .text.irq_set_pending
                0x10000fb0       0x18 CMakeFiles/pds200Pico2.dir/home/pdsilva/.pico-sdk/sdk/2.2.0/src/rp2_common/hardware_irq/irq.c.o
                0x10000fb0                irq_set_pending
 .text.irq_has_shared_handler
                0x10000fc8       0x20 CMakeFiles/pds200Pico2.dir/home/pdsilva/.pico-sdk/sdk/2.2.0/src/rp2_common/hardware_irq/irq.c.o
                0x10000fc8                irq_has_shared_handler
 .text.irq_set_exclusive_handler
                0x10000fe8       0x60 CMakeFiles/pds200Pico2.dir/home/pdsilva/.pico-sdk/sdk/2.2.0/src/rp2_common/hardware_irq/irq.c.o
                0x10000fe8                irq_set_exclusive_handler
 .text.irq_add_shared_handler
                0x10001048      0x1e8 CMakeFiles/pds200Pico2.dir/home/pdsilva/.pico-sdk/sdk/2.2.0/src/rp2_common/hardware_irq/irq.c.o
                0x10001048                irq_add_shared_handler
 .text.irq_remove_handler
                0x10001230      0x1f4 CMakeFiles/pds200Pico2.dir/home/pdsilva/.pico-sdk/sdk/2.2.0/src/rp2_common/hardware_irq/irq.c.o
                0x10001230                irq_remove_handler
 .text.irq_set_priority
                0x10001424       0x28 CMakeFiles/pds200Pico2.dir/home/pdsilva/.pico-sdk/sdk/2.2.0/src/rp2_common/hardware_irq/irq.c.o
                0x10001424                irq_set_priority
 .text.irq_add_tail_to_free_list
                0x1000144c       0xbc CMakeFiles/pds200Pico2.dir/home/pdsilva/.pico-sdk/sdk/2.2.0/src/rp2_common/hardware_irq/irq.c.o
                0x1000144c                irq_add_tail_to_free_list
 .text.user_irq_unclaim
                0x10001508       0x10 CMakeFiles/pds200Pico2.dir/home/pdsilva/.pico-sdk/sdk/2.2.0/src/rp2_common/hardware_irq/irq.c.o
                0x10001508                user_irq_unclaim
 .text.user_irq_claim_unused
                0x10001518       0x28 CMakeFiles/pds200Pico2.dir/home/pdsilva/.pico-sdk/sdk/2.2.0/src/rp2_common/hardware_irq/irq.c.o
                0x10001518                user_irq_claim_unused
 .text.sem_init
                0x10001540       0x20 CMakeFiles/pds200Pico2.dir/home/pdsilva/.pico-sdk/sdk/2.2.0/src/common/pico_sync/sem.c.o
                0x10001540                sem_init
 .text.lock_init
                0x10001560        0xc CMakeFiles/pds200Pico2.dir/home/pdsilva/.pico-sdk/sdk/2.2.0/src/common/pico_sync/lock_core.c.o
                0x10001560                lock_init
 .text.runtime_init_mutex
                0x1000156c       0x4c CMakeFiles/pds200Pico2.dir/home/pdsilva/.pico-sdk/sdk/2.2.0/src/common/pico_sync/mutex.c.o
                0x1000156c                runtime_init_mutex
 .text.mutex_init
                0x100015b8       0x1c CMakeFiles/pds200Pico2.dir/home/pdsilva/.pico-sdk/sdk/2.2.0/src/common/pico_sync/mutex.c.o
                0x100015b8                mutex_init
 .text.recursive_mutex_init
                0x100015d4       0x1c CMakeFiles/pds200Pico2.dir/home/pdsilva/.pico-sdk/sdk/2.2.0/src/common/pico_sync/mutex.c.o
                0x100015d4                recursive_mutex_init
 .text.critical_section_init
                0x100015f0       0x1c CMakeFiles/pds200Pico2.dir/home/pdsilva/.pico-sdk/sdk/2.2.0/src/common/pico_sync/critical_section.c.o
                0x100015f0                critical_section_init
 .text.critical_section_init_with_lock_num
                0x1000160c       0x10 CMakeFiles/pds200Pico2.dir/home/pdsilva/.pico-sdk/sdk/2.2.0/src/common/pico_sync/critical_section.c.o
                0x1000160c                critical_section_init_with_lock_num
 .text.sleep_until_callback
                0x1000161c       0x3c CMakeFiles/pds200Pico2.dir/home/pdsilva/.pico-sdk/sdk/2.2.0/src/common/pico_time/time.c.o
 .text.alarm_pool_irq_handler
                0x10001658      0x2f0 CMakeFiles/pds200Pico2.dir/home/pdsilva/.pico-sdk/sdk/2.2.0/src/common/pico_time/time.c.o
 .text.runtime_init_default_alarm_pool
                0x10001948      0x100 CMakeFiles/pds200Pico2.dir/home/pdsilva/.pico-sdk/sdk/2.2.0/src/common/pico_time/time.c.o
                0x10001948                runtime_init_default_alarm_pool
 .text.alarm_pool_get_default
                0x10001a48        0x8 CMakeFiles/pds200Pico2.dir/home/pdsilva/.pico-sdk/sdk/2.2.0/src/common/pico_time/time.c.o
                0x10001a48                alarm_pool_get_default
 .text.alarm_pool_create_on_timer_with_unused_hardware_alarm
                0x10001a50       0xb4 CMakeFiles/pds200Pico2.dir/home/pdsilva/.pico-sdk/sdk/2.2.0/src/common/pico_time/time.c.o
                0x10001a50                alarm_pool_create_on_timer_with_unused_hardware_alarm
 .text.alarm_pool_destroy
                0x10001b04       0x84 CMakeFiles/pds200Pico2.dir/home/pdsilva/.pico-sdk/sdk/2.2.0/src/common/pico_time/time.c.o
                0x10001b04                alarm_pool_destroy
 .text.alarm_pool_add_alarm_at
                0x10001b88       0xdc CMakeFiles/pds200Pico2.dir/home/pdsilva/.pico-sdk/sdk/2.2.0/src/common/pico_time/time.c.o
                0x10001b88                alarm_pool_add_alarm_at
 .text.alarm_pool_add_alarm_at_force_in_context
                0x10001c64       0xc8 CMakeFiles/pds200Pico2.dir/home/pdsilva/.pico-sdk/sdk/2.2.0/src/common/pico_time/time.c.o
                0x10001c64                alarm_pool_add_alarm_at_force_in_context
 .text.alarm_pool_cancel_alarm
                0x10001d2c       0x80 CMakeFiles/pds200Pico2.dir/home/pdsilva/.pico-sdk/sdk/2.2.0/src/common/pico_time/time.c.o
                0x10001d2c                alarm_pool_cancel_alarm
 .text.alarm_pool_core_num
                0x10001dac        0x4 CMakeFiles/pds200Pico2.dir/home/pdsilva/.pico-sdk/sdk/2.2.0/src/common/pico_time/time.c.o
                0x10001dac                alarm_pool_core_num
 .text.sleep_until
                0x10001db0       0xbc CMakeFiles/pds200Pico2.dir/home/pdsilva/.pico-sdk/sdk/2.2.0/src/common/pico_time/time.c.o
                0x10001db0                sleep_until
 .text.sleep_ms
                0x10001e6c       0xdc CMakeFiles/pds200Pico2.dir/home/pdsilva/.pico-sdk/sdk/2.2.0/src/common/pico_time/time.c.o
                0x10001e6c                sleep_ms
 .text.best_effort_wfe_or_timeout
                0x10001f48       0xd4 CMakeFiles/pds200Pico2.dir/home/pdsilva/.pico-sdk/sdk/2.2.0/src/common/pico_time/time.c.o
                0x10001f48                best_effort_wfe_or_timeout
 .text.alarm_pool_get_default_timer
                0x1000201c        0x8 CMakeFiles/pds200Pico2.dir/home/pdsilva/.pico-sdk/sdk/2.2.0/src/common/pico_time/time.c.o
                0x1000201c                alarm_pool_get_default_timer
 .text.timer_hardware_alarm_claim
                0x10002024       0x24 CMakeFiles/pds200Pico2.dir/home/pdsilva/.pico-sdk/sdk/2.2.0/src/rp2_common/hardware_timer/timer.c.o
                0x10002024                timer_hardware_alarm_claim
 .text.timer_hardware_alarm_unclaim
                0x10002048       0x18 CMakeFiles/pds200Pico2.dir/home/pdsilva/.pico-sdk/sdk/2.2.0/src/rp2_common/hardware_timer/timer.c.o
                0x10002048                timer_hardware_alarm_unclaim
 .text.timer_hardware_alarm_claim_unused
                0x10002060       0x2c CMakeFiles/pds200Pico2.dir/home/pdsilva/.pico-sdk/sdk/2.2.0/src/rp2_common/hardware_timer/timer.c.o
                0x10002060                timer_hardware_alarm_claim_unused
 .text.timer_time_us_64
                0x1000208c       0x10 CMakeFiles/pds200Pico2.dir/home/pdsilva/.pico-sdk/sdk/2.2.0/src/rp2_common/hardware_timer/timer.c.o
                0x1000208c                timer_time_us_64
 .text.time_us_64
                0x1000209c       0x14 CMakeFiles/pds200Pico2.dir/home/pdsilva/.pico-sdk/sdk/2.2.0/src/rp2_common/hardware_timer/timer.c.o
                0x1000209c                time_us_64
 .text.busy_wait_us
                0x100020b0       0x5c CMakeFiles/pds200Pico2.dir/home/pdsilva/.pico-sdk/sdk/2.2.0/src/rp2_common/hardware_timer/timer.c.o
                0x100020b0                busy_wait_us
 .text.busy_wait_until
                0x1000210c       0x24 CMakeFiles/pds200Pico2.dir/home/pdsilva/.pico-sdk/sdk/2.2.0/src/rp2_common/hardware_timer/timer.c.o
                0x1000210c                busy_wait_until
 .text.clock_configure_undivided
                0x10002130       0xd0 CMakeFiles/pds200Pico2.dir/home/pdsilva/.pico-sdk/sdk/2.2.0/src/rp2_common/hardware_clocks/clocks.c.o
                0x10002130                clock_configure_undivided
 .text.clock_get_hz
                0x10002200        0xc CMakeFiles/pds200Pico2.dir/home/pdsilva/.pico-sdk/sdk/2.2.0/src/rp2_common/hardware_clocks/clocks.c.o
                0x10002200                clock_get_hz
 .text.set_sys_clock_pll
                0x1000220c      0x184 CMakeFiles/pds200Pico2.dir/home/pdsilva/.pico-sdk/sdk/2.2.0/src/rp2_common/hardware_clocks/clocks.c.o
                0x1000220c                set_sys_clock_pll
 .text.check_sys_clock_khz
                0x10002390      0x19c CMakeFiles/pds200Pico2.dir/home/pdsilva/.pico-sdk/sdk/2.2.0/src/rp2_common/hardware_clocks/clocks.c.o
                0x10002390                check_sys_clock_khz
 .text.pll_init
                0x1000252c       0x8c CMakeFiles/pds200Pico2.dir/home/pdsilva/.pico-sdk/sdk/2.2.0/src/rp2_common/hardware_pll/pll.c.o
                0x1000252c                pll_init
 .text.vreg_set_voltage
                0x100025b8       0x44 CMakeFiles/pds200Pico2.dir/home/pdsilva/.pico-sdk/sdk/2.2.0/src/rp2_common/hardware_vreg/vreg.c.o
                0x100025b8                vreg_set_voltage
 .text.watchdog_reboot
                0x100025fc       0x98 CMakeFiles/pds200Pico2.dir/home/pdsilva/.pico-sdk/sdk/2.2.0/src/rp2_common/hardware_watchdog/watchdog.c.o
                0x100025fc                watchdog_reboot
 .text.tick_start
                0x10002694       0x18 CMakeFiles/pds200Pico2.dir/home/pdsilva/.pico-sdk/sdk/2.2.0/src/rp2_common/hardware_ticks/ticks.c.o
                0x10002694                tick_start
 .text.rom_reboot.constprop.0.isra.0
                0x100026ac       0x34 CMakeFiles/pds200Pico2.dir/home/pdsilva/.pico-sdk/sdk/2.2.0/src/rp2_common/pico_bootrom/bootrom.c.o
 .text.rom_func_lookup
                0x100026e0       0x18 CMakeFiles/pds200Pico2.dir/home/pdsilva/.pico-sdk/sdk/2.2.0/src/rp2_common/pico_bootrom/bootrom.c.o
                0x100026e0                rom_func_lookup
 .text.rom_reset_usb_boot_extra
                0x100026f8       0x1c CMakeFiles/pds200Pico2.dir/home/pdsilva/.pico-sdk/sdk/2.2.0/src/rp2_common/pico_bootrom/bootrom.c.o
                0x100026f8                rom_reset_usb_boot_extra
 .text.rom_get_boot_random
                0x10002714       0x48 CMakeFiles/pds200Pico2.dir/home/pdsilva/.pico-sdk/sdk/2.2.0/src/rp2_common/pico_bootrom/bootrom.c.o
                0x10002714                rom_get_boot_random
 .text.runtime_init_bootrom_locking_enable
                0x1000275c       0x14 CMakeFiles/pds200Pico2.dir/home/pdsilva/.pico-sdk/sdk/2.2.0/src/rp2_common/pico_bootrom/bootrom_lock.c.o
                0x1000275c                runtime_init_bootrom_locking_enable
 .text.runtime_init_boot_locks_reset
                0x10002770       0x1c CMakeFiles/pds200Pico2.dir/home/pdsilva/.pico-sdk/sdk/2.2.0/src/rp2_common/hardware_boot_lock/boot_lock.c.o
                0x10002770                runtime_init_boot_locks_reset
 .text.xosc_init
                0x1000278c       0x30 CMakeFiles/pds200Pico2.dir/home/pdsilva/.pico-sdk/sdk/2.2.0/src/rp2_common/hardware_xosc/xosc.c.o
                0x1000278c                xosc_init
 .text.first_per_core_initializer
                0x100027bc        0x4 CMakeFiles/pds200Pico2.dir/home/pdsilva/.pico-sdk/sdk/2.2.0/src/rp2_common/pico_runtime/runtime.c.o
 .text.hard_assertion_failure
                0x100027c0        0xc CMakeFiles/pds200Pico2.dir/home/pdsilva/.pico-sdk/sdk/2.2.0/src/rp2_common/pico_runtime/runtime.c.o
                0x100027c0                hard_assertion_failure
 .text.runtime_run_initializers
                0x100027cc       0x20 CMakeFiles/pds200Pico2.dir/home/pdsilva/.pico-sdk/sdk/2.2.0/src/rp2_common/pico_runtime/runtime.c.o
                0x100027cc                runtime_run_initializers
 .text.runtime_run_per_core_initializers
                0x100027ec       0x20 CMakeFiles/pds200Pico2.dir/home/pdsilva/.pico-sdk/sdk/2.2.0/src/rp2_common/pico_runtime/runtime.c.o
                0x100027ec                runtime_run_per_core_initializers
 .text.runtime_init_early_resets
                0x1000280c       0x34 CMakeFiles/pds200Pico2.dir/home/pdsilva/.pico-sdk/sdk/2.2.0/src/rp2_common/pico_runtime_init/runtime_init.c.o
                0x1000280c                runtime_init_early_resets
 .text.runtime_init_usb_power_down
                0x10002840       0x1c CMakeFiles/pds200Pico2.dir/home/pdsilva/.pico-sdk/sdk/2.2.0/src/rp2_common/pico_runtime_init/runtime_init.c.o
                0x10002840                runtime_init_usb_power_down
 .text.runtime_init_per_core_enable_coprocessors
                0x1000285c       0x1c CMakeFiles/pds200Pico2.dir/home/pdsilva/.pico-sdk/sdk/2.2.0/src/rp2_common/pico_runtime_init/runtime_init.c.o
                0x1000285c                runtime_init_per_core_enable_coprocessors
 .text.runtime_init_post_clock_resets
                0x10002878       0x20 CMakeFiles/pds200Pico2.dir/home/pdsilva/.pico-sdk/sdk/2.2.0/src/rp2_common/pico_runtime_init/runtime_init.c.o
                0x10002878                runtime_init_post_clock_resets
 .text.runtime_init_bootrom_reset
                0x10002898       0x14 CMakeFiles/pds200Pico2.dir/home/pdsilva/.pico-sdk/sdk/2.2.0/src/rp2_common/pico_runtime_init/runtime_init.c.o
                0x10002898                runtime_init_bootrom_reset
 .text.runtime_init_per_core_bootrom_reset
                0x100028ac       0x14 CMakeFiles/pds200Pico2.dir/home/pdsilva/.pico-sdk/sdk/2.2.0/src/rp2_common/pico_runtime_init/runtime_init.c.o
                0x100028ac                runtime_init_per_core_bootrom_reset
 .text.runtime_init_spin_locks_reset
                0x100028c0        0x4 CMakeFiles/pds200Pico2.dir/home/pdsilva/.pico-sdk/sdk/2.2.0/src/rp2_common/pico_runtime_init/runtime_init.c.o
                0x100028c0                runtime_init_spin_locks_reset
 .text.runtime_init_install_ram_vector_table
                0x100028c4       0x68 CMakeFiles/pds200Pico2.dir/home/pdsilva/.pico-sdk/sdk/2.2.0/src/rp2_common/pico_runtime_init/runtime_init.c.o
                0x100028c4                runtime_init_install_ram_vector_table
 .text.runtime_init_clocks
                0x1000292c       0xdc CMakeFiles/pds200Pico2.dir/home/pdsilva/.pico-sdk/sdk/2.2.0/src/rp2_common/pico_runtime_init/runtime_init_clocks.c.o
                0x1000292c                runtime_init_clocks
 .text.__rp2350_dcp_engaged_state_save_restore
                0x10002a08       0x3a CMakeFiles/pds200Pico2.dir/home/pdsilva/.pico-sdk/sdk/2.2.0/src/rp2_common/pico_double/double_aeabi_dcp.S.o
 *fill*         0x10002a42        0x2 
 .text.__wrap___aeabi_dadd
                0x10002a44       0x28 CMakeFiles/pds200Pico2.dir/home/pdsilva/.pico-sdk/sdk/2.2.0/src/rp2_common/pico_double/double_aeabi_dcp.S.o
                0x10002a4c                __wrap___aeabi_dadd
 .text.__wrap___aeabi_dsub
                0x10002a6c       0x28 CMakeFiles/pds200Pico2.dir/home/pdsilva/.pico-sdk/sdk/2.2.0/src/rp2_common/pico_double/double_aeabi_dcp.S.o
                0x10002a74                __wrap___aeabi_dsub
 .text.__wrap___aeabi_dmul
                0x10002a94       0x4c CMakeFiles/pds200Pico2.dir/home/pdsilva/.pico-sdk/sdk/2.2.0/src/rp2_common/pico_double/double_aeabi_dcp.S.o
                0x10002a9c                __wrap___aeabi_dmul
 .text.__wrap___aeabi_ddiv
                0x10002ae0       0x9c CMakeFiles/pds200Pico2.dir/home/pdsilva/.pico-sdk/sdk/2.2.0/src/rp2_common/pico_double/double_aeabi_dcp.S.o
                0x10002ae8                __wrap___aeabi_ddiv
 .text.__wrap___aeabi_i2d
                0x10002b7c       0x24 CMakeFiles/pds200Pico2.dir/home/pdsilva/.pico-sdk/sdk/2.2.0/src/rp2_common/pico_double/double_aeabi_dcp.S.o
                0x10002b84                __wrap___aeabi_i2d
                0x10002b84                int2double
 .text.__wrap___aeabi_ui2d
                0x10002ba0       0x24 CMakeFiles/pds200Pico2.dir/home/pdsilva/.pico-sdk/sdk/2.2.0/src/rp2_common/pico_double/double_aeabi_dcp.S.o
                0x10002ba8                __wrap___aeabi_ui2d
                0x10002ba8                uint2double
 .text.__wrap___aeabi_d2iz
                0x10002bc4       0x24 CMakeFiles/pds200Pico2.dir/home/pdsilva/.pico-sdk/sdk/2.2.0/src/rp2_common/pico_double/double_aeabi_dcp.S.o
                0x10002bcc                __wrap___aeabi_d2iz
                0x10002bcc                double2int_z
 .text.__wrap___aeabi_d2uiz
                0x10002be8       0x24 CMakeFiles/pds200Pico2.dir/home/pdsilva/.pico-sdk/sdk/2.2.0/src/rp2_common/pico_double/double_aeabi_dcp.S.o
                0x10002bf0                double2uint_z
                0x10002bf0                double2uint
                0x10002bf0                __wrap___aeabi_d2uiz
 .text.__wrap___aeabi_dcmpun
                0x10002c0c       0x24 CMakeFiles/pds200Pico2.dir/home/pdsilva/.pico-sdk/sdk/2.2.0/src/rp2_common/pico_double/double_aeabi_dcp.S.o
                0x10002c14                __wrap___aeabi_dcmpun
 .text.__wrap___aeabi_dcmplt
                0x10002c30       0x28 CMakeFiles/pds200Pico2.dir/home/pdsilva/.pico-sdk/sdk/2.2.0/src/rp2_common/pico_double/double_aeabi_dcp.S.o
                0x10002c38                __wrap___aeabi_dcmplt
 .text.__wrap___aeabi_dcmple
                0x10002c58       0x28 CMakeFiles/pds200Pico2.dir/home/pdsilva/.pico-sdk/sdk/2.2.0/src/rp2_common/pico_double/double_aeabi_dcp.S.o
                0x10002c60                __wrap___aeabi_dcmple
 .text.__wrap___aeabi_dcmpge
                0x10002c80       0x28 CMakeFiles/pds200Pico2.dir/home/pdsilva/.pico-sdk/sdk/2.2.0/src/rp2_common/pico_double/double_aeabi_dcp.S.o
                0x10002c88                __wrap___aeabi_dcmpge
 .text.__wrap___aeabi_dcmpgt
                0x10002ca8       0x28 CMakeFiles/pds200Pico2.dir/home/pdsilva/.pico-sdk/sdk/2.2.0/src/rp2_common/pico_double/double_aeabi_dcp.S.o
                0x10002cb0                __wrap___aeabi_dcmpgt
 .text.__wrap_malloc
                0x10002cd0       0x38 CMakeFiles/pds200Pico2.dir/home/pdsilva/.pico-sdk/sdk/2.2.0/src/rp2_common/pico_malloc/malloc.c.o
                0x10002cd0                __wrap_malloc
 .text.__wrap_calloc
                0x10002d08       0x40 CMakeFiles/pds200Pico2.dir/home/pdsilva/.pico-sdk/sdk/2.2.0/src/rp2_common/pico_malloc/malloc.c.o
                0x10002d08                __wrap_calloc
 .text.__wrap_free
                0x10002d48       0x20 CMakeFiles/pds200Pico2.dir/home/pdsilva/.pico-sdk/sdk/2.2.0/src/rp2_common/pico_malloc/malloc.c.o
                0x10002d48                __wrap_free
 .text._out_buffer
                0x10002d68        0x8 CMakeFiles/pds200Pico2.dir/home/pdsilva/.pico-sdk/sdk/2.2.0/src/rp2_common/pico_printf/printf.c.o
 .text._out_null
                0x10002d70        0x4 CMakeFiles/pds200Pico2.dir/home/pdsilva/.pico-sdk/sdk/2.2.0/src/rp2_common/pico_printf/printf.c.o
 .text._out_rev
                0x10002d74       0x9c CMakeFiles/pds200Pico2.dir/home/pdsilva/.pico-sdk/sdk/2.2.0/src/rp2_common/pico_printf/printf.c.o
 .text._ntoa_format
                0x10002e10      0x1d4 CMakeFiles/pds200Pico2.dir/home/pdsilva/.pico-sdk/sdk/2.2.0/src/rp2_common/pico_printf/printf.c.o
 .text._out_char
                0x10002fe4        0x8 CMakeFiles/pds200Pico2.dir/home/pdsilva/.pico-sdk/sdk/2.2.0/src/rp2_common/pico_printf/printf.c.o
 .text._out_fct
                0x10002fec        0xc CMakeFiles/pds200Pico2.dir/home/pdsilva/.pico-sdk/sdk/2.2.0/src/rp2_common/pico_printf/printf.c.o
 .text._ftoa    0x10002ff8      0x4bc CMakeFiles/pds200Pico2.dir/home/pdsilva/.pico-sdk/sdk/2.2.0/src/rp2_common/pico_printf/printf.c.o
 *fill*         0x100034b4        0x4 
 .text._etoa    0x100034b8      0x574 CMakeFiles/pds200Pico2.dir/home/pdsilva/.pico-sdk/sdk/2.2.0/src/rp2_common/pico_printf/printf.c.o
 .text._vsnprintf
                0x10003a2c      0x9e4 CMakeFiles/pds200Pico2.dir/home/pdsilva/.pico-sdk/sdk/2.2.0/src/rp2_common/pico_printf/printf.c.o
 .text.__wrap_sprintf
                0x10004410       0x2c CMakeFiles/pds200Pico2.dir/home/pdsilva/.pico-sdk/sdk/2.2.0/src/rp2_common/pico_printf/printf.c.o
                0x10004410                __wrap_sprintf
 .text.vfctprintf
                0x1000443c       0x28 CMakeFiles/pds200Pico2.dir/home/pdsilva/.pico-sdk/sdk/2.2.0/src/rp2_common/pico_printf/printf.c.o
                0x1000443c                vfctprintf
 .text.weak_raw_vprintf
                0x10004464       0x30 CMakeFiles/pds200Pico2.dir/home/pdsilva/.pico-sdk/sdk/2.2.0/src/rp2_common/pico_printf/printf.c.o
                0x10004464                weak_raw_vprintf
 .text._exit    0x10004494        0x4 CMakeFiles/pds200Pico2.dir/home/pdsilva/.pico-sdk/sdk/2.2.0/src/rp2_common/pico_clib_interface/newlib_interface.c.o
                0x10004494                _exit
 .text._sbrk    0x10004498       0x2c CMakeFiles/pds200Pico2.dir/home/pdsilva/.pico-sdk/sdk/2.2.0/src/rp2_common/pico_clib_interface/newlib_interface.c.o
                0x10004498                _sbrk
 .text.exit     0x100044c4        0x8 CMakeFiles/pds200Pico2.dir/home/pdsilva/.pico-sdk/sdk/2.2.0/src/rp2_common/pico_clib_interface/newlib_interface.c.o
                0x100044c4                exit
 .text.runtime_init
                0x100044cc       0x24 CMakeFiles/pds200Pico2.dir/home/pdsilva/.pico-sdk/sdk/2.2.0/src/rp2_common/pico_clib_interface/newlib_interface.c.o
                0x100044cc                runtime_init
 .text.stdio_out_chars_no_crlf
                0x100044f0        0x8 CMakeFiles/pds200Pico2.dir/home/pdsilva/.pico-sdk/sdk/2.2.0/src/rp2_common/pico_stdio/stdio.c.o
 .text.stdio_out_chars_crlf
                0x100044f8       0xb0 CMakeFiles/pds200Pico2.dir/home/pdsilva/.pico-sdk/sdk/2.2.0/src/rp2_common/pico_stdio/stdio.c.o
 .text.stdio_buffered_printer
                0x100045a8       0x60 CMakeFiles/pds200Pico2.dir/home/pdsilva/.pico-sdk/sdk/2.2.0/src/rp2_common/pico_stdio/stdio.c.o
 .text.stdio_put_string
                0x10004608       0xec CMakeFiles/pds200Pico2.dir/home/pdsilva/.pico-sdk/sdk/2.2.0/src/rp2_common/pico_stdio/stdio.c.o
                0x10004608                stdio_put_string
 .text.stdio_set_driver_enabled
                0x100046f4       0x28 CMakeFiles/pds200Pico2.dir/home/pdsilva/.pico-sdk/sdk/2.2.0/src/rp2_common/pico_stdio/stdio.c.o
                0x100046f4                stdio_set_driver_enabled
 .text.stdio_init_all
                0x1000471c        0x4 CMakeFiles/pds200Pico2.dir/home/pdsilva/.pico-sdk/sdk/2.2.0/src/rp2_common/pico_stdio/stdio.c.o
                0x1000471c                stdio_init_all
 .text.__wrap_putchar
                0x10004720       0x84 CMakeFiles/pds200Pico2.dir/home/pdsilva/.pico-sdk/sdk/2.2.0/src/rp2_common/pico_stdio/stdio.c.o
                0x10004720                stdio_putchar
                0x10004720                __wrap_putchar
 .text.__wrap_puts
                0x100047a4       0x3c CMakeFiles/pds200Pico2.dir/home/pdsilva/.pico-sdk/sdk/2.2.0/src/rp2_common/pico_stdio/stdio.c.o
                0x100047a4                __wrap_puts
                0x100047a4                stdio_puts
 .text.__wrap_vprintf
                0x100047e0       0xc4 CMakeFiles/pds200Pico2.dir/home/pdsilva/.pico-sdk/sdk/2.2.0/src/rp2_common/pico_stdio/stdio.c.o
                0x100047e0                __wrap_vprintf
                0x100047e0                stdio_vprintf
 .text.__wrap_printf
                0x100048a4       0x1c CMakeFiles/pds200Pico2.dir/home/pdsilva/.pico-sdk/sdk/2.2.0/src/rp2_common/pico_stdio/stdio.c.o
                0x100048a4                stdio_printf
                0x100048a4                __wrap_printf
 .text.resetd_init
                0x100048c0        0x4 CMakeFiles/pds200Pico2.dir/home/pdsilva/.pico-sdk/sdk/2.2.0/src/rp2_common/pico_stdio_usb/reset_interface.c.o
 .text.resetd_reset
                0x100048c4        0xc CMakeFiles/pds200Pico2.dir/home/pdsilva/.pico-sdk/sdk/2.2.0/src/rp2_common/pico_stdio_usb/reset_interface.c.o
 .text.resetd_open
                0x100048d0       0x28 CMakeFiles/pds200Pico2.dir/home/pdsilva/.pico-sdk/sdk/2.2.0/src/rp2_common/pico_stdio_usb/reset_interface.c.o
 .text.resetd_xfer_cb
                0x100048f8        0x4 CMakeFiles/pds200Pico2.dir/home/pdsilva/.pico-sdk/sdk/2.2.0/src/rp2_common/pico_stdio_usb/reset_interface.c.o
 .text.resetd_control_xfer_cb
                0x100048fc       0x50 CMakeFiles/pds200Pico2.dir/home/pdsilva/.pico-sdk/sdk/2.2.0/src/rp2_common/pico_stdio_usb/reset_interface.c.o
 .text.tud_descriptor_bos_cb
                0x1000494c        0x8 CMakeFiles/pds200Pico2.dir/home/pdsilva/.pico-sdk/sdk/2.2.0/src/rp2_common/pico_stdio_usb/reset_interface.c.o
                0x1000494c                tud_descriptor_bos_cb
 .text.tud_vendor_control_xfer_cb
                0x10004954       0x28 CMakeFiles/pds200Pico2.dir/home/pdsilva/.pico-sdk/sdk/2.2.0/src/rp2_common/pico_stdio_usb/reset_interface.c.o
                0x10004954                tud_vendor_control_xfer_cb
 .text.usbd_app_driver_get_cb
                0x1000497c       0x10 CMakeFiles/pds200Pico2.dir/home/pdsilva/.pico-sdk/sdk/2.2.0/src/rp2_common/pico_stdio_usb/reset_interface.c.o
                0x1000497c                usbd_app_driver_get_cb
 .text.tud_cdc_line_coding_cb
                0x1000498c       0x18 CMakeFiles/pds200Pico2.dir/home/pdsilva/.pico-sdk/sdk/2.2.0/src/rp2_common/pico_stdio_usb/reset_interface.c.o
                0x1000498c                tud_cdc_line_coding_cb
 .text.stdio_usb_set_chars_available_callback
                0x100049a4       0x14 CMakeFiles/pds200Pico2.dir/home/pdsilva/.pico-sdk/sdk/2.2.0/src/rp2_common/pico_stdio_usb/stdio_usb.c.o
                0x100049a4                stdio_usb_set_chars_available_callback
 .text.timer_task
                0x100049b8       0x70 CMakeFiles/pds200Pico2.dir/home/pdsilva/.pico-sdk/sdk/2.2.0/src/rp2_common/pico_stdio_usb/stdio_usb.c.o
 .text.usb_irq  0x10004a28        0xc CMakeFiles/pds200Pico2.dir/home/pdsilva/.pico-sdk/sdk/2.2.0/src/rp2_common/pico_stdio_usb/stdio_usb.c.o
 .text.stdio_usb_in_chars
                0x10004a34       0x88 CMakeFiles/pds200Pico2.dir/home/pdsilva/.pico-sdk/sdk/2.2.0/src/rp2_common/pico_stdio_usb/stdio_usb.c.o
                0x10004a34                stdio_usb_in_chars
 .text.stdio_usb_out_flush
                0x10004abc       0x54 CMakeFiles/pds200Pico2.dir/home/pdsilva/.pico-sdk/sdk/2.2.0/src/rp2_common/pico_stdio_usb/stdio_usb.c.o
 .text.stdio_usb_out_chars
                0x10004b10       0xf4 CMakeFiles/pds200Pico2.dir/home/pdsilva/.pico-sdk/sdk/2.2.0/src/rp2_common/pico_stdio_usb/stdio_usb.c.o
 .text.low_priority_worker_irq
                0x10004c04       0xd8 CMakeFiles/pds200Pico2.dir/home/pdsilva/.pico-sdk/sdk/2.2.0/src/rp2_common/pico_stdio_usb/stdio_usb.c.o
 .text.stdio_usb_init
                0x10004cdc       0xe8 CMakeFiles/pds200Pico2.dir/home/pdsilva/.pico-sdk/sdk/2.2.0/src/rp2_common/pico_stdio_usb/stdio_usb.c.o
                0x10004cdc                stdio_usb_init
 .text.tud_descriptor_device_cb
                0x10004dc4        0x8 CMakeFiles/pds200Pico2.dir/home/pdsilva/.pico-sdk/sdk/2.2.0/src/rp2_common/pico_stdio_usb/stdio_usb_descriptors.c.o
                0x10004dc4                tud_descriptor_device_cb
 .text.tud_descriptor_configuration_cb
                0x10004dcc        0x8 CMakeFiles/pds200Pico2.dir/home/pdsilva/.pico-sdk/sdk/2.2.0/src/rp2_common/pico_stdio_usb/stdio_usb_descriptors.c.o
                0x10004dcc                tud_descriptor_configuration_cb
 .text.tud_descriptor_string_cb
                0x10004dd4       0x70 CMakeFiles/pds200Pico2.dir/home/pdsilva/.pico-sdk/sdk/2.2.0/src/rp2_common/pico_stdio_usb/stdio_usb_descriptors.c.o
                0x10004dd4                tud_descriptor_string_cb
 .text.startup._retrieve_unique_id_on_boot
                0x10004e44       0x30 CMakeFiles/pds200Pico2.dir/home/pdsilva/.pico-sdk/sdk/2.2.0/src/rp2_common/pico_unique_id/unique_id.c.o
 .text.pico_get_unique_board_id
                0x10004e74       0x10 CMakeFiles/pds200Pico2.dir/home/pdsilva/.pico-sdk/sdk/2.2.0/src/rp2_common/pico_unique_id/unique_id.c.o
                0x10004e74                pico_get_unique_board_id
 .text.pico_get_unique_board_id_string
                0x10004e84      0x184 CMakeFiles/pds200Pico2.dir/home/pdsilva/.pico-sdk/sdk/2.2.0/src/rp2_common/pico_unique_id/unique_id.c.o
                0x10004e84                pico_get_unique_board_id_string
 .text.dcd_init
                0x10005008       0x8c CMakeFiles/pds200Pico2.dir/home/pdsilva/.pico-sdk/sdk/2.2.0/lib/tinyusb/src/portable/raspberrypi/rp2040/dcd_rp2040.c.o
                0x10005008                dcd_init
 .text.dcd_int_enable
                0x10005094        0x8 CMakeFiles/pds200Pico2.dir/home/pdsilva/.pico-sdk/sdk/2.2.0/lib/tinyusb/src/portable/raspberrypi/rp2040/dcd_rp2040.c.o
                0x10005094                dcd_int_enable
 .text.dcd_set_address
                0x1000509c       0x10 CMakeFiles/pds200Pico2.dir/home/pdsilva/.pico-sdk/sdk/2.2.0/lib/tinyusb/src/portable/raspberrypi/rp2040/dcd_rp2040.c.o
                0x1000509c                dcd_set_address
 .text.dcd_sof_enable
                0x100050ac       0x1c CMakeFiles/pds200Pico2.dir/home/pdsilva/.pico-sdk/sdk/2.2.0/lib/tinyusb/src/portable/raspberrypi/rp2040/dcd_rp2040.c.o
                0x100050ac                dcd_sof_enable
 .text.dcd_edpt0_status_complete
                0x100050c8       0x1c CMakeFiles/pds200Pico2.dir/home/pdsilva/.pico-sdk/sdk/2.2.0/lib/tinyusb/src/portable/raspberrypi/rp2040/dcd_rp2040.c.o
                0x100050c8                dcd_edpt0_status_complete
 .text.dcd_edpt_open
                0x100050e4      0x104 CMakeFiles/pds200Pico2.dir/home/pdsilva/.pico-sdk/sdk/2.2.0/lib/tinyusb/src/portable/raspberrypi/rp2040/dcd_rp2040.c.o
                0x100050e4                dcd_edpt_open
 .text.dcd_edpt_close_all
                0x100051e8        0x4 CMakeFiles/pds200Pico2.dir/home/pdsilva/.pico-sdk/sdk/2.2.0/lib/tinyusb/src/portable/raspberrypi/rp2040/dcd_rp2040.c.o
                0x100051e8                dcd_edpt_close_all
 .text.dcd_edpt_xfer
                0x100051ec       0x28 CMakeFiles/pds200Pico2.dir/home/pdsilva/.pico-sdk/sdk/2.2.0/lib/tinyusb/src/portable/raspberrypi/rp2040/dcd_rp2040.c.o
                0x100051ec                dcd_edpt_xfer
 .text.dcd_edpt_stall
                0x10005214       0x30 CMakeFiles/pds200Pico2.dir/home/pdsilva/.pico-sdk/sdk/2.2.0/lib/tinyusb/src/portable/raspberrypi/rp2040/dcd_rp2040.c.o
                0x10005214                dcd_edpt_stall
 .text.dcd_edpt_clear_stall
                0x10005244       0x24 CMakeFiles/pds200Pico2.dir/home/pdsilva/.pico-sdk/sdk/2.2.0/lib/tinyusb/src/portable/raspberrypi/rp2040/dcd_rp2040.c.o
                0x10005244                dcd_edpt_clear_stall
 .text.rp2040_usb_init
                0x10005268       0x40 CMakeFiles/pds200Pico2.dir/home/pdsilva/.pico-sdk/sdk/2.2.0/lib/tinyusb/src/portable/raspberrypi/rp2040/rp2040_usb.c.o
                0x10005268                rp2040_usb_init
 .text.hw_endpoint_xfer_start
                0x100052a8       0x40 CMakeFiles/pds200Pico2.dir/home/pdsilva/.pico-sdk/sdk/2.2.0/lib/tinyusb/src/portable/raspberrypi/rp2040/rp2040_usb.c.o
                0x100052a8                hw_endpoint_xfer_start
 .text.configuration_reset
                0x100052e8       0x8c CMakeFiles/pds200Pico2.dir/home/pdsilva/.pico-sdk/sdk/2.2.0/lib/tinyusb/src/device/usbd.c.o
 .text.tud_event_hook_cb
                0x10005374        0x4 CMakeFiles/pds200Pico2.dir/home/pdsilva/.pico-sdk/sdk/2.2.0/lib/tinyusb/src/device/usbd.c.o
                0x10005374                tud_event_hook_cb
 .text.tud_sof_cb
                0x10005378        0x4 CMakeFiles/pds200Pico2.dir/home/pdsilva/.pico-sdk/sdk/2.2.0/lib/tinyusb/src/device/usbd.c.o
                0x10005378                tud_sof_cb
 .text.tud_descriptor_device_qualifier_cb
                0x1000537c        0x4 CMakeFiles/pds200Pico2.dir/home/pdsilva/.pico-sdk/sdk/2.2.0/lib/tinyusb/src/device/usbd.c.o
                0x1000537c                tud_descriptor_device_qualifier_cb
 .text.tud_descriptor_other_speed_configuration_cb
                0x10005380        0x4 CMakeFiles/pds200Pico2.dir/home/pdsilva/.pico-sdk/sdk/2.2.0/lib/tinyusb/src/device/usbd.c.o
                0x10005380                tud_descriptor_other_speed_configuration_cb
 .text.tud_mount_cb
                0x10005384        0x4 CMakeFiles/pds200Pico2.dir/home/pdsilva/.pico-sdk/sdk/2.2.0/lib/tinyusb/src/device/usbd.c.o
                0x10005384                tud_mount_cb
 .text.tud_umount_cb
                0x10005388        0x4 CMakeFiles/pds200Pico2.dir/home/pdsilva/.pico-sdk/sdk/2.2.0/lib/tinyusb/src/device/usbd.c.o
                0x10005388                tud_umount_cb
 .text.tud_suspend_cb
                0x1000538c        0x4 CMakeFiles/pds200Pico2.dir/home/pdsilva/.pico-sdk/sdk/2.2.0/lib/tinyusb/src/device/usbd.c.o
                0x1000538c                tud_suspend_cb
 .text.tud_resume_cb
                0x10005390        0x4 CMakeFiles/pds200Pico2.dir/home/pdsilva/.pico-sdk/sdk/2.2.0/lib/tinyusb/src/device/usbd.c.o
                0x10005390                tud_resume_cb
 .text.tud_mounted
                0x10005394       0x10 CMakeFiles/pds200Pico2.dir/home/pdsilva/.pico-sdk/sdk/2.2.0/lib/tinyusb/src/device/usbd.c.o
                0x10005394                tud_mounted
 .text.tud_suspended
                0x100053a4       0x10 CMakeFiles/pds200Pico2.dir/home/pdsilva/.pico-sdk/sdk/2.2.0/lib/tinyusb/src/device/usbd.c.o
                0x100053a4                tud_suspended
 .text.tud_rhport_init
                0x100053b4       0xf4 CMakeFiles/pds200Pico2.dir/home/pdsilva/.pico-sdk/sdk/2.2.0/lib/tinyusb/src/device/usbd.c.o
                0x100053b4                tud_rhport_init
 .text.tud_task_ext
                0x100054a8      0x784 CMakeFiles/pds200Pico2.dir/home/pdsilva/.pico-sdk/sdk/2.2.0/lib/tinyusb/src/device/usbd.c.o
                0x100054a8                tud_task_ext
 .text.usbd_open_edpt_pair
                0x10005c2c       0x9c CMakeFiles/pds200Pico2.dir/home/pdsilva/.pico-sdk/sdk/2.2.0/lib/tinyusb/src/device/usbd.c.o
                0x10005c2c                usbd_open_edpt_pair
 .text.usbd_edpt_open
                0x10005cc8       0x44 CMakeFiles/pds200Pico2.dir/home/pdsilva/.pico-sdk/sdk/2.2.0/lib/tinyusb/src/device/usbd.c.o
                0x10005cc8                usbd_edpt_open
 .text.usbd_edpt_claim
                0x10005d0c       0x24 CMakeFiles/pds200Pico2.dir/home/pdsilva/.pico-sdk/sdk/2.2.0/lib/tinyusb/src/device/usbd.c.o
                0x10005d0c                usbd_edpt_claim
 .text.usbd_edpt_release
                0x10005d30       0x24 CMakeFiles/pds200Pico2.dir/home/pdsilva/.pico-sdk/sdk/2.2.0/lib/tinyusb/src/device/usbd.c.o
                0x10005d30                usbd_edpt_release
 .text.usbd_edpt_xfer
                0x10005d54       0x70 CMakeFiles/pds200Pico2.dir/home/pdsilva/.pico-sdk/sdk/2.2.0/lib/tinyusb/src/device/usbd.c.o
                0x10005d54                usbd_edpt_xfer
 .text.tud_control_status
                0x10005dc4       0x34 CMakeFiles/pds200Pico2.dir/home/pdsilva/.pico-sdk/sdk/2.2.0/lib/tinyusb/src/device/usbd_control.c.o
                0x10005dc4                tud_control_status
 .text.tud_control_xfer
                0x10005df8       0xb0 CMakeFiles/pds200Pico2.dir/home/pdsilva/.pico-sdk/sdk/2.2.0/lib/tinyusb/src/device/usbd_control.c.o
                0x10005df8                tud_control_xfer
 .text.usbd_control_reset
                0x10005ea8       0x14 CMakeFiles/pds200Pico2.dir/home/pdsilva/.pico-sdk/sdk/2.2.0/lib/tinyusb/src/device/usbd_control.c.o
                0x10005ea8                usbd_control_reset
 .text.usbd_control_set_complete_callback
                0x10005ebc        0xc CMakeFiles/pds200Pico2.dir/home/pdsilva/.pico-sdk/sdk/2.2.0/lib/tinyusb/src/device/usbd_control.c.o
                0x10005ebc                usbd_control_set_complete_callback
 .text.usbd_control_set_request
                0x10005ec8       0x1c CMakeFiles/pds200Pico2.dir/home/pdsilva/.pico-sdk/sdk/2.2.0/lib/tinyusb/src/device/usbd_control.c.o
                0x10005ec8                usbd_control_set_request
 .text.usbd_control_xfer_cb
                0x10005ee4      0x100 CMakeFiles/pds200Pico2.dir/home/pdsilva/.pico-sdk/sdk/2.2.0/lib/tinyusb/src/device/usbd_control.c.o
                0x10005ee4                usbd_control_xfer_cb
 .text._prep_out_transaction.isra.0
                0x10005fe4       0x74 CMakeFiles/pds200Pico2.dir/home/pdsilva/.pico-sdk/sdk/2.2.0/lib/tinyusb/src/class/cdc/cdc_device.c.o
 .text.tud_cdc_n_connected
                0x10006058       0x2c CMakeFiles/pds200Pico2.dir/home/pdsilva/.pico-sdk/sdk/2.2.0/lib/tinyusb/src/class/cdc/cdc_device.c.o
                0x10006058                tud_cdc_n_connected
 .text.tud_cdc_n_available
                0x10006084       0x14 CMakeFiles/pds200Pico2.dir/home/pdsilva/.pico-sdk/sdk/2.2.0/lib/tinyusb/src/class/cdc/cdc_device.c.o
                0x10006084                tud_cdc_n_available
 .text.tud_cdc_n_read
                0x10006098       0x90 CMakeFiles/pds200Pico2.dir/home/pdsilva/.pico-sdk/sdk/2.2.0/lib/tinyusb/src/class/cdc/cdc_device.c.o
                0x10006098                tud_cdc_n_read
 .text.tud_cdc_n_write_flush
                0x10006128       0x8c CMakeFiles/pds200Pico2.dir/home/pdsilva/.pico-sdk/sdk/2.2.0/lib/tinyusb/src/class/cdc/cdc_device.c.o
                0x10006128                tud_cdc_n_write_flush
 .text.tud_cdc_n_write
                0x100061b4       0x40 CMakeFiles/pds200Pico2.dir/home/pdsilva/.pico-sdk/sdk/2.2.0/lib/tinyusb/src/class/cdc/cdc_device.c.o
                0x100061b4                tud_cdc_n_write
 .text.tud_cdc_n_write_available
                0x100061f4       0x14 CMakeFiles/pds200Pico2.dir/home/pdsilva/.pico-sdk/sdk/2.2.0/lib/tinyusb/src/class/cdc/cdc_device.c.o
                0x100061f4                tud_cdc_n_write_available
 .text.cdcd_init
                0x10006208       0x70 CMakeFiles/pds200Pico2.dir/home/pdsilva/.pico-sdk/sdk/2.2.0/lib/tinyusb/src/class/cdc/cdc_device.c.o
                0x10006208                cdcd_init
 .text.cdcd_deinit
                0x10006278       0x30 CMakeFiles/pds200Pico2.dir/home/pdsilva/.pico-sdk/sdk/2.2.0/lib/tinyusb/src/class/cdc/cdc_device.c.o
                0x10006278                cdcd_deinit
 .text.cdcd_reset
                0x100062a8       0x4c CMakeFiles/pds200Pico2.dir/home/pdsilva/.pico-sdk/sdk/2.2.0/lib/tinyusb/src/class/cdc/cdc_device.c.o
                0x100062a8                cdcd_reset
 .text.cdcd_open
                0x100062f4       0xc0 CMakeFiles/pds200Pico2.dir/home/pdsilva/.pico-sdk/sdk/2.2.0/lib/tinyusb/src/class/cdc/cdc_device.c.o
                0x100062f4                cdcd_open
 .text.cdcd_control_xfer_cb
                0x100063b4       0xc0 CMakeFiles/pds200Pico2.dir/home/pdsilva/.pico-sdk/sdk/2.2.0/lib/tinyusb/src/class/cdc/cdc_device.c.o
                0x100063b4                cdcd_control_xfer_cb
 .text.cdcd_xfer_cb
                0x10006474       0xf8 CMakeFiles/pds200Pico2.dir/home/pdsilva/.pico-sdk/sdk/2.2.0/lib/tinyusb/src/class/cdc/cdc_device.c.o
                0x10006474                cdcd_xfer_cb
 .text.vendord_init
                0x1000656c       0x5c CMakeFiles/pds200Pico2.dir/home/pdsilva/.pico-sdk/sdk/2.2.0/lib/tinyusb/src/class/vendor/vendor_device.c.o
                0x1000656c                vendord_init
 .text.vendord_deinit
                0x100065c8       0x1c CMakeFiles/pds200Pico2.dir/home/pdsilva/.pico-sdk/sdk/2.2.0/lib/tinyusb/src/class/vendor/vendor_device.c.o
                0x100065c8                vendord_deinit
 .text.vendord_reset
                0x100065e4       0x24 CMakeFiles/pds200Pico2.dir/home/pdsilva/.pico-sdk/sdk/2.2.0/lib/tinyusb/src/class/vendor/vendor_device.c.o
                0x100065e4                vendord_reset
 .text.vendord_open
                0x10006608       0xf4 CMakeFiles/pds200Pico2.dir/home/pdsilva/.pico-sdk/sdk/2.2.0/lib/tinyusb/src/class/vendor/vendor_device.c.o
                0x10006608                vendord_open
 .text.vendord_xfer_cb
                0x100066fc       0x88 CMakeFiles/pds200Pico2.dir/home/pdsilva/.pico-sdk/sdk/2.2.0/lib/tinyusb/src/class/vendor/vendor_device.c.o
                0x100066fc                vendord_xfer_cb
 .text.tusb_rhport_init
                0x10006784       0x64 CMakeFiles/pds200Pico2.dir/home/pdsilva/.pico-sdk/sdk/2.2.0/lib/tinyusb/src/tusb.c.o
                0x10006784                tusb_rhport_init
 .text.tu_edpt_claim
                0x100067e8       0x54 CMakeFiles/pds200Pico2.dir/home/pdsilva/.pico-sdk/sdk/2.2.0/lib/tinyusb/src/tusb.c.o
                0x100067e8                tu_edpt_claim
 .text.tu_edpt_release
                0x1000683c       0x38 CMakeFiles/pds200Pico2.dir/home/pdsilva/.pico-sdk/sdk/2.2.0/lib/tinyusb/src/tusb.c.o
                0x1000683c                tu_edpt_release
 .text.tu_edpt_validate
                0x10006874       0x60 CMakeFiles/pds200Pico2.dir/home/pdsilva/.pico-sdk/sdk/2.2.0/lib/tinyusb/src/tusb.c.o
                0x10006874                tu_edpt_validate
 .text.tu_edpt_bind_driver
                0x100068d4       0x58 CMakeFiles/pds200Pico2.dir/home/pdsilva/.pico-sdk/sdk/2.2.0/lib/tinyusb/src/tusb.c.o
                0x100068d4                tu_edpt_bind_driver
 .text.tu_edpt_stream_init
                0x1000692c       0x58 CMakeFiles/pds200Pico2.dir/home/pdsilva/.pico-sdk/sdk/2.2.0/lib/tinyusb/src/tusb.c.o
                0x1000692c                tu_edpt_stream_init
 .text.tu_edpt_stream_deinit
                0x10006984        0x4 CMakeFiles/pds200Pico2.dir/home/pdsilva/.pico-sdk/sdk/2.2.0/lib/tinyusb/src/tusb.c.o
                0x10006984                tu_edpt_stream_deinit
 .text.tu_edpt_stream_write_zlp_if_needed
                0x10006988       0x68 CMakeFiles/pds200Pico2.dir/home/pdsilva/.pico-sdk/sdk/2.2.0/lib/tinyusb/src/tusb.c.o
                0x10006988                tu_edpt_stream_write_zlp_if_needed
 .text.tu_edpt_stream_write_xfer
                0x100069f0       0x70 CMakeFiles/pds200Pico2.dir/home/pdsilva/.pico-sdk/sdk/2.2.0/lib/tinyusb/src/tusb.c.o
                0x100069f0                tu_edpt_stream_write_xfer
 .text.tu_edpt_stream_read_xfer
                0x10006a60       0xc8 CMakeFiles/pds200Pico2.dir/home/pdsilva/.pico-sdk/sdk/2.2.0/lib/tinyusb/src/tusb.c.o
                0x10006a60                tu_edpt_stream_read_xfer
 .text.tu_fifo_config
                0x10006b28       0x60 CMakeFiles/pds200Pico2.dir/home/pdsilva/.pico-sdk/sdk/2.2.0/lib/tinyusb/src/common/tusb_fifo.c.o
                0x10006b28                tu_fifo_config
 .text.tu_fifo_count
                0x10006b88       0x20 CMakeFiles/pds200Pico2.dir/home/pdsilva/.pico-sdk/sdk/2.2.0/lib/tinyusb/src/common/tusb_fifo.c.o
                0x10006b88                tu_fifo_count
 .text.tu_fifo_empty
                0x10006ba8       0x14 CMakeFiles/pds200Pico2.dir/home/pdsilva/.pico-sdk/sdk/2.2.0/lib/tinyusb/src/common/tusb_fifo.c.o
                0x10006ba8                tu_fifo_empty
 .text.tu_fifo_remaining
                0x10006bbc       0x24 CMakeFiles/pds200Pico2.dir/home/pdsilva/.pico-sdk/sdk/2.2.0/lib/tinyusb/src/common/tusb_fifo.c.o
                0x10006bbc                tu_fifo_remaining
 .text.tu_fifo_read
                0x10006be0       0x94 CMakeFiles/pds200Pico2.dir/home/pdsilva/.pico-sdk/sdk/2.2.0/lib/tinyusb/src/common/tusb_fifo.c.o
                0x10006be0                tu_fifo_read
 .text.tu_fifo_read_n
                0x10006c74       0xd8 CMakeFiles/pds200Pico2.dir/home/pdsilva/.pico-sdk/sdk/2.2.0/lib/tinyusb/src/common/tusb_fifo.c.o
                0x10006c74                tu_fifo_read_n
 .text.tu_fifo_write
                0x10006d4c       0xa4 CMakeFiles/pds200Pico2.dir/home/pdsilva/.pico-sdk/sdk/2.2.0/lib/tinyusb/src/common/tusb_fifo.c.o
                0x10006d4c                tu_fifo_write
 .text.tu_fifo_write_n
                0x10006df0      0x15c CMakeFiles/pds200Pico2.dir/home/pdsilva/.pico-sdk/sdk/2.2.0/lib/tinyusb/src/common/tusb_fifo.c.o
                0x10006df0                tu_fifo_write_n
 .text.tu_fifo_clear
                0x10006f4c       0x38 CMakeFiles/pds200Pico2.dir/home/pdsilva/.pico-sdk/sdk/2.2.0/lib/tinyusb/src/common/tusb_fifo.c.o
                0x10006f4c                tu_fifo_clear
 .text.tu_fifo_set_overwritable
                0x10006f84       0x3c CMakeFiles/pds200Pico2.dir/home/pdsilva/.pico-sdk/sdk/2.2.0/lib/tinyusb/src/common/tusb_fifo.c.o
                0x10006f84                tu_fifo_set_overwritable
 .text.pio_claim_unused_sm
                0x10006fc0       0x38 CMakeFiles/pds200Pico2.dir/home/pdsilva/.pico-sdk/sdk/2.2.0/src/rp2_common/hardware_pio/pio.c.o
                0x10006fc0                pio_claim_unused_sm
 .text.pio_add_program
                0x10006ff8       0xf4 CMakeFiles/pds200Pico2.dir/home/pdsilva/.pico-sdk/sdk/2.2.0/src/rp2_common/hardware_pio/pio.c.o
                0x10006ff8                pio_add_program
 .text.pio_sm_set_pindirs_with_mask
                0x100070ec       0x6c CMakeFiles/pds200Pico2.dir/home/pdsilva/.pico-sdk/sdk/2.2.0/src/rp2_common/hardware_pio/pio.c.o
                0x100070ec                pio_sm_set_pindirs_with_mask
 .text.pio_sm_set_pindirs_with_mask64
                0x10007158       0x68 CMakeFiles/pds200Pico2.dir/home/pdsilva/.pico-sdk/sdk/2.2.0/src/rp2_common/hardware_pio/pio.c.o
                0x10007158                pio_sm_set_pindirs_with_mask64
 .text.pio_sm_set_consecutive_pindirs
                0x100071c0       0x8c CMakeFiles/pds200Pico2.dir/home/pdsilva/.pico-sdk/sdk/2.2.0/src/rp2_common/hardware_pio/pio.c.o
                0x100071c0                pio_sm_set_consecutive_pindirs
 .text.pio_sm_init
                0x1000724c       0xa8 CMakeFiles/pds200Pico2.dir/home/pdsilva/.pico-sdk/sdk/2.2.0/src/rp2_common/hardware_pio/pio.c.o
                0x1000724c                pio_sm_init
 .text.pio_claim_free_sm_and_add_program_for_gpio_range
                0x100072f4      0x170 CMakeFiles/pds200Pico2.dir/home/pdsilva/.pico-sdk/sdk/2.2.0/src/rp2_common/hardware_pio/pio.c.o
                0x100072f4                pio_claim_free_sm_and_add_program_for_gpio_range
 .text.pio_remove_program_and_unclaim_sm
                0x10007464       0x4c CMakeFiles/pds200Pico2.dir/home/pdsilva/.pico-sdk/sdk/2.2.0/src/rp2_common/hardware_pio/pio.c.o
                0x10007464                pio_remove_program_and_unclaim_sm
 .text.dma_channel_unclaim
                0x100074b0        0xc CMakeFiles/pds200Pico2.dir/home/pdsilva/.pico-sdk/sdk/2.2.0/src/rp2_common/hardware_dma/dma.c.o
                0x100074b0                dma_channel_unclaim
 .text.dma_claim_unused_channel
                0x100074bc       0x20 CMakeFiles/pds200Pico2.dir/home/pdsilva/.pico-sdk/sdk/2.2.0/src/rp2_common/hardware_dma/dma.c.o
                0x100074bc                dma_claim_unused_channel
 .text.dma_channel_cleanup
                0x100074dc       0x50 CMakeFiles/pds200Pico2.dir/home/pdsilva/.pico-sdk/sdk/2.2.0/src/rp2_common/hardware_dma/dma.c.o
                0x100074dc                dma_channel_cleanup
 .text.core1_trampoline
                0x1000752c        0x4 CMakeFiles/pds200Pico2.dir/home/pdsilva/.pico-sdk/sdk/2.2.0/src/rp2_common/pico_multicore/multicore.c.o
 .text.core1_wrapper
                0x10007530       0x10 CMakeFiles/pds200Pico2.dir/home/pdsilva/.pico-sdk/sdk/2.2.0/src/rp2_common/pico_multicore/multicore.c.o
                0x10007530                core1_wrapper
 .text.multicore_launch_core1_raw
                0x10007540       0x84 CMakeFiles/pds200Pico2.dir/home/pdsilva/.pico-sdk/sdk/2.2.0/src/rp2_common/pico_multicore/multicore.c.o
                0x10007540                multicore_launch_core1_raw
 .text.multicore_launch_core1
                0x100075c4       0x48 CMakeFiles/pds200Pico2.dir/home/pdsilva/.pico-sdk/sdk/2.2.0/src/rp2_common/pico_multicore/multicore.c.o
                0x100075c4                multicore_launch_core1
 .text.lwip_timeout_reached
                0x1000760c        0x4 CMakeFiles/pds200Pico2.dir/home/pdsilva/.pico-sdk/sdk/2.2.0/src/rp2_common/pico_lwip/lwip_nosys.c.o
 .text.update_next_timeout
                0x10007610       0x5c CMakeFiles/pds200Pico2.dir/home/pdsilva/.pico-sdk/sdk/2.2.0/src/rp2_common/pico_lwip/lwip_nosys.c.o
 .text.lwip_nosys_init
                0x1000766c       0x30 CMakeFiles/pds200Pico2.dir/home/pdsilva/.pico-sdk/sdk/2.2.0/src/rp2_common/pico_lwip/lwip_nosys.c.o
                0x1000766c                lwip_nosys_init
 .text.lwip_nosys_deinit
                0x1000769c       0x24 CMakeFiles/pds200Pico2.dir/home/pdsilva/.pico-sdk/sdk/2.2.0/src/rp2_common/pico_lwip/lwip_nosys.c.o
                0x1000769c                lwip_nosys_deinit
 .text.sys_arch_protect
                0x100076c0        0x4 CMakeFiles/pds200Pico2.dir/home/pdsilva/.pico-sdk/sdk/2.2.0/src/rp2_common/pico_lwip/lwip_nosys.c.o
                0x100076c0                sys_arch_protect
 .text.sys_arch_unprotect
                0x100076c4        0x4 CMakeFiles/pds200Pico2.dir/home/pdsilva/.pico-sdk/sdk/2.2.0/src/rp2_common/pico_lwip/lwip_nosys.c.o
                0x100076c4                sys_arch_unprotect
 .text.sys_now  0x100076c8       0x24 CMakeFiles/pds200Pico2.dir/home/pdsilva/.pico-sdk/sdk/2.2.0/src/rp2_common/pico_lwip/lwip_nosys.c.o
                0x100076c8                sys_now
 .text.async_context_base_add_at_time_worker
                0x100076ec       0x24 CMakeFiles/pds200Pico2.dir/home/pdsilva/.pico-sdk/sdk/2.2.0/src/rp2_common/pico_async_context/async_context_base.c.o
                0x100076ec                async_context_base_add_at_time_worker
 .text.async_context_base_remove_at_time_worker
                0x10007710       0x20 CMakeFiles/pds200Pico2.dir/home/pdsilva/.pico-sdk/sdk/2.2.0/src/rp2_common/pico_async_context/async_context_base.c.o
                0x10007710                async_context_base_remove_at_time_worker
 .text.async_context_base_add_when_pending_worker
                0x10007730       0x20 CMakeFiles/pds200Pico2.dir/home/pdsilva/.pico-sdk/sdk/2.2.0/src/rp2_common/pico_async_context/async_context_base.c.o
                0x10007730                async_context_base_add_when_pending_worker
 .text.async_context_base_remove_when_pending_worker
                0x10007750       0x20 CMakeFiles/pds200Pico2.dir/home/pdsilva/.pico-sdk/sdk/2.2.0/src/rp2_common/pico_async_context/async_context_base.c.o
                0x10007750                async_context_base_remove_when_pending_worker
 .text.async_context_base_execute_once
                0x10007770       0xd8 CMakeFiles/pds200Pico2.dir/home/pdsilva/.pico-sdk/sdk/2.2.0/src/rp2_common/pico_async_context/async_context_base.c.o
                0x10007770                async_context_base_execute_once
 .text.async_context_base_needs_servicing
                0x10007848       0x3c CMakeFiles/pds200Pico2.dir/home/pdsilva/.pico-sdk/sdk/2.2.0/src/rp2_common/pico_async_context/async_context_base.c.o
                0x10007848                async_context_base_needs_servicing
 .text.splitmix64
                0x10007884       0x70 CMakeFiles/pds200Pico2.dir/home/pdsilva/.pico-sdk/sdk/2.2.0/src/rp2_common/pico_rand/rand.c.o
 .text.capture_additional_trng_samples
                0x100078f4       0xa0 CMakeFiles/pds200Pico2.dir/home/pdsilva/.pico-sdk/sdk/2.2.0/src/rp2_common/pico_rand/rand.c.o
 .text.xoroshiro128ss
                0x10007994       0x8c CMakeFiles/pds200Pico2.dir/home/pdsilva/.pico-sdk/sdk/2.2.0/src/rp2_common/pico_rand/rand.c.o
 .text.get_rand_64
                0x10007a20      0x188 CMakeFiles/pds200Pico2.dir/home/pdsilva/.pico-sdk/sdk/2.2.0/src/rp2_common/pico_rand/rand.c.o
                0x10007a20                get_rand_64
 .text.get_rand_32
                0x10007ba8        0x8 CMakeFiles/pds200Pico2.dir/home/pdsilva/.pico-sdk/sdk/2.2.0/src/rp2_common/pico_rand/rand.c.o
                0x10007ba8                get_rand_32
 .text.lwip_init
                0x10007bb0       0x28 CMakeFiles/pds200Pico2.dir/home/pdsilva/.pico-sdk/sdk/2.2.0/lib/lwip/src/core/init.c.o
                0x10007bb0                lwip_init
 .text.lwip_htons
                0x10007bd8        0x8 CMakeFiles/pds200Pico2.dir/home/pdsilva/.pico-sdk/sdk/2.2.0/lib/lwip/src/core/def.c.o
                0x10007bd8                lwip_htons
 .text.lwip_htonl
                0x10007be0        0x4 CMakeFiles/pds200Pico2.dir/home/pdsilva/.pico-sdk/sdk/2.2.0/lib/lwip/src/core/def.c.o
                0x10007be0                lwip_htonl
 .text.dns_call_found
                0x10007be4      0x15c CMakeFiles/pds200Pico2.dir/home/pdsilva/.pico-sdk/sdk/2.2.0/lib/lwip/src/core/dns.c.o
 .text.dns_send.isra.0
                0x10007d40      0x168 CMakeFiles/pds200Pico2.dir/home/pdsilva/.pico-sdk/sdk/2.2.0/lib/lwip/src/core/dns.c.o
 .text.dns_init
                0x10007ea8        0x4 CMakeFiles/pds200Pico2.dir/home/pdsilva/.pico-sdk/sdk/2.2.0/lib/lwip/src/core/dns.c.o
                0x10007ea8                dns_init
 .text.dns_setserver
                0x10007eac       0x28 CMakeFiles/pds200Pico2.dir/home/pdsilva/.pico-sdk/sdk/2.2.0/lib/lwip/src/core/dns.c.o
                0x10007eac                dns_setserver
 .text.dns_tmr  0x10007ed4      0x134 CMakeFiles/pds200Pico2.dir/home/pdsilva/.pico-sdk/sdk/2.2.0/lib/lwip/src/core/dns.c.o
                0x10007ed4                dns_tmr
 .text.lwip_standard_chksum
                0x10008008       0x74 CMakeFiles/pds200Pico2.dir/home/pdsilva/.pico-sdk/sdk/2.2.0/lib/lwip/src/core/inet_chksum.c.o
                0x10008008                lwip_standard_chksum
 .text.inet_chksum_pseudo
                0x1000807c       0x88 CMakeFiles/pds200Pico2.dir/home/pdsilva/.pico-sdk/sdk/2.2.0/lib/lwip/src/core/inet_chksum.c.o
                0x1000807c                inet_chksum_pseudo
 .text.ip_chksum_pseudo
                0x10008104        0x4 CMakeFiles/pds200Pico2.dir/home/pdsilva/.pico-sdk/sdk/2.2.0/lib/lwip/src/core/inet_chksum.c.o
                0x10008104                ip_chksum_pseudo
 .text.inet_chksum
                0x10008108       0x88 CMakeFiles/pds200Pico2.dir/home/pdsilva/.pico-sdk/sdk/2.2.0/lib/lwip/src/core/inet_chksum.c.o
                0x10008108                inet_chksum
 .text.inet_chksum_pbuf
                0x10008190       0x48 CMakeFiles/pds200Pico2.dir/home/pdsilva/.pico-sdk/sdk/2.2.0/lib/lwip/src/core/inet_chksum.c.o
                0x10008190                inet_chksum_pbuf
 .text.mem_init
                0x100081d8       0x58 CMakeFiles/pds200Pico2.dir/home/pdsilva/.pico-sdk/sdk/2.2.0/lib/lwip/src/core/mem.c.o
                0x100081d8                mem_init
 .text.mem_free
                0x10008230      0x134 CMakeFiles/pds200Pico2.dir/home/pdsilva/.pico-sdk/sdk/2.2.0/lib/lwip/src/core/mem.c.o
                0x10008230                mem_free
 .text.mem_trim
                0x10008364      0x140 CMakeFiles/pds200Pico2.dir/home/pdsilva/.pico-sdk/sdk/2.2.0/lib/lwip/src/core/mem.c.o
                0x10008364                mem_trim
 .text.mem_malloc
                0x100084a4      0x160 CMakeFiles/pds200Pico2.dir/home/pdsilva/.pico-sdk/sdk/2.2.0/lib/lwip/src/core/mem.c.o
                0x100084a4                mem_malloc
 .text.memp_init
                0x10008604       0x74 CMakeFiles/pds200Pico2.dir/home/pdsilva/.pico-sdk/sdk/2.2.0/lib/lwip/src/core/memp.c.o
                0x10008604                memp_init
 .text.memp_malloc
                0x10008678       0x5c CMakeFiles/pds200Pico2.dir/home/pdsilva/.pico-sdk/sdk/2.2.0/lib/lwip/src/core/memp.c.o
                0x10008678                memp_malloc
 .text.memp_free
                0x100086d4       0x44 CMakeFiles/pds200Pico2.dir/home/pdsilva/.pico-sdk/sdk/2.2.0/lib/lwip/src/core/memp.c.o
                0x100086d4                memp_free
 .text.netif_null_output_ip4
                0x10008718        0x8 CMakeFiles/pds200Pico2.dir/home/pdsilva/.pico-sdk/sdk/2.2.0/lib/lwip/src/core/netif.c.o
 .text.netif_init
                0x10008720        0x4 CMakeFiles/pds200Pico2.dir/home/pdsilva/.pico-sdk/sdk/2.2.0/lib/lwip/src/core/netif.c.o
                0x10008720                netif_init
 .text.netif_add
                0x10008724      0x160 CMakeFiles/pds200Pico2.dir/home/pdsilva/.pico-sdk/sdk/2.2.0/lib/lwip/src/core/netif.c.o
                0x10008724                netif_add
 .text.netif_set_addr
                0x10008884       0xc0 CMakeFiles/pds200Pico2.dir/home/pdsilva/.pico-sdk/sdk/2.2.0/lib/lwip/src/core/netif.c.o
                0x10008884                netif_set_addr
 .text.netif_remove
                0x10008944       0x90 CMakeFiles/pds200Pico2.dir/home/pdsilva/.pico-sdk/sdk/2.2.0/lib/lwip/src/core/netif.c.o
                0x10008944                netif_remove
 .text.netif_set_default
                0x100089d4        0xc CMakeFiles/pds200Pico2.dir/home/pdsilva/.pico-sdk/sdk/2.2.0/lib/lwip/src/core/netif.c.o
                0x100089d4                netif_set_default
 .text.netif_set_up
                0x100089e0       0x1c CMakeFiles/pds200Pico2.dir/home/pdsilva/.pico-sdk/sdk/2.2.0/lib/lwip/src/core/netif.c.o
                0x100089e0                netif_set_up
 .text.netif_set_link_up
                0x100089fc       0x2c CMakeFiles/pds200Pico2.dir/home/pdsilva/.pico-sdk/sdk/2.2.0/lib/lwip/src/core/netif.c.o
                0x100089fc                netif_set_link_up
 .text.netif_set_link_down
                0x10008a28       0x2c CMakeFiles/pds200Pico2.dir/home/pdsilva/.pico-sdk/sdk/2.2.0/lib/lwip/src/core/netif.c.o
                0x10008a28                netif_set_link_down
 .text.netif_get_by_index
                0x10008a54       0x24 CMakeFiles/pds200Pico2.dir/home/pdsilva/.pico-sdk/sdk/2.2.0/lib/lwip/src/core/netif.c.o
                0x10008a54                netif_get_by_index
 .text.pbuf_free.part.0
                0x10008a78       0x90 CMakeFiles/pds200Pico2.dir/home/pdsilva/.pico-sdk/sdk/2.2.0/lib/lwip/src/core/pbuf.c.o
 .text.pbuf_free_ooseq
                0x10008b08       0x34 CMakeFiles/pds200Pico2.dir/home/pdsilva/.pico-sdk/sdk/2.2.0/lib/lwip/src/core/pbuf.c.o
                0x10008b08                pbuf_free_ooseq
 .text.pbuf_alloc
                0x10008b3c      0x124 CMakeFiles/pds200Pico2.dir/home/pdsilva/.pico-sdk/sdk/2.2.0/lib/lwip/src/core/pbuf.c.o
                0x10008b3c                pbuf_alloc
 .text.pbuf_alloced_custom
                0x10008c60       0x40 CMakeFiles/pds200Pico2.dir/home/pdsilva/.pico-sdk/sdk/2.2.0/lib/lwip/src/core/pbuf.c.o
                0x10008c60                pbuf_alloced_custom
 .text.pbuf_realloc
                0x10008ca0       0x8c CMakeFiles/pds200Pico2.dir/home/pdsilva/.pico-sdk/sdk/2.2.0/lib/lwip/src/core/pbuf.c.o
                0x10008ca0                pbuf_realloc
 .text.pbuf_add_header
                0x10008d2c       0x4c CMakeFiles/pds200Pico2.dir/home/pdsilva/.pico-sdk/sdk/2.2.0/lib/lwip/src/core/pbuf.c.o
                0x10008d2c                pbuf_add_header
 .text.pbuf_remove_header
                0x10008d78       0x38 CMakeFiles/pds200Pico2.dir/home/pdsilva/.pico-sdk/sdk/2.2.0/lib/lwip/src/core/pbuf.c.o
                0x10008d78                pbuf_remove_header
 .text.pbuf_header_force
                0x10008db0       0x68 CMakeFiles/pds200Pico2.dir/home/pdsilva/.pico-sdk/sdk/2.2.0/lib/lwip/src/core/pbuf.c.o
                0x10008db0                pbuf_header_force
 .text.pbuf_free
                0x10008e18       0x14 CMakeFiles/pds200Pico2.dir/home/pdsilva/.pico-sdk/sdk/2.2.0/lib/lwip/src/core/pbuf.c.o
                0x10008e18                pbuf_free
 .text.pbuf_clen
                0x10008e2c       0x14 CMakeFiles/pds200Pico2.dir/home/pdsilva/.pico-sdk/sdk/2.2.0/lib/lwip/src/core/pbuf.c.o
                0x10008e2c                pbuf_clen
 .text.pbuf_ref
                0x10008e40       0x28 CMakeFiles/pds200Pico2.dir/home/pdsilva/.pico-sdk/sdk/2.2.0/lib/lwip/src/core/pbuf.c.o
                0x10008e40                pbuf_ref
 .text.pbuf_cat
                0x10008e68       0x50 CMakeFiles/pds200Pico2.dir/home/pdsilva/.pico-sdk/sdk/2.2.0/lib/lwip/src/core/pbuf.c.o
                0x10008e68                pbuf_cat
 .text.pbuf_chain
                0x10008eb8       0x68 CMakeFiles/pds200Pico2.dir/home/pdsilva/.pico-sdk/sdk/2.2.0/lib/lwip/src/core/pbuf.c.o
                0x10008eb8                pbuf_chain
 .text.pbuf_copy_partial_pbuf
                0x10008f20      0x148 CMakeFiles/pds200Pico2.dir/home/pdsilva/.pico-sdk/sdk/2.2.0/lib/lwip/src/core/pbuf.c.o
                0x10008f20                pbuf_copy_partial_pbuf
 .text.pbuf_copy
                0x10009068       0x10 CMakeFiles/pds200Pico2.dir/home/pdsilva/.pico-sdk/sdk/2.2.0/lib/lwip/src/core/pbuf.c.o
                0x10009068                pbuf_copy
 .text.pbuf_copy_partial
                0x10009078       0x7c CMakeFiles/pds200Pico2.dir/home/pdsilva/.pico-sdk/sdk/2.2.0/lib/lwip/src/core/pbuf.c.o
                0x10009078                pbuf_copy_partial
 .text.pbuf_take
                0x100090f4       0x6c CMakeFiles/pds200Pico2.dir/home/pdsilva/.pico-sdk/sdk/2.2.0/lib/lwip/src/core/pbuf.c.o
                0x100090f4                pbuf_take
 .text.pbuf_take_at
                0x10009160       0xb4 CMakeFiles/pds200Pico2.dir/home/pdsilva/.pico-sdk/sdk/2.2.0/lib/lwip/src/core/pbuf.c.o
                0x10009160                pbuf_take_at
 .text.pbuf_clone
                0x10009214       0x2c CMakeFiles/pds200Pico2.dir/home/pdsilva/.pico-sdk/sdk/2.2.0/lib/lwip/src/core/pbuf.c.o
                0x10009214                pbuf_clone
 .text.pbuf_put_at
                0x10009240       0x1c CMakeFiles/pds200Pico2.dir/home/pdsilva/.pico-sdk/sdk/2.2.0/lib/lwip/src/core/pbuf.c.o
                0x10009240                pbuf_put_at
 .text.raw_input
                0x1000925c      0x124 CMakeFiles/pds200Pico2.dir/home/pdsilva/.pico-sdk/sdk/2.2.0/lib/lwip/src/core/raw.c.o
                0x1000925c                raw_input
 .text.raw_netif_ip_addr_changed
                0x10009380       0x3c CMakeFiles/pds200Pico2.dir/home/pdsilva/.pico-sdk/sdk/2.2.0/lib/lwip/src/core/raw.c.o
                0x10009380                raw_netif_ip_addr_changed
 .text.stats_init
                0x100093bc        0x4 CMakeFiles/pds200Pico2.dir/home/pdsilva/.pico-sdk/sdk/2.2.0/lib/lwip/src/core/stats.c.o
                0x100093bc                stats_init
 .text.tcp_close_shutdown_fin
                0x100093c0       0x4c CMakeFiles/pds200Pico2.dir/home/pdsilva/.pico-sdk/sdk/2.2.0/lib/lwip/src/core/tcp.c.o
 .text.tcp_pcb_purge.part.0
                0x1000940c       0xb0 CMakeFiles/pds200Pico2.dir/home/pdsilva/.pico-sdk/sdk/2.2.0/lib/lwip/src/core/tcp.c.o
 .text.tcp_init
                0x100094bc       0x18 CMakeFiles/pds200Pico2.dir/home/pdsilva/.pico-sdk/sdk/2.2.0/lib/lwip/src/core/tcp.c.o
                0x100094bc                tcp_init
 .text.tcp_free
                0x100094d4       0x20 CMakeFiles/pds200Pico2.dir/home/pdsilva/.pico-sdk/sdk/2.2.0/lib/lwip/src/core/tcp.c.o
                0x100094d4                tcp_free
 .text.tcp_bind
                0x100094f4       0xd0 CMakeFiles/pds200Pico2.dir/home/pdsilva/.pico-sdk/sdk/2.2.0/lib/lwip/src/core/tcp.c.o
                0x100094f4                tcp_bind
 .text.tcp_listen_with_backlog
                0x100095c4       0xa0 CMakeFiles/pds200Pico2.dir/home/pdsilva/.pico-sdk/sdk/2.2.0/lib/lwip/src/core/tcp.c.o
                0x100095c4                tcp_listen_with_backlog
 .text.tcp_update_rcv_ann_wnd
                0x10009664       0x58 CMakeFiles/pds200Pico2.dir/home/pdsilva/.pico-sdk/sdk/2.2.0/lib/lwip/src/core/tcp.c.o
                0x10009664                tcp_update_rcv_ann_wnd
 .text.tcp_recved
                0x100096bc       0x90 CMakeFiles/pds200Pico2.dir/home/pdsilva/.pico-sdk/sdk/2.2.0/lib/lwip/src/core/tcp.c.o
                0x100096bc                tcp_recved
 .text.tcp_slowtmr
                0x1000974c      0x4c4 CMakeFiles/pds200Pico2.dir/home/pdsilva/.pico-sdk/sdk/2.2.0/lib/lwip/src/core/tcp.c.o
                0x1000974c                tcp_slowtmr
 .text.tcp_segs_free
                0x10009c10       0x34 CMakeFiles/pds200Pico2.dir/home/pdsilva/.pico-sdk/sdk/2.2.0/lib/lwip/src/core/tcp.c.o
                0x10009c10                tcp_segs_free
 .text.tcp_seg_free
                0x10009c44       0x1c CMakeFiles/pds200Pico2.dir/home/pdsilva/.pico-sdk/sdk/2.2.0/lib/lwip/src/core/tcp.c.o
                0x10009c44                tcp_seg_free
 .text.tcp_seg_copy
                0x10009c60       0x34 CMakeFiles/pds200Pico2.dir/home/pdsilva/.pico-sdk/sdk/2.2.0/lib/lwip/src/core/tcp.c.o
                0x10009c60                tcp_seg_copy
 .text.tcp_arg  0x10009c94        0x8 CMakeFiles/pds200Pico2.dir/home/pdsilva/.pico-sdk/sdk/2.2.0/lib/lwip/src/core/tcp.c.o
                0x10009c94                tcp_arg
 .text.tcp_recv
                0x10009c9c       0x1c CMakeFiles/pds200Pico2.dir/home/pdsilva/.pico-sdk/sdk/2.2.0/lib/lwip/src/core/tcp.c.o
                0x10009c9c                tcp_recv
 .text.tcp_accept
                0x10009cb8        0xc CMakeFiles/pds200Pico2.dir/home/pdsilva/.pico-sdk/sdk/2.2.0/lib/lwip/src/core/tcp.c.o
                0x10009cb8                tcp_accept
 .text.tcp_pcb_purge
                0x10009cc4       0x14 CMakeFiles/pds200Pico2.dir/home/pdsilva/.pico-sdk/sdk/2.2.0/lib/lwip/src/core/tcp.c.o
                0x10009cc4                tcp_pcb_purge
 .text.tcp_pcb_remove
                0x10009cd8       0xd4 CMakeFiles/pds200Pico2.dir/home/pdsilva/.pico-sdk/sdk/2.2.0/lib/lwip/src/core/tcp.c.o
                0x10009cd8                tcp_pcb_remove
 .text.tcp_abandon
                0x10009dac      0x188 CMakeFiles/pds200Pico2.dir/home/pdsilva/.pico-sdk/sdk/2.2.0/lib/lwip/src/core/tcp.c.o
                0x10009dac                tcp_abandon
 .text.tcp_abort
                0x10009f34        0x8 CMakeFiles/pds200Pico2.dir/home/pdsilva/.pico-sdk/sdk/2.2.0/lib/lwip/src/core/tcp.c.o
                0x10009f34                tcp_abort
 .text.tcp_accept_null
                0x10009f3c       0x1c CMakeFiles/pds200Pico2.dir/home/pdsilva/.pico-sdk/sdk/2.2.0/lib/lwip/src/core/tcp.c.o
 .text.tcp_alloc
                0x10009f58      0x1cc CMakeFiles/pds200Pico2.dir/home/pdsilva/.pico-sdk/sdk/2.2.0/lib/lwip/src/core/tcp.c.o
                0x10009f58                tcp_alloc
 .text.tcp_new  0x1000a124        0x8 CMakeFiles/pds200Pico2.dir/home/pdsilva/.pico-sdk/sdk/2.2.0/lib/lwip/src/core/tcp.c.o
                0x1000a124                tcp_new
 .text.tcp_close_shutdown
                0x1000a12c      0x184 CMakeFiles/pds200Pico2.dir/home/pdsilva/.pico-sdk/sdk/2.2.0/lib/lwip/src/core/tcp.c.o
 .text.tcp_recv_null
                0x1000a2b0       0xc0 CMakeFiles/pds200Pico2.dir/home/pdsilva/.pico-sdk/sdk/2.2.0/lib/lwip/src/core/tcp.c.o
                0x1000a2b0                tcp_recv_null
 .text.tcp_process_refused_data
                0x1000a370       0x70 CMakeFiles/pds200Pico2.dir/home/pdsilva/.pico-sdk/sdk/2.2.0/lib/lwip/src/core/tcp.c.o
                0x1000a370                tcp_process_refused_data
 .text.tcp_fasttmr
                0x1000a3e0       0x84 CMakeFiles/pds200Pico2.dir/home/pdsilva/.pico-sdk/sdk/2.2.0/lib/lwip/src/core/tcp.c.o
                0x1000a3e0                tcp_fasttmr
 .text.tcp_tmr  0x1000a464       0x24 CMakeFiles/pds200Pico2.dir/home/pdsilva/.pico-sdk/sdk/2.2.0/lib/lwip/src/core/tcp.c.o
                0x1000a464                tcp_tmr
 .text.tcp_close
                0x1000a488      0x178 CMakeFiles/pds200Pico2.dir/home/pdsilva/.pico-sdk/sdk/2.2.0/lib/lwip/src/core/tcp.c.o
                0x1000a488                tcp_close
 .text.tcp_next_iss
                0x1000a600       0x24 CMakeFiles/pds200Pico2.dir/home/pdsilva/.pico-sdk/sdk/2.2.0/lib/lwip/src/core/tcp.c.o
                0x1000a600                tcp_next_iss
 .text.tcp_eff_send_mss_netif
                0x1000a624       0x28 CMakeFiles/pds200Pico2.dir/home/pdsilva/.pico-sdk/sdk/2.2.0/lib/lwip/src/core/tcp.c.o
                0x1000a624                tcp_eff_send_mss_netif
 .text.tcp_netif_ip_addr_changed
                0x1000a64c       0x94 CMakeFiles/pds200Pico2.dir/home/pdsilva/.pico-sdk/sdk/2.2.0/lib/lwip/src/core/tcp.c.o
                0x1000a64c                tcp_netif_ip_addr_changed
 .text.tcp_free_ooseq
                0x1000a6e0       0x38 CMakeFiles/pds200Pico2.dir/home/pdsilva/.pico-sdk/sdk/2.2.0/lib/lwip/src/core/tcp.c.o
                0x1000a6e0                tcp_free_ooseq
 .text.tcp_parseopt
                0x1000a718      0x1a8 CMakeFiles/pds200Pico2.dir/home/pdsilva/.pico-sdk/sdk/2.2.0/lib/lwip/src/core/tcp_in.c.o
 .text.tcp_oos_insert_segment
                0x1000a8c0       0x88 CMakeFiles/pds200Pico2.dir/home/pdsilva/.pico-sdk/sdk/2.2.0/lib/lwip/src/core/tcp_in.c.o
 .text.tcp_free_acked_segments.isra.0
                0x1000a948       0xb0 CMakeFiles/pds200Pico2.dir/home/pdsilva/.pico-sdk/sdk/2.2.0/lib/lwip/src/core/tcp_in.c.o
 .text.tcp_receive
                0x1000a9f8      0x8b0 CMakeFiles/pds200Pico2.dir/home/pdsilva/.pico-sdk/sdk/2.2.0/lib/lwip/src/core/tcp_in.c.o
 .text.tcp_input
                0x1000b2a8      0xce4 CMakeFiles/pds200Pico2.dir/home/pdsilva/.pico-sdk/sdk/2.2.0/lib/lwip/src/core/tcp_in.c.o
                0x1000b2a8                tcp_input
 .text.tcp_trigger_input_pcb_close
                0x1000bf8c       0x10 CMakeFiles/pds200Pico2.dir/home/pdsilva/.pico-sdk/sdk/2.2.0/lib/lwip/src/core/tcp_in.c.o
                0x1000bf8c                tcp_trigger_input_pcb_close
 .text.tcp_create_segment
                0x1000bf9c       0xc4 CMakeFiles/pds200Pico2.dir/home/pdsilva/.pico-sdk/sdk/2.2.0/lib/lwip/src/core/tcp_out.c.o
 .text.tcp_output_control_segment
                0x1000c060       0xa8 CMakeFiles/pds200Pico2.dir/home/pdsilva/.pico-sdk/sdk/2.2.0/lib/lwip/src/core/tcp_out.c.o
 .text.tcp_write
                0x1000c108      0x838 CMakeFiles/pds200Pico2.dir/home/pdsilva/.pico-sdk/sdk/2.2.0/lib/lwip/src/core/tcp_out.c.o
                0x1000c108                tcp_write
 .text.tcp_split_unsent_seg
                0x1000c940      0x180 CMakeFiles/pds200Pico2.dir/home/pdsilva/.pico-sdk/sdk/2.2.0/lib/lwip/src/core/tcp_out.c.o
                0x1000c940                tcp_split_unsent_seg
 .text.tcp_send_fin
                0x1000cac0      0x100 CMakeFiles/pds200Pico2.dir/home/pdsilva/.pico-sdk/sdk/2.2.0/lib/lwip/src/core/tcp_out.c.o
                0x1000cac0                tcp_send_fin
 .text.tcp_enqueue_flags
                0x1000cbc0      0x110 CMakeFiles/pds200Pico2.dir/home/pdsilva/.pico-sdk/sdk/2.2.0/lib/lwip/src/core/tcp_out.c.o
                0x1000cbc0                tcp_enqueue_flags
 .text.tcp_rexmit_rto_prepare
                0x1000ccd0       0x74 CMakeFiles/pds200Pico2.dir/home/pdsilva/.pico-sdk/sdk/2.2.0/lib/lwip/src/core/tcp_out.c.o
                0x1000ccd0                tcp_rexmit_rto_prepare
 .text.tcp_rexmit
                0x1000cd44       0x78 CMakeFiles/pds200Pico2.dir/home/pdsilva/.pico-sdk/sdk/2.2.0/lib/lwip/src/core/tcp_out.c.o
                0x1000cd44                tcp_rexmit
 .text.tcp_rexmit_fast
                0x1000cdbc       0x64 CMakeFiles/pds200Pico2.dir/home/pdsilva/.pico-sdk/sdk/2.2.0/lib/lwip/src/core/tcp_out.c.o
                0x1000cdbc                tcp_rexmit_fast
 .text.tcp_rst  0x1000ce20       0xb4 CMakeFiles/pds200Pico2.dir/home/pdsilva/.pico-sdk/sdk/2.2.0/lib/lwip/src/core/tcp_out.c.o
                0x1000ce20                tcp_rst
 .text.tcp_rst_netif
                0x1000ced4       0xfc CMakeFiles/pds200Pico2.dir/home/pdsilva/.pico-sdk/sdk/2.2.0/lib/lwip/src/core/tcp_out.c.o
                0x1000ced4                tcp_rst_netif
 .text.tcp_send_empty_ack
                0x1000cfd0       0xc4 CMakeFiles/pds200Pico2.dir/home/pdsilva/.pico-sdk/sdk/2.2.0/lib/lwip/src/core/tcp_out.c.o
                0x1000cfd0                tcp_send_empty_ack
 .text.tcp_output
                0x1000d094      0x398 CMakeFiles/pds200Pico2.dir/home/pdsilva/.pico-sdk/sdk/2.2.0/lib/lwip/src/core/tcp_out.c.o
                0x1000d094                tcp_output
 .text.tcp_rexmit_rto_commit
                0x1000d42c       0x24 CMakeFiles/pds200Pico2.dir/home/pdsilva/.pico-sdk/sdk/2.2.0/lib/lwip/src/core/tcp_out.c.o
                0x1000d42c                tcp_rexmit_rto_commit
 .text.tcp_rexmit_rto
                0x1000d450       0x84 CMakeFiles/pds200Pico2.dir/home/pdsilva/.pico-sdk/sdk/2.2.0/lib/lwip/src/core/tcp_out.c.o
                0x1000d450                tcp_rexmit_rto
 .text.tcp_keepalive
                0x1000d4d4       0xa8 CMakeFiles/pds200Pico2.dir/home/pdsilva/.pico-sdk/sdk/2.2.0/lib/lwip/src/core/tcp_out.c.o
                0x1000d4d4                tcp_keepalive
 .text.tcp_zero_window_probe
                0x1000d57c      0x148 CMakeFiles/pds200Pico2.dir/home/pdsilva/.pico-sdk/sdk/2.2.0/lib/lwip/src/core/tcp_out.c.o
                0x1000d57c                tcp_zero_window_probe
 .text.tcpip_tcp_timer
                0x1000d6c4       0x70 CMakeFiles/pds200Pico2.dir/home/pdsilva/.pico-sdk/sdk/2.2.0/lib/lwip/src/core/timeouts.c.o
 .text.lwip_cyclic_timer
                0x1000d734       0x90 CMakeFiles/pds200Pico2.dir/home/pdsilva/.pico-sdk/sdk/2.2.0/lib/lwip/src/core/timeouts.c.o
 .text.tcp_timer_needed
                0x1000d7c4       0x74 CMakeFiles/pds200Pico2.dir/home/pdsilva/.pico-sdk/sdk/2.2.0/lib/lwip/src/core/timeouts.c.o
                0x1000d7c4                tcp_timer_needed
 .text.sys_timeouts_init
                0x1000d838       0x90 CMakeFiles/pds200Pico2.dir/home/pdsilva/.pico-sdk/sdk/2.2.0/lib/lwip/src/core/timeouts.c.o
                0x1000d838                sys_timeouts_init
 .text.sys_check_timeouts
                0x1000d8c8       0x5c CMakeFiles/pds200Pico2.dir/home/pdsilva/.pico-sdk/sdk/2.2.0/lib/lwip/src/core/timeouts.c.o
                0x1000d8c8                sys_check_timeouts
 .text.sys_timeouts_sleeptime
                0x1000d924       0x24 CMakeFiles/pds200Pico2.dir/home/pdsilva/.pico-sdk/sdk/2.2.0/lib/lwip/src/core/timeouts.c.o
                0x1000d924                sys_timeouts_sleeptime
 .text.udp_init
                0x1000d948       0x18 CMakeFiles/pds200Pico2.dir/home/pdsilva/.pico-sdk/sdk/2.2.0/lib/lwip/src/core/udp.c.o
                0x1000d948                udp_init
 .text.udp_input
                0x1000d960      0x2ec CMakeFiles/pds200Pico2.dir/home/pdsilva/.pico-sdk/sdk/2.2.0/lib/lwip/src/core/udp.c.o
                0x1000d960                udp_input
 .text.udp_bind
                0x1000dc4c       0xf4 CMakeFiles/pds200Pico2.dir/home/pdsilva/.pico-sdk/sdk/2.2.0/lib/lwip/src/core/udp.c.o
                0x1000dc4c                udp_bind
 .text.udp_sendto_if_src
                0x1000dd40      0x118 CMakeFiles/pds200Pico2.dir/home/pdsilva/.pico-sdk/sdk/2.2.0/lib/lwip/src/core/udp.c.o
                0x1000dd40                udp_sendto_if_src
 .text.udp_sendto_if
                0x1000de58       0x40 CMakeFiles/pds200Pico2.dir/home/pdsilva/.pico-sdk/sdk/2.2.0/lib/lwip/src/core/udp.c.o
                0x1000de58                udp_sendto_if
 .text.udp_sendto
                0x1000de98       0x7c CMakeFiles/pds200Pico2.dir/home/pdsilva/.pico-sdk/sdk/2.2.0/lib/lwip/src/core/udp.c.o
                0x1000de98                udp_sendto
 .text.udp_connect
                0x1000df14       0x58 CMakeFiles/pds200Pico2.dir/home/pdsilva/.pico-sdk/sdk/2.2.0/lib/lwip/src/core/udp.c.o
                0x1000df14                udp_connect
 .text.udp_recv
                0x1000df6c        0x8 CMakeFiles/pds200Pico2.dir/home/pdsilva/.pico-sdk/sdk/2.2.0/lib/lwip/src/core/udp.c.o
                0x1000df6c                udp_recv
 .text.udp_remove
                0x1000df74       0x34 CMakeFiles/pds200Pico2.dir/home/pdsilva/.pico-sdk/sdk/2.2.0/lib/lwip/src/core/udp.c.o
                0x1000df74                udp_remove
 .text.udp_new  0x1000dfa8       0x1c CMakeFiles/pds200Pico2.dir/home/pdsilva/.pico-sdk/sdk/2.2.0/lib/lwip/src/core/udp.c.o
                0x1000dfa8                udp_new
 .text.udp_netif_ip_addr_changed
                0x1000dfc4       0x3c CMakeFiles/pds200Pico2.dir/home/pdsilva/.pico-sdk/sdk/2.2.0/lib/lwip/src/core/udp.c.o
                0x1000dfc4                udp_netif_ip_addr_changed
 .text.dhcp_create_msg
                0x1000e000      0x10c CMakeFiles/pds200Pico2.dir/home/pdsilva/.pico-sdk/sdk/2.2.0/lib/lwip/src/core/ipv4/dhcp.c.o
 .text.dhcp_bind
                0x1000e10c      0x140 CMakeFiles/pds200Pico2.dir/home/pdsilva/.pico-sdk/sdk/2.2.0/lib/lwip/src/core/ipv4/dhcp.c.o
 .text.dhcp_inc_pcb_refcount
                0x1000e24c       0x64 CMakeFiles/pds200Pico2.dir/home/pdsilva/.pico-sdk/sdk/2.2.0/lib/lwip/src/core/ipv4/dhcp.c.o
 .text.dhcp_option_hostname.isra.0
                0x1000e2b0       0x7c CMakeFiles/pds200Pico2.dir/home/pdsilva/.pico-sdk/sdk/2.2.0/lib/lwip/src/core/ipv4/dhcp.c.o
 .text.dhcp_handle_ack.isra.0
                0x1000e32c       0xbc CMakeFiles/pds200Pico2.dir/home/pdsilva/.pico-sdk/sdk/2.2.0/lib/lwip/src/core/ipv4/dhcp.c.o
 .text.dhcp_discover.isra.0
                0x1000e3e8      0x140 CMakeFiles/pds200Pico2.dir/home/pdsilva/.pico-sdk/sdk/2.2.0/lib/lwip/src/core/ipv4/dhcp.c.o
 .text.dhcp_reboot.isra.0
                0x1000e528      0x19c CMakeFiles/pds200Pico2.dir/home/pdsilva/.pico-sdk/sdk/2.2.0/lib/lwip/src/core/ipv4/dhcp.c.o
 .text.dhcp_select.isra.0
                0x1000e6c4      0x1f8 CMakeFiles/pds200Pico2.dir/home/pdsilva/.pico-sdk/sdk/2.2.0/lib/lwip/src/core/ipv4/dhcp.c.o
 .text.dhcp_recv
                0x1000e8bc      0x5ec CMakeFiles/pds200Pico2.dir/home/pdsilva/.pico-sdk/sdk/2.2.0/lib/lwip/src/core/ipv4/dhcp.c.o
 .text.dhcp_conflict_callback
                0x1000eea8      0x13c CMakeFiles/pds200Pico2.dir/home/pdsilva/.pico-sdk/sdk/2.2.0/lib/lwip/src/core/ipv4/dhcp.c.o
 .text.dhcp_set_struct
                0x1000efe4       0x3c CMakeFiles/pds200Pico2.dir/home/pdsilva/.pico-sdk/sdk/2.2.0/lib/lwip/src/core/ipv4/dhcp.c.o
                0x1000efe4                dhcp_set_struct
 .text.dhcp_start
                0x1000f020       0xb4 CMakeFiles/pds200Pico2.dir/home/pdsilva/.pico-sdk/sdk/2.2.0/lib/lwip/src/core/ipv4/dhcp.c.o
                0x1000f020                dhcp_start
 .text.dhcp_network_changed_link_up
                0x1000f0d4       0x40 CMakeFiles/pds200Pico2.dir/home/pdsilva/.pico-sdk/sdk/2.2.0/lib/lwip/src/core/ipv4/dhcp.c.o
                0x1000f0d4                dhcp_network_changed_link_up
 .text.dhcp_renew
                0x1000f114      0x154 CMakeFiles/pds200Pico2.dir/home/pdsilva/.pico-sdk/sdk/2.2.0/lib/lwip/src/core/ipv4/dhcp.c.o
                0x1000f114                dhcp_renew
 .text.dhcp_release_and_stop
                0x1000f268      0x16c CMakeFiles/pds200Pico2.dir/home/pdsilva/.pico-sdk/sdk/2.2.0/lib/lwip/src/core/ipv4/dhcp.c.o
                0x1000f268                dhcp_release_and_stop
 .text.dhcp_coarse_tmr
                0x1000f3d4      0x1e4 CMakeFiles/pds200Pico2.dir/home/pdsilva/.pico-sdk/sdk/2.2.0/lib/lwip/src/core/ipv4/dhcp.c.o
                0x1000f3d4                dhcp_coarse_tmr
 .text.dhcp_fine_tmr
                0x1000f5b8       0xa0 CMakeFiles/pds200Pico2.dir/home/pdsilva/.pico-sdk/sdk/2.2.0/lib/lwip/src/core/ipv4/dhcp.c.o
                0x1000f5b8                dhcp_fine_tmr
 .text.dhcp_stop
                0x1000f658        0x4 CMakeFiles/pds200Pico2.dir/home/pdsilva/.pico-sdk/sdk/2.2.0/lib/lwip/src/core/ipv4/dhcp.c.o
                0x1000f658                dhcp_stop
 .text.etharp_find_entry
                0x1000f65c      0x3cc CMakeFiles/pds200Pico2.dir/home/pdsilva/.pico-sdk/sdk/2.2.0/lib/lwip/src/core/ipv4/etharp.c.o
 .text.etharp_raw
                0x1000fa28       0xd4 CMakeFiles/pds200Pico2.dir/home/pdsilva/.pico-sdk/sdk/2.2.0/lib/lwip/src/core/ipv4/etharp.c.o
 .text.etharp_output_to_arp_index
                0x1000fafc       0xb8 CMakeFiles/pds200Pico2.dir/home/pdsilva/.pico-sdk/sdk/2.2.0/lib/lwip/src/core/ipv4/etharp.c.o
 .text.etharp_tmr
                0x1000fbb4       0x84 CMakeFiles/pds200Pico2.dir/home/pdsilva/.pico-sdk/sdk/2.2.0/lib/lwip/src/core/ipv4/etharp.c.o
                0x1000fbb4                etharp_tmr
 .text.etharp_cleanup_netif
                0x1000fc38      0x164 CMakeFiles/pds200Pico2.dir/home/pdsilva/.pico-sdk/sdk/2.2.0/lib/lwip/src/core/ipv4/etharp.c.o
                0x1000fc38                etharp_cleanup_netif
 .text.etharp_input
                0x1000fd9c      0x17c CMakeFiles/pds200Pico2.dir/home/pdsilva/.pico-sdk/sdk/2.2.0/lib/lwip/src/core/ipv4/etharp.c.o
                0x1000fd9c                etharp_input
 .text.etharp_query
                0x1000ff18      0x180 CMakeFiles/pds200Pico2.dir/home/pdsilva/.pico-sdk/sdk/2.2.0/lib/lwip/src/core/ipv4/etharp.c.o
                0x1000ff18                etharp_query
 .text.etharp_output
                0x10010098      0x224 CMakeFiles/pds200Pico2.dir/home/pdsilva/.pico-sdk/sdk/2.2.0/lib/lwip/src/core/ipv4/etharp.c.o
                0x10010098                etharp_output