Archive member included to satisfy reference by file (symbol)

/home/pdsilva/.pico-sdk/toolchain/14_2_Rel1/bin/../lib/gcc/arm-none-eabi/14.2.1/../../../../arm-none-eabi/lib/thumb/v8-m.main+fp/softfp/libm.a(libm_a-wf_sqrt.o)
                              CMakeFiles/pds200Pico2.dir/home/pdsilva/.pico-sdk/sdk/2.2.0/src/rp2_common/pico_float/float_math.c.o (sqrtf)
/home/pdsilva/.pico-sdk/toolchain/14_2_Rel1/bin/../lib/gcc/arm-none-eabi/14.2.1/../../../../arm-none-eabi/lib/thumb/v8-m.main+fp/softfp/libm.a(libm_a-ef_sqrt.o)
                              /home/pdsilva/.pico-sdk/toolchain/14_2_Rel1/bin/../lib/gcc/arm-none-eabi/14.2.1/../../../../arm-none-eabi/lib/thumb/v8-m.main+fp/softfp/libm.a(libm_a-wf_sqrt.o) (__ieee754_sqrtf)
/home/pdsilva/.pico-sdk/toolchain/14_2_Rel1/bin/../lib/gcc/arm-none-eabi/14.2.1/thumb/v8-m.main+fp/softfp/libgcc.a(_arm_addsubdf3.o)
                              CMakeFiles/pds200Pico2.dir/home/pdsilva/.pico-sdk/sdk/2.2.0/src/rp2_common/pico_float/float_math.c.o (__aeabi_f2d)
/home/pdsilva/.pico-sdk/toolchain/14_2_Rel1/bin/../lib/gcc/arm-none-eabi/14.2.1/thumb/v8-m.main+fp/softfp/libgcc.a(_aeabi_ldivmod.o)
                              CMakeFiles/pds200Pico2.dir/home/pdsilva/.pico-sdk/sdk/2.2.0/src/common/pico_time/time.c.o (__aeabi_ldivmod)
/home/pdsilva/.pico-sdk/toolchain/14_2_Rel1/bin/../lib/gcc/arm-none-eabi/14.2.1/thumb/v8-m.main+fp/softfp/libgcc.a(_aeabi_uldivmod.o)
                              CMakeFiles/pds200Pico2.dir/home/pdsilva/.pico-sdk/sdk/2.2.0/src/rp2_common/hardware_clocks/clocks.c.o (__aeabi_uldivmod)
/home/pdsilva/.pico-sdk/toolchain/14_2_Rel1/bin/../lib/gcc/arm-none-eabi/14.2.1/thumb/v8-m.main+fp/softfp/libgcc.a(_udivmoddi4.o)
                              /home/pdsilva/.pico-sdk/toolchain/14_2_Rel1/bin/../lib/gcc/arm-none-eabi/14.2.1/thumb/v8-m.main+fp/softfp/libgcc.a(_aeabi_ldivmod.o) (__udivmoddi4)
/home/pdsilva/.pico-sdk/toolchain/14_2_Rel1/bin/../lib/gcc/arm-none-eabi/14.2.1/thumb/v8-m.main+fp/softfp/libgcc.a(_dvmd_tls.o)
                              /home/pdsilva/.pico-sdk/toolchain/14_2_Rel1/bin/../lib/gcc/arm-none-eabi/14.2.1/thumb/v8-m.main+fp/softfp/libgcc.a(_aeabi_ldivmod.o) (__aeabi_ldiv0)
/home/pdsilva/.pico-sdk/toolchain/14_2_Rel1/bin/../lib/gcc/arm-none-eabi/14.2.1/../../../../arm-none-eabi/lib/thumb/v8-m.main+fp/softfp/libg.a(libc_a-atoi.o)
                              CMakeFiles/pds200Pico2.dir/home/pdsilva/.pico-sdk/sdk/2.2.0/lib/lwip/src/core/netif.c.o (atoi)
/home/pdsilva/.pico-sdk/toolchain/14_2_Rel1/bin/../lib/gcc/arm-none-eabi/14.2.1/../../../../arm-none-eabi/lib/thumb/v8-m.main+fp/softfp/libg.a(libc_a-calloc.o)
                              CMakeFiles/pds200Pico2.dir/home/pdsilva/.pico-sdk/sdk/2.2.0/src/rp2_common/pico_malloc/malloc.c.o (calloc)
/home/pdsilva/.pico-sdk/toolchain/14_2_Rel1/bin/../lib/gcc/arm-none-eabi/14.2.1/../../../../arm-none-eabi/lib/thumb/v8-m.main+fp/softfp/libg.a(libc_a-callocr.o)
                              /home/pdsilva/.pico-sdk/toolchain/14_2_Rel1/bin/../lib/gcc/arm-none-eabi/14.2.1/../../../../arm-none-eabi/lib/thumb/v8-m.main+fp/softfp/libg.a(libc_a-calloc.o) (_calloc_r)
/home/pdsilva/.pico-sdk/toolchain/14_2_Rel1/bin/../lib/gcc/arm-none-eabi/14.2.1/../../../../arm-none-eabi/lib/thumb/v8-m.main+fp/softfp/libg.a(libc_a-malloc.o)
                              CMakeFiles/pds200Pico2.dir/home/pdsilva/.pico-sdk/sdk/2.2.0/src/rp2_common/pico_malloc/malloc.c.o (malloc)
/home/pdsilva/.pico-sdk/toolchain/14_2_Rel1/bin/../lib/gcc/arm-none-eabi/14.2.1/../../../../arm-none-eabi/lib/thumb/v8-m.main+fp/softfp/libg.a(libc_a-mallocr.o)
                              /home/pdsilva/.pico-sdk/toolchain/14_2_Rel1/bin/../lib/gcc/arm-none-eabi/14.2.1/../../../../arm-none-eabi/lib/thumb/v8-m.main+fp/softfp/libg.a(libc_a-callocr.o) (_malloc_r)
/home/pdsilva/.pico-sdk/toolchain/14_2_Rel1/bin/../lib/gcc/arm-none-eabi/14.2.1/../../../../arm-none-eabi/lib/thumb/v8-m.main+fp/softfp/libg.a(libc_a-mlock.o)
                              /home/pdsilva/.pico-sdk/toolchain/14_2_Rel1/bin/../lib/gcc/arm-none-eabi/14.2.1/../../../../arm-none-eabi/lib/thumb/v8-m.main+fp/softfp/libg.a(libc_a-mallocr.o) (__malloc_lock)
/home/pdsilva/.pico-sdk/toolchain/14_2_Rel1/bin/../lib/gcc/arm-none-eabi/14.2.1/../../../../arm-none-eabi/lib/thumb/v8-m.main+fp/softfp/libg.a(libc_a-realloc.o)
                              CMakeFiles/pds200Pico2.dir/home/pdsilva/.pico-sdk/sdk/2.2.0/src/rp2_common/pico_malloc/malloc.c.o (realloc)
/home/pdsilva/.pico-sdk/toolchain/14_2_Rel1/bin/../lib/gcc/arm-none-eabi/14.2.1/../../../../arm-none-eabi/lib/thumb/v8-m.main+fp/softfp/libg.a(libc_a-reallocr.o)
                              /home/pdsilva/.pico-sdk/toolchain/14_2_Rel1/bin/../lib/gcc/arm-none-eabi/14.2.1/../../../../arm-none-eabi/lib/thumb/v8-m.main+fp/softfp/libg.a(libc_a-realloc.o) (_realloc_r)
/home/pdsilva/.pico-sdk/toolchain/14_2_Rel1/bin/../lib/gcc/arm-none-eabi/14.2.1/../../../../arm-none-eabi/lib/thumb/v8-m.main+fp/softfp/libg.a(libc_a-strtol.o)
[...]
Memory Configuration

Name             Origin             Length             Attributes
FLASH            0x10000000         0x00400000         xr
RAM              0x20000000         0x00080000         xrw
SCRATCH_X        0x20080000         0x00001000         xrw
SCRATCH_Y        0x20081000         0x00001000         xrw
*default*        0x00000000         0xffffffff

Linker script and memory map

LOAD /home/pdsilva/.pico-sdk/toolchain/14_2_Rel1/bin/../lib/gcc/arm-none-eabi/14.2.1/thumb/v8-m.main+fp/softfp/crti.o
LOAD /home/pdsilva/.pico-sdk/toolchain/14_2_Rel1/bin/../lib/gcc/arm-none-eabi/14.2.1/thumb/v8-m.main+fp/softfp/crtbegin.o
LOAD /home/pdsilva/.pico-sdk/toolchain/14_2_Rel1/bin/../lib/gcc/arm-none-eabi/14.2.1/../../../../arm-none-eabi/lib/thumb/v8-m.main+fp/softfp/crt0.o

.flash_begin    0x10000000        0x0
                0x10000000                        __flash_binary_start = .

.text           0x10000000    0x17140
                0x10000000                        __logical_binary_start = .
 *(.vectors)
 .vectors       0x10000000      0x124 CMakeFiles/pds200Pico2.dir/home/pdsilva/.pico-sdk/sdk/2.2.0/src/rp2_common/pico_crt0/crt0.S.o
                0x10000000                __vectors
                0x10000000                __VECTOR_TABLE
                0x10000110                isr_securefault
                0x10000110                isr_irq30
                0x10000110                __unhandled_user_irq
                0x10000110                isr_irq49
                0x10000110                isr_irq13
                0x10000110                isr_irq43
                0x10000110                isr_irq45
                0x10000110                isr_irq27
                0x10000110                isr_irq32
                0x10000110                isr_irq31
                0x10000110                isr_irq5
                0x10000110                isr_irq11
                0x10000110                isr_irq23
                0x10000110                isr_usagefault
                0x10000110                isr_irq48
                0x10000110                isr_irq35
                0x10000110                isr_irq18
                0x10000110                isr_irq50
                0x10000110                isr_irq40
                0x10000110                isr_irq28
                0x10000110                isr_irq19
                0x10000110                isr_irq36
                0x10000110                isr_irq41
                0x10000110                isr_irq0
                0x10000110                isr_irq6
                0x10000110                isr_memmanage
                0x10000110                isr_irq37
                0x10000110                isr_irq42
                0x10000110                isr_irq22
                0x10000110                isr_irq17
                0x10000110                isr_irq38
                0x10000110                isr_irq14
                0x10000110                __vectors_end
                0x10000110                __default_isrs_start
                0x10000110                isr_irq2
                0x10000110                isr_irq10
                0x10000110                isr_irq8
                0x10000110                isr_debugmonitor
                0x10000110                isr_irq24
                0x10000110                isr_irq46
                0x10000110                isr_irq1
                0x10000110                isr_irq47
                0x10000110                isr_irq51
                0x10000110                isr_irq7
                0x10000110                isr_irq21
                0x10000110                isr_irq39
                0x10000110                isr_irq20
                0x10000110                isr_irq15
                0x10000110                isr_irq25
                0x10000110                isr_irq34
                0x10000110                isr_irq4
                0x10000110                isr_busfault
                0x10000110                isr_irq16
                0x10000110                isr_irq44
                0x10000110                isr_irq29
                0x10000110                isr_irq26
                0x10000110                isr_irq33
                0x10000110                isr_irq3
                0x10000110                isr_irq12
                0x10000110                isr_irq9
                0x10000116                unhandled_user_irq_num_in_r0
                0x10000118                isr_invalid
                0x1000011a                isr_nmi
                0x1000011c                isr_hardfault
                0x1000011e                isr_svcall
                0x10000120                isr_pendsv
                0x10000122                isr_systick
                0x10000124                __default_isrs_end
 *(.binary_info_header)
 .binary_info_header
                0x10000124       0x14 CMakeFiles/pds200Pico2.dir/home/pdsilva/.pico-sdk/sdk/2.2.0/src/rp2_common/pico_crt0/crt0.S.o
                0x10000138                        __binary_info_header_end = .
 *(.embedded_block)
 .embedded_block
                0x10000138       0x14 CMakeFiles/pds200Pico2.dir/home/pdsilva/.pico-sdk/sdk/2.2.0/src/rp2_common/pico_crt0/crt0.S.o
                0x1000014c                        __embedded_block_end = .
 *(.reset)
 .reset         0x1000014c       0x98 CMakeFiles/pds200Pico2.dir/home/pdsilva/.pico-sdk/sdk/2.2.0/src/rp2_common/pico_crt0/crt0.S.o
                0x1000014c                _entry_point
 *(.init)
 .init          0x100001e4        0x4 /home/pdsilva/.pico-sdk/toolchain/14_2_Rel1/bin/../lib/gcc/arm-none-eabi/14.2.1/thumb/v8-m.main+fp/softfp/crti.o
                0x100001e4                _init
 *libgcc.a:cmse_nonsecure_call.o()
 *(EXCLUDE_FILE(*libm.a: *libc.a:*lib_a-mem*.o *libgcc.a:) .text*)
 .text.register_tm_clones
                0x100001e8       0x28 /home/pdsilva/.pico-sdk/toolchain/14_2_Rel1/bin/../lib/gcc/arm-none-eabi/14.2.1/thumb/v8-m.main+fp/softfp/crtbegin.o
 .text.frame_dummy
                0x10000210       0x24 /home/pdsilva/.pico-sdk/toolchain/14_2_Rel1/bin/../lib/gcc/arm-none-eabi/14.2.1/thumb/v8-m.main+fp/softfp/crtbegin.o
 *fill*         0x10000234        0x4 
 .text.orion_bus_program_get_default_config
                0x10000238       0x48 CMakeFiles/pds200Pico2.dir/pds200.c.o
 .text.tcp_server_accept
                0x10000280       0x48 CMakeFiles/pds200Pico2.dir/pds200.c.o
 .text.tcp_server_recv
                0x100002c8      0x194 CMakeFiles/pds200Pico2.dir/pds200.c.o
 .text.start_tcp_server
                0x1000045c       0x70 CMakeFiles/pds200Pico2.dir/pds200.c.o
                0x1000045c                start_tcp_server
 .text.startup.main
                0x100004cc      0x2bc CMakeFiles/pds200Pico2.dir/pds200.c.o
                0x100004cc                main
 .text.core1_entry
                0x10000788       0x10 CMakeFiles/pds200Pico2.dir/pds200_1.c.o
                0x10000788                core1_entry
 .text.ps2_ihandler
                0x10000798      0x118 CMakeFiles/pds200Pico2.dir/ps2_keyboard.c.o
 .text.initPS2  0x100008b0      0x284 CMakeFiles/pds200Pico2.dir/ps2_keyboard.c.o
                0x100008b0                initPS2
 .text.kbd_int_off
                0x10000b34       0x18 CMakeFiles/pds200Pico2.dir/ps2_keyboard.c.o
                0x10000b34                kbd_int_off
 .text.kb_init  0x10000b4c       0x14 CMakeFiles/pds200Pico2.dir/ringbuffer.c.o
                0x10000b4c                kb_init
 .text.gpio_set_function
                0x10000b60       0x3c CMakeFiles/pds200Pico2.dir/home/pdsilva/.pico-sdk/sdk/2.2.0/src/rp2_common/hardware_gpio/gpio.c.o
                0x10000b60                gpio_set_function
 .text.gpio_set_pulls
                0x10000b9c       0x28 CMakeFiles/pds200Pico2.dir/home/pdsilva/.pico-sdk/sdk/2.2.0/src/rp2_common/hardware_gpio/gpio.c.o
                0x10000b9c                gpio_set_pulls
 .text.gpio_set_input_hysteresis_enabled
                0x10000bc4       0x20 CMakeFiles/pds200Pico2.dir/home/pdsilva/.pico-sdk/sdk/2.2.0/src/rp2_common/hardware_gpio/gpio.c.o
                0x10000bc4                gpio_set_input_hysteresis_enabled
 .text.gpio_set_irq_enabled
                0x10000be4       0x48 CMakeFiles/pds200Pico2.dir/home/pdsilva/.pico-sdk/sdk/2.2.0/src/rp2_common/hardware_gpio/gpio.c.o
                0x10000be4                gpio_set_irq_enabled
 .text.gpio_add_raw_irq_handler_with_order_priority_masked
                0x10000c2c       0x44 CMakeFiles/pds200Pico2.dir/home/pdsilva/.pico-sdk/sdk/2.2.0/src/rp2_common/hardware_gpio/gpio.c.o
                0x10000c2c                gpio_add_raw_irq_handler_with_order_priority_masked
 .text.gpio_remove_raw_irq_handler_masked
                0x10000c70       0x24 CMakeFiles/pds200Pico2.dir/home/pdsilva/.pico-sdk/sdk/2.2.0/src/rp2_common/hardware_gpio/gpio.c.o
                0x10000c70                gpio_remove_raw_irq_handler_masked
 .text.gpio_init
                0x10000c94       0x48 CMakeFiles/pds200Pico2.dir/home/pdsilva/.pico-sdk/sdk/2.2.0/src/rp2_common/hardware_gpio/gpio.c.o
                0x10000c94                gpio_init
 .text.panic    0x10000cdc       0x30 CMakeFiles/pds200Pico2.dir/home/pdsilva/.pico-sdk/sdk/2.2.0/src/rp2_common/pico_platform_panic/panic.c.o
                0x10000cdc                panic
 .text.hw_claim_lock
                0x10000d0c       0x24 CMakeFiles/pds200Pico2.dir/home/pdsilva/.pico-sdk/sdk/2.2.0/src/common/hardware_claim/claim.c.o
                0x10000d0c                hw_claim_lock
 .text.hw_claim_unlock
                0x10000d30       0x14 CMakeFiles/pds200Pico2.dir/home/pdsilva/.pico-sdk/sdk/2.2.0/src/common/hardware_claim/claim.c.o
                0x10000d30                hw_claim_unlock
 .text.hw_claim_or_assert
                0x10000d44       0x58 CMakeFiles/pds200Pico2.dir/home/pdsilva/.pico-sdk/sdk/2.2.0/src/common/hardware_claim/claim.c.o
                0x10000d44                hw_claim_or_assert
 .text.hw_claim_unused_from_range
                0x10000d9c       0x80 CMakeFiles/pds200Pico2.dir/home/pdsilva/.pico-sdk/sdk/2.2.0/src/common/hardware_claim/claim.c.o
                0x10000d9c                hw_claim_unused_from_range
 .text.hw_claim_clear
                0x10000e1c       0x50 CMakeFiles/pds200Pico2.dir/home/pdsilva/.pico-sdk/sdk/2.2.0/src/common/hardware_claim/claim.c.o
                0x10000e1c                hw_claim_clear
 .text.next_striped_spin_lock_num
                0x10000e6c       0x18 CMakeFiles/pds200Pico2.dir/home/pdsilva/.pico-sdk/sdk/2.2.0/src/rp2_common/hardware_sync/sync.c.o
                0x10000e6c                next_striped_spin_lock_num
 .text.spin_lock_claim_unused
                0x10000e84       0x20 CMakeFiles/pds200Pico2.dir/home/pdsilva/.pico-sdk/sdk/2.2.0/src/rp2_common/hardware_sync/sync.c.o
                0x10000e84                spin_lock_claim_unused
 .text.spinlock_set_extexclall
                0x10000ea4       0x10 CMakeFiles/pds200Pico2.dir/home/pdsilva/.pico-sdk/sdk/2.2.0/src/rp2_common/hardware_sync_spin_lock/sync_spin_lock.c.o
 .text.spin_locks_reset
                0x10000eb4       0x18 CMakeFiles/pds200Pico2.dir/home/pdsilva/.pico-sdk/sdk/2.2.0/src/rp2_common/hardware_sync_spin_lock/sync_spin_lock.c.o
                0x10000eb4                spin_locks_reset
 .text.runtime_init_per_core_irq_priorities
                0x10000ecc       0x40 CMakeFiles/pds200Pico2.dir/home/pdsilva/.pico-sdk/sdk/2.2.0/src/rp2_common/hardware_irq/irq.c.o
                0x10000ecc                runtime_init_per_core_irq_priorities
 .text.irq_set_enabled
                0x10000f0c       0x2c CMakeFiles/pds200Pico2.dir/home/pdsilva/.pico-sdk/sdk/2.2.0/src/rp2_common/hardware_irq/irq.c.o
                0x10000f0c                irq_set_enabled
 .text.irq_is_enabled
                0x10000f38       0x20 CMakeFiles/pds200Pico2.dir/home/pdsilva/.pico-sdk/sdk/2.2.0/src/rp2_common/hardware_irq/irq.c.o
                0x10000f38                irq_is_enabled
 .text.irq_set_pending
                0x10000f58       0x18 CMakeFiles/pds200Pico2.dir/home/pdsilva/.pico-sdk/sdk/2.2.0/src/rp2_common/hardware_irq/irq.c.o
                0x10000f58                irq_set_pending
 .text.irq_has_shared_handler
                0x10000f70       0x20 CMakeFiles/pds200Pico2.dir/home/pdsilva/.pico-sdk/sdk/2.2.0/src/rp2_common/hardware_irq/irq.c.o
                0x10000f70                irq_has_shared_handler
 .text.irq_set_exclusive_handler
                0x10000f90       0x60 CMakeFiles/pds200Pico2.dir/home/pdsilva/.pico-sdk/sdk/2.2.0/src/rp2_common/hardware_irq/irq.c.o
                0x10000f90                irq_set_exclusive_handler
 .text.irq_add_shared_handler
                0x10000ff0      0x1e8 CMakeFiles/pds200Pico2.dir/home/pdsilva/.pico-sdk/sdk/2.2.0/src/rp2_common/hardware_irq/irq.c.o
                0x10000ff0                irq_add_shared_handler
 .text.irq_remove_handler
                0x100011d8      0x1f4 CMakeFiles/pds200Pico2.dir/home/pdsilva/.pico-sdk/sdk/2.2.0/src/rp2_common/hardware_irq/irq.c.o
                0x100011d8                irq_remove_handler
 .text.irq_set_priority
                0x100013cc       0x28 CMakeFiles/pds200Pico2.dir/home/pdsilva/.pico-sdk/sdk/2.2.0/src/rp2_common/hardware_irq/irq.c.o
                0x100013cc                irq_set_priority
 .text.irq_add_tail_to_free_list
                0x100013f4       0xbc CMakeFiles/pds200Pico2.dir/home/pdsilva/.pico-sdk/sdk/2.2.0/src/rp2_common/hardware_irq/irq.c.o
                0x100013f4                irq_add_tail_to_free_list
 .text.user_irq_unclaim
                0x100014b0       0x10 CMakeFiles/pds200Pico2.dir/home/pdsilva/.pico-sdk/sdk/2.2.0/src/rp2_common/hardware_irq/irq.c.o
                0x100014b0                user_irq_unclaim
 .text.user_irq_claim_unused
                0x100014c0       0x28 CMakeFiles/pds200Pico2.dir/home/pdsilva/.pico-sdk/sdk/2.2.0/src/rp2_common/hardware_irq/irq.c.o
                0x100014c0                user_irq_claim_unused
 .text.sem_init
                0x100014e8       0x20 CMakeFiles/pds200Pico2.dir/home/pdsilva/.pico-sdk/sdk/2.2.0/src/common/pico_sync/sem.c.o
                0x100014e8                sem_init
 .text.lock_init
                0x10001508        0xc CMakeFiles/pds200Pico2.dir/home/pdsilva/.pico-sdk/sdk/2.2.0/src/common/pico_sync/lock_core.c.o
                0x10001508                lock_init
 .text.runtime_init_mutex
                0x10001514       0x4c CMakeFiles/pds200Pico2.dir/home/pdsilva/.pico-sdk/sdk/2.2.0/src/common/pico_sync/mutex.c.o
                0x10001514                runtime_init_mutex
 .text.mutex_init
                0x10001560       0x1c CMakeFiles/pds200Pico2.dir/home/pdsilva/.pico-sdk/sdk/2.2.0/src/common/pico_sync/mutex.c.o
                0x10001560                mutex_init
 .text.recursive_mutex_init
                0x1000157c       0x1c CMakeFiles/pds200Pico2.dir/home/pdsilva/.pico-sdk/sdk/2.2.0/src/common/pico_sync/mutex.c.o
                0x1000157c                recursive_mutex_init
 .text.critical_section_init
                0x10001598       0x1c CMakeFiles/pds200Pico2.dir/home/pdsilva/.pico-sdk/sdk/2.2.0/src/common/pico_sync/critical_section.c.o
                0x10001598                critical_section_init
 .text.critical_section_init_with_lock_num
                0x100015b4       0x10 CMakeFiles/pds200Pico2.dir/home/pdsilva/.pico-sdk/sdk/2.2.0/src/common/pico_sync/critical_section.c.o
                0x100015b4                critical_section_init_with_lock_num
 .text.sleep_until_callback
                0x100015c4       0x3c CMakeFiles/pds200Pico2.dir/home/pdsilva/.pico-sdk/sdk/2.2.0/src/common/pico_time/time.c.o
 .text.alarm_pool_irq_handler
                0x10001600      0x2f0 CMakeFiles/pds200Pico2.dir/home/pdsilva/.pico-sdk/sdk/2.2.0/src/common/pico_time/time.c.o
 .text.runtime_init_default_alarm_pool
                0x100018f0      0x100 CMakeFiles/pds200Pico2.dir/home/pdsilva/.pico-sdk/sdk/2.2.0/src/common/pico_time/time.c.o
                0x100018f0                runtime_init_default_alarm_pool
 .text.alarm_pool_get_default
                0x100019f0        0x8 CMakeFiles/pds200Pico2.dir/home/pdsilva/.pico-sdk/sdk/2.2.0/src/common/pico_time/time.c.o
                0x100019f0                alarm_pool_get_default
 .text.alarm_pool_create_on_timer_with_unused_hardware_alarm
                0x100019f8       0xb4 CMakeFiles/pds200Pico2.dir/home/pdsilva/.pico-sdk/sdk/2.2.0/src/common/pico_time/time.c.o
                0x100019f8                alarm_pool_create_on_timer_with_unused_hardware_alarm
 .text.alarm_pool_destroy
                0x10001aac       0x84 CMakeFiles/pds200Pico2.dir/home/pdsilva/.pico-sdk/sdk/2.2.0/src/common/pico_time/time.c.o
                0x10001aac                alarm_pool_destroy
 .text.alarm_pool_add_alarm_at
                0x10001b30       0xdc CMakeFiles/pds200Pico2.dir/home/pdsilva/.pico-sdk/sdk/2.2.0/src/common/pico_time/time.c.o
                0x10001b30                alarm_pool_add_alarm_at
 .text.alarm_pool_add_alarm_at_force_in_context
                0x10001c0c       0xc8 CMakeFiles/pds200Pico2.dir/home/pdsilva/.pico-sdk/sdk/2.2.0/src/common/pico_time/time.c.o
                0x10001c0c                alarm_pool_add_alarm_at_force_in_context
 .text.alarm_pool_cancel_alarm
                0x10001cd4       0x80 CMakeFiles/pds200Pico2.dir/home/pdsilva/.pico-sdk/sdk/2.2.0/src/common/pico_time/time.c.o
                0x10001cd4                alarm_pool_cancel_alarm
 .text.alarm_pool_core_num
                0x10001d54        0x4 CMakeFiles/pds200Pico2.dir/home/pdsilva/.pico-sdk/sdk/2.2.0/src/common/pico_time/time.c.o
                0x10001d54                alarm_pool_core_num
 .text.sleep_until
                0x10001d58       0xbc CMakeFiles/pds200Pico2.dir/home/pdsilva/.pico-sdk/sdk/2.2.0/src/common/pico_time/time.c.o
                0x10001d58                sleep_until
 .text.sleep_ms
                0x10001e14       0xdc CMakeFiles/pds200Pico2.dir/home/pdsilva/.pico-sdk/sdk/2.2.0/src/common/pico_time/time.c.o
                0x10001e14                sleep_ms
 .text.best_effort_wfe_or_timeout
                0x10001ef0       0xd4 CMakeFiles/pds200Pico2.dir/home/pdsilva/.pico-sdk/sdk/2.2.0/src/common/pico_time/time.c.o
                0x10001ef0                best_effort_wfe_or_timeout
 .text.alarm_pool_get_default_timer
                0x10001fc4        0x8 CMakeFiles/pds200Pico2.dir/home/pdsilva/.pico-sdk/sdk/2.2.0/src/common/pico_time/time.c.o
                0x10001fc4                alarm_pool_get_default_timer
 .text.timer_hardware_alarm_claim
                0x10001fcc       0x24 CMakeFiles/pds200Pico2.dir/home/pdsilva/.pico-sdk/sdk/2.2.0/src/rp2_common/hardware_timer/timer.c.o
                0x10001fcc                timer_hardware_alarm_claim
 .text.timer_hardware_alarm_unclaim
                0x10001ff0       0x18 CMakeFiles/pds200Pico2.dir/home/pdsilva/.pico-sdk/sdk/2.2.0/src/rp2_common/hardware_timer/timer.c.o
                0x10001ff0                timer_hardware_alarm_unclaim
 .text.timer_hardware_alarm_claim_unused
                0x10002008       0x2c CMakeFiles/pds200Pico2.dir/home/pdsilva/.pico-sdk/sdk/2.2.0/src/rp2_common/hardware_timer/timer.c.o
                0x10002008                timer_hardware_alarm_claim_unused
 .text.timer_time_us_64
                0x10002034       0x10 CMakeFiles/pds200Pico2.dir/home/pdsilva/.pico-sdk/sdk/2.2.0/src/rp2_common/hardware_timer/timer.c.o
                0x10002034                timer_time_us_64
 .text.time_us_64
                0x10002044       0x14 CMakeFiles/pds200Pico2.dir/home/pdsilva/.pico-sdk/sdk/2.2.0/src/rp2_common/hardware_timer/timer.c.o
                0x10002044                time_us_64
 .text.busy_wait_until
                0x10002058       0x24 CMakeFiles/pds200Pico2.dir/home/pdsilva/.pico-sdk/sdk/2.2.0/src/rp2_common/hardware_timer/timer.c.o
                0x10002058                busy_wait_until
 .text.clock_configure_undivided
                0x1000207c       0xd0 CMakeFiles/pds200Pico2.dir/home/pdsilva/.pico-sdk/sdk/2.2.0/src/rp2_common/hardware_clocks/clocks.c.o
                0x1000207c                clock_configure_undivided
 .text.clock_get_hz
                0x1000214c        0xc CMakeFiles/pds200Pico2.dir/home/pdsilva/.pico-sdk/sdk/2.2.0/src/rp2_common/hardware_clocks/clocks.c.o
                0x1000214c                clock_get_hz
 .text.set_sys_clock_pll
                0x10002158      0x184 CMakeFiles/pds200Pico2.dir/home/pdsilva/.pico-sdk/sdk/2.2.0/src/rp2_common/hardware_clocks/clocks.c.o
                0x10002158                set_sys_clock_pll
 .text.check_sys_clock_khz
                0x100022dc      0x19c CMakeFiles/pds200Pico2.dir/home/pdsilva/.pico-sdk/sdk/2.2.0/src/rp2_common/hardware_clocks/clocks.c.o
                0x100022dc                check_sys_clock_khz
 .text.pll_init
                0x10002478       0x8c CMakeFiles/pds200Pico2.dir/home/pdsilva/.pico-sdk/sdk/2.2.0/src/rp2_common/hardware_pll/pll.c.o
                0x10002478                pll_init
 .text.vreg_set_voltage
                0x10002504       0x44 CMakeFiles/pds200Pico2.dir/home/pdsilva/.pico-sdk/sdk/2.2.0/src/rp2_common/hardware_vreg/vreg.c.o
                0x10002504                vreg_set_voltage
 .text.watchdog_reboot
                0x10002548       0x98 CMakeFiles/pds200Pico2.dir/home/pdsilva/.pico-sdk/sdk/2.2.0/src/rp2_common/hardware_watchdog/watchdog.c.o
                0x10002548                watchdog_reboot
 .text.tick_start
                0x100025e0       0x18 CMakeFiles/pds200Pico2.dir/home/pdsilva/.pico-sdk/sdk/2.2.0/src/rp2_common/hardware_ticks/ticks.c.o
                0x100025e0                tick_start
 .text.rom_reboot.constprop.0.isra.0
                0x100025f8       0x34 CMakeFiles/pds200Pico2.dir/home/pdsilva/.pico-sdk/sdk/2.2.0/src/rp2_common/pico_bootrom/bootrom.c.o
 .text.rom_func_lookup
                0x1000262c       0x18 CMakeFiles/pds200Pico2.dir/home/pdsilva/.pico-sdk/sdk/2.2.0/src/rp2_common/pico_bootrom/bootrom.c.o
                0x1000262c                rom_func_lookup
 .text.rom_reset_usb_boot_extra
                0x10002644       0x1c CMakeFiles/pds200Pico2.dir/home/pdsilva/.pico-sdk/sdk/2.2.0/src/rp2_common/pico_bootrom/bootrom.c.o
                0x10002644                rom_reset_usb_boot_extra
 .text.rom_get_boot_random
                0x10002660       0x48 CMakeFiles/pds200Pico2.dir/home/pdsilva/.pico-sdk/sdk/2.2.0/src/rp2_common/pico_bootrom/bootrom.c.o
                0x10002660                rom_get_boot_random
 .text.runtime_init_bootrom_locking_enable
                0x100026a8       0x14 CMakeFiles/pds200Pico2.dir/home/pdsilva/.pico-sdk/sdk/2.2.0/src/rp2_common/pico_bootrom/bootrom_lock.c.o
                0x100026a8                runtime_init_bootrom_locking_enable
 .text.runtime_init_boot_locks_reset
                0x100026bc       0x1c CMakeFiles/pds200Pico2.dir/home/pdsilva/.pico-sdk/sdk/2.2.0/src/rp2_common/hardware_boot_lock/boot_lock.c.o
                0x100026bc                runtime_init_boot_locks_reset
 .text.xosc_init
                0x100026d8       0x30 CMakeFiles/pds200Pico2.dir/home/pdsilva/.pico-sdk/sdk/2.2.0/src/rp2_common/hardware_xosc/xosc.c.o
                0x100026d8                xosc_init
 .text.first_per_core_initializer
                0x10002708        0x4 CMakeFiles/pds200Pico2.dir/home/pdsilva/.pico-sdk/sdk/2.2.0/src/rp2_common/pico_runtime/runtime.c.o
 .text.hard_assertion_failure
                0x1000270c        0xc CMakeFiles/pds200Pico2.dir/home/pdsilva/.pico-sdk/sdk/2.2.0/src/rp2_common/pico_runtime/runtime.c.o
                0x1000270c                hard_assertion_failure
 .text.runtime_run_initializers
                0x10002718       0x20 CMakeFiles/pds200Pico2.dir/home/pdsilva/.pico-sdk/sdk/2.2.0/src/rp2_common/pico_runtime/runtime.c.o
                0x10002718                runtime_run_initializers
 .text.runtime_run_per_core_initializers
                0x10002738       0x20 CMakeFiles/pds200Pico2.dir/home/pdsilva/.pico-sdk/sdk/2.2.0/src/rp2_common/pico_runtime/runtime.c.o
                0x10002738                runtime_run_per_core_initializers
 .text.runtime_init_early_resets
                0x10002758       0x34 CMakeFiles/pds200Pico2.dir/home/pdsilva/.pico-sdk/sdk/2.2.0/src/rp2_common/pico_runtime_init/runtime_init.c.o
                0x10002758                runtime_init_early_resets
 .text.runtime_init_usb_power_down
                0x1000278c       0x1c CMakeFiles/pds200Pico2.dir/home/pdsilva/.pico-sdk/sdk/2.2.0/src/rp2_common/pico_runtime_init/runtime_init.c.o
                0x1000278c                runtime_init_usb_power_down
 .text.runtime_init_per_core_enable_coprocessors
                0x100027a8       0x1c CMakeFiles/pds200Pico2.dir/home/pdsilva/.pico-sdk/sdk/2.2.0/src/rp2_common/pico_runtime_init/runtime_init.c.o
                0x100027a8                runtime_init_per_core_enable_coprocessors
 .text.runtime_init_post_clock_resets
                0x100027c4       0x20 CMakeFiles/pds200Pico2.dir/home/pdsilva/.pico-sdk/sdk/2.2.0/src/rp2_common/pico_runtime_init/runtime_init.c.o
                0x100027c4                runtime_init_post_clock_resets
 .text.runtime_init_bootrom_reset
                0x100027e4       0x14 CMakeFiles/pds200Pico2.dir/home/pdsilva/.pico-sdk/sdk/2.2.0/src/rp2_common/pico_runtime_init/runtime_init.c.o
                0x100027e4                runtime_init_bootrom_reset
 .text.runtime_init_per_core_bootrom_reset
                0x100027f8       0x14 CMakeFiles/pds200Pico2.dir/home/pdsilva/.pico-sdk/sdk/2.2.0/src/rp2_common/pico_runtime_init/runtime_init.c.o
                0x100027f8                runtime_init_per_core_bootrom_reset
 .text.runtime_init_spin_locks_reset
                0x1000280c        0x4 CMakeFiles/pds200Pico2.dir/home/pdsilva/.pico-sdk/sdk/2.2.0/src/rp2_common/pico_runtime_init/runtime_init.c.o
                0x1000280c                runtime_init_spin_locks_reset
 .text.runtime_init_install_ram_vector_table
                0x10002810       0x68 CMakeFiles/pds200Pico2.dir/home/pdsilva/.pico-sdk/sdk/2.2.0/src/rp2_common/pico_runtime_init/runtime_init.c.o
                0x10002810                runtime_init_install_ram_vector_table
 .text.runtime_init_clocks
                0x10002878       0xdc CMakeFiles/pds200Pico2.dir/home/pdsilva/.pico-sdk/sdk/2.2.0/src/rp2_common/pico_runtime_init/runtime_init_clocks.c.o
                0x10002878                runtime_init_clocks
 .text.__rp2350_dcp_engaged_state_save_restore
                0x10002954       0x3a CMakeFiles/pds200Pico2.dir/home/pdsilva/.pico-sdk/sdk/2.2.0/src/rp2_common/pico_double/double_aeabi_dcp.S.o
 *fill*         0x1000298e        0x2 
 .text.__wrap___aeabi_dadd
                0x10002990       0x28 CMakeFiles/pds200Pico2.dir/home/pdsilva/.pico-sdk/sdk/2.2.0/src/rp2_common/pico_double/double_aeabi_dcp.S.o
                0x10002998                __wrap___aeabi_dadd
 .text.__wrap___aeabi_dsub
                0x100029b8       0x28 CMakeFiles/pds200Pico2.dir/home/pdsilva/.pico-sdk/sdk/2.2.0/src/rp2_common/pico_double/double_aeabi_dcp.S.o
                0x100029c0                __wrap___aeabi_dsub
 .text.__wrap___aeabi_dmul
                0x100029e0       0x4c CMakeFiles/pds200Pico2.dir/home/pdsilva/.pico-sdk/sdk/2.2.0/src/rp2_common/pico_double/double_aeabi_dcp.S.o
                0x100029e8                __wrap___aeabi_dmul
 .text.__wrap___aeabi_ddiv
                0x10002a2c       0x9c CMakeFiles/pds200Pico2.dir/home/pdsilva/.pico-sdk/sdk/2.2.0/src/rp2_common/pico_double/double_aeabi_dcp.S.o
                0x10002a34                __wrap___aeabi_ddiv
 .text.__wrap___aeabi_i2d
                0x10002ac8       0x24 CMakeFiles/pds200Pico2.dir/home/pdsilva/.pico-sdk/sdk/2.2.0/src/rp2_common/pico_double/double_aeabi_dcp.S.o
                0x10002ad0                __wrap___aeabi_i2d
                0x10002ad0                int2double
 .text.__wrap___aeabi_ui2d
                0x10002aec       0x24 CMakeFiles/pds200Pico2.dir/home/pdsilva/.pico-sdk/sdk/2.2.0/src/rp2_common/pico_double/double_aeabi_dcp.S.o
                0x10002af4                __wrap___aeabi_ui2d
                0x10002af4                uint2double
 .text.__wrap___aeabi_d2iz
                0x10002b10       0x24 CMakeFiles/pds200Pico2.dir/home/pdsilva/.pico-sdk/sdk/2.2.0/src/rp2_common/pico_double/double_aeabi_dcp.S.o
                0x10002b18                __wrap___aeabi_d2iz
                0x10002b18                double2int_z
 .text.__wrap___aeabi_d2uiz
                0x10002b34       0x24 CMakeFiles/pds200Pico2.dir/home/pdsilva/.pico-sdk/sdk/2.2.0/src/rp2_common/pico_double/double_aeabi_dcp.S.o
                0x10002b3c                double2uint_z
                0x10002b3c                double2uint
                0x10002b3c                __wrap___aeabi_d2uiz
 .text.__wrap___aeabi_dcmpun
                0x10002b58       0x24 CMakeFiles/pds200Pico2.dir/home/pdsilva/.pico-sdk/sdk/2.2.0/src/rp2_common/pico_double/double_aeabi_dcp.S.o
                0x10002b60                __wrap___aeabi_dcmpun
 .text.__wrap___aeabi_dcmplt
                0x10002b7c       0x28 CMakeFiles/pds200Pico2.dir/home/pdsilva/.pico-sdk/sdk/2.2.0/src/rp2_common/pico_double/double_aeabi_dcp.S.o
                0x10002b84                __wrap___aeabi_dcmplt
 .text.__wrap___aeabi_dcmple
                0x10002ba4       0x28 CMakeFiles/pds200Pico2.dir/home/pdsilva/.pico-sdk/sdk/2.2.0/src/rp2_common/pico_double/double_aeabi_dcp.S.o
                0x10002bac                __wrap___aeabi_dcmple
 .text.__wrap___aeabi_dcmpge
                0x10002bcc       0x28 CMakeFiles/pds200Pico2.dir/home/pdsilva/.pico-sdk/sdk/2.2.0/src/rp2_common/pico_double/double_aeabi_dcp.S.o
                0x10002bd4                __wrap___aeabi_dcmpge
 .text.__wrap___aeabi_dcmpgt
                0x10002bf4       0x28 CMakeFiles/pds200Pico2.dir/home/pdsilva/.pico-sdk/sdk/2.2.0/src/rp2_common/pico_double/double_aeabi_dcp.S.o
                0x10002bfc                __wrap___aeabi_dcmpgt
 .text.__wrap_malloc
                0x10002c1c       0x38 CMakeFiles/pds200Pico2.dir/home/pdsilva/.pico-sdk/sdk/2.2.0/src/rp2_common/pico_malloc/malloc.c.o
                0x10002c1c                __wrap_malloc
 .text.__wrap_calloc
                0x10002c54       0x40 CMakeFiles/pds200Pico2.dir/home/pdsilva/.pico-sdk/sdk/2.2.0/src/rp2_common/pico_malloc/malloc.c.o
                0x10002c54                __wrap_calloc
 .text.__wrap_free
                0x10002c94       0x20 CMakeFiles/pds200Pico2.dir/home/pdsilva/.pico-sdk/sdk/2.2.0/src/rp2_common/pico_malloc/malloc.c.o
                0x10002c94                __wrap_free
 .text._out_buffer
                0x10002cb4        0x8 CMakeFiles/pds200Pico2.dir/home/pdsilva/.pico-sdk/sdk/2.2.0/src/rp2_common/pico_printf/printf.c.o
 .text._out_null
                0x10002cbc        0x4 CMakeFiles/pds200Pico2.dir/home/pdsilva/.pico-sdk/sdk/2.2.0/src/rp2_common/pico_printf/printf.c.o
 .text._out_rev
                0x10002cc0       0x9c CMakeFiles/pds200Pico2.dir/home/pdsilva/.pico-sdk/sdk/2.2.0/src/rp2_common/pico_printf/printf.c.o
 .text._ntoa_format
                0x10002d5c      0x1d4 CMakeFiles/pds200Pico2.dir/home/pdsilva/.pico-sdk/sdk/2.2.0/src/rp2_common/pico_printf/printf.c.o
 .text._out_char
                0x10002f30        0x8 CMakeFiles/pds200Pico2.dir/home/pdsilva/.pico-sdk/sdk/2.2.0/src/rp2_common/pico_printf/printf.c.o
 .text._out_fct
                0x10002f38        0xc CMakeFiles/pds200Pico2.dir/home/pdsilva/.pico-sdk/sdk/2.2.0/src/rp2_common/pico_printf/printf.c.o
 *fill*         0x10002f44        0x4 
 .text._ftoa    0x10002f48      0x4bc CMakeFiles/pds200Pico2.dir/home/pdsilva/.pico-sdk/sdk/2.2.0/src/rp2_common/pico_printf/printf.c.o
 *fill*         0x10003404        0x4 
 .text._etoa    0x10003408      0x574 CMakeFiles/pds200Pico2.dir/home/pdsilva/.pico-sdk/sdk/2.2.0/src/rp2_common/pico_printf/printf.c.o
 .text._vsnprintf
                0x1000397c      0x9e4 CMakeFiles/pds200Pico2.dir/home/pdsilva/.pico-sdk/sdk/2.2.0/src/rp2_common/pico_printf/printf.c.o
 .text.__wrap_sprintf
                0x10004360       0x2c CMakeFiles/pds200Pico2.dir/home/pdsilva/.pico-sdk/sdk/2.2.0/src/rp2_common/pico_printf/printf.c.o
                0x10004360                __wrap_sprintf
 .text.vfctprintf
                0x1000438c       0x28 CMakeFiles/pds200Pico2.dir/home/pdsilva/.pico-sdk/sdk/2.2.0/src/rp2_common/pico_printf/printf.c.o
                0x1000438c                vfctprintf
 .text.weak_raw_vprintf
                0x100043b4       0x30 CMakeFiles/pds200Pico2.dir/home/pdsilva/.pico-sdk/sdk/2.2.0/src/rp2_common/pico_printf/printf.c.o
                0x100043b4                weak_raw_vprintf
 .text._exit    0x100043e4        0x4 CMakeFiles/pds200Pico2.dir/home/pdsilva/.pico-sdk/sdk/2.2.0/src/rp2_common/pico_clib_interface/newlib_interface.c.o
                0x100043e4                _exit
 .text._sbrk    0x100043e8       0x2c CMakeFiles/pds200Pico2.dir/home/pdsilva/.pico-sdk/sdk/2.2.0/src/rp2_common/pico_clib_interface/newlib_interface.c.o
                0x100043e8                _sbrk
 .text.exit     0x10004414        0x8 CMakeFiles/pds200Pico2.dir/home/pdsilva/.pico-sdk/sdk/2.2.0/src/rp2_common/pico_clib_interface/newlib_interface.c.o
                0x10004414                exit
 .text.runtime_init
                0x1000441c       0x24 CMakeFiles/pds200Pico2.dir/home/pdsilva/.pico-sdk/sdk/2.2.0/src/rp2_common/pico_clib_interface/newlib_interface.c.o
                0x1000441c                runtime_init
 .text.stdio_out_chars_no_crlf
                0x10004440        0x8 CMakeFiles/pds200Pico2.dir/home/pdsilva/.pico-sdk/sdk/2.2.0/src/rp2_common/pico_stdio/stdio.c.o
 .text.stdio_out_chars_crlf
                0x10004448       0xb0 CMakeFiles/pds200Pico2.dir/home/pdsilva/.pico-sdk/sdk/2.2.0/src/rp2_common/pico_stdio/stdio.c.o
 .text.stdio_buffered_printer
                0x100044f8       0x60 CMakeFiles/pds200Pico2.dir/home/pdsilva/.pico-sdk/sdk/2.2.0/src/rp2_common/pico_stdio/stdio.c.o
 .text.stdio_put_string
                0x10004558       0xec CMakeFiles/pds200Pico2.dir/home/pdsilva/.pico-sdk/sdk/2.2.0/src/rp2_common/pico_stdio/stdio.c.o
                0x10004558                stdio_put_string
 .text.stdio_set_driver_enabled
                0x10004644       0x28 CMakeFiles/pds200Pico2.dir/home/pdsilva/.pico-sdk/sdk/2.2.0/src/rp2_common/pico_stdio/stdio.c.o
                0x10004644                stdio_set_driver_enabled
 .text.stdio_init_all
                0x1000466c        0x4 CMakeFiles/pds200Pico2.dir/home/pdsilva/.pico-sdk/sdk/2.2.0/src/rp2_common/pico_stdio/stdio.c.o
                0x1000466c                stdio_init_all
 .text.__wrap_putchar
                0x10004670       0x84 CMakeFiles/pds200Pico2.dir/home/pdsilva/.pico-sdk/sdk/2.2.0/src/rp2_common/pico_stdio/stdio.c.o
                0x10004670                stdio_putchar
                0x10004670                __wrap_putchar
 .text.__wrap_puts
                0x100046f4       0x3c CMakeFiles/pds200Pico2.dir/home/pdsilva/.pico-sdk/sdk/2.2.0/src/rp2_common/pico_stdio/stdio.c.o
                0x100046f4                __wrap_puts
                0x100046f4                stdio_puts
 .text.__wrap_vprintf
                0x10004730       0xc4 CMakeFiles/pds200Pico2.dir/home/pdsilva/.pico-sdk/sdk/2.2.0/src/rp2_common/pico_stdio/stdio.c.o
                0x10004730                __wrap_vprintf
                0x10004730                stdio_vprintf
 .text.__wrap_printf
                0x100047f4       0x1c CMakeFiles/pds200Pico2.dir/home/pdsilva/.pico-sdk/sdk/2.2.0/src/rp2_common/pico_stdio/stdio.c.o
                0x100047f4                stdio_printf
                0x100047f4                __wrap_printf
 .text.resetd_init
                0x10004810        0x4 CMakeFiles/pds200Pico2.dir/home/pdsilva/.pico-sdk/sdk/2.2.0/src/rp2_common/pico_stdio_usb/reset_interface.c.o
 .text.resetd_reset
                0x10004814        0xc CMakeFiles/pds200Pico2.dir/home/pdsilva/.pico-sdk/sdk/2.2.0/src/rp2_common/pico_stdio_usb/reset_interface.c.o
 .text.resetd_open
                0x10004820       0x28 CMakeFiles/pds200Pico2.dir/home/pdsilva/.pico-sdk/sdk/2.2.0/src/rp2_common/pico_stdio_usb/reset_interface.c.o
 .text.resetd_xfer_cb
                0x10004848        0x4 CMakeFiles/pds200Pico2.dir/home/pdsilva/.pico-sdk/sdk/2.2.0/src/rp2_common/pico_stdio_usb/reset_interface.c.o
 .text.resetd_control_xfer_cb
                0x1000484c       0x50 CMakeFiles/pds200Pico2.dir/home/pdsilva/.pico-sdk/sdk/2.2.0/src/rp2_common/pico_stdio_usb/reset_interface.c.o
 .text.tud_descriptor_bos_cb
                0x1000489c        0x8 CMakeFiles/pds200Pico2.dir/home/pdsilva/.pico-sdk/sdk/2.2.0/src/rp2_common/pico_stdio_usb/reset_interface.c.o
                0x1000489c                tud_descriptor_bos_cb
 .text.tud_vendor_control_xfer_cb
                0x100048a4       0x28 CMakeFiles/pds200Pico2.dir/home/pdsilva/.pico-sdk/sdk/2.2.0/src/rp2_common/pico_stdio_usb/reset_interface.c.o
                0x100048a4                tud_vendor_control_xfer_cb
 .text.usbd_app_driver_get_cb
                0x100048cc       0x10 CMakeFiles/pds200Pico2.dir/home/pdsilva/.pico-sdk/sdk/2.2.0/src/rp2_common/pico_stdio_usb/reset_interface.c.o
                0x100048cc                usbd_app_driver_get_cb
 .text.tud_cdc_line_coding_cb
                0x100048dc       0x18 CMakeFiles/pds200Pico2.dir/home/pdsilva/.pico-sdk/sdk/2.2.0/src/rp2_common/pico_stdio_usb/reset_interface.c.o
                0x100048dc                tud_cdc_line_coding_cb
 .text.stdio_usb_set_chars_available_callback
                0x100048f4       0x14 CMakeFiles/pds200Pico2.dir/home/pdsilva/.pico-sdk/sdk/2.2.0/src/rp2_common/pico_stdio_usb/stdio_usb.c.o
                0x100048f4                stdio_usb_set_chars_available_callback
 .text.timer_task
                0x10004908       0x70 CMakeFiles/pds200Pico2.dir/home/pdsilva/.pico-sdk/sdk/2.2.0/src/rp2_common/pico_stdio_usb/stdio_usb.c.o
 .text.usb_irq  0x10004978        0xc CMakeFiles/pds200Pico2.dir/home/pdsilva/.pico-sdk/sdk/2.2.0/src/rp2_common/pico_stdio_usb/stdio_usb.c.o
 .text.stdio_usb_in_chars
                0x10004984       0x88 CMakeFiles/pds200Pico2.dir/home/pdsilva/.pico-sdk/sdk/2.2.0/src/rp2_common/pico_stdio_usb/stdio_usb.c.o
                0x10004984                stdio_usb_in_chars
 .text.stdio_usb_out_flush
                0x10004a0c       0x54 CMakeFiles/pds200Pico2.dir/home/pdsilva/.pico-sdk/sdk/2.2.0/src/rp2_common/pico_stdio_usb/stdio_usb.c.o
 .text.stdio_usb_out_chars
                0x10004a60       0xf4 CMakeFiles/pds200Pico2.dir/home/pdsilva/.pico-sdk/sdk/2.2.0/src/rp2_common/pico_stdio_usb/stdio_usb.c.o
 .text.low_priority_worker_irq
                0x10004b54       0xd8 CMakeFiles/pds200Pico2.dir/home/pdsilva/.pico-sdk/sdk/2.2.0/src/rp2_common/pico_stdio_usb/stdio_usb.c.o
 .text.stdio_usb_init
                0x10004c2c       0xe8 CMakeFiles/pds200Pico2.dir/home/pdsilva/.pico-sdk/sdk/2.2.0/src/rp2_common/pico_stdio_usb/stdio_usb.c.o
                0x10004c2c                stdio_usb_init
 .text.tud_descriptor_device_cb
                0x10004d14        0x8 CMakeFiles/pds200Pico2.dir/home/pdsilva/.pico-sdk/sdk/2.2.0/src/rp2_common/pico_stdio_usb/stdio_usb_descriptors.c.o
                0x10004d14                tud_descriptor_device_cb
 .text.tud_descriptor_configuration_cb
                0x10004d1c        0x8 CMakeFiles/pds200Pico2.dir/home/pdsilva/.pico-sdk/sdk/2.2.0/src/rp2_common/pico_stdio_usb/stdio_usb_descriptors.c.o
                0x10004d1c                tud_descriptor_configuration_cb
 .text.tud_descriptor_string_cb
                0x10004d24       0x70 CMakeFiles/pds200Pico2.dir/home/pdsilva/.pico-sdk/sdk/2.2.0/src/rp2_common/pico_stdio_usb/stdio_usb_descriptors.c.o
                0x10004d24                tud_descriptor_string_cb
 .text.startup._retrieve_unique_id_on_boot
                0x10004d94       0x30 CMakeFiles/pds200Pico2.dir/home/pdsilva/.pico-sdk/sdk/2.2.0/src/rp2_common/pico_unique_id/unique_id.c.o
 .text.pico_get_unique_board_id
                0x10004dc4       0x10 CMakeFiles/pds200Pico2.dir/home/pdsilva/.pico-sdk/sdk/2.2.0/src/rp2_common/pico_unique_id/unique_id.c.o
                0x10004dc4                pico_get_unique_board_id
 .text.pico_get_unique_board_id_string
                0x10004dd4      0x184 CMakeFiles/pds200Pico2.dir/home/pdsilva/.pico-sdk/sdk/2.2.0/src/rp2_common/pico_unique_id/unique_id.c.o
                0x10004dd4                pico_get_unique_board_id_string
 .text.dcd_init
                0x10004f58       0x8c CMakeFiles/pds200Pico2.dir/home/pdsilva/.pico-sdk/sdk/2.2.0/lib/tinyusb/src/portable/raspberrypi/rp2040/dcd_rp2040.c.o
                0x10004f58                dcd_init
 .text.dcd_int_enable
                0x10004fe4        0x8 CMakeFiles/pds200Pico2.dir/home/pdsilva/.pico-sdk/sdk/2.2.0/lib/tinyusb/src/portable/raspberrypi/rp2040/dcd_rp2040.c.o
                0x10004fe4                dcd_int_enable
 .text.dcd_set_address
                0x10004fec       0x10 CMakeFiles/pds200Pico2.dir/home/pdsilva/.pico-sdk/sdk/2.2.0/lib/tinyusb/src/portable/raspberrypi/rp2040/dcd_rp2040.c.o
                0x10004fec                dcd_set_address
 .text.dcd_sof_enable
                0x10004ffc       0x1c CMakeFiles/pds200Pico2.dir/home/pdsilva/.pico-sdk/sdk/2.2.0/lib/tinyusb/src/portable/raspberrypi/rp2040/dcd_rp2040.c.o
                0x10004ffc                dcd_sof_enable
 .text.dcd_edpt0_status_complete
                0x10005018       0x1c CMakeFiles/pds200Pico2.dir/home/pdsilva/.pico-sdk/sdk/2.2.0/lib/tinyusb/src/portable/raspberrypi/rp2040/dcd_rp2040.c.o
                0x10005018                dcd_edpt0_status_complete
 .text.dcd_edpt_open
                0x10005034      0x104 CMakeFiles/pds200Pico2.dir/home/pdsilva/.pico-sdk/sdk/2.2.0/lib/tinyusb/src/portable/raspberrypi/rp2040/dcd_rp2040.c.o
                0x10005034                dcd_edpt_open
 .text.dcd_edpt_close_all
                0x10005138        0x4 CMakeFiles/pds200Pico2.dir/home/pdsilva/.pico-sdk/sdk/2.2.0/lib/tinyusb/src/portable/raspberrypi/rp2040/dcd_rp2040.c.o
                0x10005138                dcd_edpt_close_all
 .text.dcd_edpt_xfer
                0x1000513c       0x28 CMakeFiles/pds200Pico2.dir/home/pdsilva/.pico-sdk/sdk/2.2.0/lib/tinyusb/src/portable/raspberrypi/rp2040/dcd_rp2040.c.o
                0x1000513c                dcd_edpt_xfer
 .text.dcd_edpt_stall
                0x10005164       0x30 CMakeFiles/pds200Pico2.dir/home/pdsilva/.pico-sdk/sdk/2.2.0/lib/tinyusb/src/portable/raspberrypi/rp2040/dcd_rp2040.c.o
                0x10005164                dcd_edpt_stall
 .text.dcd_edpt_clear_stall
                0x10005194       0x24 CMakeFiles/pds200Pico2.dir/home/pdsilva/.pico-sdk/sdk/2.2.0/lib/tinyusb/src/portable/raspberrypi/rp2040/dcd_rp2040.c.o
                0x10005194                dcd_edpt_clear_stall
 .text.rp2040_usb_init
                0x100051b8       0x40 CMakeFiles/pds200Pico2.dir/home/pdsilva/.pico-sdk/sdk/2.2.0/lib/tinyusb/src/portable/raspberrypi/rp2040/rp2040_usb.c.o
                0x100051b8                rp2040_usb_init
 .text.hw_endpoint_xfer_start
                0x100051f8       0x40 CMakeFiles/pds200Pico2.dir/home/pdsilva/.pico-sdk/sdk/2.2.0/lib/tinyusb/src/portable/raspberrypi/rp2040/rp2040_usb.c.o
                0x100051f8                hw_endpoint_xfer_start
 .text.configuration_reset
                0x10005238       0x8c CMakeFiles/pds200Pico2.dir/home/pdsilva/.pico-sdk/sdk/2.2.0/lib/tinyusb/src/device/usbd.c.o
 .text.tud_event_hook_cb
                0x100052c4        0x4 CMakeFiles/pds200Pico2.dir/home/pdsilva/.pico-sdk/sdk/2.2.0/lib/tinyusb/src/device/usbd.c.o
                0x100052c4                tud_event_hook_cb
 .text.tud_sof_cb
                0x100052c8        0x4 CMakeFiles/pds200Pico2.dir/home/pdsilva/.pico-sdk/sdk/2.2.0/lib/tinyusb/src/device/usbd.c.o
                0x100052c8                tud_sof_cb
 .text.tud_descriptor_device_qualifier_cb
                0x100052cc        0x4 CMakeFiles/pds200Pico2.dir/home/pdsilva/.pico-sdk/sdk/2.2.0/lib/tinyusb/src/device/usbd.c.o
                0x100052cc                tud_descriptor_device_qualifier_cb
 .text.tud_descriptor_other_speed_configuration_cb
                0x100052d0        0x4 CMakeFiles/pds200Pico2.dir/home/pdsilva/.pico-sdk/sdk/2.2.0/lib/tinyusb/src/device/usbd.c.o
                0x100052d0                tud_descriptor_other_speed_configuration_cb
 .text.tud_mount_cb
                0x100052d4        0x4 CMakeFiles/pds200Pico2.dir/home/pdsilva/.pico-sdk/sdk/2.2.0/lib/tinyusb/src/device/usbd.c.o
                0x100052d4                tud_mount_cb
 .text.tud_umount_cb
                0x100052d8        0x4 CMakeFiles/pds200Pico2.dir/home/pdsilva/.pico-sdk/sdk/2.2.0/lib/tinyusb/src/device/usbd.c.o
                0x100052d8                tud_umount_cb
 .text.tud_suspend_cb
                0x100052dc        0x4 CMakeFiles/pds200Pico2.dir/home/pdsilva/.pico-sdk/sdk/2.2.0/lib/tinyusb/src/device/usbd.c.o
                0x100052dc                tud_suspend_cb
 .text.tud_resume_cb
                0x100052e0        0x4 CMakeFiles/pds200Pico2.dir/home/pdsilva/.pico-sdk/sdk/2.2.0/lib/tinyusb/src/device/usbd.c.o
                0x100052e0                tud_resume_cb
 .text.tud_mounted
                0x100052e4       0x10 CMakeFiles/pds200Pico2.dir/home/pdsilva/.pico-sdk/sdk/2.2.0/lib/tinyusb/src/device/usbd.c.o
                0x100052e4                tud_mounted
 .text.tud_suspended
                0x100052f4       0x10 CMakeFiles/pds200Pico2.dir/home/pdsilva/.pico-sdk/sdk/2.2.0/lib/tinyusb/src/device/usbd.c.o
                0x100052f4                tud_suspended
 .text.tud_rhport_init
                0x10005304       0xf4 CMakeFiles/pds200Pico2.dir/home/pdsilva/.pico-sdk/sdk/2.2.0/lib/tinyusb/src/device/usbd.c.o
                0x10005304                tud_rhport_init
 .text.tud_task_ext
                0x100053f8      0x784 CMakeFiles/pds200Pico2.dir/home/pdsilva/.pico-sdk/sdk/2.2.0/lib/tinyusb/src/device/usbd.c.o
                0x100053f8                tud_task_ext
 .text.usbd_open_edpt_pair
                0x10005b7c       0x9c CMakeFiles/pds200Pico2.dir/home/pdsilva/.pico-sdk/sdk/2.2.0/lib/tinyusb/src/device/usbd.c.o
                0x10005b7c                usbd_open_edpt_pair
 .text.usbd_edpt_open
                0x10005c18       0x44 CMakeFiles/pds200Pico2.dir/home/pdsilva/.pico-sdk/sdk/2.2.0/lib/tinyusb/src/device/usbd.c.o
                0x10005c18                usbd_edpt_open
 .text.usbd_edpt_claim
                0x10005c5c       0x24 CMakeFiles/pds200Pico2.dir/home/pdsilva/.pico-sdk/sdk/2.2.0/lib/tinyusb/src/device/usbd.c.o
                0x10005c5c                usbd_edpt_claim
 .text.usbd_edpt_release
                0x10005c80       0x24 CMakeFiles/pds200Pico2.dir/home/pdsilva/.pico-sdk/sdk/2.2.0/lib/tinyusb/src/device/usbd.c.o
                0x10005c80                usbd_edpt_release
 .text.usbd_edpt_xfer
                0x10005ca4       0x70 CMakeFiles/pds200Pico2.dir/home/pdsilva/.pico-sdk/sdk/2.2.0/lib/tinyusb/src/device/usbd.c.o
                0x10005ca4                usbd_edpt_xfer
 .text.tud_control_status
                0x10005d14       0x34 CMakeFiles/pds200Pico2.dir/home/pdsilva/.pico-sdk/sdk/2.2.0/lib/tinyusb/src/device/usbd_control.c.o
                0x10005d14                tud_control_status
 .text.tud_control_xfer
                0x10005d48       0xb0 CMakeFiles/pds200Pico2.dir/home/pdsilva/.pico-sdk/sdk/2.2.0/lib/tinyusb/src/device/usbd_control.c.o
                0x10005d48                tud_control_xfer
 .text.usbd_control_reset
                0x10005df8       0x14 CMakeFiles/pds200Pico2.dir/home/pdsilva/.pico-sdk/sdk/2.2.0/lib/tinyusb/src/device/usbd_control.c.o
                0x10005df8                usbd_control_reset
 .text.usbd_control_set_complete_callback
                0x10005e0c        0xc CMakeFiles/pds200Pico2.dir/home/pdsilva/.pico-sdk/sdk/2.2.0/lib/tinyusb/src/device/usbd_control.c.o
                0x10005e0c                usbd_control_set_complete_callback
 .text.usbd_control_set_request
                0x10005e18       0x1c CMakeFiles/pds200Pico2.dir/home/pdsilva/.pico-sdk/sdk/2.2.0/lib/tinyusb/src/device/usbd_control.c.o
                0x10005e18                usbd_control_set_request
 .text.usbd_control_xfer_cb
                0x10005e34      0x100 CMakeFiles/pds200Pico2.dir/home/pdsilva/.pico-sdk/sdk/2.2.0/lib/tinyusb/src/device/usbd_control.c.o
                0x10005e34                usbd_control_xfer_cb
 .text._prep_out_transaction.isra.0
                0x10005f34       0x74 CMakeFiles/pds200Pico2.dir/home/pdsilva/.pico-sdk/sdk/2.2.0/lib/tinyusb/src/class/cdc/cdc_device.c.o
 .text.tud_cdc_n_connected
                0x10005fa8       0x2c CMakeFiles/pds200Pico2.dir/home/pdsilva/.pico-sdk/sdk/2.2.0/lib/tinyusb/src/class/cdc/cdc_device.c.o
                0x10005fa8                tud_cdc_n_connected
 .text.tud_cdc_n_available
                0x10005fd4       0x14 CMakeFiles/pds200Pico2.dir/home/pdsilva/.pico-sdk/sdk/2.2.0/lib/tinyusb/src/class/cdc/cdc_device.c.o
                0x10005fd4                tud_cdc_n_available
 .text.tud_cdc_n_read
                0x10005fe8       0x90 CMakeFiles/pds200Pico2.dir/home/pdsilva/.pico-sdk/sdk/2.2.0/lib/tinyusb/src/class/cdc/cdc_device.c.o
                0x10005fe8                tud_cdc_n_read
 .text.tud_cdc_n_write_flush
                0x10006078       0x8c CMakeFiles/pds200Pico2.dir/home/pdsilva/.pico-sdk/sdk/2.2.0/lib/tinyusb/src/class/cdc/cdc_device.c.o
                0x10006078                tud_cdc_n_write_flush
 .text.tud_cdc_n_write
                0x10006104       0x40 CMakeFiles/pds200Pico2.dir/home/pdsilva/.pico-sdk/sdk/2.2.0/lib/tinyusb/src/class/cdc/cdc_device.c.o
                0x10006104                tud_cdc_n_write
 .text.tud_cdc_n_write_available
                0x10006144       0x14 CMakeFiles/pds200Pico2.dir/home/pdsilva/.pico-sdk/sdk/2.2.0/lib/tinyusb/src/class/cdc/cdc_device.c.o
                0x10006144                tud_cdc_n_write_available
 .text.cdcd_init
                0x10006158       0x70 CMakeFiles/pds200Pico2.dir/home/pdsilva/.pico-sdk/sdk/2.2.0/lib/tinyusb/src/class/cdc/cdc_device.c.o
                0x10006158                cdcd_init
 .text.cdcd_deinit
                0x100061c8       0x30 CMakeFiles/pds200Pico2.dir/home/pdsilva/.pico-sdk/sdk/2.2.0/lib/tinyusb/src/class/cdc/cdc_device.c.o
                0x100061c8                cdcd_deinit
 .text.cdcd_reset
                0x100061f8       0x4c CMakeFiles/pds200Pico2.dir/home/pdsilva/.pico-sdk/sdk/2.2.0/lib/tinyusb/src/class/cdc/cdc_device.c.o
                0x100061f8                cdcd_reset
 .text.cdcd_open
                0x10006244       0xc0 CMakeFiles/pds200Pico2.dir/home/pdsilva/.pico-sdk/sdk/2.2.0/lib/tinyusb/src/class/cdc/cdc_device.c.o
                0x10006244                cdcd_open
 .text.cdcd_control_xfer_cb
                0x10006304       0xc0 CMakeFiles/pds200Pico2.dir/home/pdsilva/.pico-sdk/sdk/2.2.0/lib/tinyusb/src/class/cdc/cdc_device.c.o
                0x10006304                cdcd_control_xfer_cb
 .text.cdcd_xfer_cb
                0x100063c4       0xf8 CMakeFiles/pds200Pico2.dir/home/pdsilva/.pico-sdk/sdk/2.2.0/lib/tinyusb/src/class/cdc/cdc_device.c.o
                0x100063c4                cdcd_xfer_cb
 .text.vendord_init
                0x100064bc       0x5c CMakeFiles/pds200Pico2.dir/home/pdsilva/.pico-sdk/sdk/2.2.0/lib/tinyusb/src/class/vendor/vendor_device.c.o
                0x100064bc                vendord_init
 .text.vendord_deinit
                0x10006518       0x1c CMakeFiles/pds200Pico2.dir/home/pdsilva/.pico-sdk/sdk/2.2.0/lib/tinyusb/src/class/vendor/vendor_device.c.o
                0x10006518                vendord_deinit
 .text.vendord_reset
                0x10006534       0x24 CMakeFiles/pds200Pico2.dir/home/pdsilva/.pico-sdk/sdk/2.2.0/lib/tinyusb/src/class/vendor/vendor_device.c.o
                0x10006534                vendord_reset
 .text.vendord_open
                0x10006558       0xf4 CMakeFiles/pds200Pico2.dir/home/pdsilva/.pico-sdk/sdk/2.2.0/lib/tinyusb/src/class/vendor/vendor_device.c.o
                0x10006558                vendord_open
 .text.vendord_xfer_cb
                0x1000664c       0x88 CMakeFiles/pds200Pico2.dir/home/pdsilva/.pico-sdk/sdk/2.2.0/lib/tinyusb/src/class/vendor/vendor_device.c.o
                0x1000664c                vendord_xfer_cb
 .text.tusb_rhport_init
                0x100066d4       0x64 CMakeFiles/pds200Pico2.dir/home/pdsilva/.pico-sdk/sdk/2.2.0/lib/tinyusb/src/tusb.c.o
                0x100066d4                tusb_rhport_init
 .text.tu_edpt_claim
                0x10006738       0x54 CMakeFiles/pds200Pico2.dir/home/pdsilva/.pico-sdk/sdk/2.2.0/lib/tinyusb/src/tusb.c.o
                0x10006738                tu_edpt_claim
 .text.tu_edpt_release
                0x1000678c       0x38 CMakeFiles/pds200Pico2.dir/home/pdsilva/.pico-sdk/sdk/2.2.0/lib/tinyusb/src/tusb.c.o
                0x1000678c                tu_edpt_release
 .text.tu_edpt_validate
                0x100067c4       0x60 CMakeFiles/pds200Pico2.dir/home/pdsilva/.pico-sdk/sdk/2.2.0/lib/tinyusb/src/tusb.c.o
                0x100067c4                tu_edpt_validate
 .text.tu_edpt_bind_driver
                0x10006824       0x58 CMakeFiles/pds200Pico2.dir/home/pdsilva/.pico-sdk/sdk/2.2.0/lib/tinyusb/src/tusb.c.o
                0x10006824                tu_edpt_bind_driver
 .text.tu_edpt_stream_init
                0x1000687c       0x58 CMakeFiles/pds200Pico2.dir/home/pdsilva/.pico-sdk/sdk/2.2.0/lib/tinyusb/src/tusb.c.o
                0x1000687c                tu_edpt_stream_init
 .text.tu_edpt_stream_deinit
                0x100068d4        0x4 CMakeFiles/pds200Pico2.dir/home/pdsilva/.pico-sdk/sdk/2.2.0/lib/tinyusb/src/tusb.c.o
                0x100068d4                tu_edpt_stream_deinit
 .text.tu_edpt_stream_write_zlp_if_needed
                0x100068d8       0x68 CMakeFiles/pds200Pico2.dir/home/pdsilva/.pico-sdk/sdk/2.2.0/lib/tinyusb/src/tusb.c.o
                0x100068d8                tu_edpt_stream_write_zlp_if_needed
 .text.tu_edpt_stream_write_xfer
                0x10006940       0x70 CMakeFiles/pds200Pico2.dir/home/pdsilva/.pico-sdk/sdk/2.2.0/lib/tinyusb/src/tusb.c.o
                0x10006940                tu_edpt_stream_write_xfer
 .text.tu_edpt_stream_read_xfer
                0x100069b0       0xc8 CMakeFiles/pds200Pico2.dir/home/pdsilva/.pico-sdk/sdk/2.2.0/lib/tinyusb/src/tusb.c.o
                0x100069b0                tu_edpt_stream_read_xfer
 .text.tu_fifo_config
                0x10006a78       0x60 CMakeFiles/pds200Pico2.dir/home/pdsilva/.pico-sdk/sdk/2.2.0/lib/tinyusb/src/common/tusb_fifo.c.o
                0x10006a78                tu_fifo_config
 .text.tu_fifo_count
                0x10006ad8       0x20 CMakeFiles/pds200Pico2.dir/home/pdsilva/.pico-sdk/sdk/2.2.0/lib/tinyusb/src/common/tusb_fifo.c.o
                0x10006ad8                tu_fifo_count
 .text.tu_fifo_empty
                0x10006af8       0x14 CMakeFiles/pds200Pico2.dir/home/pdsilva/.pico-sdk/sdk/2.2.0/lib/tinyusb/src/common/tusb_fifo.c.o
                0x10006af8                tu_fifo_empty
 .text.tu_fifo_remaining
                0x10006b0c       0x24 CMakeFiles/pds200Pico2.dir/home/pdsilva/.pico-sdk/sdk/2.2.0/lib/tinyusb/src/common/tusb_fifo.c.o
                0x10006b0c                tu_fifo_remaining
 .text.tu_fifo_read
                0x10006b30       0x94 CMakeFiles/pds200Pico2.dir/home/pdsilva/.pico-sdk/sdk/2.2.0/lib/tinyusb/src/common/tusb_fifo.c.o
                0x10006b30                tu_fifo_read
 .text.tu_fifo_read_n
                0x10006bc4       0xd8 CMakeFiles/pds200Pico2.dir/home/pdsilva/.pico-sdk/sdk/2.2.0/lib/tinyusb/src/common/tusb_fifo.c.o
                0x10006bc4                tu_fifo_read_n
 .text.tu_fifo_write
                0x10006c9c       0xa4 CMakeFiles/pds200Pico2.dir/home/pdsilva/.pico-sdk/sdk/2.2.0/lib/tinyusb/src/common/tusb_fifo.c.o
                0x10006c9c                tu_fifo_write
 .text.tu_fifo_write_n
                0x10006d40      0x15c CMakeFiles/pds200Pico2.dir/home/pdsilva/.pico-sdk/sdk/2.2.0/lib/tinyusb/src/common/tusb_fifo.c.o
                0x10006d40                tu_fifo_write_n
 .text.tu_fifo_clear
                0x10006e9c       0x38 CMakeFiles/pds200Pico2.dir/home/pdsilva/.pico-sdk/sdk/2.2.0/lib/tinyusb/src/common/tusb_fifo.c.o
                0x10006e9c                tu_fifo_clear
 .text.tu_fifo_set_overwritable
                0x10006ed4       0x3c CMakeFiles/pds200Pico2.dir/home/pdsilva/.pico-sdk/sdk/2.2.0/lib/tinyusb/src/common/tusb_fifo.c.o
                0x10006ed4                tu_fifo_set_overwritable
 .text.pio_claim_unused_sm
                0x10006f10       0x38 CMakeFiles/pds200Pico2.dir/home/pdsilva/.pico-sdk/sdk/2.2.0/src/rp2_common/hardware_pio/pio.c.o
                0x10006f10                pio_claim_unused_sm
 .text.pio_add_program
                0x10006f48       0xf4 CMakeFiles/pds200Pico2.dir/home/pdsilva/.pico-sdk/sdk/2.2.0/src/rp2_common/hardware_pio/pio.c.o
                0x10006f48                pio_add_program
 .text.pio_sm_set_pindirs_with_mask
                0x1000703c       0x6c CMakeFiles/pds200Pico2.dir/home/pdsilva/.pico-sdk/sdk/2.2.0/src/rp2_common/hardware_pio/pio.c.o
                0x1000703c                pio_sm_set_pindirs_with_mask
 .text.pio_sm_set_pindirs_with_mask64
                0x100070a8       0x68 CMakeFiles/pds200Pico2.dir/home/pdsilva/.pico-sdk/sdk/2.2.0/src/rp2_common/hardware_pio/pio.c.o
                0x100070a8                pio_sm_set_pindirs_with_mask64
 .text.pio_sm_set_consecutive_pindirs
                0x10007110       0x8c CMakeFiles/pds200Pico2.dir/home/pdsilva/.pico-sdk/sdk/2.2.0/src/rp2_common/hardware_pio/pio.c.o
                0x10007110                pio_sm_set_consecutive_pindirs
 .text.pio_sm_init
                0x1000719c       0xa8 CMakeFiles/pds200Pico2.dir/home/pdsilva/.pico-sdk/sdk/2.2.0/src/rp2_common/hardware_pio/pio.c.o
                0x1000719c                pio_sm_init
 .text.pio_claim_free_sm_and_add_program_for_gpio_range
                0x10007244      0x170 CMakeFiles/pds200Pico2.dir/home/pdsilva/.pico-sdk/sdk/2.2.0/src/rp2_common/hardware_pio/pio.c.o
                0x10007244                pio_claim_free_sm_and_add_program_for_gpio_range
 .text.pio_remove_program_and_unclaim_sm
                0x100073b4       0x4c CMakeFiles/pds200Pico2.dir/home/pdsilva/.pico-sdk/sdk/2.2.0/src/rp2_common/hardware_pio/pio.c.o
                0x100073b4                pio_remove_program_and_unclaim_sm
 .text.dma_channel_unclaim
                0x10007400        0xc CMakeFiles/pds200Pico2.dir/home/pdsilva/.pico-sdk/sdk/2.2.0/src/rp2_common/hardware_dma/dma.c.o
                0x10007400                dma_channel_unclaim
 .text.dma_claim_unused_channel
                0x1000740c       0x20 CMakeFiles/pds200Pico2.dir/home/pdsilva/.pico-sdk/sdk/2.2.0/src/rp2_common/hardware_dma/dma.c.o
                0x1000740c                dma_claim_unused_channel
 .text.dma_channel_cleanup
                0x1000742c       0x50 CMakeFiles/pds200Pico2.dir/home/pdsilva/.pico-sdk/sdk/2.2.0/src/rp2_common/hardware_dma/dma.c.o
                0x1000742c                dma_channel_cleanup
 .text.core1_trampoline
                0x1000747c        0x4 CMakeFiles/pds200Pico2.dir/home/pdsilva/.pico-sdk/sdk/2.2.0/src/rp2_common/pico_multicore/multicore.c.o
 .text.core1_wrapper
                0x10007480       0x10 CMakeFiles/pds200Pico2.dir/home/pdsilva/.pico-sdk/sdk/2.2.0/src/rp2_common/pico_multicore/multicore.c.o
                0x10007480                core1_wrapper
 .text.multicore_launch_core1_raw
                0x10007490       0x84 CMakeFiles/pds200Pico2.dir/home/pdsilva/.pico-sdk/sdk/2.2.0/src/rp2_common/pico_multicore/multicore.c.o
                0x10007490                multicore_launch_core1_raw
 .text.multicore_launch_core1
                0x10007514       0x48 CMakeFiles/pds200Pico2.dir/home/pdsilva/.pico-sdk/sdk/2.2.0/src/rp2_common/pico_multicore/multicore.c.o
                0x10007514                multicore_launch_core1
 .text.lwip_timeout_reached
                0x1000755c        0x4 CMakeFiles/pds200Pico2.dir/home/pdsilva/.pico-sdk/sdk/2.2.0/src/rp2_common/pico_lwip/lwip_nosys.c.o
 .text.update_next_timeout
                0x10007560       0x5c CMakeFiles/pds200Pico2.dir/home/pdsilva/.pico-sdk/sdk/2.2.0/src/rp2_common/pico_lwip/lwip_nosys.c.o
 .text.lwip_nosys_init
                0x100075bc       0x30 CMakeFiles/pds200Pico2.dir/home/pdsilva/.pico-sdk/sdk/2.2.0/src/rp2_common/pico_lwip/lwip_nosys.c.o
                0x100075bc                lwip_nosys_init
 .text.lwip_nosys_deinit
                0x100075ec       0x24 CMakeFiles/pds200Pico2.dir/home/pdsilva/.pico-sdk/sdk/2.2.0/src/rp2_common/pico_lwip/lwip_nosys.c.o
                0x100075ec                lwip_nosys_deinit
 .text.sys_arch_protect
                0x10007610        0x4 CMakeFiles/pds200Pico2.dir/home/pdsilva/.pico-sdk/sdk/2.2.0/src/rp2_common/pico_lwip/lwip_nosys.c.o
                0x10007610                sys_arch_protect
 .text.sys_arch_unprotect
                0x10007614        0x4 CMakeFiles/pds200Pico2.dir/home/pdsilva/.pico-sdk/sdk/2.2.0/src/rp2_common/pico_lwip/lwip_nosys.c.o
                0x10007614                sys_arch_unprotect
 .text.sys_now  0x10007618       0x24 CMakeFiles/pds200Pico2.dir/home/pdsilva/.pico-sdk/sdk/2.2.0/src/rp2_common/pico_lwip/lwip_nosys.c.o
                0x10007618                sys_now
 .text.async_context_base_add_at_time_worker
                0x1000763c       0x24 CMakeFiles/pds200Pico2.dir/home/pdsilva/.pico-sdk/sdk/2.2.0/src/rp2_common/pico_async_context/async_context_base.c.o
                0x1000763c                async_context_base_add_at_time_worker
 .text.async_context_base_remove_at_time_worker
                0x10007660       0x20 CMakeFiles/pds200Pico2.dir/home/pdsilva/.pico-sdk/sdk/2.2.0/src/rp2_common/pico_async_context/async_context_base.c.o
                0x10007660                async_context_base_remove_at_time_worker
 .text.async_context_base_add_when_pending_worker
                0x10007680       0x20 CMakeFiles/pds200Pico2.dir/home/pdsilva/.pico-sdk/sdk/2.2.0/src/rp2_common/pico_async_context/async_context_base.c.o
                0x10007680                async_context_base_add_when_pending_worker
 .text.async_context_base_remove_when_pending_worker
                0x100076a0       0x20 CMakeFiles/pds200Pico2.dir/home/pdsilva/.pico-sdk/sdk/2.2.0/src/rp2_common/pico_async_context/async_context_base.c.o
                0x100076a0                async_context_base_remove_when_pending_worker
 .text.async_context_base_execute_once
                0x100076c0       0xd8 CMakeFiles/pds200Pico2.dir/home/pdsilva/.pico-sdk/sdk/2.2.0/src/rp2_common/pico_async_context/async_context_base.c.o
                0x100076c0                async_context_base_execute_once
 .text.async_context_base_needs_servicing
                0x10007798       0x3c CMakeFiles/pds200Pico2.dir/home/pdsilva/.pico-sdk/sdk/2.2.0/src/rp2_common/pico_async_context/async_context_base.c.o
                0x10007798                async_context_base_needs_servicing
 .text.splitmix64
                0x100077d4       0x70 CMakeFiles/pds200Pico2.dir/home/pdsilva/.pico-sdk/sdk/2.2.0/src/rp2_common/pico_rand/rand.c.o
 .text.capture_additional_trng_samples
                0x10007844       0xa0 CMakeFiles/pds200Pico2.dir/home/pdsilva/.pico-sdk/sdk/2.2.0/src/rp2_common/pico_rand/rand.c.o
 .text.xoroshiro128ss
                0x100078e4       0x8c CMakeFiles/pds200Pico2.dir/home/pdsilva/.pico-sdk/sdk/2.2.0/src/rp2_common/pico_rand/rand.c.o
 .text.get_rand_64
                0x10007970      0x188 CMakeFiles/pds200Pico2.dir/home/pdsilva/.pico-sdk/sdk/2.2.0/src/rp2_common/pico_rand/rand.c.o
                0x10007970                get_rand_64
 .text.get_rand_32
                0x10007af8        0x8 CMakeFiles/pds200Pico2.dir/home/pdsilva/.pico-sdk/sdk/2.2.0/src/rp2_common/pico_rand/rand.c.o
                0x10007af8                get_rand_32
 .text.lwip_init
                0x10007b00       0x28 CMakeFiles/pds200Pico2.dir/home/pdsilva/.pico-sdk/sdk/2.2.0/lib/lwip/src/core/init.c.o
                0x10007b00                lwip_init
 .text.lwip_htons
                0x10007b28        0x8 CMakeFiles/pds200Pico2.dir/home/pdsilva/.pico-sdk/sdk/2.2.0/lib/lwip/src/core/def.c.o
                0x10007b28                lwip_htons
 .text.lwip_htonl
                0x10007b30        0x4 CMakeFiles/pds200Pico2.dir/home/pdsilva/.pico-sdk/sdk/2.2.0/lib/lwip/src/core/def.c.o
                0x10007b30                lwip_htonl
 .text.dns_call_found
                0x10007b34      0x15c CMakeFiles/pds200Pico2.dir/home/pdsilva/.pico-sdk/sdk/2.2.0/lib/lwip/src/core/dns.c.o
 .text.dns_send.isra.0
                0x10007c90      0x168 CMakeFiles/pds200Pico2.dir/home/pdsilva/.pico-sdk/sdk/2.2.0/lib/lwip/src/core/dns.c.o
 .text.dns_init
                0x10007df8        0x4 CMakeFiles/pds200Pico2.dir/home/pdsilva/.pico-sdk/sdk/2.2.0/lib/lwip/src/core/dns.c.o
                0x10007df8                dns_init
 .text.dns_setserver
                0x10007dfc       0x28 CMakeFiles/pds200Pico2.dir/home/pdsilva/.pico-sdk/sdk/2.2.0/lib/lwip/src/core/dns.c.o
                0x10007dfc                dns_setserver
 .text.dns_tmr  0x10007e24      0x134 CMakeFiles/pds200Pico2.dir/home/pdsilva/.pico-sdk/sdk/2.2.0/lib/lwip/src/core/dns.c.o
                0x10007e24                dns_tmr
 .text.lwip_standard_chksum
                0x10007f58       0x74 CMakeFiles/pds200Pico2.dir/home/pdsilva/.pico-sdk/sdk/2.2.0/lib/lwip/src/core/inet_chksum.c.o
                0x10007f58                lwip_standard_chksum
 .text.inet_chksum_pseudo
                0x10007fcc       0x88 CMakeFiles/pds200Pico2.dir/home/pdsilva/.pico-sdk/sdk/2.2.0/lib/lwip/src/core/inet_chksum.c.o
                0x10007fcc                inet_chksum_pseudo
 .text.ip_chksum_pseudo
                0x10008054        0x4 CMakeFiles/pds200Pico2.dir/home/pdsilva/.pico-sdk/sdk/2.2.0/lib/lwip/src/core/inet_chksum.c.o
                0x10008054                ip_chksum_pseudo
 .text.inet_chksum
                0x10008058       0x88 CMakeFiles/pds200Pico2.dir/home/pdsilva/.pico-sdk/sdk/2.2.0/lib/lwip/src/core/inet_chksum.c.o
                0x10008058                inet_chksum
 .text.inet_chksum_pbuf
                0x100080e0       0x48 CMakeFiles/pds200Pico2.dir/home/pdsilva/.pico-sdk/sdk/2.2.0/lib/lwip/src/core/inet_chksum.c.o
                0x100080e0                inet_chksum_pbuf
 .text.mem_init
                0x10008128       0x58 CMakeFiles/pds200Pico2.dir/home/pdsilva/.pico-sdk/sdk/2.2.0/lib/lwip/src/core/mem.c.o
                0x10008128                mem_init
 .text.mem_free
                0x10008180      0x134 CMakeFiles/pds200Pico2.dir/home/pdsilva/.pico-sdk/sdk/2.2.0/lib/lwip/src/core/mem.c.o
                0x10008180                mem_free
 .text.mem_trim
                0x100082b4      0x140 CMakeFiles/pds200Pico2.dir/home/pdsilva/.pico-sdk/sdk/2.2.0/lib/lwip/src/core/mem.c.o
                0x100082b4                mem_trim
 .text.mem_malloc
                0x100083f4      0x160 CMakeFiles/pds200Pico2.dir/home/pdsilva/.pico-sdk/sdk/2.2.0/lib/lwip/src/core/mem.c.o
                0x100083f4                mem_malloc
 .text.memp_init
                0x10008554       0x74 CMakeFiles/pds200Pico2.dir/home/pdsilva/.pico-sdk/sdk/2.2.0/lib/lwip/src/core/memp.c.o
                0x10008554                memp_init
 .text.memp_malloc
                0x100085c8       0x5c CMakeFiles/pds200Pico2.dir/home/pdsilva/.pico-sdk/sdk/2.2.0/lib/lwip/src/core/memp.c.o
                0x100085c8                memp_malloc
 .text.memp_free
                0x10008624       0x44 CMakeFiles/pds200Pico2.dir/home/pdsilva/.pico-sdk/sdk/2.2.0/lib/lwip/src/core/memp.c.o
                0x10008624                memp_free
 .text.netif_null_output_ip4
                0x10008668        0x8 CMakeFiles/pds200Pico2.dir/home/pdsilva/.pico-sdk/sdk/2.2.0/lib/lwip/src/core/netif.c.o
 .text.netif_init
                0x10008670        0x4 CMakeFiles/pds200Pico2.dir/home/pdsilva/.pico-sdk/sdk/2.2.0/lib/lwip/src/core/netif.c.o
                0x10008670                netif_init
 .text.netif_add
                0x10008674      0x160 CMakeFiles/pds200Pico2.dir/home/pdsilva/.pico-sdk/sdk/2.2.0/lib/lwip/src/core/netif.c.o
                0x10008674                netif_add
 .text.netif_set_addr
                0x100087d4       0xc0 CMakeFiles/pds200Pico2.dir/home/pdsilva/.pico-sdk/sdk/2.2.0/lib/lwip/src/core/netif.c.o
                0x100087d4                netif_set_addr
 .text.netif_remove
                0x10008894       0x90 CMakeFiles/pds200Pico2.dir/home/pdsilva/.pico-sdk/sdk/2.2.0/lib/lwip/src/core/netif.c.o
                0x10008894                netif_remove
 .text.netif_set_default
                0x10008924        0xc CMakeFiles/pds200Pico2.dir/home/pdsilva/.pico-sdk/sdk/2.2.0/lib/lwip/src/core/netif.c.o
                0x10008924                netif_set_default
 .text.netif_set_up
                0x10008930       0x1c CMakeFiles/pds200Pico2.dir/home/pdsilva/.pico-sdk/sdk/2.2.0/lib/lwip/src/core/netif.c.o
                0x10008930                netif_set_up
 .text.netif_set_link_up
                0x1000894c       0x2c CMakeFiles/pds200Pico2.dir/home/pdsilva/.pico-sdk/sdk/2.2.0/lib/lwip/src/core/netif.c.o
                0x1000894c                netif_set_link_up
 .text.netif_set_link_down
                0x10008978       0x2c CMakeFiles/pds200Pico2.dir/home/pdsilva/.pico-sdk/sdk/2.2.0/lib/lwip/src/core/netif.c.o
                0x10008978                netif_set_link_down
 .text.netif_get_by_index
                0x100089a4       0x24 CMakeFiles/pds200Pico2.dir/home/pdsilva/.pico-sdk/sdk/2.2.0/lib/lwip/src/core/netif.c.o
                0x100089a4                netif_get_by_index
 .text.pbuf_free.part.0
                0x100089c8       0x90 CMakeFiles/pds200Pico2.dir/home/pdsilva/.pico-sdk/sdk/2.2.0/lib/lwip/src/core/pbuf.c.o
 .text.pbuf_free_ooseq
                0x10008a58       0x34 CMakeFiles/pds200Pico2.dir/home/pdsilva/.pico-sdk/sdk/2.2.0/lib/lwip/src/core/pbuf.c.o
                0x10008a58                pbuf_free_ooseq
 .text.pbuf_alloc
                0x10008a8c      0x124 CMakeFiles/pds200Pico2.dir/home/pdsilva/.pico-sdk/sdk/2.2.0/lib/lwip/src/core/pbuf.c.o
                0x10008a8c                pbuf_alloc
 .text.pbuf_alloced_custom
                0x10008bb0       0x40 CMakeFiles/pds200Pico2.dir/home/pdsilva/.pico-sdk/sdk/2.2.0/lib/lwip/src/core/pbuf.c.o
                0x10008bb0                pbuf_alloced_custom
 .text.pbuf_realloc
                0x10008bf0       0x8c CMakeFiles/pds200Pico2.dir/home/pdsilva/.pico-sdk/sdk/2.2.0/lib/lwip/src/core/pbuf.c.o
                0x10008bf0                pbuf_realloc
 .text.pbuf_add_header
                0x10008c7c       0x4c CMakeFiles/pds200Pico2.dir/home/pdsilva/.pico-sdk/sdk/2.2.0/lib/lwip/src/core/pbuf.c.o
                0x10008c7c                pbuf_add_header
 .text.pbuf_remove_header
                0x10008cc8       0x38 CMakeFiles/pds200Pico2.dir/home/pdsilva/.pico-sdk/sdk/2.2.0/lib/lwip/src/core/pbuf.c.o
                0x10008cc8                pbuf_remove_header
 .text.pbuf_header_force
                0x10008d00       0x68 CMakeFiles/pds200Pico2.dir/home/pdsilva/.pico-sdk/sdk/2.2.0/lib/lwip/src/core/pbuf.c.o
                0x10008d00                pbuf_header_force
 .text.pbuf_free
                0x10008d68       0x14 CMakeFiles/pds200Pico2.dir/home/pdsilva/.pico-sdk/sdk/2.2.0/lib/lwip/src/core/pbuf.c.o
                0x10008d68                pbuf_free
 .text.pbuf_clen
                0x10008d7c       0x14 CMakeFiles/pds200Pico2.dir/home/pdsilva/.pico-sdk/sdk/2.2.0/lib/lwip/src/core/pbuf.c.o
                0x10008d7c                pbuf_clen
 .text.pbuf_ref
                0x10008d90       0x28 CMakeFiles/pds200Pico2.dir/home/pdsilva/.pico-sdk/sdk/2.2.0/lib/lwip/src/core/pbuf.c.o
                0x10008d90                pbuf_ref
 .text.pbuf_cat
                0x10008db8       0x50 CMakeFiles/pds200Pico2.dir/home/pdsilva/.pico-sdk/sdk/2.2.0/lib/lwip/src/core/pbuf.c.o
                0x10008db8                pbuf_cat
 .text.pbuf_chain
                0x10008e08       0x68 CMakeFiles/pds200Pico2.dir/home/pdsilva/.pico-sdk/sdk/2.2.0/lib/lwip/src/core/pbuf.c.o
                0x10008e08                pbuf_chain
 .text.pbuf_copy_partial_pbuf
                0x10008e70      0x148 CMakeFiles/pds200Pico2.dir/home/pdsilva/.pico-sdk/sdk/2.2.0/lib/lwip/src/core/pbuf.c.o
                0x10008e70                pbuf_copy_partial_pbuf
 .text.pbuf_copy
                0x10008fb8       0x10 CMakeFiles/pds200Pico2.dir/home/pdsilva/.pico-sdk/sdk/2.2.0/lib/lwip/src/core/pbuf.c.o
                0x10008fb8                pbuf_copy
 .text.pbuf_copy_partial
                0x10008fc8       0x7c CMakeFiles/pds200Pico2.dir/home/pdsilva/.pico-sdk/sdk/2.2.0/lib/lwip/src/core/pbuf.c.o
                0x10008fc8                pbuf_copy_partial
 .text.pbuf_take
                0x10009044       0x6c CMakeFiles/pds200Pico2.dir/home/pdsilva/.pico-sdk/sdk/2.2.0/lib/lwip/src/core/pbuf.c.o
                0x10009044                pbuf_take
 .text.pbuf_take_at
                0x100090b0       0xb4 CMakeFiles/pds200Pico2.dir/home/pdsilva/.pico-sdk/sdk/2.2.0/lib/lwip/src/core/pbuf.c.o
                0x100090b0                pbuf_take_at
 .text.pbuf_clone
                0x10009164       0x2c CMakeFiles/pds200Pico2.dir/home/pdsilva/.pico-sdk/sdk/2.2.0/lib/lwip/src/core/pbuf.c.o
                0x10009164                pbuf_clone
 .text.pbuf_put_at
                0x10009190       0x1c CMakeFiles/pds200Pico2.dir/home/pdsilva/.pico-sdk/sdk/2.2.0/lib/lwip/src/core/pbuf.c.o
                0x10009190                pbuf_put_at
 .text.raw_input
                0x100091ac      0x124 CMakeFiles/pds200Pico2.dir/home/pdsilva/.pico-sdk/sdk/2.2.0/lib/lwip/src/core/raw.c.o
                0x100091ac                raw_input
 .text.raw_netif_ip_addr_changed
                0x100092d0       0x3c CMakeFiles/pds200Pico2.dir/home/pdsilva/.pico-sdk/sdk/2.2.0/lib/lwip/src/core/raw.c.o
                0x100092d0                raw_netif_ip_addr_changed
 .text.stats_init
                0x1000930c        0x4 CMakeFiles/pds200Pico2.dir/home/pdsilva/.pico-sdk/sdk/2.2.0/lib/lwip/src/core/stats.c.o
                0x1000930c                stats_init
 .text.tcp_close_shutdown_fin
                0x10009310       0x4c CMakeFiles/pds200Pico2.dir/home/pdsilva/.pico-sdk/sdk/2.2.0/lib/lwip/src/core/tcp.c.o
 .text.tcp_pcb_purge.part.0
                0x1000935c       0xb0 CMakeFiles/pds200Pico2.dir/home/pdsilva/.pico-sdk/sdk/2.2.0/lib/lwip/src/core/tcp.c.o
 .text.tcp_init
                0x1000940c       0x18 CMakeFiles/pds200Pico2.dir/home/pdsilva/.pico-sdk/sdk/2.2.0/lib/lwip/src/core/tcp.c.o
                0x1000940c                tcp_init
 .text.tcp_free
                0x10009424       0x20 CMakeFiles/pds200Pico2.dir/home/pdsilva/.pico-sdk/sdk/2.2.0/lib/lwip/src/core/tcp.c.o
                0x10009424                tcp_free
 .text.tcp_bind
                0x10009444       0xd0 CMakeFiles/pds200Pico2.dir/home/pdsilva/.pico-sdk/sdk/2.2.0/lib/lwip/src/core/tcp.c.o
                0x10009444                tcp_bind
 .text.tcp_listen_with_backlog
                0x10009514       0xa0 CMakeFiles/pds200Pico2.dir/home/pdsilva/.pico-sdk/sdk/2.2.0/lib/lwip/src/core/tcp.c.o
                0x10009514                tcp_listen_with_backlog
 .text.tcp_update_rcv_ann_wnd
                0x100095b4       0x58 CMakeFiles/pds200Pico2.dir/home/pdsilva/.pico-sdk/sdk/2.2.0/lib/lwip/src/core/tcp.c.o
                0x100095b4                tcp_update_rcv_ann_wnd
 .text.tcp_recved
                0x1000960c       0x90 CMakeFiles/pds200Pico2.dir/home/pdsilva/.pico-sdk/sdk/2.2.0/lib/lwip/src/core/tcp.c.o
                0x1000960c                tcp_recved
 .text.tcp_slowtmr
                0x1000969c      0x4c4 CMakeFiles/pds200Pico2.dir/home/pdsilva/.pico-sdk/sdk/2.2.0/lib/lwip/src/core/tcp.c.o
                0x1000969c                tcp_slowtmr
 .text.tcp_segs_free
                0x10009b60       0x34 CMakeFiles/pds200Pico2.dir/home/pdsilva/.pico-sdk/sdk/2.2.0/lib/lwip/src/core/tcp.c.o
                0x10009b60                tcp_segs_free
 .text.tcp_seg_free
                0x10009b94       0x1c CMakeFiles/pds200Pico2.dir/home/pdsilva/.pico-sdk/sdk/2.2.0/lib/lwip/src/core/tcp.c.o
                0x10009b94                tcp_seg_free
 .text.tcp_seg_copy
                0x10009bb0       0x34 CMakeFiles/pds200Pico2.dir/home/pdsilva/.pico-sdk/sdk/2.2.0/lib/lwip/src/core/tcp.c.o
                0x10009bb0                tcp_seg_copy
 .text.tcp_arg  0x10009be4        0x8 CMakeFiles/pds200Pico2.dir/home/pdsilva/.pico-sdk/sdk/2.2.0/lib/lwip/src/core/tcp.c.o
                0x10009be4                tcp_arg
 .text.tcp_recv
                0x10009bec       0x1c CMakeFiles/pds200Pico2.dir/home/pdsilva/.pico-sdk/sdk/2.2.0/lib/lwip/src/core/tcp.c.o
                0x10009bec                tcp_recv
 .text.tcp_accept
                0x10009c08        0xc CMakeFiles/pds200Pico2.dir/home/pdsilva/.pico-sdk/sdk/2.2.0/lib/lwip/src/core/tcp.c.o
                0x10009c08                tcp_accept
 .text.tcp_pcb_purge
                0x10009c14       0x14 CMakeFiles/pds200Pico2.dir/home/pdsilva/.pico-sdk/sdk/2.2.0/lib/lwip/src/core/tcp.c.o
                0x10009c14                tcp_pcb_purge
 .text.tcp_pcb_remove
                0x10009c28       0xd4 CMakeFiles/pds200Pico2.dir/home/pdsilva/.pico-sdk/sdk/2.2.0/lib/lwip/src/core/tcp.c.o
                0x10009c28                tcp_pcb_remove
 .text.tcp_abandon
                0x10009cfc      0x188 CMakeFiles/pds200Pico2.dir/home/pdsilva/.pico-sdk/sdk/2.2.0/lib/lwip/src/core/tcp.c.o
                0x10009cfc                tcp_abandon
 .text.tcp_abort
                0x10009e84        0x8 CMakeFiles/pds200Pico2.dir/home/pdsilva/.pico-sdk/sdk/2.2.0/lib/lwip/src/core/tcp.c.o
                0x10009e84                tcp_abort
 .text.tcp_accept_null
                0x10009e8c       0x1c CMakeFiles/pds200Pico2.dir/home/pdsilva/.pico-sdk/sdk/2.2.0/lib/lwip/src/core/tcp.c.o
 .text.tcp_alloc
                0x10009ea8      0x1cc CMakeFiles/pds200Pico2.dir/home/pdsilva/.pico-sdk/sdk/2.2.0/lib/lwip/src/core/tcp.c.o
                0x10009ea8                tcp_alloc
 .text.tcp_new  0x1000a074        0x8 CMakeFiles/pds200Pico2.dir/home/pdsilva/.pico-sdk/sdk/2.2.0/lib/lwip/src/core/tcp.c.o
                0x1000a074                tcp_new
 .text.tcp_close_shutdown
                0x1000a07c      0x184 CMakeFiles/pds200Pico2.dir/home/pdsilva/.pico-sdk/sdk/2.2.0/lib/lwip/src/core/tcp.c.o
 .text.tcp_recv_null
                0x1000a200       0xc0 CMakeFiles/pds200Pico2.dir/home/pdsilva/.pico-sdk/sdk/2.2.0/lib/lwip/src/core/tcp.c.o
                0x1000a200                tcp_recv_null
 .text.tcp_process_refused_data
                0x1000a2c0       0x70 CMakeFiles/pds200Pico2.dir/home/pdsilva/.pico-sdk/sdk/2.2.0/lib/lwip/src/core/tcp.c.o
                0x1000a2c0                tcp_process_refused_data
 .text.tcp_fasttmr
                0x1000a330       0x84 CMakeFiles/pds200Pico2.dir/home/pdsilva/.pico-sdk/sdk/2.2.0/lib/lwip/src/core/tcp.c.o
                0x1000a330                tcp_fasttmr
 .text.tcp_tmr  0x1000a3b4       0x24 CMakeFiles/pds200Pico2.dir/home/pdsilva/.pico-sdk/sdk/2.2.0/lib/lwip/src/core/tcp.c.o
                0x1000a3b4                tcp_tmr
 .text.tcp_close
                0x1000a3d8      0x178 CMakeFiles/pds200Pico2.dir/home/pdsilva/.pico-sdk/sdk/2.2.0/lib/lwip/src/core/tcp.c.o
                0x1000a3d8                tcp_close
 .text.tcp_next_iss
                0x1000a550       0x24 CMakeFiles/pds200Pico2.dir/home/pdsilva/.pico-sdk/sdk/2.2.0/lib/lwip/src/core/tcp.c.o
                0x1000a550                tcp_next_iss
 .text.tcp_eff_send_mss_netif
                0x1000a574       0x28 CMakeFiles/pds200Pico2.dir/home/pdsilva/.pico-sdk/sdk/2.2.0/lib/lwip/src/core/tcp.c.o
                0x1000a574                tcp_eff_send_mss_netif
 .text.tcp_netif_ip_addr_changed
                0x1000a59c       0x94 CMakeFiles/pds200Pico2.dir/home/pdsilva/.pico-sdk/sdk/2.2.0/lib/lwip/src/core/tcp.c.o
                0x1000a59c                tcp_netif_ip_addr_changed
 .text.tcp_free_ooseq
                0x1000a630       0x38 CMakeFiles/pds200Pico2.dir/home/pdsilva/.pico-sdk/sdk/2.2.0/lib/lwip/src/core/tcp.c.o
                0x1000a630                tcp_free_ooseq
 .text.tcp_parseopt
                0x1000a668      0x1a8 CMakeFiles/pds200Pico2.dir/home/pdsilva/.pico-sdk/sdk/2.2.0/lib/lwip/src/core/tcp_in.c.o
 .text.tcp_oos_insert_segment
                0x1000a810       0x88 CMakeFiles/pds200Pico2.dir/home/pdsilva/.pico-sdk/sdk/2.2.0/lib/lwip/src/core/tcp_in.c.o
 .text.tcp_free_acked_segments.isra.0
                0x1000a898       0xb0 CMakeFiles/pds200Pico2.dir/home/pdsilva/.pico-sdk/sdk/2.2.0/lib/lwip/src/core/tcp_in.c.o
 .text.tcp_receive
                0x1000a948      0x8b0 CMakeFiles/pds200Pico2.dir/home/pdsilva/.pico-sdk/sdk/2.2.0/lib/lwip/src/core/tcp_in.c.o
 .text.tcp_input
                0x1000b1f8      0xce4 CMakeFiles/pds200Pico2.dir/home/pdsilva/.pico-sdk/sdk/2.2.0/lib/lwip/src/core/tcp_in.c.o
                0x1000b1f8                tcp_input
 .text.tcp_trigger_input_pcb_close
                0x1000bedc       0x10 CMakeFiles/pds200Pico2.dir/home/pdsilva/.pico-sdk/sdk/2.2.0/lib/lwip/src/core/tcp_in.c.o
                0x1000bedc                tcp_trigger_input_pcb_close
 .text.tcp_create_segment
                0x1000beec       0xc4 CMakeFiles/pds200Pico2.dir/home/pdsilva/.pico-sdk/sdk/2.2.0/lib/lwip/src/core/tcp_out.c.o
 .text.tcp_output_control_segment
                0x1000bfb0       0xa8 CMakeFiles/pds200Pico2.dir/home/pdsilva/.pico-sdk/sdk/2.2.0/lib/lwip/src/core/tcp_out.c.o
 .text.tcp_write
                0x1000c058      0x838 CMakeFiles/pds200Pico2.dir/home/pdsilva/.pico-sdk/sdk/2.2.0/lib/lwip/src/core/tcp_out.c.o
                0x1000c058                tcp_write
 .text.tcp_split_unsent_seg
                0x1000c890      0x180 CMakeFiles/pds200Pico2.dir/home/pdsilva/.pico-sdk/sdk/2.2.0/lib/lwip/src/core/tcp_out.c.o
                0x1000c890                tcp_split_unsent_seg
 .text.tcp_send_fin
                0x1000ca10      0x100 CMakeFiles/pds200Pico2.dir/home/pdsilva/.pico-sdk/sdk/2.2.0/lib/lwip/src/core/tcp_out.c.o
                0x1000ca10                tcp_send_fin
 .text.tcp_enqueue_flags
                0x1000cb10      0x110 CMakeFiles/pds200Pico2.dir/home/pdsilva/.pico-sdk/sdk/2.2.0/lib/lwip/src/core/tcp_out.c.o
                0x1000cb10                tcp_enqueue_flags
 .text.tcp_rexmit_rto_prepare
                0x1000cc20       0x74 CMakeFiles/pds200Pico2.dir/home/pdsilva/.pico-sdk/sdk/2.2.0/lib/lwip/src/core/tcp_out.c.o
                0x1000cc20                tcp_rexmit_rto_prepare
 .text.tcp_rexmit
                0x1000cc94       0x78 CMakeFiles/pds200Pico2.dir/home/pdsilva/.pico-sdk/sdk/2.2.0/lib/lwip/src/core/tcp_out.c.o
                0x1000cc94                tcp_rexmit
 .text.tcp_rexmit_fast
                0x1000cd0c       0x64 CMakeFiles/pds200Pico2.dir/home/pdsilva/.pico-sdk/sdk/2.2.0/lib/lwip/src/core/tcp_out.c.o
                0x1000cd0c                tcp_rexmit_fast
 .text.tcp_rst  0x1000cd70       0xb4 CMakeFiles/pds200Pico2.dir/home/pdsilva/.pico-sdk/sdk/2.2.0/lib/lwip/src/core/tcp_out.c.o
                0x1000cd70                tcp_rst
 .text.tcp_rst_netif
                0x1000ce24       0xfc CMakeFiles/pds200Pico2.dir/home/pdsilva/.pico-sdk/sdk/2.2.0/lib/lwip/src/core/tcp_out.c.o
                0x1000ce24                tcp_rst_netif
 .text.tcp_send_empty_ack
                0x1000cf20       0xc4 CMakeFiles/pds200Pico2.dir/home/pdsilva/.pico-sdk/sdk/2.2.0/lib/lwip/src/core/tcp_out.c.o
                0x1000cf20                tcp_send_empty_ack
 .text.tcp_output
                0x1000cfe4      0x398 CMakeFiles/pds200Pico2.dir/home/pdsilva/.pico-sdk/sdk/2.2.0/lib/lwip/src/core/tcp_out.c.o
                0x1000cfe4                tcp_output
 .text.tcp_rexmit_rto_commit
                0x1000d37c       0x24 CMakeFiles/pds200Pico2.dir/home/pdsilva/.pico-sdk/sdk/2.2.0/lib/lwip/src/core/tcp_out.c.o
                0x1000d37c                tcp_rexmit_rto_commit
 .text.tcp_rexmit_rto
                0x1000d3a0       0x84 CMakeFiles/pds200Pico2.dir/home/pdsilva/.pico-sdk/sdk/2.2.0/lib/lwip/src/core/tcp_out.c.o
                0x1000d3a0                tcp_rexmit_rto
 .text.tcp_keepalive
                0x1000d424       0xa8 CMakeFiles/pds200Pico2.dir/home/pdsilva/.pico-sdk/sdk/2.2.0/lib/lwip/src/core/tcp_out.c.o
                0x1000d424                tcp_keepalive
 .text.tcp_zero_window_probe
                0x1000d4cc      0x148 CMakeFiles/pds200Pico2.dir/home/pdsilva/.pico-sdk/sdk/2.2.0/lib/lwip/src/core/tcp_out.c.o
                0x1000d4cc                tcp_zero_window_probe
 .text.tcpip_tcp_timer
                0x1000d614       0x70 CMakeFiles/pds200Pico2.dir/home/pdsilva/.pico-sdk/sdk/2.2.0/lib/lwip/src/core/timeouts.c.o
 .text.lwip_cyclic_timer
                0x1000d684       0x90 CMakeFiles/pds200Pico2.dir/home/pdsilva/.pico-sdk/sdk/2.2.0/lib/lwip/src/core/timeouts.c.o
 .text.tcp_timer_needed
                0x1000d714       0x74 CMakeFiles/pds200Pico2.dir/home/pdsilva/.pico-sdk/sdk/2.2.0/lib/lwip/src/core/timeouts.c.o
                0x1000d714                tcp_timer_needed
 .text.sys_timeouts_init
                0x1000d788       0x90 CMakeFiles/pds200Pico2.dir/home/pdsilva/.pico-sdk/sdk/2.2.0/lib/lwip/src/core/timeouts.c.o
                0x1000d788                sys_timeouts_init
 .text.sys_check_timeouts
                0x1000d818       0x5c CMakeFiles/pds200Pico2.dir/home/pdsilva/.pico-sdk/sdk/2.2.0/lib/lwip/src/core/timeouts.c.o
                0x1000d818                sys_check_timeouts
 .text.sys_timeouts_sleeptime
                0x1000d874       0x24 CMakeFiles/pds200Pico2.dir/home/pdsilva/.pico-sdk/sdk/2.2.0/lib/lwip/src/core/timeouts.c.o
                0x1000d874                sys_timeouts_sleeptime
 .text.udp_init
                0x1000d898       0x18 CMakeFiles/pds200Pico2.dir/home/pdsilva/.pico-sdk/sdk/2.2.0/lib/lwip/src/core/udp.c.o
                0x1000d898                udp_init
 .text.udp_input
                0x1000d8b0      0x2ec CMakeFiles/pds200Pico2.dir/home/pdsilva/.pico-sdk/sdk/2.2.0/lib/lwip/src/core/udp.c.o
                0x1000d8b0                udp_input
 .text.udp_bind
                0x1000db9c       0xf4 CMakeFiles/pds200Pico2.dir/home/pdsilva/.pico-sdk/sdk/2.2.0/lib/lwip/src/core/udp.c.o
                0x1000db9c                udp_bind
 .text.udp_sendto_if_src
                0x1000dc90      0x118 CMakeFiles/pds200Pico2.dir/home/pdsilva/.pico-sdk/sdk/2.2.0/lib/lwip/src/core/udp.c.o
                0x1000dc90                udp_sendto_if_src
 .text.udp_sendto_if
                0x1000dda8       0x40 CMakeFiles/pds200Pico2.dir/home/pdsilva/.pico-sdk/sdk/2.2.0/lib/lwip/src/core/udp.c.o
                0x1000dda8                udp_sendto_if
 .text.udp_sendto
                0x1000dde8       0x7c CMakeFiles/pds200Pico2.dir/home/pdsilva/.pico-sdk/sdk/2.2.0/lib/lwip/src/core/udp.c.o
                0x1000dde8                udp_sendto
 .text.udp_connect
                0x1000de64       0x58 CMakeFiles/pds200Pico2.dir/home/pdsilva/.pico-sdk/sdk/2.2.0/lib/lwip/src/core/udp.c.o
                0x1000de64                udp_connect
 .text.udp_recv
                0x1000debc        0x8 CMakeFiles/pds200Pico2.dir/home/pdsilva/.pico-sdk/sdk/2.2.0/lib/lwip/src/core/udp.c.o
                0x1000debc                udp_recv
 .text.udp_remove
                0x1000dec4       0x34 CMakeFiles/pds200Pico2.dir/home/pdsilva/.pico-sdk/sdk/2.2.0/lib/lwip/src/core/udp.c.o
                0x1000dec4                udp_remove
 .text.udp_new  0x1000def8       0x1c CMakeFiles/pds200Pico2.dir/home/pdsilva/.pico-sdk/sdk/2.2.0/lib/lwip/src/core/udp.c.o
                0x1000def8                udp_new
 .text.udp_netif_ip_addr_changed
                0x1000df14       0x3c CMakeFiles/pds200Pico2.dir/home/pdsilva/.pico-sdk/sdk/2.2.0/lib/lwip/src/core/udp.c.o
                0x1000df14                udp_netif_ip_addr_changed
 .text.dhcp_create_msg
                0x1000df50      0x10c CMakeFiles/pds200Pico2.dir/home/pdsilva/.pico-sdk/sdk/2.2.0/lib/lwip/src/core/ipv4/dhcp.c.o
 .text.dhcp_bind
                0x1000e05c      0x140 CMakeFiles/pds200Pico2.dir/home/pdsilva/.pico-sdk/sdk/2.2.0/lib/lwip/src/core/ipv4/dhcp.c.o
 .text.dhcp_inc_pcb_refcount
                0x1000e19c       0x64 CMakeFiles/pds200Pico2.dir/home/pdsilva/.pico-sdk/sdk/2.2.0/lib/lwip/src/core/ipv4/dhcp.c.o
 .text.dhcp_option_hostname.isra.0
                0x1000e200       0x7c CMakeFiles/pds200Pico2.dir/home/pdsilva/.pico-sdk/sdk/2.2.0/lib/lwip/src/core/ipv4/dhcp.c.o
 .text.dhcp_handle_ack.isra.0
                0x1000e27c       0xbc CMakeFiles/pds200Pico2.dir/home/pdsilva/.pico-sdk/sdk/2.2.0/lib/lwip/src/core/ipv4/dhcp.c.o
 .text.dhcp_discover.isra.0
                0x1000e338      0x140 CMakeFiles/pds200Pico2.dir/home/pdsilva/.pico-sdk/sdk/2.2.0/lib/lwip/src/core/ipv4/dhcp.c.o
 .text.dhcp_reboot.isra.0
                0x1000e478      0x19c CMakeFiles/pds200Pico2.dir/home/pdsilva/.pico-sdk/sdk/2.2.0/lib/lwip/src/core/ipv4/dhcp.c.o
 .text.dhcp_select.isra.0
                0x1000e614      0x1f8 CMakeFiles/pds200Pico2.dir/home/pdsilva/.pico-sdk/sdk/2.2.0/lib/lwip/src/core/ipv4/dhcp.c.o
 .text.dhcp_recv
                0x1000e80c      0x5ec CMakeFiles/pds200Pico2.dir/home/pdsilva/.pico-sdk/sdk/2.2.0/lib/lwip/src/core/ipv4/dhcp.c.o
 .text.dhcp_conflict_callback
                0x1000edf8      0x13c CMakeFiles/pds200Pico2.dir/home/pdsilva/.pico-sdk/sdk/2.2.0/lib/lwip/src/core/ipv4/dhcp.c.o
 .text.dhcp_set_struct
                0x1000ef34       0x3c CMakeFiles/pds200Pico2.dir/home/pdsilva/.pico-sdk/sdk/2.2.0/lib/lwip/src/core/ipv4/dhcp.c.o
                0x1000ef34                dhcp_set_struct
 .text.dhcp_start
                0x1000ef70       0xb4 CMakeFiles/pds200Pico2.dir/home/pdsilva/.pico-sdk/sdk/2.2.0/lib/lwip/src/core/ipv4/dhcp.c.o
                0x1000ef70                dhcp_start
 .text.dhcp_network_changed_link_up
                0x1000f024       0x40 CMakeFiles/pds200Pico2.dir/home/pdsilva/.pico-sdk/sdk/2.2.0/lib/lwip/src/core/ipv4/dhcp.c.o
                0x1000f024                dhcp_network_changed_link_up
 .text.dhcp_renew
                0x1000f064      0x154 CMakeFiles/pds200Pico2.dir/home/pdsilva/.pico-sdk/sdk/2.2.0/lib/lwip/src/core/ipv4/dhcp.c.o
                0x1000f064                dhcp_renew
 .text.dhcp_release_and_stop
                0x1000f1b8      0x16c CMakeFiles/pds200Pico2.dir/home/pdsilva/.pico-sdk/sdk/2.2.0/lib/lwip/src/core/ipv4/dhcp.c.o
                0x1000f1b8                dhcp_release_and_stop
 .text.dhcp_coarse_tmr
                0x1000f324      0x1e4 CMakeFiles/pds200Pico2.dir/home/pdsilva/.pico-sdk/sdk/2.2.0/lib/lwip/src/core/ipv4/dhcp.c.o
                0x1000f324                dhcp_coarse_tmr
 .text.dhcp_fine_tmr
                0x1000f508       0xa0 CMakeFiles/pds200Pico2.dir/home/pdsilva/.pico-sdk/sdk/2.2.0/lib/lwip/src/core/ipv4/dhcp.c.o
                0x1000f508                dhcp_fine_tmr
 .text.dhcp_stop
                0x1000f5a8        0x4 CMakeFiles/pds200Pico2.dir/home/pdsilva/.pico-sdk/sdk/2.2.0/lib/lwip/src/core/ipv4/dhcp.c.o
                0x1000f5a8                dhcp_stop
 .text.etharp_find_entry
                0x1000f5ac      0x3cc CMakeFiles/pds200Pico2.dir/home/pdsilva/.pico-sdk/sdk/2.2.0/lib/lwip/src/core/ipv4/etharp.c.o
 .text.etharp_raw
                0x1000f978       0xd4 CMakeFiles/pds200Pico2.dir/home/pdsilva/.pico-sdk/sdk/2.2.0/lib/lwip/src/core/ipv4/etharp.c.o
 .text.etharp_output_to_arp_index
                0x1000fa4c       0xb8 CMakeFiles/pds200Pico2.dir/home/pdsilva/.pico-sdk/sdk/2.2.0/lib/lwip/src/core/ipv4/etharp.c.o
 .text.etharp_tmr
                0x1000fb04       0x84 CMakeFiles/pds200Pico2.dir/home/pdsilva/.pico-sdk/sdk/2.2.0/lib/lwip/src/core/ipv4/etharp.c.o
                0x1000fb04                etharp_tmr
 .text.etharp_cleanup_netif
                0x1000fb88      0x164 CMakeFiles/pds200Pico2.dir/home/pdsilva/.pico-sdk/sdk/2.2.0/lib/lwip/src/core/ipv4/etharp.c.o
                0x1000fb88                etharp_cleanup_netif
 .text.etharp_input
                0x1000fcec      0x17c CMakeFiles/pds200Pico2.dir/home/pdsilva/.pico-sdk/sdk/2.2.0/lib/lwip/src/core/ipv4/etharp.c.o
                0x1000fcec                etharp_input
 .text.etharp_query
                0x1000fe68      0x180 CMakeFiles/pds200Pico2.dir/home/pdsilva/.pico-sdk/sdk/2.2.0/lib/lwip/src/core/ipv4/etharp.c.o
                0x1000fe68                etharp_query
 .text.etharp_output
                0x1000ffe8      0x224 CMakeFiles/pds200Pico2.dir/home/pdsilva/.pico-sdk/sdk/2.2.0/lib/lwip/src/core/ipv4/etharp.c.o
                0x1000ffe8                etharp_output
 .text.etharp_acd_probe
                0x1001020c       0xd4 CMakeFiles/pds200Pico2.dir/home/pdsilva/.pico-sdk/sdk/2.2.0/lib/lwip/src/core/ipv4/etharp.c.o
                0x1001020c                etharp_acd_probe
 .text.etharp_acd_announce
                0x100102e0       0xd0 CMakeFiles/pds200Pico2.dir/home/pdsilva/.pico-sdk/sdk/2.2.0/lib/lwip/src/core/ipv4/etharp.c.o
                0x100102e0                etharp_acd_announce
 .text.icmp_input
                0x100103b0      0x1b8 CMakeFiles/pds200Pico2.dir/home/pdsilva/.pico-sdk/sdk/2.2.0/lib/lwip/src/core/ipv4/icmp.c.o
                0x100103b0                icmp_input
 .text.icmp_dest_unreach
                0x10010568       0xac CMakeFiles/pds200Pico2.dir/home/pdsilva/.pico-sdk/sdk/2.2.0/lib/lwip/src/core/ipv4/icmp.c.o
                0x10010568                icmp_dest_unreach
 .text.icmp_time_exceeded
                0x10010614       0xac CMakeFiles/pds200Pico2.dir/home/pdsilva/.pico-sdk/sdk/2.2.0/lib/lwip/src/core/ipv4/icmp.c.o
                0x10010614                icmp_time_exceeded
 .text.ipfrag_free_pbuf_custom