Archive member included to satisfy reference by file (symbol)

../../lib/libfileio.a(ff.o)   ./shell/commands.o (f_mount)
../../lib/libc68k.a(strchr.o)
                              ../../lib/libfileio.a(ff.o) (strchr)
../../lib/libc68k.a(memcpy.o)
                              ./shell/elf_loader.o (memcpy)
../../lib/libc68k.a(malloc.o)
                              timers.o (free)
../../lib/libc68k.a(memcmp.o)
                              ./shell/decodecmd.o (memcmp)
../../lib/libc68k.a(strlen.o)
                              ./shell/commands.o (strlen)
../../lib/libc68k.a(memset.o)
                              timers.o (memset)
../../lib/libc68k.a(strcat.o)
                              ./shell/commands.o (strcat)
../../lib/libc68k.a(strcpy.o)
                              ./shell/commands.o (strcpy)
../../lib/libc68k.a(putchar.o)
                              ./shell/commands.o (putchar)
../../lib/libc68k.a(sprintf.o)
                              ./shell/commands.o (sprintf)
../../lib/libc68k.a(puts.o)   ./shell/commands.o (puts)
../../lib/libc68k.a(getchar.o)
                              ./shell/decodecmd.o (getchar)
../../lib/libc68k.a(printf.o)
                              ../../lib/libc68k.a(sprintf.o) (itox)
../../lib/libc68k.a(__mulsi3.o)
                              ./shell/elf_loader.o (__mulsi3)
../../lib/libc68k.a(__umodsi3.o)
                              ./shell/commands.o (__umodsi3)
../../lib/libc68k.a(__udivsi3.o)
                              ./shell/commands.o (__udivsi3)
../../lib/libc68k.a(strtoul.o)
                              ./shell/commands.o (strtoul)
../../lib/libc68k.a(isspace.o)
                              ./shell/decodecmd.o (isspace)
../../lib/libc68k.a(atoi.o)   ./shell/commands.o (atoi)
../../lib/libc68k.a(strcasecmp.o)
                              ./shell/decodecmd.o (strcasecmp)
../../lib/libc68k.a(strtol.o)
                              ../../lib/libc68k.a(atoi.o) (strtol)
../../lib/libvideo.a(vga_video.o)
                              bios68.o (gotoxy)

Discarded input sections

 .comment       0x00000000       0x13 bios68.o
 .comment       0x00000000       0x13 timers.o
 .comment       0x00000000       0x13 interrupt.o
 .comment       0x00000000       0x13 ./dump/mem_dump.o
 .comment       0x00000000       0x13 ./shell/io.o
 .comment       0x00000000       0x13 ./shell/picow.o
 .comment       0x00000000       0x13 ./shell/elf_loader.o
 .comment       0x00000000       0x13 ./shell/printerro.o
 .comment       0x00000000       0x13 ./shell/commands.o
 .comment       0x00000000       0x13 ./shell/decodecmd.o
 .comment       0x00000000       0x13 ./shell/crc32.o
 .comment       0x00000000       0x13 ./shell/cmd_repeat.o
 .comment       0x00000000       0x13 ./shell/vid_ram_bios.o
 .comment       0x00000000       0x13 ./kbd/ringbuffer.o
 .comment       0x00000000       0x13 ./rtc/i2cbb.o
 .comment       0x00000000       0x13 ./uarts/drv_uart0.o
 .comment       0x00000000       0x13 ./duart/duart.o
 .comment       0x00000000       0x13 ./sys/traps/trap12.o
 .comment       0x00000000       0x13 ./sys/vectors/vectors.o
 .comment       0x00000000       0x13 ./sys/console/console.o
 .comment       0x00000000       0x13 ./sys/ethernet/dhcp_client.o
 .comment       0x00000000       0x13 ./picoVga/drv_picoVga.o
 .comment       0x00000000       0x13 ./ide/ata.o
 .comment       0x00000000       0x13 ./ide/diskio.o
 .comment       0x00000000       0x13 ../../lib/libfileio.a(ff.o)
 .comment       0x00000000       0x13 ../../lib/libc68k.a(strchr.o)
 .comment       0x00000000       0x13 ../../lib/libc68k.a(memcpy.o)
 .comment       0x00000000       0x13 ../../lib/libc68k.a(malloc.o)
 .comment       0x00000000       0x13 ../../lib/libc68k.a(memcmp.o)
 .comment       0x00000000       0x13 ../../lib/libc68k.a(strlen.o)
 .comment       0x00000000       0x13 ../../lib/libc68k.a(memset.o)
 .comment       0x00000000       0x13 ../../lib/libc68k.a(strcat.o)
 .comment       0x00000000       0x13 ../../lib/libc68k.a(strcpy.o)
 .comment       0x00000000       0x13 ../../lib/libc68k.a(putchar.o)
 .comment       0x00000000       0x13 ../../lib/libc68k.a(sprintf.o)
 .comment       0x00000000       0x13 ../../lib/libc68k.a(puts.o)
 .comment       0x00000000       0x13 ../../lib/libc68k.a(getchar.o)
 .comment       0x00000000       0x13 ../../lib/libc68k.a(printf.o)
 .comment       0x00000000       0x13 ../../lib/libc68k.a(__mulsi3.o)
 .comment       0x00000000       0x13 ../../lib/libc68k.a(__umodsi3.o)
 .comment       0x00000000       0x13 ../../lib/libc68k.a(__udivsi3.o)
 .comment       0x00000000       0x13 ../../lib/libc68k.a(strtoul.o)
 .comment       0x00000000       0x13 ../../lib/libc68k.a(isspace.o)
 .comment       0x00000000       0x13 ../../lib/libc68k.a(atoi.o)
 .comment       0x00000000       0x13 ../../lib/libc68k.a(strcasecmp.o)
 .comment       0x00000000       0x13 ../../lib/libc68k.a(strtol.o)
 .comment       0x00000000       0x13 ../../lib/libvideo.a(vga_video.o)

Memory Configuration

Name             Origin             Length             Attributes
ROM              0x00000000         0x00010000         xr
RAM              0x00080004         0x00080000         xrw
*default*        0x00000000         0xffffffff

Linker script and memory map

                0x00000000                        . = 0x0

.vectors        0x00000000        0x0
 *(.vectors)
                0x00000000                        . = ALIGN (0x400)

.text           0x00000000     0xcbfc
                0x00000000                        . = ALIGN (0x2)
 *(.text*)
 .text          0x00000000      0x2c4 ../../libc/obj/bios68_startup.o
                0x000000c0                _start
                0x000001a2                UartWriteCh
                0x000001a6                UartWrCh
                0x000001ce                uart0_initialize
                0x0000021a                printString
                0x0000024c                _delay_ms
 .text          0x000002c4      0x384 bios68.o
                0x000002c4                clr_flg_program_loaded
                0x000002da                set_flg_program_loaded
                0x000002ee                get_flg_program_loaded
                0x000002fa                print_msg
                0x00000336                write_string
                0x00000368                display_prompt
                0x000003ec                main
 .text          0x00000648      0x32a timers.o
                0x00000648                delay10ms
                0x0000066a                cpu_delay
                0x00000686                init_timer
                0x000006a6                get_tick_count
                0x000006ae                add_timer
                0x00000746                delete_timer
                0x00000792                start_timer
                0x00000812                stop_timer
                0x00000846                reset_timer
                0x00000894                set_interval
                0x000008c8                update_timers
 *fill*         0x00000972        0x2 
 .text          0x00000974        0x0 interrupt.o
 .text          0x00000974      0x278 ./dump/mem_dump.o
                0x00000974                dump_memory
 .text          0x00000bec       0x54 ./shell/io.o
                0x00000bec                get_key
                0x00000c16                _putchar_hex
 .text          0x00000c40      0x620 ./shell/picow.o
                0x00000c40                receber_arquivo_do_pico
                0x00000e72                noblk_receber_arquivo_do_pico
                0x00000ffe                send_sector_low
                0x00001028                send_sector_high
                0x00001052                send_read_cmd
                0x00001078                read_sector
                0x000010d8                get_crc
                0x00001140                receber_setor_do_pico
                0x00001244                pico_write_ch
 .text          0x00001260      0x322 ./shell/elf_loader.o
                0x00001260                carregar_elf32
                0x000013a0                carregar_elf32_fatfs
 *fill*         0x00001582        0x2 
 .text          0x00001584       0x44 ./shell/printerro.o
                0x00001584                printerro
 .text          0x000015c8     0x1bca ./shell/commands.o
                0x0000163c                do_help
                0x000016cc                do_binfile
                0x0000184c                do_binmem
                0x00001958                do_copyfile
                0x00001b0c                do_cat
                0x00001c44                do_cd
                0x00001c6c                do_delete
                0x00001c98                do_dump
                0x00001cea                do_exit
                0x00001d10                do_ideinit
                0x00001d54                do_idemode
                0x00001da6                do_ls
                0x00001f78                do_load_basic
                0x000020ae                do_loadmem
                0x000021ec                do_mkdir_shel
                0x000022d4                do_notimplemented
                0x000022e6                do_rename_shel
                0x0000233c                do_rmdir
                0x0000244c                do_runelf_fromhd
                0x0000247a                do_runelf
                0x000024b6                do_run
                0x000024e2                do_save
                0x0000264a                do_save2
                0x00002846                do_save_basic
                0x000029c2                do_shst
                0x000029dc                do_time
                0x00002ac4                do_tstkbd
                0x00002ce0                do_uptime
                0x00002db4                do_writemem
                0x00002fce                do_writemem1
                0x000030da                do_srecord
 *fill*         0x00003192        0x2 
 .text          0x00003194      0xa9a ./shell/decodecmd.o
                0x00003194                getline
                0x00003426                process_command_builtin
                0x0000358e                load_elf_executable
                0x000038c6                open_executable_file
                0x000039c6                process_command_executable
                0x00003ace                process_command
                0x00003b12                execute_cmd
 *fill*         0x00003c2e        0x2 
 .text          0x00003c30      0x23c ./shell/crc32.o
                0x00003c30                crc32_init
                0x00003ca2                crc32_update
                0x00003e54                crc32_calculate
 .text          0x00003e6c      0x4d4 ./shell/cmd_repeat.o
                0x00003e6c                hist_add
                0x000042ee                keyboard_handler
 .text          0x00004340      0x2ba ./shell/vid_ram_bios.o
                0x0000435e                video_puts
                0x000044a6                video_show_progress
 *fill*         0x000045fa        0x2 
 .text          0x000045fc      0x12c ./kbd/ringbuffer.o
                0x000045fc                ring_buf_init
                0x00004624                ring_buf_get
                0x00004660                ring_buf_put
                0x000046c0                ring_buf_is_empty
                0x000046dc                ring_buf_is_full
                0x00004706                ring_buf_get_char
 .text          0x00004728      0x596 ./rtc/i2cbb.o
                0x0000479a                i2c_start
                0x000047ba                i2c_stop
                0x000047d2                i2c_write_byte
                0x00004836                i2c_read_byte
                0x0000492e                ds3231_read_time
                0x00004a52                ds3231_set_time
                0x00004b7e                eeprom_write_byte
                0x00004be4                eeprom_read_byte
                0x00004c56                ds3231_probe
                0x00004c7a                rtc_init
 *fill*         0x00004cbe        0x2 
 .text          0x00004cc0      0x248 ./uarts/drv_uart0.o
                0x00004cc0                uart0_debug_char
                0x00004cf2                uart0_init
                0x00004d32                uart0_write
                0x00004d70                uart0_read
                0x00004da8                uart0_read_timeout
                0x00004e0c                _inbyte
                0x00004e8c                _outbyte
                0x00004eca                uart0_write_string
                0x00004efa                uart0_flush
 .text          0x00004f08      0x160 ./duart/duart.o
                0x00004f28                duart_init_canal_a
                0x00004f9a                duart_putc
                0x00004fd0                duart_getc
                0x00004ff2                duart_opr_init
                0x0000500a                duart_led_op3_on
                0x00005026                duart_led_op3_off
                0x00005042                duart_led_op3_toggle
 .text          0x00005068      0x29c ./sys/traps/trap12.o
                0x00005068                do_open
                0x0000509c                do_close
                0x000050b0                do_read
                0x000050ec                do_write
                0x00005128                do_sync
                0x0000513c                do_lseek
                0x0000515c                do_tell
                0x00005168                do_size
                0x00005174                do_eof
                0x00005198                do_unlink
                0x000051ac                do_rename
                0x000051ca                do_stat
                0x000051e8                do_findfirst
                0x00005222                do_findnext
                0x00005240                do_opendir
                0x0000525e                do_readdir
                0x0000527c                do_closedir
                0x00005290                do_mkdir
                0x000052a4                do_mount
                0x000052d8                do_unmount
 .text          0x00005304       0xec ./sys/vectors/vectors.o
                0x0000531c                TRAP14_Handler
                0x000053c6                get_system_tick
 .text          0x000053f0       0x2c ./sys/console/console.o
                0x000053f0                set_console_output
                0x00005402                set_console_input
                0x00005414                enable_interrupts
 .text          0x0000541c      0xbd2 ./sys/ethernet/dhcp_client.o
                0x00005484                w5100_write
                0x000054a8                w5100_read
                0x000054ba                w5100_set_mac
                0x00005824                w5100_print_ip
                0x00005c60                w5100_dhcp_request
                0x00005fc4                dhcp_client
 *fill*         0x00005fee        0x2 
 .text          0x00005ff0       0x7c ./picoVga/drv_picoVga.o
                0x00005ff0                delay_us
                0x00006008                delay_1ms
                0x0000601c                delay_ms
                0x00006038                picovga_putchar
 .text          0x0000606c      0xab8 ./ide/ata.o
                0x00006080                set_ide_bus_mode
                0x000060c0                go_8bits_mode
                0x0000636c                ata_detect
                0x0000641a                ata_read_sector
                0x000065ce                ata_write_sector
                0x00006782                read_partition_table
                0x0000686c                ata_init
                0x000068fe                ata_disk_status
                0x0000690e                ata_disk_initialize
                0x0000691e                ata_wait_not_busy
                0x00006960                ata_wait_for_data
                0x000069a2                ata_read_identity
 .text          0x00006b24      0x220 ./ide/diskio.o
                0x00006b24                disk_status
                0x00006b3c                disk_initialize
                0x00006b52                disk_read
                0x00006bd0                disk_write
                0x00006c4e                disk_ioctl
 .text          0x00006d44      0x270 ./sys/vectors/vectors_asm.o
                0x00006d44                SvcBusError
                0x00006d44                Svcaddress_err
                0x00006d4c                SvcDiv0_handler
                0x00006d4c                SvcIllegalIns
                0x00006d4e                TrapFHandler
                0x00006d4e                SpuriousHandler
                0x00006d4e                SvcTrace
                0x00006d4e                TrapBHandler
                0x00006d4e                Int1Handler
                0x00006d4e                TrapAHandler
                0x00006d4e                SvcChkIns
                0x00006d4e                Trap9Handler
                0x00006d4e                Int5Handler
                0x00006d4e                Int7Handler
                0x00006d4e                SvcLineA
                0x00006d4e                SvcPrivViolation
                0x00006d4e                Trap8Handler
                0x00006d4e                Int6Handler
                0x00006d4e                bad_exception
                0x00006d4e                Trap3Handler
                0x00006d4e                Trap7Handler
                0x00006d4e                Trap0Handler
                0x00006d4e                SvcLineF
                0x00006d4e                SvcTrapvIns
                0x00006d4e                Trap5Handler
                0x00006d4e                Trap6Handler
                0x00006d50                TrapDHandler
                0x00006d52                Int2Handler
                0x00006dae                Int3Handler
                0x00006dd6                Int4Handler
                0x00006dd8                Trap1Handler
                0x00006e28                Trap2Handler
                0x00006eb2                Trap4Handler
                0x00006edc                TrapCHandler
                0x00006f9e                TrapEHandler
 .text          0x00006fb4      0x2e0 ./sys/traps/trap2_asm.o
                0x00006fd0                vid_writechar
                0x00006fd4                vid_gotoxy
                0x00006ff8                vid_clrscr
                0x00007008                vid_gohome
                0x00007018                vid_setcolor
                0x00007026                vid_drawVLine
                0x00007058                vid_drawHLine
                0x0000708a                vid_drawLine
                0x000070c6                vid_drawCircle
                0x000070f2                vid_drawCircleHelper
                0x00007122                vid_fillCircle
                0x0000714e                vid_fillCircleHelper
                0x00007182                vid_drawRoundRect
                0x000071c2                vid_fillRoundRect
                0x00007202                vid_fillRect
                0x0000723e                vid_fillTri
 .text          0x00007294       0x38 ./sys/traps/trap4_asm.o
                0x00007294                rtc_ds3231_read_time
                0x0000729e                rtc_ds3231_set_time
                0x000072ac                rtc_eeprom_read_byte
                0x000072b6                rtc_eeprom_write_byte
 .text          0x000072cc      0x28e ./sys/traps/trap12_asm.o
                0x000072cc                file_open
                0x000072ea                file_close
                0x00007304                file_read
                0x00007324                file_write
                0x00007344                file_sync
                0x0000735e                file_lseek
                0x0000737a                file_unlink
                0x00007394                file_tell
                0x000073ae                file_size
                0x000073c8                file_eof
                0x000073e2                file_rename
                0x000073fe                file_stat
                0x0000741a                file_opendir
                0x00007436                file_readdir
                0x00007452                file_closedir
                0x0000746c                file_mkdir
                0x00007486                file_mount
                0x000074a4                file_unmount
                0x000074be                file_list
                0x000074d8                file_save
                0x000074f8                file_load
                0x00007518                file_findfirst
                0x00007538                file_findnext
 *fill*         0x0000755a        0x2 
 .text          0x0000755c       0x90 ./cpm/cpm_bios.o
                0x0000755c                bios_entry
                0x0000759c                bios_const
                0x000075b2                bios_conin
                0x000075d0                bios_conout
                0x000075e6                bios_init
 .text          0x000075ec     0x29a0 ../../lib/libfileio.a(ff.o)
                0x0000897a                f_mount
                0x000089fc                f_open
                0x00008ca0                f_read
                0x00008eae                f_write
                0x0000910c                f_sync
                0x0000920e                f_close
                0x00009240                f_chdrive
                0x00009264                f_chdir
                0x000092e4                f_getcwd
                0x0000949e                f_lseek
                0x000096c6                f_opendir
                0x00009762                f_closedir
                0x00009782                f_readdir
                0x0000980e                f_findnext
                0x00009858                f_findfirst
                0x0000989a                f_stat
                0x0000990c                f_getfree
                0x00009a24                f_truncate
                0x00009b3a                f_unlink
                0x00009c48                f_mkdir
                0x00009df4                f_rename
 .text          0x00009f8c       0x1c ../../lib/libc68k.a(strchr.o)
                0x00009f8c                strchr
 .text          0x00009fa8       0x1e ../../lib/libc68k.a(memcpy.o)
                0x00009fa8                memcpy
 *fill*         0x00009fc6        0x2 
 .text          0x00009fc8      0x360 ../../lib/libc68k.a(malloc.o)
                0x0000a17c                malloc_init
                0x0000a1f2                free
                0x0000a23e                malloc
                0x0000a252                calloc
                0x0000a2b2                malloc_num_free
                0x0000a2cc                malloc_num_used
                0x0000a2e8                malloc_num_fresh
                0x0000a304                malloc_check
 .text          0x0000a328       0x3c ../../lib/libc68k.a(memcmp.o)
                0x0000a328                memcmp
 .text          0x0000a364       0x12 ../../lib/libc68k.a(strlen.o)
                0x0000a364                strlen
 *fill*         0x0000a376        0x2 
 .text          0x0000a378       0x16 ../../lib/libc68k.a(memset.o)
                0x0000a378                memset
 *fill*         0x0000a38e        0x2 
 .text          0x0000a390       0x26 ../../lib/libc68k.a(strcat.o)
                0x0000a390                strcat
 *fill*         0x0000a3b6        0x2 
 .text          0x0000a3b8       0x18 ../../lib/libc68k.a(strcpy.o)
                0x0000a3b8                strcpy
 .text          0x0000a3d0       0x1a ../../lib/libc68k.a(putchar.o)
                0x0000a3d0                putchar
 *fill*         0x0000a3ea        0x2 
 .text          0x0000a3ec      0x206 ../../lib/libc68k.a(sprintf.o)
                0x0000a3ec                sprintf
 *fill*         0x0000a5f2        0x2 
 .text          0x0000a5f4       0x26 ../../lib/libc68k.a(puts.o)
                0x0000a5f4                puts
 *fill*         0x0000a61a        0x2 
 .text          0x0000a61c        0xc ../../lib/libc68k.a(getchar.o)
                0x0000a61c                getchar
 .text          0x0000a628      0x3a6 ../../lib/libc68k.a(printf.o)
                0x0000a628                itox
                0x0000a672                itodec
                0x0000a6d0                itooct
                0x0000a716                itoudec
                0x0000a768                pad_zeros
                0x0000a7ac                printf
 *fill*         0x0000a9ce        0x2 
 .text          0x0000a9d0       0x36 ../../lib/libc68k.a(__mulsi3.o)
                0x0000a9d0                __mulsi3
 *fill*         0x0000aa06        0x2 
 .text          0x0000aa08       0x2c ../../lib/libc68k.a(__umodsi3.o)
                0x0000aa08                __umodsi3
 .text          0x0000aa34       0x3a ../../lib/libc68k.a(__udivsi3.o)
                0x0000aa34                __udivsi3
 *fill*         0x0000aa6e        0x2 
 .text          0x0000aa70      0x148 ../../lib/libc68k.a(strtoul.o)
                0x0000aa70                strtoul
 .text          0x0000abb8        0xc ../../lib/libc68k.a(isspace.o)
                0x0000abb8                isspace
 .text          0x0000abc4       0x16 ../../lib/libc68k.a(atoi.o)
                0x0000abc4                atoi
 *fill*         0x0000abda        0x2 
 .text          0x0000abdc       0x54 ../../lib/libc68k.a(strcasecmp.o)
                0x0000abdc                strcasecmp
 .text          0x0000ac30       0x32 ../../lib/libc68k.a(strtol.o)
                0x0000ac30                strtol
 *fill*         0x0000ac62        0x2 
 .text          0x0000ac64       0x42 ../../lib/libvideo.a(vga_video.o)
                0x0000ac64                run_cmd
                0x0000ac66                video_writechar
                0x0000ac6c                gotoxy
                0x0000ac7e                gohome
                0x0000ac84                setcolor
                0x0000aca0                clrscr
 *(.rodata)
 .rodata        0x0000aca6      0x2de bios68.o
                0x0000aca9                MsgOrionInit
 .rodata        0x0000af84      0x1c5 ./dump/mem_dump.o
 .rodata        0x0000b149        0x5 ./shell/io.o
 .rodata        0x0000b14e      0x179 ./shell/picow.o
 .rodata        0x0000b2c7      0x2fa ./shell/printerro.o
 .rodata        0x0000b5c1      0x9f0 ./shell/commands.o
 *fill*         0x0000bfb1        0x1 
 .rodata        0x0000bfb2      0x7da ./shell/decodecmd.o
                0x0000bfb2                g_elf_header_bytes
                0x0000c374                g_cmd_table
 .rodata        0x0000c78c       0x29 ./shell/vid_ram_bios.o
 .rodata        0x0000c7b5       0x2d ./uarts/drv_uart0.o
 .rodata        0x0000c7e2       0x11 ./duart/duart.o
 .rodata        0x0000c7f3       0x51 ./sys/vectors/vectors.o
 .rodata        0x0000c844       0xf6 ./sys/ethernet/dhcp_client.o
 .rodata        0x0000c93a      0x1ec ./ide/ata.o
 .rodata        0x0000cb26       0x2d ./ide/diskio.o
 .rodata        0x0000cb53       0x80 ../../lib/libfileio.a(ff.o)
 *fill*         0x0000cbd3        0x1 
 .rodata        0x0000cbd4       0x28 ../../lib/libc68k.a(printf.o)
                0x0000cbfc                        . = ALIGN (0x2)

.rodata         0x0000cbfc       0x38
                0x0000cbfc                        . = ALIGN (0x2)
 *(.rodata*)
 .rodata.str1.1
                0x0000cbfc       0x38 ../../lib/libfileio.a(ff.o)
                                 0x18 (size before relaxing)
 .rodata.str1.1
                0x0000cc34        0xf ../../lib/libc68k.a(sprintf.o)
 .rodata.str1.1
                0x0000cc34       0x20 ../../lib/libc68k.a(printf.o)
                0x0000cc54                        . = ALIGN (0x2)

.data           0x00080004       0x64 load address 0x0000cc34
                0x00080004                        . = ALIGN (0x2)
                0x00080004                        __data_start = .
 *(.data*)
 .data          0x00080004        0x0 ../../libc/obj/bios68_startup.o
 .data          0x00080004        0x4 bios68.o
                0x00080004                last_mem_address
 .data          0x00080008        0x0 timers.o
 .data          0x00080008        0x0 interrupt.o
 .data          0x00080008        0x0 ./dump/mem_dump.o
 .data          0x00080008        0x0 ./shell/io.o
 .data          0x00080008        0x0 ./shell/picow.o
 .data          0x00080008        0x0 ./shell/elf_loader.o
 .data          0x00080008       0x50 ./shell/printerro.o
 .data          0x00080058        0x0 ./shell/commands.o
 .data          0x00080058        0x8 ./shell/decodecmd.o
 .data          0x00080060        0x0 ./shell/crc32.o
 .data          0x00080060        0x1 ./shell/cmd_repeat.o
 *fill*         0x00080061        0x3 
 .data          0x00080064        0x0 ./shell/vid_ram_bios.o
 .data          0x00080064        0x4 ./kbd/ringbuffer.o
 .data          0x00080068        0x0 ./rtc/i2cbb.o
 .data          0x00080068        0x0 ./uarts/drv_uart0.o
 .data          0x00080068        0x0 ./duart/duart.o
 .data          0x00080068        0x0 ./sys/traps/trap12.o
 .data          0x00080068        0x0 ./sys/vectors/vectors.o
 .data          0x00080068        0x0 ./sys/console/console.o
 .data          0x00080068        0x0 ./sys/ethernet/dhcp_client.o
 .data          0x00080068        0x0 ./picoVga/drv_picoVga.o
 .data          0x00080068        0x0 ./ide/ata.o
 .data          0x00080068        0x0 ./ide/diskio.o
 .data          0x00080068        0x0 ./sys/vectors/vectors_asm.o
 .data          0x00080068        0x0 ./sys/traps/trap2_asm.o
 .data          0x00080068        0x0 ./sys/traps/trap4_asm.o
 .data          0x00080068        0x0 ./sys/traps/trap12_asm.o
 .data          0x00080068        0x0 ./cpm/cpm_bios.o
 .data          0x00080068        0x0 ../../lib/libfileio.a(ff.o)
 .data          0x00080068        0x0 ../../lib/libc68k.a(strchr.o)
 .data          0x00080068        0x0 ../../lib/libc68k.a(memcpy.o)
 .data          0x00080068        0x0 ../../lib/libc68k.a(malloc.o)
 .data          0x00080068        0x0 ../../lib/libc68k.a(memcmp.o)
 .data          0x00080068        0x0 ../../lib/libc68k.a(strlen.o)
 .data          0x00080068        0x0 ../../lib/libc68k.a(memset.o)
 .data          0x00080068        0x0 ../../lib/libc68k.a(strcat.o)
 .data          0x00080068        0x0 ../../lib/libc68k.a(strcpy.o)
 .data          0x00080068        0x0 ../../lib/libc68k.a(putchar.o)
 .data          0x00080068        0x0 ../../lib/libc68k.a(sprintf.o)
 .data          0x00080068        0x0 ../../lib/libc68k.a(puts.o)
 .data          0x00080068        0x0 ../../lib/libc68k.a(getchar.o)
 .data          0x00080068        0x0 ../../lib/libc68k.a(printf.o)
 .data          0x00080068        0x0 ../../lib/libc68k.a(__mulsi3.o)
 .data          0x00080068        0x0 ../../lib/libc68k.a(__umodsi3.o)
 .data          0x00080068        0x0 ../../lib/libc68k.a(__udivsi3.o)
 .data          0x00080068        0x0 ../../lib/libc68k.a(strtoul.o)
 .data          0x00080068        0x0 ../../lib/libc68k.a(isspace.o)
 .data          0x00080068        0x0 ../../lib/libc68k.a(atoi.o)
 .data          0x00080068        0x0 ../../lib/libc68k.a(strcasecmp.o)
 .data          0x00080068        0x0 ../../lib/libc68k.a(strtol.o)
 .data          0x00080068        0x0 ../../lib/libvideo.a(vga_video.o)
                0x00080068                        . = ALIGN (0x2)
                0x00080068                        __data_end = .

.mram           0x00080068        0xc load address 0x0000cc98
 *(?.mram)
 .mram          0x00080068        0xc bios68.o
                0x00080068                systemTick
                0x0008006c                tick_count
                0x00080070                flg_system
                0x0000cc34                        __data_load_start = LOADADDR (.data)

.bss            0x00080074      0xf04 load address 0x0000cc98
                0x00080074                        . = ALIGN (0x2)
                0x00080074                        __bss_start = .
 *(.bss*)
 .bss           0x00080074        0x0 ../../libc/obj/bios68_startup.o
 .bss           0x00080074      0x3bc bios68.o
                0x00080074                sys_flags
                0x00080076                FatFs
                0x000802b0                g_cmd_buffer
                0x00080330                buffer
                0x000803b0                syspath
 .bss           0x00080430       0x1c timers.o
                0x00080430                g_timers
                0x00080444                g_tick_count
 .bss           0x0008044c        0x0 interrupt.o
 .bss           0x0008044c        0x0 ./dump/mem_dump.o
 .bss           0x0008044c        0x0 ./shell/io.o
 .bss           0x0008044c        0x0 ./shell/picow.o
 .bss           0x0008044c        0x0 ./shell/elf_loader.o
 .bss           0x0008044c        0x0 ./shell/printerro.o
 .bss           0x0008044c      0x274 ./shell/commands.o
 .bss           0x000806c0        0x4 ./shell/decodecmd.o
 .bss           0x000806c4      0x400 ./shell/crc32.o
 .bss           0x00080ac4      0x1a5 ./shell/cmd_repeat.o
 *fill*         0x00080c69        0x3 
 .bss           0x00080c6c        0x0 ./shell/vid_ram_bios.o
 .bss           0x00080c6c      0x106 ./kbd/ringbuffer.o
 *fill*         0x00080d72        0x2 
 .bss           0x00080d74        0x0 ./rtc/i2cbb.o
 .bss           0x00080d74        0x0 ./uarts/drv_uart0.o
 .bss           0x00080d74        0x1 ./duart/duart.o
 *fill*         0x00080d75        0x3 
 .bss           0x00080d78        0x0 ./sys/traps/trap12.o
 .bss           0x00080d78        0x0 ./sys/vectors/vectors.o
 .bss           0x00080d78        0x8 ./sys/console/console.o
                0x00080d78                cconin
                0x00080d7c                cconout
 .bss           0x00080d80      0x144 ./sys/ethernet/dhcp_client.o
 .bss           0x00080ec4        0x0 ./picoVga/drv_picoVga.o
 .bss           0x00080ec4       0x29 ./ide/ata.o
                0x00080ec4                drives
                0x00080eec                ide_bus_mode
 *fill*         0x00080eed        0x3 
 .bss           0x00080ef0       0x64 ./ide/diskio.o
 .bss           0x00080f54        0x0 ./sys/vectors/vectors_asm.o
 .bss           0x00080f54        0x0 ./sys/traps/trap2_asm.o
 .bss           0x00080f54        0x0 ./sys/traps/trap4_asm.o
 .bss           0x00080f54        0x0 ./sys/traps/trap12_asm.o
 .bss           0x00080f54        0x0 ./cpm/cpm_bios.o
 .bss           0x00080f54        0xe ../../lib/libfileio.a(ff.o)
 *fill*         0x00080f62        0x2 
 .bss           0x00080f64        0x0 ../../lib/libc68k.a(strchr.o)
 .bss           0x00080f64        0x0 ../../lib/libc68k.a(memcpy.o)
 .bss           0x00080f64       0x14 ../../lib/libc68k.a(malloc.o)
 .bss           0x00080f78        0x0 ../../lib/libc68k.a(memcmp.o)
 .bss           0x00080f78        0x0 ../../lib/libc68k.a(strlen.o)
 .bss           0x00080f78        0x0 ../../lib/libc68k.a(memset.o)
 .bss           0x00080f78        0x0 ../../lib/libc68k.a(strcat.o)
 .bss           0x00080f78        0x0 ../../lib/libc68k.a(strcpy.o)
 .bss           0x00080f78        0x0 ../../lib/libc68k.a(putchar.o)
 .bss           0x00080f78        0x0 ../../lib/libc68k.a(sprintf.o)
 .bss           0x00080f78        0x0 ../../lib/libc68k.a(puts.o)
 .bss           0x00080f78        0x0 ../../lib/libc68k.a(getchar.o)
 .bss           0x00080f78        0x0 ../../lib/libc68k.a(printf.o)
 .bss           0x00080f78        0x0 ../../lib/libc68k.a(__mulsi3.o)
 .bss           0x00080f78        0x0 ../../lib/libc68k.a(__umodsi3.o)
 .bss           0x00080f78        0x0 ../../lib/libc68k.a(__udivsi3.o)
 .bss           0x00080f78        0x0 ../../lib/libc68k.a(strtoul.o)
 .bss           0x00080f78        0x0 ../../lib/libc68k.a(isspace.o)
 .bss           0x00080f78        0x0 ../../lib/libc68k.a(atoi.o)
 .bss           0x00080f78        0x0 ../../lib/libc68k.a(strcasecmp.o)
 .bss           0x00080f78        0x0 ../../lib/libc68k.a(strtol.o)
 .bss           0x00080f78        0x0 ../../lib/libvideo.a(vga_video.o)
 *(COMMON)
                0x00080f78                        . = ALIGN (0x2)
                0x00080f78                        __bss_end = .
                0x00100000                        _stack_end = 0x100000
                0x000fe000                        _stack_start = (_stack_end - 0x2000)

/DISCARD/
 *(.comment)
 *(.note*)
 *(.align*)
LOAD ../../libc/obj/bios68_startup.o
LOAD bios68.o
LOAD timers.o
LOAD interrupt.o
LOAD ./dump/mem_dump.o
LOAD ./shell/io.o
LOAD ./shell/picow.o
LOAD ./shell/elf_loader.o
LOAD ./shell/printerro.o
LOAD ./shell/commands.o
LOAD ./shell/decodecmd.o
LOAD ./shell/crc32.o
LOAD ./shell/cmd_repeat.o
LOAD ./shell/vid_ram_bios.o
LOAD ./kbd/ringbuffer.o
LOAD ./rtc/i2cbb.o
LOAD ./uarts/drv_uart0.o
LOAD ./duart/duart.o
LOAD ./sys/traps/trap12.o
LOAD ./sys/vectors/vectors.o
LOAD ./sys/console/console.o
LOAD ./sys/ethernet/dhcp_client.o
LOAD ./picoVga/drv_picoVga.o
LOAD ./ide/ata.o
LOAD ./ide/diskio.o
LOAD ./sys/vectors/vectors_asm.o
LOAD ./sys/traps/trap2_asm.o
LOAD ./sys/traps/trap4_asm.o
LOAD ./sys/traps/trap12_asm.o
LOAD ./cpm/cpm_bios.o
LOAD ../../lib/libfileio.a
LOAD ../../lib/libc68k.a
LOAD ../../lib/libvideo.a
OUTPUT(bios68.elf elf32-m68k)
