Archive member included to satisfy reference by file (symbol)

../../lib/libfileio.a(ff.o)   ./shell/commands.o (f_mount)
../../lib/libc68k.a(strchr.o)
                              ../../lib/libfileio.a(ff.o) (strchr)
../../lib/libc68k.a(memcpy.o)
                              ./shell/elf_loader.o (memcpy)
../../lib/libc68k.a(malloc.o)
                              timers.o (free)
../../lib/libc68k.a(memcmp.o)
                              ./shell/decodecmd.o (memcmp)
../../lib/libc68k.a(strlen.o)
                              ./shell/commands.o (strlen)
../../lib/libc68k.a(memset.o)
                              timers.o (memset)
../../lib/libc68k.a(strcat.o)
                              ./shell/commands.o (strcat)
../../lib/libc68k.a(strcpy.o)
                              ./shell/commands.o (strcpy)
../../lib/libc68k.a(putchar.o)
                              ./shell/commands.o (putchar)
../../lib/libc68k.a(sprintf.o)
                              ./shell/commands.o (sprintf)
../../lib/libc68k.a(puts.o)   ./shell/commands.o (puts)
../../lib/libc68k.a(getchar.o)
                              ./shell/decodecmd.o (getchar)
../../lib/libc68k.a(printf.o)
                              ../../lib/libc68k.a(sprintf.o) (itox)
../../lib/libc68k.a(__mulsi3.o)
                              ./shell/elf_loader.o (__mulsi3)
../../lib/libc68k.a(__umodsi3.o)
                              ./shell/commands.o (__umodsi3)
../../lib/libc68k.a(__udivsi3.o)
                              ./shell/commands.o (__udivsi3)
../../lib/libc68k.a(strtoul.o)
                              ./shell/commands.o (strtoul)
../../lib/libc68k.a(isspace.o)
                              ./shell/decodecmd.o (isspace)
../../lib/libc68k.a(atoi.o)   ./shell/commands.o (atoi)
../../lib/libc68k.a(strcasecmp.o)
                              ./shell/decodecmd.o (strcasecmp)
../../lib/libc68k.a(strtol.o)
                              ../../lib/libc68k.a(atoi.o) (strtol)
../../lib/libvideo.a(vga_video.o)
                              bios68.o (gotoxy)

Discarded input sections

 .comment       0x00000000       0x13 bios68.o
 .comment       0x00000000       0x13 timers.o
 .comment       0x00000000       0x13 interrupt.o
 .comment       0x00000000       0x13 ./dump/mem_dump.o
 .comment       0x00000000       0x13 ./shell/io.o
 .comment       0x00000000       0x13 ./shell/picow.o
 .comment       0x00000000       0x13 ./shell/elf_loader.o
 .comment       0x00000000       0x13 ./shell/printerro.o
 .comment       0x00000000       0x13 ./shell/commands.o
 .comment       0x00000000       0x13 ./shell/decodecmd.o
 .comment       0x00000000       0x13 ./shell/crc32.o
 .comment       0x00000000       0x13 ./shell/cmd_repeat.o
 .comment       0x00000000       0x13 ./shell/vid_ram_bios.o
 .comment       0x00000000       0x13 ./kbd/ringbuffer.o
 .comment       0x00000000       0x13 ./rtc/i2cbb.o
 .comment       0x00000000       0x13 ./uarts/drv_uart0.o
 .comment       0x00000000       0x13 ./duart/duart.o
 .comment       0x00000000       0x13 ./sys/traps/trap12.o
 .comment       0x00000000       0x13 ./sys/vectors/vectors.o
 .comment       0x00000000       0x13 ./sys/console/console.o
 .comment       0x00000000       0x13 ./picoVga/drv_picoVga.o
 .comment       0x00000000       0x13 ./ide/ata.o
 .comment       0x00000000       0x13 ./ide/diskio.o
 .comment       0x00000000       0x13 ../../lib/libfileio.a(ff.o)
 .comment       0x00000000       0x13 ../../lib/libc68k.a(strchr.o)
 .comment       0x00000000       0x13 ../../lib/libc68k.a(memcpy.o)
 .comment       0x00000000       0x13 ../../lib/libc68k.a(malloc.o)
 .comment       0x00000000       0x13 ../../lib/libc68k.a(memcmp.o)
 .comment       0x00000000       0x13 ../../lib/libc68k.a(strlen.o)
 .comment       0x00000000       0x13 ../../lib/libc68k.a(memset.o)
 .comment       0x00000000       0x13 ../../lib/libc68k.a(strcat.o)
 .comment       0x00000000       0x13 ../../lib/libc68k.a(strcpy.o)
 .comment       0x00000000       0x13 ../../lib/libc68k.a(putchar.o)
 .comment       0x00000000       0x13 ../../lib/libc68k.a(sprintf.o)
 .comment       0x00000000       0x13 ../../lib/libc68k.a(puts.o)
 .comment       0x00000000       0x13 ../../lib/libc68k.a(getchar.o)
 .comment       0x00000000       0x13 ../../lib/libc68k.a(printf.o)
 .comment       0x00000000       0x13 ../../lib/libc68k.a(__mulsi3.o)
 .comment       0x00000000       0x13 ../../lib/libc68k.a(__umodsi3.o)
 .comment       0x00000000       0x13 ../../lib/libc68k.a(__udivsi3.o)
 .comment       0x00000000       0x13 ../../lib/libc68k.a(strtoul.o)
 .comment       0x00000000       0x13 ../../lib/libc68k.a(isspace.o)
 .comment       0x00000000       0x13 ../../lib/libc68k.a(atoi.o)
 .comment       0x00000000       0x13 ../../lib/libc68k.a(strcasecmp.o)
 .comment       0x00000000       0x13 ../../lib/libc68k.a(strtol.o)
 .comment       0x00000000       0x13 ../../lib/libvideo.a(vga_video.o)

Memory Configuration

Name             Origin             Length             Attributes
ROM              0x00000000         0x00010000         xr
RAM              0x00080004         0x00080000         xrw
*default*        0x00000000         0xffffffff

Linker script and memory map

                0x00000000                        . = 0x0

.vectors        0x00000000        0x0
 *(.vectors)
                0x00000000                        . = ALIGN (0x400)

.text           0x00000000     0xbd88
                0x00000000                        . = ALIGN (0x2)
 *(.text*)
 .text          0x00000000      0x2c4 ../../libc/obj/bios68_startup.o
                0x000000c0                _start
                0x000001a2                UartWriteCh
                0x000001a6                UartWrCh
                0x000001ce                uart0_initialize
                0x0000021a                printString
                0x0000024c                _delay_ms
 .text          0x000002c4      0x2f6 bios68.o
                0x000002c4                clr_flg_program_loaded
                0x000002da                set_flg_program_loaded
                0x000002ee                get_flg_program_loaded
                0x000002fa                print_msg
                0x00000336                write_string
                0x00000368                display_prompt
                0x000003ec                main
 *fill*         0x000005ba        0x2 
 .text          0x000005bc      0x32a timers.o
                0x000005bc                delay10ms
                0x000005de                cpu_delay
                0x000005fa                init_timer
                0x0000061a                get_tick_count
                0x00000622                add_timer
                0x000006ba                delete_timer
                0x00000706                start_timer
                0x00000786                stop_timer
                0x000007ba                reset_timer
                0x00000808                set_interval
                0x0000083c                update_timers
 *fill*         0x000008e6        0x2 
 .text          0x000008e8        0x0 interrupt.o
 .text          0x000008e8      0x278 ./dump/mem_dump.o
                0x000008e8                dump_memory
 .text          0x00000b60       0x54 ./shell/io.o
                0x00000b60                get_key
                0x00000b8a                _putchar_hex
 .text          0x00000bb4      0x620 ./shell/picow.o
                0x00000bb4                receber_arquivo_do_pico
                0x00000de6                noblk_receber_arquivo_do_pico
                0x00000f72                send_sector_low
                0x00000f9c                send_sector_high
                0x00000fc6                send_read_cmd
                0x00000fec                read_sector
                0x0000104c                get_crc
                0x000010b4                receber_setor_do_pico
                0x000011b8                pico_write_ch
 .text          0x000011d4      0x322 ./shell/elf_loader.o
                0x000011d4                carregar_elf32
                0x00001314                carregar_elf32_fatfs
 *fill*         0x000014f6        0x2 
 .text          0x000014f8       0x44 ./shell/printerro.o
                0x000014f8                printerro
 .text          0x0000153c     0x1bca ./shell/commands.o
                0x000015b0                do_help
                0x00001640                do_binfile
                0x000017c0                do_binmem
                0x000018cc                do_copyfile
                0x00001a80                do_cat
                0x00001bb8                do_cd
                0x00001be0                do_delete
                0x00001c0c                do_dump
                0x00001c5e                do_exit
                0x00001c84                do_ideinit
                0x00001cc8                do_idemode
                0x00001d1a                do_ls
                0x00001eec                do_load_basic
                0x00002022                do_loadmem
                0x00002160                do_mkdir_shel
                0x00002248                do_notimplemented
                0x0000225a                do_rename_shel
                0x000022b0                do_rmdir
                0x000023c0                do_runelf_fromhd
                0x000023ee                do_runelf
                0x0000242a                do_run
                0x00002456                do_save
                0x000025be                do_save2
                0x000027ba                do_save_basic
                0x00002936                do_shst
                0x00002950                do_time
                0x00002a38                do_tstkbd
                0x00002c54                do_uptime
                0x00002d28                do_writemem
                0x00002f42                do_writemem1
                0x0000304e                do_srecord
 *fill*         0x00003106        0x2 
 .text          0x00003108      0xa9a ./shell/decodecmd.o
                0x00003108                getline
                0x0000339a                process_command_builtin
                0x00003502                load_elf_executable
                0x0000383a                open_executable_file
                0x0000393a                process_command_executable
                0x00003a42                process_command
                0x00003a86                execute_cmd
 *fill*         0x00003ba2        0x2 
 .text          0x00003ba4      0x23c ./shell/crc32.o
                0x00003ba4                crc32_init
                0x00003c16                crc32_update
                0x00003dc8                crc32_calculate
 .text          0x00003de0      0x4d4 ./shell/cmd_repeat.o
                0x00003de0                hist_add
                0x00004262                keyboard_handler
 .text          0x000042b4      0x2ba ./shell/vid_ram_bios.o
                0x000042d2                video_puts
                0x0000441a                video_show_progress
 *fill*         0x0000456e        0x2 
 .text          0x00004570      0x12c ./kbd/ringbuffer.o
                0x00004570                ring_buf_init
                0x00004598                ring_buf_get
                0x000045d4                ring_buf_put
                0x00004634                ring_buf_is_empty
                0x00004650                ring_buf_is_full
                0x0000467a                ring_buf_get_char
 .text          0x0000469c      0x596 ./rtc/i2cbb.o
                0x0000470e                i2c_start
                0x0000472e                i2c_stop
                0x00004746                i2c_write_byte
                0x000047aa                i2c_read_byte
                0x000048a2                ds3231_read_time
                0x000049c6                ds3231_set_time
                0x00004af2                eeprom_write_byte
                0x00004b58                eeprom_read_byte
                0x00004bca                ds3231_probe
                0x00004bee                rtc_init
 *fill*         0x00004c32        0x2 
 .text          0x00004c34      0x248 ./uarts/drv_uart0.o
                0x00004c34                uart0_debug_char
                0x00004c66                uart0_init
                0x00004ca6                uart0_write
                0x00004ce4                uart0_read
                0x00004d1c                uart0_read_timeout
                0x00004d80                _inbyte
                0x00004e00                _outbyte
                0x00004e3e                uart0_write_string
                0x00004e6e                uart0_flush
 .text          0x00004e7c      0x160 ./duart/duart.o
                0x00004e9c                duart_init_canal_a
                0x00004f0e                duart_putc
                0x00004f44                duart_getc
                0x00004f66                duart_opr_init
                0x00004f7e                duart_led_op3_on
                0x00004f9a                duart_led_op3_off
                0x00004fb6                duart_led_op3_toggle
 .text          0x00004fdc      0x29c ./sys/traps/trap12.o
                0x00004fdc                do_open
                0x00005010                do_close
                0x00005024                do_read
                0x00005060                do_write
                0x0000509c                do_sync
                0x000050b0                do_lseek
                0x000050d0                do_tell
                0x000050dc                do_size
                0x000050e8                do_eof
                0x0000510c                do_unlink
                0x00005120                do_rename
                0x0000513e                do_stat
                0x0000515c                do_findfirst
                0x00005196                do_findnext
                0x000051b4                do_opendir
                0x000051d2                do_readdir
                0x000051f0                do_closedir
                0x00005204                do_mkdir
                0x00005218                do_mount
                0x0000524c                do_unmount
 .text          0x00005278       0xec ./sys/vectors/vectors.o
                0x00005290                TRAP14_Handler
                0x0000533a                get_system_tick
 .text          0x00005364       0x2c ./sys/console/console.o
                0x00005364                set_console_output
                0x00005376                set_console_input
                0x00005388                enable_interrupts
 .text          0x00005390       0x86 ./picoVga/drv_picoVga.o
                0x00005390                delay_us
                0x000053a8                delay_1ms
                0x000053bc                delay_ms
                0x000053d8                picovga_putchar
 *fill*         0x00005416        0x2 
 .text          0x00005418      0xab8 ./ide/ata.o
                0x0000542c                set_ide_bus_mode
                0x0000546c                go_8bits_mode
                0x00005718                ata_detect
                0x000057c6                ata_read_sector
                0x0000597a                ata_write_sector
                0x00005b2e                read_partition_table
                0x00005c18                ata_init
                0x00005caa                ata_disk_status
                0x00005cba                ata_disk_initialize
                0x00005cca                ata_wait_not_busy
                0x00005d0c                ata_wait_for_data
                0x00005d4e                ata_read_identity
 .text          0x00005ed0      0x220 ./ide/diskio.o
                0x00005ed0                disk_status
                0x00005ee8                disk_initialize
                0x00005efe                disk_read
                0x00005f7c                disk_write
                0x00005ffa                disk_ioctl
 .text          0x000060f0      0x270 ./sys/vectors/vectors_asm.o
                0x000060f0                SvcBusError
                0x000060f0                Svcaddress_err
                0x000060f8                SvcDiv0_handler
                0x000060f8                SvcIllegalIns
                0x000060fa                TrapFHandler
                0x000060fa                SpuriousHandler
                0x000060fa                SvcTrace
                0x000060fa                TrapBHandler
                0x000060fa                Int1Handler
                0x000060fa                TrapAHandler
                0x000060fa                SvcChkIns
                0x000060fa                Trap9Handler
                0x000060fa                Int5Handler
                0x000060fa                Int7Handler
                0x000060fa                SvcLineA
                0x000060fa                SvcPrivViolation
                0x000060fa                Trap8Handler
                0x000060fa                Int6Handler
                0x000060fa                bad_exception
                0x000060fa                Trap3Handler
                0x000060fa                Trap7Handler
                0x000060fa                Trap0Handler
                0x000060fa                SvcLineF
                0x000060fa                SvcTrapvIns
                0x000060fa                Trap5Handler
                0x000060fa                Trap6Handler
                0x000060fc                TrapDHandler
                0x000060fe                Int2Handler
                0x0000615a                Int3Handler
                0x00006182                Int4Handler
                0x00006184                Trap1Handler
                0x000061d4                Trap2Handler
                0x0000625e                Trap4Handler
                0x00006288                TrapCHandler
                0x0000634a                TrapEHandler
 .text          0x00006360      0x2e0 ./sys/traps/trap2_asm.o
                0x0000637c                vid_writechar
                0x00006380                vid_gotoxy
                0x000063a4                vid_clrscr
                0x000063b4                vid_gohome
                0x000063c4                vid_setcolor
                0x000063d2                vid_drawVLine
                0x00006404                vid_drawHLine
                0x00006436                vid_drawLine
                0x00006472                vid_drawCircle
                0x0000649e                vid_drawCircleHelper
                0x000064ce                vid_fillCircle
                0x000064fa                vid_fillCircleHelper
                0x0000652e                vid_drawRoundRect
                0x0000656e                vid_fillRoundRect
                0x000065ae                vid_fillRect
                0x000065ea                vid_fillTri
 .text          0x00006640       0x38 ./sys/traps/trap4_asm.o
                0x00006640                rtc_ds3231_read_time
                0x0000664a                rtc_ds3231_set_time
                0x00006658                rtc_eeprom_read_byte
                0x00006662                rtc_eeprom_write_byte
 .text          0x00006678      0x28e ./sys/traps/trap12_asm.o
                0x00006678                file_open
                0x00006696                file_close
                0x000066b0                file_read
                0x000066d0                file_write
                0x000066f0                file_sync
                0x0000670a                file_lseek
                0x00006726                file_unlink
                0x00006740                file_tell
                0x0000675a                file_size
                0x00006774                file_eof
                0x0000678e                file_rename
                0x000067aa                file_stat
                0x000067c6                file_opendir
                0x000067e2                file_readdir
                0x000067fe                file_closedir
                0x00006818                file_mkdir
                0x00006832                file_mount
                0x00006850                file_unmount
                0x0000686a                file_list
                0x00006884                file_save
                0x000068a4                file_load
                0x000068c4                file_findfirst
                0x000068e4                file_findnext
 *fill*         0x00006906        0x2 
 .text          0x00006908       0x90 ./cpm/cpm_bios.o
                0x00006908                bios_entry
                0x00006948                bios_const
                0x0000695e                bios_conin
                0x0000697c                bios_conout
                0x00006992                bios_init
 .text          0x00006998     0x29a0 ../../lib/libfileio.a(ff.o)
                0x00007d26                f_mount
                0x00007da8                f_open
                0x0000804c                f_read
                0x0000825a                f_write
                0x000084b8                f_sync
                0x000085ba                f_close
                0x000085ec                f_chdrive
                0x00008610                f_chdir
                0x00008690                f_getcwd
                0x0000884a                f_lseek
                0x00008a72                f_opendir
                0x00008b0e                f_closedir
                0x00008b2e                f_readdir
                0x00008bba                f_findnext
                0x00008c04                f_findfirst
                0x00008c46                f_stat
                0x00008cb8                f_getfree
                0x00008dd0                f_truncate
                0x00008ee6                f_unlink
                0x00008ff4                f_mkdir
                0x000091a0                f_rename
 .text          0x00009338       0x1c ../../lib/libc68k.a(strchr.o)
                0x00009338                strchr
 .text          0x00009354       0x1e ../../lib/libc68k.a(memcpy.o)
                0x00009354                memcpy
 *fill*         0x00009372        0x2 
 .text          0x00009374      0x360 ../../lib/libc68k.a(malloc.o)
                0x00009528                malloc_init
                0x0000959e                free
                0x000095ea                malloc
                0x000095fe                calloc
                0x0000965e                malloc_num_free
                0x00009678                malloc_num_used
                0x00009694                malloc_num_fresh
                0x000096b0                malloc_check
 .text          0x000096d4       0x3c ../../lib/libc68k.a(memcmp.o)
                0x000096d4                memcmp
 .text          0x00009710       0x12 ../../lib/libc68k.a(strlen.o)
                0x00009710                strlen
 *fill*         0x00009722        0x2 
 .text          0x00009724       0x16 ../../lib/libc68k.a(memset.o)
                0x00009724                memset
 *fill*         0x0000973a        0x2 
 .text          0x0000973c       0x26 ../../lib/libc68k.a(strcat.o)
                0x0000973c                strcat
 *fill*         0x00009762        0x2 
 .text          0x00009764       0x18 ../../lib/libc68k.a(strcpy.o)
                0x00009764                strcpy
 .text          0x0000977c       0x1a ../../lib/libc68k.a(putchar.o)
                0x0000977c                putchar
 *fill*         0x00009796        0x2 
 .text          0x00009798      0x206 ../../lib/libc68k.a(sprintf.o)
                0x00009798                sprintf
 *fill*         0x0000999e        0x2 
 .text          0x000099a0       0x26 ../../lib/libc68k.a(puts.o)
                0x000099a0                puts
 *fill*         0x000099c6        0x2 
 .text          0x000099c8        0xc ../../lib/libc68k.a(getchar.o)
                0x000099c8                getchar
 .text          0x000099d4      0x3a6 ../../lib/libc68k.a(printf.o)
                0x000099d4                itox
                0x00009a1e                itodec
                0x00009a7c                itooct
                0x00009ac2                itoudec
                0x00009b14                pad_zeros
                0x00009b58                printf
 *fill*         0x00009d7a        0x2 
 .text          0x00009d7c       0x36 ../../lib/libc68k.a(__mulsi3.o)
                0x00009d7c                __mulsi3
 *fill*         0x00009db2        0x2 
 .text          0x00009db4       0x2c ../../lib/libc68k.a(__umodsi3.o)
                0x00009db4                __umodsi3
 .text          0x00009de0       0x3a ../../lib/libc68k.a(__udivsi3.o)
                0x00009de0                __udivsi3
 *fill*         0x00009e1a        0x2 
 .text          0x00009e1c      0x148 ../../lib/libc68k.a(strtoul.o)
                0x00009e1c                strtoul
 .text          0x00009f64        0xc ../../lib/libc68k.a(isspace.o)
                0x00009f64                isspace
 .text          0x00009f70       0x16 ../../lib/libc68k.a(atoi.o)
                0x00009f70                atoi
 *fill*         0x00009f86        0x2 
 .text          0x00009f88       0x54 ../../lib/libc68k.a(strcasecmp.o)
                0x00009f88                strcasecmp
 .text          0x00009fdc       0x32 ../../lib/libc68k.a(strtol.o)
                0x00009fdc                strtol
 *fill*         0x0000a00e        0x2 
 .text          0x0000a010       0x42 ../../lib/libvideo.a(vga_video.o)
                0x0000a010                run_cmd
                0x0000a012                video_writechar
                0x0000a018                gotoxy
                0x0000a02a                gohome
                0x0000a030                setcolor
                0x0000a04c                clrscr
 *(.rodata)
 .rodata        0x0000a052      0x1b4 bios68.o
                0x0000a055                MsgOrionInit
 .rodata        0x0000a206      0x1c5 ./dump/mem_dump.o
 .rodata        0x0000a3cb        0x5 ./shell/io.o
 .rodata        0x0000a3d0      0x179 ./shell/picow.o
 .rodata        0x0000a549      0x2fa ./shell/printerro.o
 .rodata        0x0000a843      0x9f0 ./shell/commands.o
 *fill*         0x0000b233        0x1 
 .rodata        0x0000b234      0x7da ./shell/decodecmd.o
                0x0000b234                g_elf_header_bytes
                0x0000b5f6                g_cmd_table
 .rodata        0x0000ba0e       0x29 ./shell/vid_ram_bios.o
 .rodata        0x0000ba37       0x2d ./uarts/drv_uart0.o
 .rodata        0x0000ba64       0x11 ./duart/duart.o
 .rodata        0x0000ba75       0x51 ./sys/vectors/vectors.o
 .rodata        0x0000bac6      0x1ec ./ide/ata.o
 .rodata        0x0000bcb2       0x2d ./ide/diskio.o
 .rodata        0x0000bcdf       0x80 ../../lib/libfileio.a(ff.o)
 *fill*         0x0000bd5f        0x1 
 .rodata        0x0000bd60       0x28 ../../lib/libc68k.a(printf.o)
                0x0000bd88                        . = ALIGN (0x2)

.rodata         0x0000bd88       0x38
                0x0000bd88                        . = ALIGN (0x2)
 *(.rodata*)
 .rodata.str1.1
                0x0000bd88       0x38 ../../lib/libfileio.a(ff.o)
                                 0x18 (size before relaxing)
 .rodata.str1.1
                0x0000bdc0        0xf ../../lib/libc68k.a(sprintf.o)
 .rodata.str1.1
                0x0000bdc0       0x20 ../../lib/libc68k.a(printf.o)
                0x0000bde0                        . = ALIGN (0x2)

.data           0x00080004       0x60 load address 0x0000bdc0
                0x00080004                        . = ALIGN (0x2)
                0x00080004                        __data_start = .
 *(.data*)
 .data          0x00080004        0x0 ../../libc/obj/bios68_startup.o
 .data          0x00080004        0x0 bios68.o
 .data          0x00080004        0x0 timers.o
 .data          0x00080004        0x0 interrupt.o
 .data          0x00080004        0x0 ./dump/mem_dump.o
 .data          0x00080004        0x0 ./shell/io.o
 .data          0x00080004        0x0 ./shell/picow.o
 .data          0x00080004        0x0 ./shell/elf_loader.o
 .data          0x00080004       0x50 ./shell/printerro.o
 .data          0x00080054        0x0 ./shell/commands.o
 .data          0x00080054        0x8 ./shell/decodecmd.o
 .data          0x0008005c        0x0 ./shell/crc32.o
 .data          0x0008005c        0x1 ./shell/cmd_repeat.o
 *fill*         0x0008005d        0x3 
 .data          0x00080060        0x0 ./shell/vid_ram_bios.o
 .data          0x00080060        0x4 ./kbd/ringbuffer.o
 .data          0x00080064        0x0 ./rtc/i2cbb.o
 .data          0x00080064        0x0 ./uarts/drv_uart0.o
 .data          0x00080064        0x0 ./duart/duart.o
 .data          0x00080064        0x0 ./sys/traps/trap12.o
 .data          0x00080064        0x0 ./sys/vectors/vectors.o
 .data          0x00080064        0x0 ./sys/console/console.o
 .data          0x00080064        0x0 ./picoVga/drv_picoVga.o
 .data          0x00080064        0x0 ./ide/ata.o
 .data          0x00080064        0x0 ./ide/diskio.o
 .data          0x00080064        0x0 ./sys/vectors/vectors_asm.o
 .data          0x00080064        0x0 ./sys/traps/trap2_asm.o
 .data          0x00080064        0x0 ./sys/traps/trap4_asm.o
 .data          0x00080064        0x0 ./sys/traps/trap12_asm.o
 .data          0x00080064        0x0 ./cpm/cpm_bios.o
 .data          0x00080064        0x0 ../../lib/libfileio.a(ff.o)
 .data          0x00080064        0x0 ../../lib/libc68k.a(strchr.o)
 .data          0x00080064        0x0 ../../lib/libc68k.a(memcpy.o)
 .data          0x00080064        0x0 ../../lib/libc68k.a(malloc.o)
 .data          0x00080064        0x0 ../../lib/libc68k.a(memcmp.o)
 .data          0x00080064        0x0 ../../lib/libc68k.a(strlen.o)
 .data          0x00080064        0x0 ../../lib/libc68k.a(memset.o)
 .data          0x00080064        0x0 ../../lib/libc68k.a(strcat.o)
 .data          0x00080064        0x0 ../../lib/libc68k.a(strcpy.o)
 .data          0x00080064        0x0 ../../lib/libc68k.a(putchar.o)
 .data          0x00080064        0x0 ../../lib/libc68k.a(sprintf.o)
 .data          0x00080064        0x0 ../../lib/libc68k.a(puts.o)
 .data          0x00080064        0x0 ../../lib/libc68k.a(getchar.o)
 .data          0x00080064        0x0 ../../lib/libc68k.a(printf.o)
 .data          0x00080064        0x0 ../../lib/libc68k.a(__mulsi3.o)
 .data          0x00080064        0x0 ../../lib/libc68k.a(__umodsi3.o)
 .data          0x00080064        0x0 ../../lib/libc68k.a(__udivsi3.o)
 .data          0x00080064        0x0 ../../lib/libc68k.a(strtoul.o)
 .data          0x00080064        0x0 ../../lib/libc68k.a(isspace.o)
 .data          0x00080064        0x0 ../../lib/libc68k.a(atoi.o)
 .data          0x00080064        0x0 ../../lib/libc68k.a(strcasecmp.o)
 .data          0x00080064        0x0 ../../lib/libc68k.a(strtol.o)
 .data          0x00080064        0x0 ../../lib/libvideo.a(vga_video.o)
                0x00080064                        . = ALIGN (0x2)
                0x00080064                        __data_end = .

.mram           0x00080064        0xc load address 0x0000be20
 *(?.mram)
 .mram          0x00080064        0xc bios68.o
                0x00080064                systemTick
                0x00080068                tick_count
                0x0008006c                flg_system
                0x0000bdc0                        __data_load_start = LOADADDR (.data)

.bss            0x00080070      0xdc0 load address 0x0000be20
                0x00080070                        . = ALIGN (0x2)
                0x00080070                        __bss_start = .
 *(.bss*)
 .bss           0x00080070        0x0 ../../libc/obj/bios68_startup.o
 .bss           0x00080070      0x3bc bios68.o
                0x00080070                sys_flags
                0x00080072                FatFs
                0x000802ac                g_cmd_buffer
                0x0008032c                buffer
                0x000803ac                syspath
 .bss           0x0008042c       0x1c timers.o
                0x0008042c                g_timers
                0x00080440                g_tick_count
 .bss           0x00080448        0x0 interrupt.o
 .bss           0x00080448        0x0 ./dump/mem_dump.o
 .bss           0x00080448        0x0 ./shell/io.o
 .bss           0x00080448        0x0 ./shell/picow.o
 .bss           0x00080448        0x0 ./shell/elf_loader.o
 .bss           0x00080448        0x0 ./shell/printerro.o
 .bss           0x00080448      0x274 ./shell/commands.o
 .bss           0x000806bc        0x4 ./shell/decodecmd.o
 .bss           0x000806c0      0x400 ./shell/crc32.o
 .bss           0x00080ac0      0x1a5 ./shell/cmd_repeat.o
 *fill*         0x00080c65        0x3 
 .bss           0x00080c68        0x0 ./shell/vid_ram_bios.o
 .bss           0x00080c68      0x106 ./kbd/ringbuffer.o
 *fill*         0x00080d6e        0x2 
 .bss           0x00080d70        0x0 ./rtc/i2cbb.o
 .bss           0x00080d70        0x0 ./uarts/drv_uart0.o
 .bss           0x00080d70        0x1 ./duart/duart.o
 *fill*         0x00080d71        0x3 
 .bss           0x00080d74        0x0 ./sys/traps/trap12.o
 .bss           0x00080d74        0x0 ./sys/vectors/vectors.o
 .bss           0x00080d74        0x8 ./sys/console/console.o
                0x00080d74                cconin
                0x00080d78                cconout
 .bss           0x00080d7c        0x0 ./picoVga/drv_picoVga.o
 .bss           0x00080d7c       0x29 ./ide/ata.o
                0x00080d7c                drives
                0x00080da4                ide_bus_mode
 *fill*         0x00080da5        0x3 
 .bss           0x00080da8       0x64 ./ide/diskio.o
 .bss           0x00080e0c        0x0 ./sys/vectors/vectors_asm.o
 .bss           0x00080e0c        0x0 ./sys/traps/trap2_asm.o
 .bss           0x00080e0c        0x0 ./sys/traps/trap4_asm.o
 .bss           0x00080e0c        0x0 ./sys/traps/trap12_asm.o
 .bss           0x00080e0c        0x0 ./cpm/cpm_bios.o
 .bss           0x00080e0c        0xe ../../lib/libfileio.a(ff.o)
 *fill*         0x00080e1a        0x2 
 .bss           0x00080e1c        0x0 ../../lib/libc68k.a(strchr.o)
 .bss           0x00080e1c        0x0 ../../lib/libc68k.a(memcpy.o)
 .bss           0x00080e1c       0x14 ../../lib/libc68k.a(malloc.o)
 .bss           0x00080e30        0x0 ../../lib/libc68k.a(memcmp.o)
 .bss           0x00080e30        0x0 ../../lib/libc68k.a(strlen.o)
 .bss           0x00080e30        0x0 ../../lib/libc68k.a(memset.o)
 .bss           0x00080e30        0x0 ../../lib/libc68k.a(strcat.o)
 .bss           0x00080e30        0x0 ../../lib/libc68k.a(strcpy.o)
 .bss           0x00080e30        0x0 ../../lib/libc68k.a(putchar.o)
 .bss           0x00080e30        0x0 ../../lib/libc68k.a(sprintf.o)
 .bss           0x00080e30        0x0 ../../lib/libc68k.a(puts.o)
 .bss           0x00080e30        0x0 ../../lib/libc68k.a(getchar.o)
 .bss           0x00080e30        0x0 ../../lib/libc68k.a(printf.o)
 .bss           0x00080e30        0x0 ../../lib/libc68k.a(__mulsi3.o)
 .bss           0x00080e30        0x0 ../../lib/libc68k.a(__umodsi3.o)
 .bss           0x00080e30        0x0 ../../lib/libc68k.a(__udivsi3.o)
 .bss           0x00080e30        0x0 ../../lib/libc68k.a(strtoul.o)
 .bss           0x00080e30        0x0 ../../lib/libc68k.a(isspace.o)
 .bss           0x00080e30        0x0 ../../lib/libc68k.a(atoi.o)
 .bss           0x00080e30        0x0 ../../lib/libc68k.a(strcasecmp.o)
 .bss           0x00080e30        0x0 ../../lib/libc68k.a(strtol.o)
 .bss           0x00080e30        0x0 ../../lib/libvideo.a(vga_video.o)
 *(COMMON)
                0x00080e30                        . = ALIGN (0x2)
                0x00080e30                        __bss_end = .
                0x00100000                        _stack_end = 0x100000
                0x000fe000                        _stack_start = (_stack_end - 0x2000)

/DISCARD/
 *(.comment)
 *(.note*)
 *(.align*)
LOAD ../../libc/obj/bios68_startup.o
LOAD bios68.o
LOAD timers.o
LOAD interrupt.o
LOAD ./dump/mem_dump.o
LOAD ./shell/io.o
LOAD ./shell/picow.o
LOAD ./shell/elf_loader.o
LOAD ./shell/printerro.o
LOAD ./shell/commands.o
LOAD ./shell/decodecmd.o
LOAD ./shell/crc32.o
LOAD ./shell/cmd_repeat.o
LOAD ./shell/vid_ram_bios.o
LOAD ./kbd/ringbuffer.o
LOAD ./rtc/i2cbb.o
LOAD ./uarts/drv_uart0.o
LOAD ./duart/duart.o
LOAD ./sys/traps/trap12.o
LOAD ./sys/vectors/vectors.o
LOAD ./sys/console/console.o
LOAD ./picoVga/drv_picoVga.o
LOAD ./ide/ata.o
LOAD ./ide/diskio.o
LOAD ./sys/vectors/vectors_asm.o
LOAD ./sys/traps/trap2_asm.o
LOAD ./sys/traps/trap4_asm.o
LOAD ./sys/traps/trap12_asm.o
LOAD ./cpm/cpm_bios.o
LOAD ../../lib/libfileio.a
LOAD ../../lib/libc68k.a
LOAD ../../lib/libvideo.a
OUTPUT(bios68.elf elf32-m68k)
