Archive member included to satisfy reference by file (symbol)

../../lib/libfileio.a(ff.o)   ./shell/commands.o (f_mount)
../../lib/libc68k.a(strchr.o)
                              ../../lib/libfileio.a(ff.o) (strchr)
../../lib/libc68k.a(memcpy.o)
                              ./shell/elf_loader.o (memcpy)
../../lib/libc68k.a(malloc.o)
                              timers.o (free)
../../lib/libc68k.a(memcmp.o)
                              ./shell/decodecmd.o (memcmp)
../../lib/libc68k.a(strlen.o)
                              ./shell/commands.o (strlen)
../../lib/libc68k.a(memset.o)
                              timers.o (memset)
../../lib/libc68k.a(strcat.o)
                              ./shell/commands.o (strcat)
../../lib/libc68k.a(strcpy.o)
                              ./shell/commands.o (strcpy)
../../lib/libc68k.a(putchar.o)
                              ./shell/commands.o (putchar)
../../lib/libc68k.a(sprintf.o)
                              ./shell/commands.o (sprintf)
../../lib/libc68k.a(puts.o)   ./shell/commands.o (puts)
../../lib/libc68k.a(getchar.o)
                              ./dump/mem_dump.o (getchar)
../../lib/libc68k.a(printf.o)
                              ../../lib/libc68k.a(sprintf.o) (itox)
../../lib/libc68k.a(__mulsi3.o)
                              ./shell/elf_loader.o (__mulsi3)
../../lib/libc68k.a(__umodsi3.o)
                              ./shell/commands.o (__umodsi3)
../../lib/libc68k.a(__udivsi3.o)
                              ./shell/commands.o (__udivsi3)
../../lib/libc68k.a(strtoul.o)
                              ./shell/commands.o (strtoul)
../../lib/libc68k.a(isspace.o)
                              ./shell/decodecmd.o (isspace)
../../lib/libc68k.a(atoi.o)   ./shell/commands.o (atoi)
../../lib/libc68k.a(strcasecmp.o)
                              ./shell/decodecmd.o (strcasecmp)
../../lib/libc68k.a(strtol.o)
                              ../../lib/libc68k.a(atoi.o) (strtol)
../../lib/libvideo.a(vga_video.o)
                              bios68.o (gotoxy)

Discarded input sections

 .comment       0x00000000       0x13 bios68.o
 .comment       0x00000000       0x13 timers.o
 .comment       0x00000000       0x13 interrupt.o
 .comment       0x00000000       0x13 ./dump/mem_dump.o
 .comment       0x00000000       0x13 ./shell/io.o
 .comment       0x00000000       0x13 ./shell/picow.o
 .comment       0x00000000       0x13 ./shell/elf_loader.o
 .comment       0x00000000       0x13 ./shell/printerro.o
 .comment       0x00000000       0x13 ./shell/commands.o
 .comment       0x00000000       0x13 ./shell/decodecmd.o
 .comment       0x00000000       0x13 ./shell/crc32.o
 .comment       0x00000000       0x13 ./shell/cmd_repeat.o
 .comment       0x00000000       0x13 ./shell/vid_ram_bios.o
 .comment       0x00000000       0x13 ./kbd/ringbuffer.o
 .comment       0x00000000       0x13 ./rtc/i2cbb.o
 .comment       0x00000000       0x13 ./uarts/drv_uart0.o
 .comment       0x00000000       0x13 ./duart/duart.o
 .comment       0x00000000       0x13 ./sys/traps/trap12.o
 .comment       0x00000000       0x13 ./sys/vectors/vectors.o
 .comment       0x00000000       0x13 ./sys/console/console.o
 .comment       0x00000000       0x13 ./sys/ethernet/dhcp_client.o
 .comment       0x00000000       0x13 ./picoVga/drv_picoVga.o
 .comment       0x00000000       0x13 ./ide/ata.o
 .comment       0x00000000       0x13 ./ide/diskio.o
 .comment       0x00000000       0x13 ../../lib/libfileio.a(ff.o)
 .comment       0x00000000       0x13 ../../lib/libc68k.a(strchr.o)
 .comment       0x00000000       0x13 ../../lib/libc68k.a(memcpy.o)
 .comment       0x00000000       0x13 ../../lib/libc68k.a(malloc.o)
 .comment       0x00000000       0x13 ../../lib/libc68k.a(memcmp.o)
 .comment       0x00000000       0x13 ../../lib/libc68k.a(strlen.o)
 .comment       0x00000000       0x13 ../../lib/libc68k.a(memset.o)
 .comment       0x00000000       0x13 ../../lib/libc68k.a(strcat.o)
 .comment       0x00000000       0x13 ../../lib/libc68k.a(strcpy.o)
 .comment       0x00000000       0x13 ../../lib/libc68k.a(putchar.o)
 .comment       0x00000000       0x13 ../../lib/libc68k.a(sprintf.o)
 .comment       0x00000000       0x13 ../../lib/libc68k.a(puts.o)
 .comment       0x00000000       0x13 ../../lib/libc68k.a(getchar.o)
 .comment       0x00000000       0x13 ../../lib/libc68k.a(printf.o)
 .comment       0x00000000       0x13 ../../lib/libc68k.a(__mulsi3.o)
 .comment       0x00000000       0x13 ../../lib/libc68k.a(__umodsi3.o)
 .comment       0x00000000       0x13 ../../lib/libc68k.a(__udivsi3.o)
 .comment       0x00000000       0x13 ../../lib/libc68k.a(strtoul.o)
 .comment       0x00000000       0x13 ../../lib/libc68k.a(isspace.o)
 .comment       0x00000000       0x13 ../../lib/libc68k.a(atoi.o)
 .comment       0x00000000       0x13 ../../lib/libc68k.a(strcasecmp.o)
 .comment       0x00000000       0x13 ../../lib/libc68k.a(strtol.o)
 .comment       0x00000000       0x13 ../../lib/libvideo.a(vga_video.o)

Memory Configuration

Name             Origin             Length             Attributes
ROM              0x00000000         0x00010000         xr
RAM              0x00080004         0x00080000         xrw
*default*        0x00000000         0xffffffff

Linker script and memory map

                0x00000000                        . = 0x0

.vectors        0x00000000        0x0
 *(.vectors)
                0x00000000                        . = ALIGN (0x400)

.text           0x00000000     0xcc48
                0x00000000                        . = ALIGN (0x2)
 *(.text*)
 .text          0x00000000      0x27c ../../libc/obj/bios68_startup.o
                0x000000c0                _start
                0x000001d0                printString
                0x00000204                _delay_ms
 .text          0x0000027c      0x35e bios68.o
                0x0000027c                clr_flg_program_loaded
                0x00000292                set_flg_program_loaded
                0x000002a6                get_flg_program_loaded
                0x000002b2                print_msg
                0x000002ee                display_prompt
                0x00000372                main
 *fill*         0x000005da        0x2 
 .text          0x000005dc      0x32a timers.o
                0x000005dc                delay10ms
                0x000005fe                cpu_delay
                0x0000061a                init_timer
                0x0000063a                get_tick_count
                0x00000642                add_timer
                0x000006da                delete_timer
                0x00000726                start_timer
                0x000007a6                stop_timer
                0x000007da                reset_timer
                0x00000828                set_interval
                0x0000085c                update_timers
 *fill*         0x00000906        0x2 
 .text          0x00000908        0x0 interrupt.o
 .text          0x00000908      0x29a ./dump/mem_dump.o
                0x00000908                dump_memory
 *fill*         0x00000ba2        0x2 
 .text          0x00000ba4       0x54 ./shell/io.o
                0x00000ba4                get_key
                0x00000bce                _putchar_hex
 .text          0x00000bf8      0x620 ./shell/picow.o
                0x00000bf8                receber_arquivo_do_pico
                0x00000e2a                noblk_receber_arquivo_do_pico
                0x00000fb6                send_sector_low
                0x00000fe0                send_sector_high
                0x0000100a                send_read_cmd
                0x00001030                read_sector
                0x00001090                get_crc
                0x000010f8                receber_setor_do_pico
                0x000011fc                pico_write_ch
 .text          0x00001218      0x322 ./shell/elf_loader.o
                0x00001218                carregar_elf32
                0x00001358                carregar_elf32_fatfs
 *fill*         0x0000153a        0x2 
 .text          0x0000153c       0x44 ./shell/printerro.o
                0x0000153c                printerro
 .text          0x00001580     0x1bca ./shell/commands.o
                0x000015f4                do_help
                0x00001684                do_binfile
                0x00001804                do_binmem
                0x00001910                do_copyfile
                0x00001ac4                do_cat
                0x00001bfc                do_cd
                0x00001c24                do_delete
                0x00001c50                do_dump
                0x00001ca2                do_exit
                0x00001cc8                do_ideinit
                0x00001d0c                do_idemode
                0x00001d5e                do_ls
                0x00001f30                do_load_basic
                0x00002066                do_loadmem
                0x000021a4                do_mkdir_shel
                0x0000228c                do_notimplemented
                0x0000229e                do_rename_shel
                0x000022f4                do_rmdir
                0x00002404                do_runelf_fromhd
                0x00002432                do_runelf
                0x0000246e                do_run
                0x0000249a                do_save
                0x00002602                do_save2
                0x000027fe                do_save_basic
                0x0000297a                do_shst
                0x00002994                do_time
                0x00002a7c                do_tstkbd
                0x00002c98                do_uptime
                0x00002d6c                do_writemem
                0x00002f86                do_writemem1
                0x00003092                do_srecord
 *fill*         0x0000314a        0x2 
 .text          0x0000314c      0xa9a ./shell/decodecmd.o
                0x0000314c                getline
                0x000033de                process_command_builtin
                0x00003546                load_elf_executable
                0x0000387e                open_executable_file
                0x0000397e                process_command_executable
                0x00003a86                process_command
                0x00003aca                execute_cmd
 *fill*         0x00003be6        0x2 
 .text          0x00003be8      0x23c ./shell/crc32.o
                0x00003be8                crc32_init
                0x00003c5a                crc32_update
                0x00003e0c                crc32_calculate
 .text          0x00003e24      0x4d4 ./shell/cmd_repeat.o
                0x00003e24                hist_add
                0x000042a6                keyboard_handler
 .text          0x000042f8      0x2ba ./shell/vid_ram_bios.o
                0x00004316                video_puts
                0x0000445e                video_show_progress
 *fill*         0x000045b2        0x2 
 .text          0x000045b4      0x12c ./kbd/ringbuffer.o
                0x000045b4                ring_buf_init
                0x000045dc                ring_buf_get
                0x00004618                ring_buf_put
                0x00004678                ring_buf_is_empty
                0x00004694                ring_buf_is_full
                0x000046be                ring_buf_get_char
 .text          0x000046e0      0x596 ./rtc/i2cbb.o
                0x00004752                i2c_start
                0x00004772                i2c_stop
                0x0000478a                i2c_write_byte
                0x000047ee                i2c_read_byte
                0x000048e6                ds3231_read_time
                0x00004a0a                ds3231_set_time
                0x00004b36                eeprom_write_byte
                0x00004b9c                eeprom_read_byte
                0x00004c0e                ds3231_probe
                0x00004c32                rtc_init
 *fill*         0x00004c76        0x2 
 .text          0x00004c78      0x248 ./uarts/drv_uart0.o
                0x00004c78                uart0_debug_char
                0x00004caa                uart0_init
                0x00004cea                uart0_write
                0x00004d28                uart0_read
                0x00004d60                uart0_read_timeout
                0x00004dc4                _inbyte
                0x00004e44                _outbyte
                0x00004e82                uart0_write_string
                0x00004eb2                uart0_flush
 .text          0x00004ec0      0x160 ./duart/duart.o
                0x00004ee0                duart_init_canal_a
                0x00004f52                duart_putc
                0x00004f88                duart_getc
                0x00004faa                duart_opr_init
                0x00004fc2                duart_led_op3_on
                0x00004fde                duart_led_op3_off
                0x00004ffa                duart_led_op3_toggle
 .text          0x00005020      0x29c ./sys/traps/trap12.o
                0x00005020                do_open
                0x00005054                do_close
                0x00005068                do_read
                0x000050a4                do_write
                0x000050e0                do_sync
                0x000050f4                do_lseek
                0x00005114                do_tell
                0x00005120                do_size
                0x0000512c                do_eof
                0x00005150                do_unlink
                0x00005164                do_rename
                0x00005182                do_stat
                0x000051a0                do_findfirst
                0x000051da                do_findnext
                0x000051f8                do_opendir
                0x00005216                do_readdir
                0x00005234                do_closedir
                0x00005248                do_mkdir
                0x0000525c                do_mount
                0x00005290                do_unmount
 .text          0x000052bc       0xec ./sys/vectors/vectors.o
                0x000052d4                TRAP14_Handler
                0x0000537e                get_system_tick
 .text          0x000053a8       0x2c ./sys/console/console.o
                0x000053a8                set_console_output
                0x000053ba                set_console_input
                0x000053cc                enable_interrupts
 .text          0x000053d4      0xbd2 ./sys/ethernet/dhcp_client.o
                0x0000543c                w5100_write
                0x00005460                w5100_read
                0x00005472                w5100_set_mac
                0x000057dc                w5100_print_ip
                0x00005c18                w5100_dhcp_request
                0x00005f7c                dhcp_client
 *fill*         0x00005fa6        0x2 
 .text          0x00005fa8       0x7c ./picoVga/drv_picoVga.o
                0x00005fa8                delay_us
                0x00005fc0                delay_1ms
                0x00005fd4                delay_ms
                0x00005ff0                picovga_putchar
 .text          0x00006024      0xab8 ./ide/ata.o
                0x00006038                set_ide_bus_mode
                0x00006078                go_8bits_mode
                0x00006324                ata_detect
                0x000063d2                ata_read_sector
                0x00006586                ata_write_sector
                0x0000673a                read_partition_table
                0x00006824                ata_init
                0x000068b6                ata_disk_status
                0x000068c6                ata_disk_initialize
                0x000068d6                ata_wait_not_busy
                0x00006918                ata_wait_for_data
                0x0000695a                ata_read_identity
 .text          0x00006adc      0x1f6 ./ide/diskio.o
                0x00006adc                disk_status
                0x00006af4                disk_initialize
                0x00006b0a                disk_read
                0x00006b88                disk_write
                0x00006c06                disk_ioctl
 *fill*         0x00006cd2        0x2 
 .text          0x00006cd4      0x282 ./sys/vectors/vectors_asm.o
                0x00006cd4                SvcBusError
                0x00006cd4                Svcaddress_err
                0x00006cdc                SvcDiv0_handler
                0x00006cdc                SvcIllegalIns
                0x00006cde                TrapFHandler
                0x00006cde                SpuriousHandler
                0x00006cde                SvcTrace
                0x00006cde                TrapBHandler
                0x00006cde                Int1Handler
                0x00006cde                TrapAHandler
                0x00006cde                SvcChkIns
                0x00006cde                Trap9Handler
                0x00006cde                Int5Handler
                0x00006cde                Int7Handler
                0x00006cde                SvcLineA
                0x00006cde                SvcPrivViolation
                0x00006cde                Trap8Handler
                0x00006cde                Int6Handler
                0x00006cde                bad_exception
                0x00006cde                Trap3Handler
                0x00006cde                Trap7Handler
                0x00006cde                Trap0Handler
                0x00006cde                SvcLineF
                0x00006cde                SvcTrapvIns
                0x00006cde                Trap5Handler
                0x00006cde                Trap6Handler
                0x00006ce0                TrapDHandler
                0x00006ce2                Int2Handler
                0x00006d3e                Int3Handler
                0x00006d66                Int4Handler
                0x00006d68                Trap1Handler
                0x00006dca                Trap2Handler
                0x00006e54                Trap4Handler
                0x00006e7e                TrapCHandler
                0x00006f40                TrapEHandler
 *fill*         0x00006f56        0x2 
 .text          0x00006f58      0x2e0 ./sys/traps/trap2_asm.o
                0x00006f74                vid_writechar
                0x00006f78                vid_gotoxy
                0x00006f9c                vid_clrscr
                0x00006fac                vid_gohome
                0x00006fbc                vid_setcolor
                0x00006fca                vid_drawVLine
                0x00006ffc                vid_drawHLine
                0x0000702e                vid_drawLine
                0x0000706a                vid_drawCircle
                0x00007096                vid_drawCircleHelper
                0x000070c6                vid_fillCircle
                0x000070f2                vid_fillCircleHelper
                0x00007126                vid_drawRoundRect
                0x00007166                vid_fillRoundRect
                0x000071a6                vid_fillRect
                0x000071e2                vid_fillTri
 .text          0x00007238       0x38 ./sys/traps/trap4_asm.o
                0x00007238                rtc_ds3231_read_time
                0x00007242                rtc_ds3231_set_time
                0x00007250                rtc_eeprom_read_byte
                0x0000725a                rtc_eeprom_write_byte
 .text          0x00007270      0x28e ./sys/traps/trap12_asm.o
                0x00007270                file_open
                0x0000728e                file_close
                0x000072a8                file_read
                0x000072c8                file_write
                0x000072e8                file_sync
                0x00007302                file_lseek
                0x0000731e                file_unlink
                0x00007338                file_tell
                0x00007352                file_size
                0x0000736c                file_eof
                0x00007386                file_rename
                0x000073a2                file_stat
                0x000073be                file_opendir
                0x000073da                file_readdir
                0x000073f6                file_closedir
                0x00007410                file_mkdir
                0x0000742a                file_mount
                0x00007448                file_unmount
                0x00007462                file_list
                0x0000747c                file_save
                0x0000749c                file_load
                0x000074bc                file_findfirst
                0x000074dc                file_findnext
 *fill*         0x000074fe        0x2 
 .text          0x00007500       0x88 ./duart/duartasm.o
                0x00007500                duart_a_init_38400
                0x00007542                duart_a_recv_char
                0x00007558                duart_a_send_char
                0x0000755c                duart_send_char
                0x00007572                duart_a_char_available
 .text          0x00007588       0x90 ./cpm/cpm_bios.o
                0x00007588                bios_entry
                0x000075c8                bios_const
                0x000075de                bios_conin
                0x000075fc                bios_conout
                0x00007612                bios_init
 .text          0x00007618     0x29a0 ../../lib/libfileio.a(ff.o)
                0x000089a6                f_mount
                0x00008a28                f_open
                0x00008ccc                f_read
                0x00008eda                f_write
                0x00009138                f_sync
                0x0000923a                f_close
                0x0000926c                f_chdrive
                0x00009290                f_chdir
                0x00009310                f_getcwd
                0x000094ca                f_lseek
                0x000096f2                f_opendir
                0x0000978e                f_closedir
                0x000097ae                f_readdir
                0x0000983a                f_findnext
                0x00009884                f_findfirst
                0x000098c6                f_stat
                0x00009938                f_getfree
                0x00009a50                f_truncate
                0x00009b66                f_unlink
                0x00009c74                f_mkdir
                0x00009e20                f_rename
 .text          0x00009fb8       0x1c ../../lib/libc68k.a(strchr.o)
                0x00009fb8                strchr
 .text          0x00009fd4       0x1e ../../lib/libc68k.a(memcpy.o)
                0x00009fd4                memcpy
 *fill*         0x00009ff2        0x2 
 .text          0x00009ff4      0x360 ../../lib/libc68k.a(malloc.o)
                0x0000a1a8                malloc_init
                0x0000a21e                free
                0x0000a26a                malloc
                0x0000a27e                calloc
                0x0000a2de                malloc_num_free
                0x0000a2f8                malloc_num_used
                0x0000a314                malloc_num_fresh
                0x0000a330                malloc_check
 .text          0x0000a354       0x3c ../../lib/libc68k.a(memcmp.o)
                0x0000a354                memcmp
 .text          0x0000a390       0x12 ../../lib/libc68k.a(strlen.o)
                0x0000a390                strlen
 *fill*         0x0000a3a2        0x2 
 .text          0x0000a3a4       0x16 ../../lib/libc68k.a(memset.o)
                0x0000a3a4                memset
 *fill*         0x0000a3ba        0x2 
 .text          0x0000a3bc       0x26 ../../lib/libc68k.a(strcat.o)
                0x0000a3bc                strcat
 *fill*         0x0000a3e2        0x2 
 .text          0x0000a3e4       0x18 ../../lib/libc68k.a(strcpy.o)
                0x0000a3e4                strcpy
 .text          0x0000a3fc       0x1a ../../lib/libc68k.a(putchar.o)
                0x0000a3fc                putchar
 *fill*         0x0000a416        0x2 
 .text          0x0000a418      0x206 ../../lib/libc68k.a(sprintf.o)
                0x0000a418                sprintf
 *fill*         0x0000a61e        0x2 
 .text          0x0000a620       0x26 ../../lib/libc68k.a(puts.o)
                0x0000a620                puts
 *fill*         0x0000a646        0x2 
 .text          0x0000a648        0xc ../../lib/libc68k.a(getchar.o)
                0x0000a648                getchar
 .text          0x0000a654      0x3a6 ../../lib/libc68k.a(printf.o)
                0x0000a654                itox
                0x0000a69e                itodec
                0x0000a6fc                itooct
                0x0000a742                itoudec
                0x0000a794                pad_zeros
                0x0000a7d8                printf
 *fill*         0x0000a9fa        0x2 
 .text          0x0000a9fc       0x36 ../../lib/libc68k.a(__mulsi3.o)
                0x0000a9fc                __mulsi3
 *fill*         0x0000aa32        0x2 
 .text          0x0000aa34       0x2c ../../lib/libc68k.a(__umodsi3.o)
                0x0000aa34                __umodsi3
 .text          0x0000aa60       0x3a ../../lib/libc68k.a(__udivsi3.o)
                0x0000aa60                __udivsi3
 *fill*         0x0000aa9a        0x2 
 .text          0x0000aa9c      0x148 ../../lib/libc68k.a(strtoul.o)
                0x0000aa9c                strtoul
 .text          0x0000abe4        0xc ../../lib/libc68k.a(isspace.o)
                0x0000abe4                isspace
 .text          0x0000abf0       0x16 ../../lib/libc68k.a(atoi.o)
                0x0000abf0                atoi
 *fill*         0x0000ac06        0x2 
 .text          0x0000ac08       0x54 ../../lib/libc68k.a(strcasecmp.o)
                0x0000ac08                strcasecmp
 .text          0x0000ac5c       0x32 ../../lib/libc68k.a(strtol.o)
                0x0000ac5c                strtol
 *fill*         0x0000ac8e        0x2 
 .text          0x0000ac90       0x42 ../../lib/libvideo.a(vga_video.o)
                0x0000ac90                run_cmd
                0x0000ac92                video_writechar
                0x0000ac98                gotoxy
                0x0000acaa                gohome
                0x0000acb0                setcolor
                0x0000accc                clrscr
 *(.rodata)
 .rodata        0x0000acd2      0x2ff bios68.o
                0x0000acd5                MsgOrionInit
 .rodata        0x0000afd1      0x1c5 ./dump/mem_dump.o
 .rodata        0x0000b196        0x5 ./shell/io.o
 .rodata        0x0000b19b      0x179 ./shell/picow.o
 .rodata        0x0000b314      0x2fa ./shell/printerro.o
 .rodata        0x0000b60e      0x9f0 ./shell/commands.o
 .rodata        0x0000bffe      0x7da ./shell/decodecmd.o
                0x0000bffe                g_elf_header_bytes
                0x0000c3c0                g_cmd_table
 .rodata        0x0000c7d8       0x29 ./shell/vid_ram_bios.o
 .rodata        0x0000c801       0x2d ./uarts/drv_uart0.o
 .rodata        0x0000c82e       0x11 ./duart/duart.o
 .rodata        0x0000c83f       0x51 ./sys/vectors/vectors.o
 .rodata        0x0000c890       0xf6 ./sys/ethernet/dhcp_client.o
 .rodata        0x0000c986      0x1ec ./ide/ata.o
 .rodata        0x0000cb72       0x2d ./ide/diskio.o
 .rodata        0x0000cb9f       0x80 ../../lib/libfileio.a(ff.o)
 *fill*         0x0000cc1f        0x1 
 .rodata        0x0000cc20       0x28 ../../lib/libc68k.a(printf.o)
                0x0000cc48                        . = ALIGN (0x2)

.rodata         0x0000cc48       0x38
                0x0000cc48                        . = ALIGN (0x2)
 *(.rodata*)
 .rodata.str1.1
                0x0000cc48       0x38 ../../lib/libfileio.a(ff.o)
                                 0x18 (size before relaxing)
 .rodata.str1.1
                0x0000cc80        0xf ../../lib/libc68k.a(sprintf.o)
 .rodata.str1.1
                0x0000cc80       0x20 ../../lib/libc68k.a(printf.o)
                0x0000cca0                        . = ALIGN (0x2)

.data           0x00080004       0x64 load address 0x0000cc80
                0x00080004                        . = ALIGN (0x2)
                0x00080004                        __data_start = .
 *(.data*)
 .data          0x00080004        0x0 ../../libc/obj/bios68_startup.o
 .data          0x00080004        0x4 bios68.o
                0x00080004                last_mem_address
 .data          0x00080008        0x0 timers.o
 .data          0x00080008        0x0 interrupt.o
 .data          0x00080008        0x0 ./dump/mem_dump.o
 .data          0x00080008        0x0 ./shell/io.o
 .data          0x00080008        0x0 ./shell/picow.o
 .data          0x00080008        0x0 ./shell/elf_loader.o
 .data          0x00080008       0x50 ./shell/printerro.o
 .data          0x00080058        0x0 ./shell/commands.o
 .data          0x00080058        0x8 ./shell/decodecmd.o
 .data          0x00080060        0x0 ./shell/crc32.o
 .data          0x00080060        0x1 ./shell/cmd_repeat.o
 *fill*         0x00080061        0x3 
 .data          0x00080064        0x0 ./shell/vid_ram_bios.o
 .data          0x00080064        0x4 ./kbd/ringbuffer.o
 .data          0x00080068        0x0 ./rtc/i2cbb.o
 .data          0x00080068        0x0 ./uarts/drv_uart0.o
 .data          0x00080068        0x0 ./duart/duart.o
 .data          0x00080068        0x0 ./sys/traps/trap12.o
 .data          0x00080068        0x0 ./sys/vectors/vectors.o
 .data          0x00080068        0x0 ./sys/console/console.o
 .data          0x00080068        0x0 ./sys/ethernet/dhcp_client.o
 .data          0x00080068        0x0 ./picoVga/drv_picoVga.o
 .data          0x00080068        0x0 ./ide/ata.o
 .data          0x00080068        0x0 ./ide/diskio.o
 .data          0x00080068        0x0 ./sys/vectors/vectors_asm.o
 .data          0x00080068        0x0 ./sys/traps/trap2_asm.o
 .data          0x00080068        0x0 ./sys/traps/trap4_asm.o
 .data          0x00080068        0x0 ./sys/traps/trap12_asm.o
 .data          0x00080068        0x0 ./duart/duartasm.o
 .data          0x00080068        0x0 ./cpm/cpm_bios.o
 .data          0x00080068        0x0 ../../lib/libfileio.a(ff.o)
 .data          0x00080068        0x0 ../../lib/libc68k.a(strchr.o)
 .data          0x00080068        0x0 ../../lib/libc68k.a(memcpy.o)
 .data          0x00080068        0x0 ../../lib/libc68k.a(malloc.o)
 .data          0x00080068        0x0 ../../lib/libc68k.a(memcmp.o)
 .data          0x00080068        0x0 ../../lib/libc68k.a(strlen.o)
 .data          0x00080068        0x0 ../../lib/libc68k.a(memset.o)
 .data          0x00080068        0x0 ../../lib/libc68k.a(strcat.o)
 .data          0x00080068        0x0 ../../lib/libc68k.a(strcpy.o)
 .data          0x00080068        0x0 ../../lib/libc68k.a(putchar.o)
 .data          0x00080068        0x0 ../../lib/libc68k.a(sprintf.o)
 .data          0x00080068        0x0 ../../lib/libc68k.a(puts.o)
 .data          0x00080068        0x0 ../../lib/libc68k.a(getchar.o)
 .data          0x00080068        0x0 ../../lib/libc68k.a(printf.o)
 .data          0x00080068        0x0 ../../lib/libc68k.a(__mulsi3.o)
 .data          0x00080068        0x0 ../../lib/libc68k.a(__umodsi3.o)
 .data          0x00080068        0x0 ../../lib/libc68k.a(__udivsi3.o)
 .data          0x00080068        0x0 ../../lib/libc68k.a(strtoul.o)
 .data          0x00080068        0x0 ../../lib/libc68k.a(isspace.o)
 .data          0x00080068        0x0 ../../lib/libc68k.a(atoi.o)
 .data          0x00080068        0x0 ../../lib/libc68k.a(strcasecmp.o)
 .data          0x00080068        0x0 ../../lib/libc68k.a(strtol.o)
 .data          0x00080068        0x0 ../../lib/libvideo.a(vga_video.o)
                0x00080068                        . = ALIGN (0x2)
                0x00080068                        __data_end = .

.mram           0x00080068        0xc load address 0x0000cce4
 *(?.mram)
 .mram          0x00080068        0xc bios68.o
                0x00080068                systemTick
                0x0008006c                tick_count
                0x00080070                flg_system
                0x0000cc80                        __data_load_start = LOADADDR (.data)

.bss            0x00080074      0xf04 load address 0x0000cce4
                0x00080074                        . = ALIGN (0x2)
                0x00080074                        __bss_start = .
 *(.bss*)
 .bss           0x00080074        0x0 ../../libc/obj/bios68_startup.o
 .bss           0x00080074      0x3bc bios68.o
                0x00080074                sys_flags
                0x00080076                FatFs
                0x000802b0                g_cmd_buffer
                0x00080330                buffer
                0x000803b0                syspath
 .bss           0x00080430       0x1c timers.o
                0x00080430                g_timers
                0x00080444                g_tick_count
 .bss           0x0008044c        0x0 interrupt.o
 .bss           0x0008044c        0x0 ./dump/mem_dump.o
 .bss           0x0008044c        0x0 ./shell/io.o
 .bss           0x0008044c        0x0 ./shell/picow.o
 .bss           0x0008044c        0x0 ./shell/elf_loader.o
 .bss           0x0008044c        0x0 ./shell/printerro.o
 .bss           0x0008044c      0x274 ./shell/commands.o
 .bss           0x000806c0        0x4 ./shell/decodecmd.o
 .bss           0x000806c4      0x400 ./shell/crc32.o
 .bss           0x00080ac4      0x1a5 ./shell/cmd_repeat.o
 *fill*         0x00080c69        0x3 
 .bss           0x00080c6c        0x0 ./shell/vid_ram_bios.o
 .bss           0x00080c6c      0x106 ./kbd/ringbuffer.o
 *fill*         0x00080d72        0x2 
 .bss           0x00080d74        0x0 ./rtc/i2cbb.o
 .bss           0x00080d74        0x0 ./uarts/drv_uart0.o
 .bss           0x00080d74        0x1 ./duart/duart.o
 *fill*         0x00080d75        0x3 
 .bss           0x00080d78        0x0 ./sys/traps/trap12.o
 .bss           0x00080d78        0x0 ./sys/vectors/vectors.o
 .bss           0x00080d78        0x8 ./sys/console/console.o
                0x00080d78                cconin
                0x00080d7c                cconout
 .bss           0x00080d80      0x144 ./sys/ethernet/dhcp_client.o
 .bss           0x00080ec4        0x0 ./picoVga/drv_picoVga.o
 .bss           0x00080ec4       0x29 ./ide/ata.o
                0x00080ec4                drives
                0x00080eec                ide_bus_mode
 *fill*         0x00080eed        0x3 
 .bss           0x00080ef0       0x64 ./ide/diskio.o
 .bss           0x00080f54        0x0 ./sys/vectors/vectors_asm.o
 .bss           0x00080f54        0x0 ./sys/traps/trap2_asm.o
 .bss           0x00080f54        0x0 ./sys/traps/trap4_asm.o
 .bss           0x00080f54        0x0 ./sys/traps/trap12_asm.o
 .bss           0x00080f54        0x0 ./duart/duartasm.o
 .bss           0x00080f54        0x0 ./cpm/cpm_bios.o
 .bss           0x00080f54        0xe ../../lib/libfileio.a(ff.o)
 *fill*         0x00080f62        0x2 
 .bss           0x00080f64        0x0 ../../lib/libc68k.a(strchr.o)
 .bss           0x00080f64        0x0 ../../lib/libc68k.a(memcpy.o)
 .bss           0x00080f64       0x14 ../../lib/libc68k.a(malloc.o)
 .bss           0x00080f78        0x0 ../../lib/libc68k.a(memcmp.o)
 .bss           0x00080f78        0x0 ../../lib/libc68k.a(strlen.o)
 .bss           0x00080f78        0x0 ../../lib/libc68k.a(memset.o)
 .bss           0x00080f78        0x0 ../../lib/libc68k.a(strcat.o)
 .bss           0x00080f78        0x0 ../../lib/libc68k.a(strcpy.o)
 .bss           0x00080f78        0x0 ../../lib/libc68k.a(putchar.o)
 .bss           0x00080f78        0x0 ../../lib/libc68k.a(sprintf.o)
 .bss           0x00080f78        0x0 ../../lib/libc68k.a(puts.o)
 .bss           0x00080f78        0x0 ../../lib/libc68k.a(getchar.o)
 .bss           0x00080f78        0x0 ../../lib/libc68k.a(printf.o)
 .bss           0x00080f78        0x0 ../../lib/libc68k.a(__mulsi3.o)
 .bss           0x00080f78        0x0 ../../lib/libc68k.a(__umodsi3.o)
 .bss           0x00080f78        0x0 ../../lib/libc68k.a(__udivsi3.o)
 .bss           0x00080f78        0x0 ../../lib/libc68k.a(strtoul.o)
 .bss           0x00080f78        0x0 ../../lib/libc68k.a(isspace.o)
 .bss           0x00080f78        0x0 ../../lib/libc68k.a(atoi.o)
 .bss           0x00080f78        0x0 ../../lib/libc68k.a(strcasecmp.o)
 .bss           0x00080f78        0x0 ../../lib/libc68k.a(strtol.o)
 .bss           0x00080f78        0x0 ../../lib/libvideo.a(vga_video.o)
 *(COMMON)
                0x00080f78                        . = ALIGN (0x2)
                0x00080f78                        __bss_end = .
                0x00100000                        _stack_end = 0x100000
                0x000fe000                        _stack_start = (_stack_end - 0x2000)

/DISCARD/
 *(.comment)
 *(.note*)
 *(.align*)
LOAD ../../libc/obj/bios68_startup.o
LOAD bios68.o
LOAD timers.o
LOAD interrupt.o
LOAD ./dump/mem_dump.o
LOAD ./shell/io.o
LOAD ./shell/picow.o
LOAD ./shell/elf_loader.o
LOAD ./shell/printerro.o
LOAD ./shell/commands.o
LOAD ./shell/decodecmd.o
LOAD ./shell/crc32.o
LOAD ./shell/cmd_repeat.o
LOAD ./shell/vid_ram_bios.o
LOAD ./kbd/ringbuffer.o
LOAD ./rtc/i2cbb.o
LOAD ./uarts/drv_uart0.o
LOAD ./duart/duart.o
LOAD ./sys/traps/trap12.o
LOAD ./sys/vectors/vectors.o
LOAD ./sys/console/console.o
LOAD ./sys/ethernet/dhcp_client.o
LOAD ./picoVga/drv_picoVga.o
LOAD ./ide/ata.o
LOAD ./ide/diskio.o
LOAD ./sys/vectors/vectors_asm.o
LOAD ./sys/traps/trap2_asm.o
LOAD ./sys/traps/trap4_asm.o
LOAD ./sys/traps/trap12_asm.o
LOAD ./duart/duartasm.o
LOAD ./cpm/cpm_bios.o
LOAD ../../lib/libfileio.a
LOAD ../../lib/libc68k.a
LOAD ../../lib/libvideo.a
OUTPUT(bios68.elf elf32-m68k)
