Archive member included to satisfy reference by file (symbol)

../../lib/libfileio.a(ff.o)   ./shell/commands.o (f_mount)
../../lib/libc68k.a(strchr.o)
                              ../../lib/libfileio.a(ff.o) (strchr)
../../lib/libc68k.a(memcpy.o)
                              ./shell/elf_loader.o (memcpy)
../../lib/libc68k.a(malloc.o)
                              timers.o (free)
../../lib/libc68k.a(memcmp.o)
                              ./shell/decodecmd.o (memcmp)
../../lib/libc68k.a(strlen.o)
                              ./shell/commands.o (strlen)
../../lib/libc68k.a(memset.o)
                              timers.o (memset)
../../lib/libc68k.a(strcat.o)
                              ./shell/commands.o (strcat)
../../lib/libc68k.a(strcpy.o)
                              ./shell/commands.o (strcpy)
../../lib/libc68k.a(putchar.o)
                              ./shell/commands.o (putchar)
../../lib/libc68k.a(sprintf.o)
                              ./shell/commands.o (sprintf)
../../lib/libc68k.a(puts.o)   ./shell/commands.o (puts)
../../lib/libc68k.a(getchar.o)
                              ./dump/mem_dump.o (getchar)
../../lib/libc68k.a(printf.o)
                              ../../lib/libc68k.a(sprintf.o) (itox)
../../lib/libc68k.a(__mulsi3.o)
                              ./shell/elf_loader.o (__mulsi3)
../../lib/libc68k.a(__umodsi3.o)
                              ./shell/commands.o (__umodsi3)
../../lib/libc68k.a(__udivsi3.o)
                              ./shell/commands.o (__udivsi3)
../../lib/libc68k.a(strtoul.o)
                              ./shell/commands.o (strtoul)
../../lib/libc68k.a(isspace.o)
                              ./shell/decodecmd.o (isspace)
../../lib/libc68k.a(atoi.o)   ./shell/commands.o (atoi)
../../lib/libc68k.a(strcasecmp.o)
                              ./shell/decodecmd.o (strcasecmp)
../../lib/libc68k.a(strtol.o)
                              ../../lib/libc68k.a(atoi.o) (strtol)
../../lib/libvideo.a(vga_video.o)
                              bios68.o (gotoxy)

Discarded input sections

 .comment       0x00000000       0x13 bios68.o
 .comment       0x00000000       0x13 timers.o
 .comment       0x00000000       0x13 interrupt.o
 .comment       0x00000000       0x13 ./dump/mem_dump.o
 .comment       0x00000000       0x13 ./shell/io.o
 .comment       0x00000000       0x13 ./shell/picow.o
 .comment       0x00000000       0x13 ./shell/elf_loader.o
 .comment       0x00000000       0x13 ./shell/printerro.o
 .comment       0x00000000       0x13 ./shell/commands.o
 .comment       0x00000000       0x13 ./shell/decodecmd.o
 .comment       0x00000000       0x13 ./shell/crc32.o
 .comment       0x00000000       0x13 ./shell/cmd_repeat.o
 .comment       0x00000000       0x13 ./shell/vid_ram_bios.o
 .comment       0x00000000       0x13 ./kbd/ringbuffer.o
 .comment       0x00000000       0x13 ./rtc/i2cbb.o
 .comment       0x00000000       0x13 ./uarts/drv_uart0.o
 .comment       0x00000000       0x13 ./duart/duart.o
 .comment       0x00000000       0x13 ./sys/traps/trap12.o
 .comment       0x00000000       0x13 ./sys/vectors/vectors.o
 .comment       0x00000000       0x13 ./sys/console/console.o
 .comment       0x00000000       0x13 ./sys/ethernet/dhcp_client.o
 .comment       0x00000000       0x13 ./picoVga/drv_picoVga.o
 .comment       0x00000000       0x13 ./ide/ata.o
 .comment       0x00000000       0x13 ./ide/diskio.o
 .comment       0x00000000       0x13 ../../lib/libfileio.a(ff.o)
 .comment       0x00000000       0x13 ../../lib/libc68k.a(strchr.o)
 .comment       0x00000000       0x13 ../../lib/libc68k.a(memcpy.o)
 .comment       0x00000000       0x13 ../../lib/libc68k.a(malloc.o)
 .comment       0x00000000       0x13 ../../lib/libc68k.a(memcmp.o)
 .comment       0x00000000       0x13 ../../lib/libc68k.a(strlen.o)
 .comment       0x00000000       0x13 ../../lib/libc68k.a(memset.o)
 .comment       0x00000000       0x13 ../../lib/libc68k.a(strcat.o)
 .comment       0x00000000       0x13 ../../lib/libc68k.a(strcpy.o)
 .comment       0x00000000       0x13 ../../lib/libc68k.a(putchar.o)
 .comment       0x00000000       0x13 ../../lib/libc68k.a(sprintf.o)
 .comment       0x00000000       0x13 ../../lib/libc68k.a(puts.o)
 .comment       0x00000000       0x13 ../../lib/libc68k.a(getchar.o)
 .comment       0x00000000       0x13 ../../lib/libc68k.a(printf.o)
 .comment       0x00000000       0x13 ../../lib/libc68k.a(__mulsi3.o)
 .comment       0x00000000       0x13 ../../lib/libc68k.a(__umodsi3.o)
 .comment       0x00000000       0x13 ../../lib/libc68k.a(__udivsi3.o)
 .comment       0x00000000       0x13 ../../lib/libc68k.a(strtoul.o)
 .comment       0x00000000       0x13 ../../lib/libc68k.a(isspace.o)
 .comment       0x00000000       0x13 ../../lib/libc68k.a(atoi.o)
 .comment       0x00000000       0x13 ../../lib/libc68k.a(strcasecmp.o)
 .comment       0x00000000       0x13 ../../lib/libc68k.a(strtol.o)
 .comment       0x00000000       0x13 ../../lib/libvideo.a(vga_video.o)

Memory Configuration

Name             Origin             Length             Attributes
ROM              0x00000000         0x00010000         xr
RAM              0x00080004         0x00080000         xrw
*default*        0x00000000         0xffffffff

Linker script and memory map

                0x00000000                        . = 0x0

.vectors        0x00000000        0x0
 *(.vectors)
                0x00000000                        . = ALIGN (0x400)

.text           0x00000000     0xcf62
                0x00000000                        . = ALIGN (0x2)
 *(.text*)
 .text          0x00000000      0x27c ../../libc/obj/bios68_startup.o
                0x000000c0                _start
                0x000001d0                printString
                0x00000204                _delay_ms
 .text          0x0000027c      0x35e bios68.o
                0x0000027c                clr_flg_program_loaded
                0x00000292                set_flg_program_loaded
                0x000002a6                get_flg_program_loaded
                0x000002b2                print_msg
                0x000002ee                display_prompt
                0x00000372                main
 *fill*         0x000005da        0x2 
 .text          0x000005dc      0x3ae timers.o
                0x000005dc                delay10ms
                0x000005fe                cpu_delay
                0x0000061a                init_timer
                0x0000063a                get_tick_count
                0x00000642                add_timer
                0x000006fa                delete_timer
                0x0000075a                start_timer
                0x000007f2                stop_timer
                0x00000838                reset_timer
                0x0000089a                set_interval
                0x000008e0                update_timers
 *fill*         0x0000098a        0x2 
 .text          0x0000098c        0x0 interrupt.o
 .text          0x0000098c      0x29a ./dump/mem_dump.o
                0x0000098c                dump_memory
 *fill*         0x00000c26        0x2 
 .text          0x00000c28       0x50 ./shell/io.o
                0x00000c28                get_key
                0x00000c4e                _putchar_hex
 .text          0x00000c78      0x690 ./shell/picow.o
                0x00000c78                receber_arquivo_do_pico
                0x00000ec2                noblk_receber_arquivo_do_pico
                0x00001078                send_sector_low
                0x000010a2                send_sector_high
                0x000010cc                send_read_cmd
                0x000010f2                read_sector
                0x0000116a                get_crc
                0x000011d2                receber_setor_do_pico
                0x000012ec                pico_write_ch
 .text          0x00001308      0x34a ./shell/elf_loader.o
                0x00001308                carregar_elf32
                0x0000145c                carregar_elf32_fatfs
 *fill*         0x00001652        0x2 
 .text          0x00001654       0x44 ./shell/printerro.o
                0x00001654                printerro
 .text          0x00001698     0x1c60 ./shell/commands.o
                0x0000170c                do_help
                0x0000179c                do_binfile
                0x0000191c                do_binmem
                0x00001a28                do_copyfile
                0x00001bdc                do_cat
                0x00001d14                do_cd
                0x00001d3c                do_delete
                0x00001d68                do_dump
                0x00001dba                do_exit
                0x00001de0                do_ideinit
                0x00001e24                do_idemode
                0x00001e76                do_ls
                0x0000209c                do_load_basic
                0x000021da                do_loadmem
                0x0000231e                do_mkdir_shel
                0x00002406                do_notimplemented
                0x00002418                do_rename_shel
                0x0000246e                do_rmdir
                0x0000257e                do_runelf_fromhd
                0x000025ac                do_runelf
                0x000025e8                do_run
                0x00002614                do_save
                0x00002782                do_save2
                0x0000298a                do_save_basic
                0x00002b0e                do_shst
                0x00002b28                do_time
                0x00002c10                do_tstkbd
                0x00002e2c                do_uptime
                0x00002f1a                do_writemem
                0x00003134                do_writemem1
                0x00003240                do_srecord
 .text          0x000032f8      0xa9c ./shell/decodecmd.o
                0x000032f8                getline
                0x0000358a                process_command_builtin
                0x000036f2                load_elf_executable
                0x00003a2a                open_executable_file
                0x00003b2a                process_command_executable
                0x00003c34                process_command
                0x00003c78                execute_cmd
 .text          0x00003d94      0x23c ./shell/crc32.o
                0x00003d94                crc32_init
                0x00003e06                crc32_update
                0x00003fb8                crc32_calculate
 .text          0x00003fd0      0x4d4 ./shell/cmd_repeat.o
                0x00003fd0                hist_add
                0x00004452                keyboard_handler
 .text          0x000044a4      0x2ea ./shell/vid_ram_bios.o
                0x000044c2                video_puts
                0x00004618                video_show_progress
 *fill*         0x0000478e        0x2 
 .text          0x00004790      0x130 ./kbd/ringbuffer.o
                0x00004790                ring_buf_init
                0x000047b8                ring_buf_get
                0x000047f4                ring_buf_put
                0x00004854                ring_buf_is_empty
                0x00004870                ring_buf_is_full
                0x0000489a                ring_buf_get_char
 .text          0x000048c0      0x5a0 ./rtc/i2cbb.o
                0x00004932                i2c_start
                0x00004952                i2c_stop
                0x0000496a                i2c_write_byte
                0x000049ce                i2c_read_byte
                0x00004ac6                ds3231_read_time
                0x00004bea                ds3231_set_time
                0x00004d16                eeprom_write_byte
                0x00004d82                eeprom_read_byte
                0x00004df8                ds3231_probe
                0x00004e1c                rtc_init
 .text          0x00004e60      0x248 ./uarts/drv_uart0.o
                0x00004e60                uart0_debug_char
                0x00004e92                uart0_init
                0x00004ed2                uart0_write
                0x00004f10                uart0_read
                0x00004f48                uart0_read_timeout
                0x00004fac                _inbyte
                0x0000502c                _outbyte
                0x0000506a                uart0_write_string
                0x0000509a                uart0_flush
 .text          0x000050a8      0x160 ./duart/duart.o
                0x000050c8                duart_init_canal_a
                0x0000513a                duart_putc
                0x00005170                duart_getc
                0x00005192                duart_opr_init
                0x000051aa                duart_led_op3_on
                0x000051c6                duart_led_op3_off
                0x000051e2                duart_led_op3_toggle
 .text          0x00005208      0x2b4 ./sys/traps/trap12.o
                0x00005208                do_open
                0x00005254                do_close
                0x00005268                do_read
                0x000052a4                do_write
                0x000052e0                do_sync
                0x000052f4                do_lseek
                0x00005314                do_tell
                0x00005320                do_size
                0x0000532c                do_eof
                0x00005350                do_unlink
                0x00005364                do_rename
                0x00005382                do_stat
                0x000053a0                do_findfirst
                0x000053da                do_findnext
                0x000053f8                do_opendir
                0x00005416                do_readdir
                0x00005434                do_closedir
                0x00005448                do_mkdir
                0x0000545c                do_mount
                0x00005490                do_unmount
 .text          0x000054bc       0xec ./sys/vectors/vectors.o
                0x000054d4                TRAP14_Handler
                0x0000557e                get_system_tick
 .text          0x000055a8       0x2c ./sys/console/console.o
                0x000055a8                set_console_output
                0x000055ba                set_console_input
                0x000055cc                enable_interrupts
 .text          0x000055d4      0xcd8 ./sys/ethernet/dhcp_client.o
                0x00005664                w5100_write
                0x00005690                w5100_read
                0x000056b2                w5100_set_mac
                0x00005a84                w5100_print_ip
                0x00005f00                w5100_dhcp_request
                0x00006282                dhcp_client
 .text          0x000062ac       0x7c ./picoVga/drv_picoVga.o
                0x000062ac                delay_us
                0x000062c4                delay_1ms
                0x000062d8                delay_ms
                0x000062f4                picovga_putchar
 .text          0x00006328      0xab4 ./ide/ata.o
                0x0000633c                set_ide_bus_mode
                0x0000637c                go_8bits_mode
                0x00006628                ata_detect
                0x000066d6                ata_read_sector
                0x00006886                ata_write_sector
                0x00006a3a                read_partition_table
                0x00006b24                ata_init
                0x00006bb6                ata_disk_status
                0x00006bc6                ata_disk_initialize
                0x00006bd6                ata_wait_not_busy
                0x00006c18                ata_wait_for_data
                0x00006c5a                ata_read_identity
 .text          0x00006ddc      0x1d2 ./ide/diskio.o
                0x00006ddc                disk_status
                0x00006df4                disk_initialize
                0x00006e0a                disk_read
                0x00006e88                disk_write
                0x00006f06                disk_ioctl
 *fill*         0x00006fae        0x2 
 .text          0x00006fb0      0x282 ./sys/vectors/vectors_asm.o
                0x00006fb0                SvcBusError
                0x00006fb0                Svcaddress_err
                0x00006fb8                SvcDiv0_handler
                0x00006fb8                SvcIllegalIns
                0x00006fba                TrapFHandler
                0x00006fba                SpuriousHandler
                0x00006fba                SvcTrace
                0x00006fba                TrapBHandler
                0x00006fba                Int1Handler
                0x00006fba                TrapAHandler
                0x00006fba                SvcChkIns
                0x00006fba                Trap9Handler
                0x00006fba                Int5Handler
                0x00006fba                Int7Handler
                0x00006fba                SvcLineA
                0x00006fba                SvcPrivViolation
                0x00006fba                Trap8Handler
                0x00006fba                Int6Handler
                0x00006fba                bad_exception
                0x00006fba                Trap3Handler
                0x00006fba                Trap7Handler
                0x00006fba                Trap0Handler
                0x00006fba                SvcLineF
                0x00006fba                SvcTrapvIns
                0x00006fba                Trap5Handler
                0x00006fba                Trap6Handler
                0x00006fbc                TrapDHandler
                0x00006fbe                Int2Handler
                0x0000701a                Int3Handler
                0x00007042                Int4Handler
                0x00007044                Trap1Handler
                0x000070a6                Trap2Handler
                0x00007130                Trap4Handler
                0x0000715a                TrapCHandler
                0x0000721c                TrapEHandler
 *fill*         0x00007232        0x2 
 .text          0x00007234      0x2e0 ./sys/traps/trap2_asm.o
                0x00007250                vid_writechar
                0x00007254                vid_gotoxy
                0x00007278                vid_clrscr
                0x00007288                vid_gohome
                0x00007298                vid_setcolor
                0x000072a6                vid_drawVLine
                0x000072d8                vid_drawHLine
                0x0000730a                vid_drawLine
                0x00007346                vid_drawCircle
                0x00007372                vid_drawCircleHelper
                0x000073a2                vid_fillCircle
                0x000073ce                vid_fillCircleHelper
                0x00007402                vid_drawRoundRect
                0x00007442                vid_fillRoundRect
                0x00007482                vid_fillRect
                0x000074be                vid_fillTri
 .text          0x00007514       0x38 ./sys/traps/trap4_asm.o
                0x00007514                rtc_ds3231_read_time
                0x0000751e                rtc_ds3231_set_time
                0x0000752c                rtc_eeprom_read_byte
                0x00007536                rtc_eeprom_write_byte
 .text          0x0000754c      0x28e ./sys/traps/trap12_asm.o
                0x0000754c                file_open
                0x0000756a                file_close
                0x00007584                file_read
                0x000075a4                file_write
                0x000075c4                file_sync
                0x000075de                file_lseek
                0x000075fa                file_unlink
                0x00007614                file_tell
                0x0000762e                file_size
                0x00007648                file_eof
                0x00007662                file_rename
                0x0000767e                file_stat
                0x0000769a                file_opendir
                0x000076b6                file_readdir
                0x000076d2                file_closedir
                0x000076ec                file_mkdir
                0x00007706                file_mount
                0x00007724                file_unmount
                0x0000773e                file_list
                0x00007758                file_save
                0x00007778                file_load
                0x00007798                file_findfirst
                0x000077b8                file_findnext
 *fill*         0x000077da        0x2 
 .text          0x000077dc       0x88 ./duart/duartasm.o
                0x000077dc                duart_a_init_38400
                0x0000781e                duart_a_recv_char
                0x00007834                duart_a_send_char
                0x00007838                duart_send_char
                0x0000784e                duart_a_char_available
 .text          0x00007864       0x90 ./cpm/cpm_bios.o
                0x00007864                bios_entry
                0x000078a4                bios_const
                0x000078ba                bios_conin
                0x000078d8                bios_conout
                0x000078ee                bios_init
 .text          0x000078f4     0x29ce ../../lib/libfileio.a(ff.o)
                0x00008c90                f_mount
                0x00008d12                f_open
                0x00008fb8                f_read
                0x000091ca                f_write
                0x0000942c                f_sync
                0x0000952e                f_close
                0x00009560                f_chdrive
                0x00009584                f_chdir
                0x00009604                f_getcwd
                0x000097be                f_lseek
                0x000099e8                f_opendir
                0x00009a84                f_closedir
                0x00009aa4                f_readdir
                0x00009b30                f_findnext
                0x00009b8e                f_findfirst
                0x00009bd0                f_stat
                0x00009c42                f_getfree
                0x00009d5a                f_truncate
                0x00009e70                f_unlink
                0x00009f7e                f_mkdir
                0x0000a12a                f_rename
 *fill*         0x0000a2c2        0x2 
 .text          0x0000a2c4       0x1c ../../lib/libc68k.a(strchr.o)
                0x0000a2c4                strchr
 .text          0x0000a2e0       0x1e ../../lib/libc68k.a(memcpy.o)
                0x0000a2e0                memcpy
 *fill*         0x0000a2fe        0x2 
 .text          0x0000a300      0x360 ../../lib/libc68k.a(malloc.o)
                0x0000a4b4                malloc_init
                0x0000a52a                free
                0x0000a576                malloc
                0x0000a58a                calloc
                0x0000a5ea                malloc_num_free
                0x0000a604                malloc_num_used
                0x0000a620                malloc_num_fresh
                0x0000a63c                malloc_check
 .text          0x0000a660       0x3c ../../lib/libc68k.a(memcmp.o)
                0x0000a660                memcmp
 .text          0x0000a69c       0x12 ../../lib/libc68k.a(strlen.o)
                0x0000a69c                strlen
 *fill*         0x0000a6ae        0x2 
 .text          0x0000a6b0       0x16 ../../lib/libc68k.a(memset.o)
                0x0000a6b0                memset
 *fill*         0x0000a6c6        0x2 
 .text          0x0000a6c8       0x26 ../../lib/libc68k.a(strcat.o)
                0x0000a6c8                strcat
 *fill*         0x0000a6ee        0x2 
 .text          0x0000a6f0       0x18 ../../lib/libc68k.a(strcpy.o)
                0x0000a6f0                strcpy
 .text          0x0000a708       0x1a ../../lib/libc68k.a(putchar.o)
                0x0000a708                putchar
 *fill*         0x0000a722        0x2 
 .text          0x0000a724      0x206 ../../lib/libc68k.a(sprintf.o)
                0x0000a724                sprintf
 *fill*         0x0000a92a        0x2 
 .text          0x0000a92c       0x26 ../../lib/libc68k.a(puts.o)
                0x0000a92c                puts
 *fill*         0x0000a952        0x2 
 .text          0x0000a954        0xc ../../lib/libc68k.a(getchar.o)
                0x0000a954                getchar
 .text          0x0000a960      0x3a6 ../../lib/libc68k.a(printf.o)
                0x0000a960                itox
                0x0000a9aa                itodec
                0x0000aa08                itooct
                0x0000aa4e                itoudec
                0x0000aaa0                pad_zeros
                0x0000aae4                printf
 *fill*         0x0000ad06        0x2 
 .text          0x0000ad08       0x36 ../../lib/libc68k.a(__mulsi3.o)
                0x0000ad08                __mulsi3
 *fill*         0x0000ad3e        0x2 
 .text          0x0000ad40       0x2c ../../lib/libc68k.a(__umodsi3.o)
                0x0000ad40                __umodsi3
 .text          0x0000ad6c       0x3a ../../lib/libc68k.a(__udivsi3.o)
                0x0000ad6c                __udivsi3
 *fill*         0x0000ada6        0x2 
 .text          0x0000ada8      0x148 ../../lib/libc68k.a(strtoul.o)
                0x0000ada8                strtoul
 .text          0x0000aef0        0xc ../../lib/libc68k.a(isspace.o)
                0x0000aef0                isspace
 .text          0x0000aefc       0x16 ../../lib/libc68k.a(atoi.o)
                0x0000aefc                atoi
 *fill*         0x0000af12        0x2 
 .text          0x0000af14       0x54 ../../lib/libc68k.a(strcasecmp.o)
                0x0000af14                strcasecmp
 .text          0x0000af68       0x32 ../../lib/libc68k.a(strtol.o)
                0x0000af68                strtol
 *fill*         0x0000af9a        0x2 
 .text          0x0000af9c       0x42 ../../lib/libvideo.a(vga_video.o)
                0x0000af9c                run_cmd
                0x0000af9e                video_writechar
                0x0000afa4                gotoxy
                0x0000afb6                gohome
                0x0000afbc                setcolor
                0x0000afd8                clrscr
 *(.rodata)
 .rodata        0x0000afde      0x2ff bios68.o
                0x0000afe1                MsgOrionInit
 .rodata        0x0000b2dd      0x1c5 ./dump/mem_dump.o
 .rodata        0x0000b4a2        0x5 ./shell/io.o
 .rodata        0x0000b4a7      0x179 ./shell/picow.o
 .rodata        0x0000b620      0x2fa ./shell/printerro.o
 .rodata        0x0000b91a      0x9f0 ./shell/commands.o
 .rodata        0x0000c30a      0x7da ./shell/decodecmd.o
                0x0000c30a                g_elf_header_bytes
                0x0000c6cc                g_cmd_table
 .rodata        0x0000cae4       0x29 ./shell/vid_ram_bios.o
 .rodata        0x0000cb0d       0x2d ./uarts/drv_uart0.o
 .rodata        0x0000cb3a       0x11 ./duart/duart.o
 .rodata        0x0000cb4b        0xe ./sys/traps/trap12.o
 .rodata        0x0000cb59       0x51 ./sys/vectors/vectors.o
 .rodata        0x0000cbaa       0xf6 ./sys/ethernet/dhcp_client.o
 .rodata        0x0000cca0      0x1ec ./ide/ata.o
 .rodata        0x0000ce8c       0x2d ./ide/diskio.o
 .rodata        0x0000ceb9       0x80 ../../lib/libfileio.a(ff.o)
 *fill*         0x0000cf39        0x1 
 .rodata        0x0000cf3a       0x28 ../../lib/libc68k.a(printf.o)
                0x0000cf62                        . = ALIGN (0x2)

.rodata         0x0000cf62       0x4e
                0x0000cf62                        . = ALIGN (0x2)
 *(.rodata*)
 .rodata.str1.1
                0x0000cf62       0x4d ../../lib/libfileio.a(ff.o)
                                 0x2d (size before relaxing)
 .rodata.str1.1
                0x0000cfaf        0xf ../../lib/libc68k.a(sprintf.o)
 .rodata.str1.1
                0x0000cfaf       0x20 ../../lib/libc68k.a(printf.o)
                0x0000cfd0                        . = ALIGN (0x2)
 *fill*         0x0000cfaf        0x1 

.data           0x00080004       0x64 load address 0x0000cfb0
                0x00080004                        . = ALIGN (0x2)
                0x00080004                        __data_start = .
 *(.data*)
 .data          0x00080004        0x0 ../../libc/obj/bios68_startup.o
 .data          0x00080004        0x4 bios68.o
                0x00080004                last_mem_address
 .data          0x00080008        0x0 timers.o
 .data          0x00080008        0x0 interrupt.o
 .data          0x00080008        0x0 ./dump/mem_dump.o
 .data          0x00080008        0x0 ./shell/io.o
 .data          0x00080008        0x0 ./shell/picow.o
 .data          0x00080008        0x0 ./shell/elf_loader.o
 .data          0x00080008       0x50 ./shell/printerro.o
 .data          0x00080058        0x0 ./shell/commands.o
 .data          0x00080058        0x8 ./shell/decodecmd.o
 .data          0x00080060        0x0 ./shell/crc32.o
 .data          0x00080060        0x1 ./shell/cmd_repeat.o
 *fill*         0x00080061        0x3 
 .data          0x00080064        0x0 ./shell/vid_ram_bios.o
 .data          0x00080064        0x4 ./kbd/ringbuffer.o
 .data          0x00080068        0x0 ./rtc/i2cbb.o
 .data          0x00080068        0x0 ./uarts/drv_uart0.o
 .data          0x00080068        0x0 ./duart/duart.o
 .data          0x00080068        0x0 ./sys/traps/trap12.o
 .data          0x00080068        0x0 ./sys/vectors/vectors.o
 .data          0x00080068        0x0 ./sys/console/console.o
 .data          0x00080068        0x0 ./sys/ethernet/dhcp_client.o
 .data          0x00080068        0x0 ./picoVga/drv_picoVga.o
 .data          0x00080068        0x0 ./ide/ata.o
 .data          0x00080068        0x0 ./ide/diskio.o
 .data          0x00080068        0x0 ./sys/vectors/vectors_asm.o
 .data          0x00080068        0x0 ./sys/traps/trap2_asm.o
 .data          0x00080068        0x0 ./sys/traps/trap4_asm.o
 .data          0x00080068        0x0 ./sys/traps/trap12_asm.o
 .data          0x00080068        0x0 ./duart/duartasm.o
 .data          0x00080068        0x0 ./cpm/cpm_bios.o
 .data          0x00080068        0x0 ../../lib/libfileio.a(ff.o)
 .data          0x00080068        0x0 ../../lib/libc68k.a(strchr.o)
 .data          0x00080068        0x0 ../../lib/libc68k.a(memcpy.o)
 .data          0x00080068        0x0 ../../lib/libc68k.a(malloc.o)
 .data          0x00080068        0x0 ../../lib/libc68k.a(memcmp.o)
 .data          0x00080068        0x0 ../../lib/libc68k.a(strlen.o)
 .data          0x00080068        0x0 ../../lib/libc68k.a(memset.o)
 .data          0x00080068        0x0 ../../lib/libc68k.a(strcat.o)
 .data          0x00080068        0x0 ../../lib/libc68k.a(strcpy.o)
 .data          0x00080068        0x0 ../../lib/libc68k.a(putchar.o)
 .data          0x00080068        0x0 ../../lib/libc68k.a(sprintf.o)
 .data          0x00080068        0x0 ../../lib/libc68k.a(puts.o)
 .data          0x00080068        0x0 ../../lib/libc68k.a(getchar.o)
 .data          0x00080068        0x0 ../../lib/libc68k.a(printf.o)
 .data          0x00080068        0x0 ../../lib/libc68k.a(__mulsi3.o)
 .data          0x00080068        0x0 ../../lib/libc68k.a(__umodsi3.o)
 .data          0x00080068        0x0 ../../lib/libc68k.a(__udivsi3.o)
 .data          0x00080068        0x0 ../../lib/libc68k.a(strtoul.o)
 .data          0x00080068        0x0 ../../lib/libc68k.a(isspace.o)
 .data          0x00080068        0x0 ../../lib/libc68k.a(atoi.o)
 .data          0x00080068        0x0 ../../lib/libc68k.a(strcasecmp.o)
 .data          0x00080068        0x0 ../../lib/libc68k.a(strtol.o)
 .data          0x00080068        0x0 ../../lib/libvideo.a(vga_video.o)
                0x00080068                        . = ALIGN (0x2)
                0x00080068                        __data_end = .

.mram           0x00080068        0xc load address 0x0000d014
 *(?.mram)
 .mram          0x00080068        0xc bios68.o
                0x00080068                systemTick
                0x0008006c                tick_count
                0x00080070                flg_system
                0x0000cfb0                        __data_load_start = LOADADDR (.data)

.bss            0x00080074      0xee0 load address 0x0000d014
                0x00080074                        . = ALIGN (0x2)
                0x00080074                        __bss_start = .
 *(.bss*)
 .bss           0x00080074        0x0 ../../libc/obj/bios68_startup.o
 .bss           0x00080074      0x3b6 bios68.o
                0x00080074                sys_flags
                0x00080076                FatFs
                0x000802aa                g_cmd_buffer
                0x0008032a                buffer
                0x000803aa                syspath
 *fill*         0x0008042a        0x2 
 .bss           0x0008042c       0x1c timers.o
                0x0008042c                g_timers
                0x00080440                g_tick_count
 .bss           0x00080448        0x0 interrupt.o
 .bss           0x00080448        0x0 ./dump/mem_dump.o
 .bss           0x00080448        0x0 ./shell/io.o
 .bss           0x00080448        0x0 ./shell/picow.o
 .bss           0x00080448        0x0 ./shell/elf_loader.o
 .bss           0x00080448        0x0 ./shell/printerro.o
 .bss           0x00080448      0x26c ./shell/commands.o
 .bss           0x000806b4        0x4 ./shell/decodecmd.o
 .bss           0x000806b8      0x400 ./shell/crc32.o
 .bss           0x00080ab8      0x1a5 ./shell/cmd_repeat.o
 *fill*         0x00080c5d        0x3 
 .bss           0x00080c60        0x0 ./shell/vid_ram_bios.o
 .bss           0x00080c60      0x106 ./kbd/ringbuffer.o
 *fill*         0x00080d66        0x2 
 .bss           0x00080d68        0x0 ./rtc/i2cbb.o
 .bss           0x00080d68        0x0 ./uarts/drv_uart0.o
 .bss           0x00080d68        0x1 ./duart/duart.o
 *fill*         0x00080d69        0x3 
 .bss           0x00080d6c        0x0 ./sys/traps/trap12.o
 .bss           0x00080d6c        0x0 ./sys/vectors/vectors.o
 .bss           0x00080d6c        0x8 ./sys/console/console.o
                0x00080d6c                cconin
                0x00080d70                cconout
 .bss           0x00080d74      0x144 ./sys/ethernet/dhcp_client.o
 .bss           0x00080eb8        0x0 ./picoVga/drv_picoVga.o
 .bss           0x00080eb8       0x29 ./ide/ata.o
                0x00080eb8                drives
                0x00080ee0                ide_bus_mode
 *fill*         0x00080ee1        0x3 
 .bss           0x00080ee4       0x50 ./ide/diskio.o
 .bss           0x00080f34        0x0 ./sys/vectors/vectors_asm.o
 .bss           0x00080f34        0x0 ./sys/traps/trap2_asm.o
 .bss           0x00080f34        0x0 ./sys/traps/trap4_asm.o
 .bss           0x00080f34        0x0 ./sys/traps/trap12_asm.o
 .bss           0x00080f34        0x0 ./duart/duartasm.o
 .bss           0x00080f34        0x0 ./cpm/cpm_bios.o
 .bss           0x00080f34        0xc ../../lib/libfileio.a(ff.o)
 .bss           0x00080f40        0x0 ../../lib/libc68k.a(strchr.o)
 .bss           0x00080f40        0x0 ../../lib/libc68k.a(memcpy.o)
 .bss           0x00080f40       0x14 ../../lib/libc68k.a(malloc.o)
 .bss           0x00080f54        0x0 ../../lib/libc68k.a(memcmp.o)
 .bss           0x00080f54        0x0 ../../lib/libc68k.a(strlen.o)
 .bss           0x00080f54        0x0 ../../lib/libc68k.a(memset.o)
 .bss           0x00080f54        0x0 ../../lib/libc68k.a(strcat.o)
 .bss           0x00080f54        0x0 ../../lib/libc68k.a(strcpy.o)
 .bss           0x00080f54        0x0 ../../lib/libc68k.a(putchar.o)
 .bss           0x00080f54        0x0 ../../lib/libc68k.a(sprintf.o)
 .bss           0x00080f54        0x0 ../../lib/libc68k.a(puts.o)
 .bss           0x00080f54        0x0 ../../lib/libc68k.a(getchar.o)
 .bss           0x00080f54        0x0 ../../lib/libc68k.a(printf.o)
 .bss           0x00080f54        0x0 ../../lib/libc68k.a(__mulsi3.o)
 .bss           0x00080f54        0x0 ../../lib/libc68k.a(__umodsi3.o)
 .bss           0x00080f54        0x0 ../../lib/libc68k.a(__udivsi3.o)
 .bss           0x00080f54        0x0 ../../lib/libc68k.a(strtoul.o)
 .bss           0x00080f54        0x0 ../../lib/libc68k.a(isspace.o)
 .bss           0x00080f54        0x0 ../../lib/libc68k.a(atoi.o)
 .bss           0x00080f54        0x0 ../../lib/libc68k.a(strcasecmp.o)
 .bss           0x00080f54        0x0 ../../lib/libc68k.a(strtol.o)
 .bss           0x00080f54        0x0 ../../lib/libvideo.a(vga_video.o)
 *(COMMON)
                0x00080f54                        . = ALIGN (0x2)
                0x00080f54                        __bss_end = .
                0x00100000                        _stack_end = 0x100000
                0x000fe000                        _stack_start = (_stack_end - 0x2000)

/DISCARD/
 *(.comment)
 *(.note*)
 *(.align*)
LOAD ../../libc/obj/bios68_startup.o
LOAD bios68.o
LOAD timers.o
LOAD interrupt.o
LOAD ./dump/mem_dump.o
LOAD ./shell/io.o
LOAD ./shell/picow.o
LOAD ./shell/elf_loader.o
LOAD ./shell/printerro.o
LOAD ./shell/commands.o
LOAD ./shell/decodecmd.o
LOAD ./shell/crc32.o
LOAD ./shell/cmd_repeat.o
LOAD ./shell/vid_ram_bios.o
LOAD ./kbd/ringbuffer.o
LOAD ./rtc/i2cbb.o
LOAD ./uarts/drv_uart0.o
LOAD ./duart/duart.o
LOAD ./sys/traps/trap12.o
LOAD ./sys/vectors/vectors.o
LOAD ./sys/console/console.o
LOAD ./sys/ethernet/dhcp_client.o
LOAD ./picoVga/drv_picoVga.o
LOAD ./ide/ata.o
LOAD ./ide/diskio.o
LOAD ./sys/vectors/vectors_asm.o
LOAD ./sys/traps/trap2_asm.o
LOAD ./sys/traps/trap4_asm.o
LOAD ./sys/traps/trap12_asm.o
LOAD ./duart/duartasm.o
LOAD ./cpm/cpm_bios.o
LOAD ../../lib/libfileio.a
LOAD ../../lib/libc68k.a
LOAD ../../lib/libvideo.a
OUTPUT(bios68.elf elf32-m68k)
